2022-05-30T16:06:59.7829545Z Requested labels: ubuntu-latest
2022-05-30T16:06:59.7829590Z Job defined at: hashicorp/terraform/.github/workflows/checks.yml@refs/pull/29409/merge
2022-05-30T16:06:59.7829613Z Waiting for a runner to pick up this job...
2022-05-30T16:07:01.9776655Z Job is waiting for a hosted runner to come online.
2022-05-30T16:07:03.9911822Z Job is about to start running on the hosted runner: GitHub Actions 14 (hosted)
2022-05-30T16:07:07.8218484Z Current runner version: '2.291.1'
2022-05-30T16:07:07.8244512Z ##[group]Operating System
2022-05-30T16:07:07.8245031Z Ubuntu
2022-05-30T16:07:07.8245250Z 20.04.4
2022-05-30T16:07:07.8245504Z LTS
2022-05-30T16:07:07.8245790Z ##[endgroup]
2022-05-30T16:07:07.8246078Z ##[group]Virtual Environment
2022-05-30T16:07:07.8246415Z Environment: ubuntu-20.04
2022-05-30T16:07:07.8246753Z Version: 20220515.1
2022-05-30T16:07:07.8247184Z Included Software: https://github.com/actions/virtual-environments/blob/ubuntu20/20220515.1/images/linux/Ubuntu2004-Readme.md
2022-05-30T16:07:07.8247799Z Image Release: https://github.com/actions/virtual-environments/releases/tag/ubuntu20%2F20220515.1
2022-05-30T16:07:07.8248242Z ##[endgroup]
2022-05-30T16:07:07.8248562Z ##[group]Virtual Environment Provisioner
2022-05-30T16:07:07.8248850Z 1.0.0.0-main-20220516-1
2022-05-30T16:07:07.8249144Z ##[endgroup]
2022-05-30T16:07:07.8249714Z ##[group]GITHUB_TOKEN Permissions
2022-05-30T16:07:07.8250188Z Contents: read
2022-05-30T16:07:07.8250639Z Metadata: read
2022-05-30T16:07:07.8250990Z ##[endgroup]
2022-05-30T16:07:07.8254412Z Secret source: None
2022-05-30T16:07:07.8254864Z Prepare workflow directory
2022-05-30T16:07:07.8997579Z Prepare all required actions
2022-05-30T16:07:07.9162430Z Getting action download info
2022-05-30T16:07:08.1634742Z Download action repository 'actions/checkout@v2' (SHA:7884fcad6b5d53d10323aee724dc68d8b9096a2e)
2022-05-30T16:07:08.4871491Z Download action repository 'actions/setup-go@v2' (SHA:bfdd3570ce990073878bf10f6b2d79082de49492)
2022-05-30T16:07:08.6762903Z Download action repository 'actions/cache@v3' (SHA:48af2dc4a9e8278b89d7fa154b955c30c6aaab09)
2022-05-30T16:07:09.1101557Z ##[group]Run actions/checkout@v2
2022-05-30T16:07:09.1101870Z with:
2022-05-30T16:07:09.1102347Z   repository: hashicorp/terraform
2022-05-30T16:07:09.1102841Z   token: ***
2022-05-30T16:07:09.1103039Z   ssh-strict: true
2022-05-30T16:07:09.1103259Z   persist-credentials: true
2022-05-30T16:07:09.1103609Z   clean: true
2022-05-30T16:07:09.1103813Z   fetch-depth: 1
2022-05-30T16:07:09.1104005Z   lfs: false
2022-05-30T16:07:09.1104174Z   submodules: false
2022-05-30T16:07:09.1104384Z   set-safe-directory: true
2022-05-30T16:07:09.1104601Z ##[endgroup]
2022-05-30T16:07:09.3862036Z Syncing repository: hashicorp/terraform
2022-05-30T16:07:09.3864061Z ##[group]Getting Git version info
2022-05-30T16:07:09.3864638Z Working directory is '/home/runner/work/terraform/terraform'
2022-05-30T16:07:09.3865178Z [command]/usr/bin/git version
2022-05-30T16:07:09.3986114Z git version 2.36.1
2022-05-30T16:07:09.3995716Z ##[endgroup]
2022-05-30T16:07:09.4020287Z Temporarily overriding HOME='/home/runner/work/_temp/261192c6-c18b-4fa5-9614-92a2cd520b81' before making global git config changes
2022-05-30T16:07:09.4020769Z Adding repository directory to the temporary git global config as a safe directory
2022-05-30T16:07:09.4021325Z [command]/usr/bin/git config --global --add safe.directory /home/runner/work/terraform/terraform
2022-05-30T16:07:09.4056219Z Deleting the contents of '/home/runner/work/terraform/terraform'
2022-05-30T16:07:09.4060553Z ##[group]Initializing the repository
2022-05-30T16:07:09.4109160Z [command]/usr/bin/git init /home/runner/work/terraform/terraform
2022-05-30T16:07:09.4182661Z hint: Using 'master' as the name for the initial branch. This default branch name
2022-05-30T16:07:09.4183810Z hint: is subject to change. To configure the initial branch name to use in all
2022-05-30T16:07:09.4184245Z hint: of your new repositories, which will suppress this warning, call:
2022-05-30T16:07:09.4184529Z hint: 
2022-05-30T16:07:09.4185023Z hint: 	git config --global init.defaultBranch <name>
2022-05-30T16:07:09.4185374Z hint: 
2022-05-30T16:07:09.4185746Z hint: Names commonly chosen instead of 'master' are 'main', 'trunk' and
2022-05-30T16:07:09.4186218Z hint: 'development'. The just-created branch can be renamed via this command:
2022-05-30T16:07:09.4186501Z hint: 
2022-05-30T16:07:09.4186745Z hint: 	git branch -m <name>
2022-05-30T16:07:09.4195788Z Initialized empty Git repository in /home/runner/work/terraform/terraform/.git/
2022-05-30T16:07:09.4208684Z [command]/usr/bin/git remote add origin https://github.com/hashicorp/terraform
2022-05-30T16:07:09.4253379Z ##[endgroup]
2022-05-30T16:07:09.4254144Z ##[group]Disabling automatic garbage collection
2022-05-30T16:07:09.4259281Z [command]/usr/bin/git config --local gc.auto 0
2022-05-30T16:07:09.4290789Z ##[endgroup]
2022-05-30T16:07:09.4291657Z ##[group]Setting up auth
2022-05-30T16:07:09.4300278Z [command]/usr/bin/git config --local --name-only --get-regexp core\.sshCommand
2022-05-30T16:07:09.4335632Z [command]/usr/bin/git submodule foreach --recursive git config --local --name-only --get-regexp 'core\.sshCommand' && git config --local --unset-all 'core.sshCommand' || :
2022-05-30T16:07:09.4763811Z [command]/usr/bin/git config --local --name-only --get-regexp http\.https\:\/\/github\.com\/\.extraheader
2022-05-30T16:07:09.4790800Z [command]/usr/bin/git submodule foreach --recursive git config --local --name-only --get-regexp 'http\.https\:\/\/github\.com\/\.extraheader' && git config --local --unset-all 'http.https://github.com/.extraheader' || :
2022-05-30T16:07:09.5017577Z [command]/usr/bin/git config --local http.https://github.com/.extraheader AUTHORIZATION: basic ***
2022-05-30T16:07:09.5057019Z ##[endgroup]
2022-05-30T16:07:09.5057489Z ##[group]Fetching the repository
2022-05-30T16:07:09.5070352Z [command]/usr/bin/git -c protocol.version=2 fetch --no-tags --prune --progress --no-recurse-submodules --depth=1 origin +9bfd4cb345e45b215bcb8c0bd32843f8e2cf7137:refs/remotes/pull/29409/merge
2022-05-30T16:07:09.8618730Z remote: Enumerating objects: 3943, done.        
2022-05-30T16:07:09.8627326Z remote: Counting objects:   0% (1/3943)        
2022-05-30T16:07:09.8627977Z remote: Counting objects:   1% (40/3943)        
2022-05-30T16:07:09.8628820Z remote: Counting objects:   2% (79/3943)        
2022-05-30T16:07:09.8629239Z remote: Counting objects:   3% (119/3943)        
2022-05-30T16:07:09.8629559Z remote: Counting objects:   4% (158/3943)        
2022-05-30T16:07:09.8629876Z remote: Counting objects:   5% (198/3943)        
2022-05-30T16:07:09.8630186Z remote: Counting objects:   6% (237/3943)        
2022-05-30T16:07:09.8630486Z remote: Counting objects:   7% (277/3943)        
2022-05-30T16:07:09.8630786Z remote: Counting objects:   8% (316/3943)        
2022-05-30T16:07:09.8631070Z remote: Counting objects:   9% (355/3943)        
2022-05-30T16:07:09.8631369Z remote: Counting objects:  10% (395/3943)        
2022-05-30T16:07:09.8631667Z remote: Counting objects:  11% (434/3943)        
2022-05-30T16:07:09.8631956Z remote: Counting objects:  12% (474/3943)        
2022-05-30T16:07:09.8632253Z remote: Counting objects:  13% (513/3943)        
2022-05-30T16:07:09.8632550Z remote: Counting objects:  14% (553/3943)        
2022-05-30T16:07:09.8632832Z remote: Counting objects:  15% (592/3943)        
2022-05-30T16:07:09.8633126Z remote: Counting objects:  16% (631/3943)        
2022-05-30T16:07:09.8634787Z remote: Counting objects:  17% (671/3943)        
2022-05-30T16:07:09.8635132Z remote: Counting objects:  18% (710/3943)        
2022-05-30T16:07:09.8639998Z remote: Counting objects:  19% (750/3943)        
2022-05-30T16:07:09.8640371Z remote: Counting objects:  20% (789/3943)        
2022-05-30T16:07:09.8640674Z remote: Counting objects:  21% (829/3943)        
2022-05-30T16:07:09.8640977Z remote: Counting objects:  22% (868/3943)        
2022-05-30T16:07:09.8641267Z remote: Counting objects:  23% (907/3943)        
2022-05-30T16:07:09.8641753Z remote: Counting objects:  24% (947/3943)        
2022-05-30T16:07:09.8642062Z remote: Counting objects:  25% (986/3943)        
2022-05-30T16:07:09.8642361Z remote: Counting objects:  26% (1026/3943)        
2022-05-30T16:07:09.8642681Z remote: Counting objects:  27% (1065/3943)        
2022-05-30T16:07:09.8643013Z remote: Counting objects:  28% (1105/3943)        
2022-05-30T16:07:09.8643307Z remote: Counting objects:  29% (1144/3943)        
2022-05-30T16:07:09.8643619Z remote: Counting objects:  30% (1183/3943)        
2022-05-30T16:07:09.8644239Z remote: Counting objects:  31% (1223/3943)        
2022-05-30T16:07:09.8644803Z remote: Counting objects:  32% (1262/3943)        
2022-05-30T16:07:09.8645097Z remote: Counting objects:  33% (1302/3943)        
2022-05-30T16:07:09.8645403Z remote: Counting objects:  34% (1341/3943)        
2022-05-30T16:07:09.8645710Z remote: Counting objects:  35% (1381/3943)        
2022-05-30T16:07:09.8646017Z remote: Counting objects:  36% (1420/3943)        
2022-05-30T16:07:09.8646319Z remote: Counting objects:  37% (1459/3943)        
2022-05-30T16:07:09.8646631Z remote: Counting objects:  38% (1499/3943)        
2022-05-30T16:07:09.8646932Z remote: Counting objects:  39% (1538/3943)        
2022-05-30T16:07:09.8647221Z remote: Counting objects:  40% (1578/3943)        
2022-05-30T16:07:09.8647523Z remote: Counting objects:  41% (1617/3943)        
2022-05-30T16:07:09.8647826Z remote: Counting objects:  42% (1657/3943)        
2022-05-30T16:07:09.8648119Z remote: Counting objects:  43% (1696/3943)        
2022-05-30T16:07:09.8648423Z remote: Counting objects:  44% (1735/3943)        
2022-05-30T16:07:09.8648722Z remote: Counting objects:  45% (1775/3943)        
2022-05-30T16:07:09.8649004Z remote: Counting objects:  46% (1814/3943)        
2022-05-30T16:07:09.8649304Z remote: Counting objects:  47% (1854/3943)        
2022-05-30T16:07:09.8649606Z remote: Counting objects:  48% (1893/3943)        
2022-05-30T16:07:09.8649893Z remote: Counting objects:  49% (1933/3943)        
2022-05-30T16:07:09.8650193Z remote: Counting objects:  50% (1972/3943)        
2022-05-30T16:07:09.8650575Z remote: Counting objects:  51% (2011/3943)        
2022-05-30T16:07:09.8650905Z remote: Counting objects:  52% (2051/3943)        
2022-05-30T16:07:09.8651193Z remote: Counting objects:  53% (2090/3943)        
2022-05-30T16:07:09.8651495Z remote: Counting objects:  54% (2130/3943)        
2022-05-30T16:07:09.8651797Z remote: Counting objects:  55% (2169/3943)        
2022-05-30T16:07:09.8652086Z remote: Counting objects:  56% (2209/3943)        
2022-05-30T16:07:09.8652387Z remote: Counting objects:  57% (2248/3943)        
2022-05-30T16:07:09.8652687Z remote: Counting objects:  58% (2287/3943)        
2022-05-30T16:07:09.8652990Z remote: Counting objects:  59% (2327/3943)        
2022-05-30T16:07:09.8653278Z remote: Counting objects:  60% (2366/3943)        
2022-05-30T16:07:09.8653578Z remote: Counting objects:  61% (2406/3943)        
2022-05-30T16:07:09.8653879Z remote: Counting objects:  62% (2445/3943)        
2022-05-30T16:07:09.8654161Z remote: Counting objects:  63% (2485/3943)        
2022-05-30T16:07:09.8654467Z remote: Counting objects:  64% (2524/3943)        
2022-05-30T16:07:09.8654768Z remote: Counting objects:  65% (2563/3943)        
2022-05-30T16:07:09.8655058Z remote: Counting objects:  66% (2603/3943)        
2022-05-30T16:07:09.8655358Z remote: Counting objects:  67% (2642/3943)        
2022-05-30T16:07:09.8655657Z remote: Counting objects:  68% (2682/3943)        
2022-05-30T16:07:09.8655960Z remote: Counting objects:  69% (2721/3943)        
2022-05-30T16:07:09.8656244Z remote: Counting objects:  70% (2761/3943)        
2022-05-30T16:07:09.8656547Z remote: Counting objects:  71% (2800/3943)        
2022-05-30T16:07:09.8656846Z remote: Counting objects:  72% (2839/3943)        
2022-05-30T16:07:09.8657130Z remote: Counting objects:  73% (2879/3943)        
2022-05-30T16:07:09.9067287Z remote: Counting objects:  74% (2918/3943)        
2022-05-30T16:07:09.9067605Z remote: Counting objects:  75% (2958/3943)        
2022-05-30T16:07:09.9067894Z remote: Counting objects:  76% (2997/3943)        
2022-05-30T16:07:09.9068295Z remote: Counting objects:  77% (3037/3943)        
2022-05-30T16:07:09.9068553Z remote: Counting objects:  78% (3076/3943)        
2022-05-30T16:07:09.9068826Z remote: Counting objects:  79% (3115/3943)        
2022-05-30T16:07:09.9069096Z remote: Counting objects:  80% (3155/3943)        
2022-05-30T16:07:09.9069369Z remote: Counting objects:  81% (3194/3943)        
2022-05-30T16:07:09.9069807Z remote: Counting objects:  82% (3234/3943)        
2022-05-30T16:07:09.9070075Z remote: Counting objects:  83% (3273/3943)        
2022-05-30T16:07:09.9070343Z remote: Counting objects:  84% (3313/3943)        
2022-05-30T16:07:09.9070757Z remote: Counting objects:  85% (3352/3943)        
2022-05-30T16:07:09.9071873Z remote: Counting objects:  86% (3391/3943)        
2022-05-30T16:07:09.9072362Z remote: Counting objects:  87% (3431/3943)        
2022-05-30T16:07:09.9072792Z remote: Counting objects:  88% (3470/3943)        
2022-05-30T16:07:09.9073292Z remote: Counting objects:  89% (3510/3943)        
2022-05-30T16:07:09.9073706Z remote: Counting objects:  90% (3549/3943)        
2022-05-30T16:07:09.9074401Z remote: Counting objects:  91% (3589/3943)        
2022-05-30T16:07:09.9074815Z remote: Counting objects:  92% (3628/3943)        
2022-05-30T16:07:09.9075408Z remote: Counting objects:  93% (3667/3943)        
2022-05-30T16:07:09.9075812Z remote: Counting objects:  94% (3707/3943)        
2022-05-30T16:07:09.9076245Z remote: Counting objects:  95% (3746/3943)        
2022-05-30T16:07:09.9076663Z remote: Counting objects:  96% (3786/3943)        
2022-05-30T16:07:09.9077260Z remote: Counting objects:  97% (3825/3943)        
2022-05-30T16:07:09.9077779Z remote: Counting objects:  98% (3865/3943)        
2022-05-30T16:07:09.9078350Z remote: Counting objects:  99% (3904/3943)        
2022-05-30T16:07:09.9078933Z remote: Counting objects: 100% (3943/3943)        
2022-05-30T16:07:09.9079629Z remote: Counting objects: 100% (3943/3943), done.        
2022-05-30T16:07:09.9080486Z remote: Compressing objects:   0% (1/2976)        
2022-05-30T16:07:09.9080932Z remote: Compressing objects:   1% (30/2976)        
2022-05-30T16:07:09.9081356Z remote: Compressing objects:   2% (60/2976)        
2022-05-30T16:07:09.9081787Z remote: Compressing objects:   3% (90/2976)        
2022-05-30T16:07:09.9082381Z remote: Compressing objects:   4% (120/2976)        
2022-05-30T16:07:09.9082813Z remote: Compressing objects:   5% (149/2976)        
2022-05-30T16:07:09.9083253Z remote: Compressing objects:   6% (179/2976)        
2022-05-30T16:07:09.9083675Z remote: Compressing objects:   7% (209/2976)        
2022-05-30T16:07:09.9084254Z remote: Compressing objects:   8% (239/2976)        
2022-05-30T16:07:09.9084691Z remote: Compressing objects:   9% (268/2976)        
2022-05-30T16:07:09.9085299Z remote: Compressing objects:  10% (298/2976)        
2022-05-30T16:07:09.9085698Z remote: Compressing objects:  11% (328/2976)        
2022-05-30T16:07:09.9086282Z remote: Compressing objects:  12% (358/2976)        
2022-05-30T16:07:09.9553954Z remote: Compressing objects:  13% (387/2976)        
2022-05-30T16:07:09.9554520Z remote: Compressing objects:  14% (417/2976)        
2022-05-30T16:07:09.9555174Z remote: Compressing objects:  15% (447/2976)        
2022-05-30T16:07:09.9555802Z remote: Compressing objects:  16% (477/2976)        
2022-05-30T16:07:09.9556459Z remote: Compressing objects:  17% (506/2976)        
2022-05-30T16:07:09.9569738Z remote: Compressing objects:  18% (536/2976)        
2022-05-30T16:07:09.9665470Z remote: Compressing objects:  19% (566/2976)        
2022-05-30T16:07:09.9738575Z remote: Compressing objects:  20% (596/2976)        
2022-05-30T16:07:09.9832963Z remote: Compressing objects:  21% (625/2976)        
2022-05-30T16:07:09.9967632Z remote: Compressing objects:  22% (655/2976)        
2022-05-30T16:07:10.0102734Z remote: Compressing objects:  23% (685/2976)        
2022-05-30T16:07:10.0136487Z remote: Compressing objects:  24% (715/2976)        
2022-05-30T16:07:10.0272455Z remote: Compressing objects:  25% (744/2976)        
2022-05-30T16:07:10.0378229Z remote: Compressing objects:  26% (774/2976)        
2022-05-30T16:07:10.0576113Z remote: Compressing objects:  27% (804/2976)        
2022-05-30T16:07:10.0692270Z remote: Compressing objects:  28% (834/2976)        
2022-05-30T16:07:10.0893999Z remote: Compressing objects:  29% (864/2976)        
2022-05-30T16:07:10.0927896Z remote: Compressing objects:  30% (893/2976)        
2022-05-30T16:07:10.1068000Z remote: Compressing objects:  31% (923/2976)        
2022-05-30T16:07:10.1127756Z remote: Compressing objects:  32% (953/2976)        
2022-05-30T16:07:10.1177316Z remote: Compressing objects:  33% (983/2976)        
2022-05-30T16:07:10.1206753Z remote: Compressing objects:  34% (1012/2976)        
2022-05-30T16:07:10.1278418Z remote: Compressing objects:  35% (1042/2976)        
2022-05-30T16:07:10.1428260Z remote: Compressing objects:  36% (1072/2976)        
2022-05-30T16:07:10.1475509Z remote: Compressing objects:  37% (1102/2976)        
2022-05-30T16:07:10.1542278Z remote: Compressing objects:  38% (1131/2976)        
2022-05-30T16:07:10.1676385Z remote: Compressing objects:  39% (1161/2976)        
2022-05-30T16:07:10.1752697Z remote: Compressing objects:  40% (1191/2976)        
2022-05-30T16:07:10.1846612Z remote: Compressing objects:  41% (1221/2976)        
2022-05-30T16:07:10.1848172Z remote: Compressing objects:  42% (1250/2976)        
2022-05-30T16:07:10.1876097Z remote: Compressing objects:  43% (1280/2976)        
2022-05-30T16:07:10.1983555Z remote: Compressing objects:  44% (1310/2976)        
2022-05-30T16:07:10.2140660Z remote: Compressing objects:  45% (1340/2976)        
2022-05-30T16:07:10.2195115Z remote: Compressing objects:  46% (1369/2976)        
2022-05-30T16:07:10.2364513Z remote: Compressing objects:  47% (1399/2976)        
2022-05-30T16:07:10.2487612Z remote: Compressing objects:  48% (1429/2976)        
2022-05-30T16:07:10.2600131Z remote: Compressing objects:  49% (1459/2976)        
2022-05-30T16:07:10.2626781Z remote: Compressing objects:  50% (1488/2976)        
2022-05-30T16:07:10.2634564Z remote: Compressing objects:  51% (1518/2976)        
2022-05-30T16:07:10.2774089Z remote: Compressing objects:  52% (1548/2976)        
2022-05-30T16:07:10.2774412Z remote: Compressing objects:  53% (1578/2976)        
2022-05-30T16:07:10.2781943Z remote: Compressing objects:  54% (1608/2976)        
2022-05-30T16:07:10.2801425Z remote: Compressing objects:  55% (1637/2976)        
2022-05-30T16:07:10.2808797Z remote: Compressing objects:  56% (1667/2976)        
2022-05-30T16:07:10.2809069Z remote: Compressing objects:  57% (1697/2976)        
2022-05-30T16:07:10.2809400Z remote: Compressing objects:  58% (1727/2976)        
2022-05-30T16:07:10.2809653Z remote: Compressing objects:  59% (1756/2976)        
2022-05-30T16:07:10.2809890Z remote: Compressing objects:  60% (1786/2976)        
2022-05-30T16:07:10.2810143Z remote: Compressing objects:  61% (1816/2976)        
2022-05-30T16:07:10.2810403Z remote: Compressing objects:  62% (1846/2976)        
2022-05-30T16:07:10.2810656Z remote: Compressing objects:  63% (1875/2976)        
2022-05-30T16:07:10.2810888Z remote: Compressing objects:  64% (1905/2976)        
2022-05-30T16:07:10.2811139Z remote: Compressing objects:  65% (1935/2976)        
2022-05-30T16:07:10.2814542Z remote: Compressing objects:  66% (1965/2976)        
2022-05-30T16:07:10.2814803Z remote: Compressing objects:  67% (1994/2976)        
2022-05-30T16:07:10.2826206Z remote: Compressing objects:  68% (2024/2976)        
2022-05-30T16:07:10.2826477Z remote: Compressing objects:  69% (2054/2976)        
2022-05-30T16:07:10.2826727Z remote: Compressing objects:  70% (2084/2976)        
2022-05-30T16:07:10.2826960Z remote: Compressing objects:  71% (2113/2976)        
2022-05-30T16:07:10.2827212Z remote: Compressing objects:  72% (2143/2976)        
2022-05-30T16:07:10.2827462Z remote: Compressing objects:  73% (2173/2976)        
2022-05-30T16:07:10.2827701Z remote: Compressing objects:  74% (2203/2976)        
2022-05-30T16:07:10.2827954Z remote: Compressing objects:  75% (2232/2976)        
2022-05-30T16:07:10.2828202Z remote: Compressing objects:  76% (2262/2976)        
2022-05-30T16:07:10.2835007Z remote: Compressing objects:  77% (2292/2976)        
2022-05-30T16:07:10.2835286Z remote: Compressing objects:  78% (2322/2976)        
2022-05-30T16:07:10.2914428Z remote: Compressing objects:  79% (2352/2976)        
2022-05-30T16:07:10.2915015Z remote: Compressing objects:  80% (2381/2976)        
2022-05-30T16:07:10.2915266Z remote: Compressing objects:  81% (2411/2976)        
2022-05-30T16:07:10.2915522Z remote: Compressing objects:  82% (2441/2976)        
2022-05-30T16:07:10.2915772Z remote: Compressing objects:  83% (2471/2976)        
2022-05-30T16:07:10.2918285Z remote: Compressing objects:  84% (2500/2976)        
2022-05-30T16:07:10.2918559Z remote: Compressing objects:  85% (2530/2976)        
2022-05-30T16:07:10.2918814Z remote: Compressing objects:  86% (2560/2976)        
2022-05-30T16:07:10.2919068Z remote: Compressing objects:  87% (2590/2976)        
2022-05-30T16:07:10.2919318Z remote: Compressing objects:  88% (2619/2976)        
2022-05-30T16:07:10.2919568Z remote: Compressing objects:  89% (2649/2976)        
2022-05-30T16:07:10.2919816Z remote: Compressing objects:  90% (2679/2976)        
2022-05-30T16:07:10.2922613Z remote: Compressing objects:  91% (2709/2976)        
2022-05-30T16:07:10.2922919Z remote: Compressing objects:  92% (2738/2976)        
2022-05-30T16:07:10.2923175Z remote: Compressing objects:  93% (2768/2976)        
2022-05-30T16:07:10.2923407Z remote: Compressing objects:  94% (2798/2976)        
2022-05-30T16:07:10.2923657Z remote: Compressing objects:  95% (2828/2976)        
2022-05-30T16:07:10.2923905Z remote: Compressing objects:  96% (2857/2976)        
2022-05-30T16:07:10.2924152Z remote: Compressing objects:  97% (2887/2976)        
2022-05-30T16:07:10.2924777Z remote: Compressing objects:  98% (2917/2976)        
2022-05-30T16:07:10.2925211Z remote: Compressing objects:  99% (2947/2976)        
2022-05-30T16:07:10.2934448Z remote: Compressing objects: 100% (2976/2976)        
2022-05-30T16:07:10.2934717Z remote: Compressing objects: 100% (2976/2976), done.        
2022-05-30T16:07:10.3028557Z Receiving objects:   0% (1/3943)
2022-05-30T16:07:10.3597009Z Receiving objects:   1% (40/3943)
2022-05-30T16:07:10.3645108Z Receiving objects:   2% (79/3943)
2022-05-30T16:07:10.3686827Z Receiving objects:   3% (119/3943)
2022-05-30T16:07:10.3705623Z Receiving objects:   4% (158/3943)
2022-05-30T16:07:10.3740217Z Receiving objects:   5% (198/3943)
2022-05-30T16:07:10.3789654Z Receiving objects:   6% (237/3943)
2022-05-30T16:07:10.3817989Z Receiving objects:   7% (277/3943)
2022-05-30T16:07:10.3840974Z Receiving objects:   8% (316/3943)
2022-05-30T16:07:10.3880724Z Receiving objects:   9% (355/3943)
2022-05-30T16:07:10.3908816Z Receiving objects:  10% (395/3943)
2022-05-30T16:07:10.3925803Z Receiving objects:  11% (434/3943)
2022-05-30T16:07:10.3927332Z Receiving objects:  12% (474/3943)
2022-05-30T16:07:10.3967137Z Receiving objects:  13% (513/3943)
2022-05-30T16:07:10.4022326Z Receiving objects:  14% (553/3943)
2022-05-30T16:07:10.4055712Z Receiving objects:  15% (592/3943)
2022-05-30T16:07:10.4086374Z Receiving objects:  16% (631/3943)
2022-05-30T16:07:10.4089215Z Receiving objects:  17% (671/3943)
2022-05-30T16:07:10.4091360Z Receiving objects:  18% (710/3943)
2022-05-30T16:07:10.4091940Z Receiving objects:  19% (750/3943)
2022-05-30T16:07:10.4096060Z Receiving objects:  20% (789/3943)
2022-05-30T16:07:10.4096438Z Receiving objects:  21% (829/3943)
2022-05-30T16:07:10.4098988Z Receiving objects:  22% (868/3943)
2022-05-30T16:07:10.4101267Z Receiving objects:  23% (907/3943)
2022-05-30T16:07:10.4103184Z Receiving objects:  24% (947/3943)
2022-05-30T16:07:10.4106613Z Receiving objects:  25% (986/3943)
2022-05-30T16:07:10.4110442Z Receiving objects:  26% (1026/3943)
2022-05-30T16:07:10.4111527Z Receiving objects:  27% (1065/3943)
2022-05-30T16:07:10.4123397Z Receiving objects:  28% (1105/3943)
2022-05-30T16:07:10.4148742Z Receiving objects:  29% (1144/3943)
2022-05-30T16:07:10.4167858Z Receiving objects:  30% (1183/3943)
2022-05-30T16:07:10.4200373Z Receiving objects:  31% (1223/3943)
2022-05-30T16:07:10.4200880Z Receiving objects:  32% (1262/3943)
2022-05-30T16:07:10.4210385Z Receiving objects:  33% (1302/3943)
2022-05-30T16:07:10.4236519Z Receiving objects:  34% (1341/3943)
2022-05-30T16:07:10.4254156Z Receiving objects:  35% (1381/3943)
2022-05-30T16:07:10.4255292Z Receiving objects:  36% (1420/3943)
2022-05-30T16:07:10.4257649Z Receiving objects:  37% (1459/3943)
2022-05-30T16:07:10.4258668Z Receiving objects:  38% (1499/3943)
2022-05-30T16:07:10.4260964Z Receiving objects:  39% (1538/3943)
2022-05-30T16:07:10.4262656Z Receiving objects:  40% (1578/3943)
2022-05-30T16:07:10.4265601Z Receiving objects:  41% (1617/3943)
2022-05-30T16:07:10.4281190Z Receiving objects:  42% (1657/3943)
2022-05-30T16:07:10.4310052Z Receiving objects:  43% (1696/3943)
2022-05-30T16:07:10.4323918Z Receiving objects:  44% (1735/3943)
2022-05-30T16:07:10.4338904Z Receiving objects:  45% (1775/3943)
2022-05-30T16:07:10.4354056Z Receiving objects:  46% (1814/3943)
2022-05-30T16:07:10.4420064Z Receiving objects:  47% (1854/3943)
2022-05-30T16:07:10.4444492Z Receiving objects:  48% (1893/3943)
2022-05-30T16:07:10.4499837Z Receiving objects:  49% (1933/3943)
2022-05-30T16:07:10.4669727Z Receiving objects:  50% (1972/3943)
2022-05-30T16:07:10.4702312Z Receiving objects:  51% (2011/3943)
2022-05-30T16:07:10.4804796Z Receiving objects:  52% (2051/3943)
2022-05-30T16:07:10.4826902Z Receiving objects:  53% (2090/3943)
2022-05-30T16:07:10.4846543Z Receiving objects:  54% (2130/3943)
2022-05-30T16:07:10.4909050Z Receiving objects:  55% (2169/3943)
2022-05-30T16:07:10.4937718Z Receiving objects:  56% (2209/3943)
2022-05-30T16:07:10.4969910Z Receiving objects:  57% (2248/3943)
2022-05-30T16:07:10.5003186Z Receiving objects:  58% (2287/3943)
2022-05-30T16:07:10.5252014Z Receiving objects:  59% (2327/3943)
2022-05-30T16:07:10.5316796Z Receiving objects:  60% (2366/3943)
2022-05-30T16:07:10.5394328Z Receiving objects:  61% (2406/3943)
2022-05-30T16:07:10.5401709Z Receiving objects:  62% (2445/3943)
2022-05-30T16:07:10.5402501Z Receiving objects:  63% (2485/3943)
2022-05-30T16:07:10.5403725Z Receiving objects:  64% (2524/3943)
2022-05-30T16:07:10.5404154Z Receiving objects:  65% (2563/3943)
2022-05-30T16:07:10.5406185Z Receiving objects:  66% (2603/3943)
2022-05-30T16:07:10.5406854Z Receiving objects:  67% (2642/3943)
2022-05-30T16:07:10.5408718Z Receiving objects:  68% (2682/3943)
2022-05-30T16:07:10.5409408Z Receiving objects:  69% (2721/3943)
2022-05-30T16:07:10.5410729Z Receiving objects:  70% (2761/3943)
2022-05-30T16:07:10.5413510Z Receiving objects:  71% (2800/3943)
2022-05-30T16:07:10.5414010Z Receiving objects:  72% (2839/3943)
2022-05-30T16:07:10.5416562Z Receiving objects:  73% (2879/3943)
2022-05-30T16:07:10.5417325Z Receiving objects:  74% (2918/3943)
2022-05-30T16:07:10.5419037Z Receiving objects:  75% (2958/3943)
2022-05-30T16:07:10.5420507Z Receiving objects:  76% (2997/3943)
2022-05-30T16:07:10.5421744Z Receiving objects:  77% (3037/3943)
2022-05-30T16:07:10.5423503Z Receiving objects:  78% (3076/3943)
2022-05-30T16:07:10.5425176Z Receiving objects:  79% (3115/3943)
2022-05-30T16:07:10.5429019Z Receiving objects:  80% (3155/3943)
2022-05-30T16:07:10.5429460Z Receiving objects:  81% (3194/3943)
2022-05-30T16:07:10.5430157Z Receiving objects:  82% (3234/3943)
2022-05-30T16:07:10.5430594Z Receiving objects:  83% (3273/3943)
2022-05-30T16:07:10.5432906Z Receiving objects:  84% (3313/3943)
2022-05-30T16:07:10.5433336Z Receiving objects:  85% (3352/3943)
2022-05-30T16:07:10.5455925Z Receiving objects:  86% (3391/3943)
2022-05-30T16:07:10.5488490Z Receiving objects:  87% (3431/3943)
2022-05-30T16:07:10.5582821Z Receiving objects:  88% (3470/3943)
2022-05-30T16:07:10.5605387Z Receiving objects:  89% (3510/3943)
2022-05-30T16:07:10.5635864Z Receiving objects:  90% (3549/3943)
2022-05-30T16:07:10.5651325Z Receiving objects:  91% (3589/3943)
2022-05-30T16:07:10.5691922Z Receiving objects:  92% (3628/3943)
2022-05-30T16:07:10.5722578Z Receiving objects:  93% (3667/3943)
2022-05-30T16:07:10.5729714Z Receiving objects:  94% (3707/3943)
2022-05-30T16:07:10.5743787Z Receiving objects:  95% (3746/3943)
2022-05-30T16:07:10.5757581Z Receiving objects:  96% (3786/3943)
2022-05-30T16:07:10.5792041Z Receiving objects:  97% (3825/3943)
2022-05-30T16:07:10.5824673Z Receiving objects:  98% (3865/3943)
2022-05-30T16:07:10.6423854Z Receiving objects:  99% (3904/3943)
2022-05-30T16:07:10.6433438Z remote: Total 3943 (delta 306), reused 2631 (delta 222), pack-reused 0        
2022-05-30T16:07:10.6434428Z Receiving objects: 100% (3943/3943)
2022-05-30T16:07:10.6434901Z Receiving objects: 100% (3943/3943), 5.58 MiB | 16.20 MiB/s, done.
2022-05-30T16:07:10.6435984Z Resolving deltas:   0% (0/306)
2022-05-30T16:07:10.6437513Z Resolving deltas:   1% (4/306)
2022-05-30T16:07:10.6439483Z Resolving deltas:   2% (7/306)
2022-05-30T16:07:10.6441796Z Resolving deltas:   3% (10/306)
2022-05-30T16:07:10.6445888Z Resolving deltas:   4% (13/306)
2022-05-30T16:07:10.6447764Z Resolving deltas:   5% (16/306)
2022-05-30T16:07:10.6448936Z Resolving deltas:   6% (19/306)
2022-05-30T16:07:10.6455932Z Resolving deltas:   7% (22/306)
2022-05-30T16:07:10.6463535Z Resolving deltas:   8% (25/306)
2022-05-30T16:07:10.6470141Z Resolving deltas:   9% (28/306)
2022-05-30T16:07:10.6474459Z Resolving deltas:  10% (31/306)
2022-05-30T16:07:10.6475596Z Resolving deltas:  11% (34/306)
2022-05-30T16:07:10.6476679Z Resolving deltas:  12% (37/306)
2022-05-30T16:07:10.6477119Z Resolving deltas:  13% (40/306)
2022-05-30T16:07:10.6490098Z Resolving deltas:  14% (43/306)
2022-05-30T16:07:10.6493204Z Resolving deltas:  15% (46/306)
2022-05-30T16:07:10.6493730Z Resolving deltas:  16% (49/306)
2022-05-30T16:07:10.6494729Z Resolving deltas:  17% (53/306)
2022-05-30T16:07:10.6497404Z Resolving deltas:  18% (56/306)
2022-05-30T16:07:10.6500363Z Resolving deltas:  19% (59/306)
2022-05-30T16:07:10.6505593Z Resolving deltas:  20% (62/306)
2022-05-30T16:07:10.6508138Z Resolving deltas:  21% (65/306)
2022-05-30T16:07:10.6509782Z Resolving deltas:  22% (68/306)
2022-05-30T16:07:10.6520114Z Resolving deltas:  23% (71/306)
2022-05-30T16:07:10.6523062Z Resolving deltas:  24% (74/306)
2022-05-30T16:07:10.6525960Z Resolving deltas:  25% (77/306)
2022-05-30T16:07:10.6527874Z Resolving deltas:  26% (80/306)
2022-05-30T16:07:10.6528373Z Resolving deltas:  27% (83/306)
2022-05-30T16:07:10.6529504Z Resolving deltas:  28% (86/306)
2022-05-30T16:07:10.6529939Z Resolving deltas:  29% (89/306)
2022-05-30T16:07:10.6530572Z Resolving deltas:  30% (92/306)
2022-05-30T16:07:10.6530997Z Resolving deltas:  31% (95/306)
2022-05-30T16:07:10.6531941Z Resolving deltas:  32% (98/306)
2022-05-30T16:07:10.6533045Z Resolving deltas:  33% (101/306)
2022-05-30T16:07:10.6534286Z Resolving deltas:  34% (105/306)
2022-05-30T16:07:10.6534730Z Resolving deltas:  35% (108/306)
2022-05-30T16:07:10.6535840Z Resolving deltas:  36% (111/306)
2022-05-30T16:07:10.6537858Z Resolving deltas:  37% (114/306)
2022-05-30T16:07:10.6539431Z Resolving deltas:  38% (117/306)
2022-05-30T16:07:10.6540889Z Resolving deltas:  39% (120/306)
2022-05-30T16:07:10.6541926Z Resolving deltas:  40% (123/306)
2022-05-30T16:07:10.6542862Z Resolving deltas:  41% (126/306)
2022-05-30T16:07:10.6545226Z Resolving deltas:  42% (129/306)
2022-05-30T16:07:10.6546761Z Resolving deltas:  43% (132/306)
2022-05-30T16:07:10.6547741Z Resolving deltas:  44% (135/306)
2022-05-30T16:07:10.6548769Z Resolving deltas:  45% (138/306)
2022-05-30T16:07:10.6553710Z Resolving deltas:  46% (141/306)
2022-05-30T16:07:10.6554277Z Resolving deltas:  47% (144/306)
2022-05-30T16:07:10.6554933Z Resolving deltas:  48% (147/306)
2022-05-30T16:07:10.6555331Z Resolving deltas:  49% (150/306)
2022-05-30T16:07:10.6555948Z Resolving deltas:  50% (153/306)
2022-05-30T16:07:10.6556353Z Resolving deltas:  51% (157/306)
2022-05-30T16:07:10.6556967Z Resolving deltas:  52% (160/306)
2022-05-30T16:07:10.6557369Z Resolving deltas:  53% (163/306)
2022-05-30T16:07:10.6557985Z Resolving deltas:  54% (166/306)
2022-05-30T16:07:10.6559502Z Resolving deltas:  55% (169/306)
2022-05-30T16:07:10.6559933Z Resolving deltas:  56% (172/306)
2022-05-30T16:07:10.6561949Z Resolving deltas:  57% (175/306)
2022-05-30T16:07:10.6566522Z Resolving deltas:  58% (178/306)
2022-05-30T16:07:10.6572315Z Resolving deltas:  59% (181/306)
2022-05-30T16:07:10.6574679Z Resolving deltas:  60% (184/306)
2022-05-30T16:07:10.6575709Z Resolving deltas:  61% (187/306)
2022-05-30T16:07:10.6576696Z Resolving deltas:  62% (190/306)
2022-05-30T16:07:10.6578236Z Resolving deltas:  63% (193/306)
2022-05-30T16:07:10.6578689Z Resolving deltas:  64% (196/306)
2022-05-30T16:07:10.6579806Z Resolving deltas:  65% (199/306)
2022-05-30T16:07:10.6581153Z Resolving deltas:  66% (202/306)
2022-05-30T16:07:10.6581586Z Resolving deltas:  67% (206/306)
2022-05-30T16:07:10.6582685Z Resolving deltas:  68% (209/306)
2022-05-30T16:07:10.6583125Z Resolving deltas:  69% (212/306)
2022-05-30T16:07:10.6585219Z Resolving deltas:  70% (215/306)
2022-05-30T16:07:10.6589852Z Resolving deltas:  71% (218/306)
2022-05-30T16:07:10.6593073Z Resolving deltas:  72% (221/306)
2022-05-30T16:07:10.6596982Z Resolving deltas:  73% (224/306)
2022-05-30T16:07:10.6600478Z Resolving deltas:  74% (227/306)
2022-05-30T16:07:10.6602033Z Resolving deltas:  75% (230/306)
2022-05-30T16:07:10.6602497Z Resolving deltas:  76% (233/306)
2022-05-30T16:07:10.6621555Z Resolving deltas:  77% (236/306)
2022-05-30T16:07:10.6623219Z Resolving deltas:  78% (239/306)
2022-05-30T16:07:10.6625437Z Resolving deltas:  79% (242/306)
2022-05-30T16:07:10.6625933Z Resolving deltas:  80% (245/306)
2022-05-30T16:07:10.6626829Z Resolving deltas:  81% (248/306)
2022-05-30T16:07:10.6627278Z Resolving deltas:  82% (251/306)
2022-05-30T16:07:10.6628472Z Resolving deltas:  83% (254/306)
2022-05-30T16:07:10.6628906Z Resolving deltas:  84% (258/306)
2022-05-30T16:07:10.6629990Z Resolving deltas:  85% (261/306)
2022-05-30T16:07:10.6631222Z Resolving deltas:  86% (264/306)
2022-05-30T16:07:10.6631683Z Resolving deltas:  87% (267/306)
2022-05-30T16:07:10.6632464Z Resolving deltas:  88% (270/306)
2022-05-30T16:07:10.6632935Z Resolving deltas:  89% (273/306)
2022-05-30T16:07:10.6634193Z Resolving deltas:  90% (276/306)
2022-05-30T16:07:10.6635194Z Resolving deltas:  91% (279/306)
2022-05-30T16:07:10.6637555Z Resolving deltas:  92% (282/306)
2022-05-30T16:07:10.6655076Z Resolving deltas:  93% (285/306)
2022-05-30T16:07:10.6656576Z Resolving deltas:  94% (288/306)
2022-05-30T16:07:10.6657006Z Resolving deltas:  95% (291/306)
2022-05-30T16:07:10.6658170Z Resolving deltas:  96% (294/306)
2022-05-30T16:07:10.6659477Z Resolving deltas:  97% (297/306)
2022-05-30T16:07:10.6660947Z Resolving deltas:  98% (300/306)
2022-05-30T16:07:10.6665113Z Resolving deltas:  99% (303/306)
2022-05-30T16:07:10.6678895Z Resolving deltas: 100% (306/306)
2022-05-30T16:07:10.6679214Z Resolving deltas: 100% (306/306), done.
2022-05-30T16:07:10.6925293Z From https://github.com/hashicorp/terraform
2022-05-30T16:07:10.6926478Z  * [new ref]         9bfd4cb345e45b215bcb8c0bd32843f8e2cf7137 -> pull/29409/merge
2022-05-30T16:07:10.6946102Z ##[endgroup]
2022-05-30T16:07:10.6946907Z ##[group]Determining the checkout info
2022-05-30T16:07:10.6947771Z ##[endgroup]
2022-05-30T16:07:10.6948327Z ##[group]Checking out the ref
2022-05-30T16:07:10.6952699Z [command]/usr/bin/git checkout --progress --force refs/remotes/pull/29409/merge
2022-05-30T16:07:10.8633380Z Note: switching to 'refs/remotes/pull/29409/merge'.
2022-05-30T16:07:10.8633850Z 
2022-05-30T16:07:10.8634506Z You are in 'detached HEAD' state. You can look around, make experimental
2022-05-30T16:07:10.8635018Z changes and commit them, and you can discard any commits you make in this
2022-05-30T16:07:10.8635675Z state without impacting any branches by switching back to a branch.
2022-05-30T16:07:10.8635994Z 
2022-05-30T16:07:10.8636461Z If you want to create a new branch to retain commits you create, you may
2022-05-30T16:07:10.8637041Z do so (now or later) by using -c with the switch command. Example:
2022-05-30T16:07:10.8637534Z 
2022-05-30T16:07:10.8637830Z   git switch -c <new-branch-name>
2022-05-30T16:07:10.8638279Z 
2022-05-30T16:07:10.8638510Z Or undo this operation with:
2022-05-30T16:07:10.8638955Z 
2022-05-30T16:07:10.8639165Z   git switch -
2022-05-30T16:07:10.8639592Z 
2022-05-30T16:07:10.8639892Z Turn off this advice by setting config variable advice.detachedHead to false
2022-05-30T16:07:10.8640605Z 
2022-05-30T16:07:10.8644153Z HEAD is now at 9bfd4cb Merge 0c1b9515fb30e7934278b2476ac03f68ca1e4b74 into a6587970d01678ddd74f1fd9f6d6950e20a14b75
2022-05-30T16:07:10.8670850Z ##[endgroup]
2022-05-30T16:07:10.8707002Z [command]/usr/bin/git log -1 --format='%H'
2022-05-30T16:07:10.8735477Z '9bfd4cb345e45b215bcb8c0bd32843f8e2cf7137'
2022-05-30T16:07:10.9134011Z Prepare all required actions
2022-05-30T16:07:10.9162638Z ##[group]Run ./.github/actions/go-version
2022-05-30T16:07:10.9162866Z ##[endgroup]
2022-05-30T16:07:10.9411938Z ##[group]Run echo "Building with Go $(cat .go-version)"
2022-05-30T16:07:10.9412261Z [36;1mecho "Building with Go $(cat .go-version)"[0m
2022-05-30T16:07:10.9412540Z [36;1mecho "::set-output name=version::$(cat .go-version)"[0m
2022-05-30T16:07:10.9464121Z shell: /usr/bin/bash --noprofile --norc -e -o pipefail {0}
2022-05-30T16:07:10.9464398Z ##[endgroup]
2022-05-30T16:07:10.9613046Z Building with Go 1.18.1
2022-05-30T16:07:10.9760495Z ##[group]Run actions/setup-go@v2
2022-05-30T16:07:10.9760701Z with:
2022-05-30T16:07:10.9760877Z   go-version: 1.18.1
2022-05-30T16:07:10.9761134Z   check-latest: false
2022-05-30T16:07:10.9761311Z   stable: true
2022-05-30T16:07:10.9761665Z   token: ***
2022-05-30T16:07:10.9761844Z ##[endgroup]
2022-05-30T16:07:11.0265795Z Setup go stable version spec 1.18.1
2022-05-30T16:07:11.0277303Z Attempting to download 1.18.1...
2022-05-30T16:07:11.3371862Z matching 1.18.1...
2022-05-30T16:07:11.3412033Z Acquiring 1.18.1 from https://github.com/actions/go-versions/releases/download/1.18.1-2171178401/go-1.18.1-linux-x64.tar.gz
2022-05-30T16:07:12.0682768Z Extracting Go...
2022-05-30T16:07:12.0897879Z [command]/usr/bin/tar xz --warning=no-unknown-keyword -C /home/runner/work/_temp/50f73b37-4625-476a-bf8d-0f02b544bc48 -f /home/runner/work/_temp/d2e6b608-dc0b-46bc-95d3-9b8d4157c01c
2022-05-30T16:07:15.1804548Z Successfully extracted go to /home/runner/work/_temp/50f73b37-4625-476a-bf8d-0f02b544bc48
2022-05-30T16:07:15.1805243Z Adding to the cache ...
2022-05-30T16:07:19.4641613Z Successfully cached go to /opt/hostedtoolcache/go/1.18.1/x64
2022-05-30T16:07:19.4648902Z Added go to the path
2022-05-30T16:07:19.4793625Z Successfully setup go version 1.18.1
2022-05-30T16:07:19.5024340Z go version go1.18.1 linux/amd64
2022-05-30T16:07:19.5024787Z 
2022-05-30T16:07:19.5025751Z ##[group]go env
2022-05-30T16:07:19.6593445Z GO111MODULE=""
2022-05-30T16:07:19.6594326Z GOARCH="amd64"
2022-05-30T16:07:19.6594928Z GOBIN=""
2022-05-30T16:07:19.6595623Z GOCACHE="/home/runner/.cache/go-build"
2022-05-30T16:07:19.6596297Z GOENV="/home/runner/.config/go/env"
2022-05-30T16:07:19.6596680Z GOEXE=""
2022-05-30T16:07:19.6597232Z GOEXPERIMENT=""
2022-05-30T16:07:19.6597596Z GOFLAGS=""
2022-05-30T16:07:19.6598152Z GOHOSTARCH="amd64"
2022-05-30T16:07:19.6598521Z GOHOSTOS="linux"
2022-05-30T16:07:19.6599053Z GOINSECURE=""
2022-05-30T16:07:19.6599472Z GOMODCACHE="/home/runner/go/pkg/mod"
2022-05-30T16:07:19.6600087Z GONOPROXY=""
2022-05-30T16:07:19.6600424Z GONOSUMDB=""
2022-05-30T16:07:19.6600957Z GOOS="linux"
2022-05-30T16:07:19.6601317Z GOPATH="/home/runner/go"
2022-05-30T16:07:19.6601870Z GOPRIVATE=""
2022-05-30T16:07:19.6602303Z GOPROXY="https://proxy.golang.org,direct"
2022-05-30T16:07:19.6602966Z GOROOT="/opt/hostedtoolcache/go/1.18.1/x64"
2022-05-30T16:07:19.6603382Z GOSUMDB="sum.golang.org"
2022-05-30T16:07:19.6603928Z GOTMPDIR=""
2022-05-30T16:07:19.6604370Z GOTOOLDIR="/opt/hostedtoolcache/go/1.18.1/x64/pkg/tool/linux_amd64"
2022-05-30T16:07:19.6604983Z GOVCS=""
2022-05-30T16:07:19.6605335Z GOVERSION="go1.18.1"
2022-05-30T16:07:19.6605870Z GCCGO="gccgo"
2022-05-30T16:07:19.6606219Z GOAMD64="v1"
2022-05-30T16:07:19.6606751Z AR="ar"
2022-05-30T16:07:19.6607066Z CC="gcc"
2022-05-30T16:07:19.6607606Z CXX="g++"
2022-05-30T16:07:19.6607949Z CGO_ENABLED="1"
2022-05-30T16:07:19.6608556Z GOMOD="/home/runner/work/terraform/terraform/go.mod"
2022-05-30T16:07:19.6608952Z GOWORK=""
2022-05-30T16:07:19.6609596Z CGO_CFLAGS="-g -O2"
2022-05-30T16:07:19.6610250Z CGO_CPPFLAGS=""
2022-05-30T16:07:19.6610880Z CGO_CXXFLAGS="-g -O2"
2022-05-30T16:07:19.6611304Z CGO_FFLAGS="-g -O2"
2022-05-30T16:07:19.6611918Z CGO_LDFLAGS="-g -O2"
2022-05-30T16:07:19.6612354Z PKG_CONFIG="pkg-config"
2022-05-30T16:07:19.6613309Z GOGCCFLAGS="-fPIC -m64 -pthread -fmessage-length=0 -fdebug-prefix-map=/tmp/go-build708120720=/tmp/go-build -gno-record-gcc-switches"
2022-05-30T16:07:19.6613776Z 
2022-05-30T16:07:19.6614809Z ##[endgroup]
2022-05-30T16:07:19.8695566Z ##[group]Run actions/cache@v3
2022-05-30T16:07:19.8695920Z with:
2022-05-30T16:07:19.8696205Z   path: ~/go/pkg
2022-05-30T16:07:19.8696547Z   key: go-mod-5414e49a6ef3242c4281055cb1bc55b156ac8dd6a97684fa56da1528498e6267
2022-05-30T16:07:19.8696943Z   restore-keys: go-mod-

2022-05-30T16:07:19.8697269Z env:
2022-05-30T16:07:19.8697585Z   GOROOT: /opt/hostedtoolcache/go/1.18.1/x64
2022-05-30T16:07:19.8697850Z ##[endgroup]
2022-05-30T16:07:21.2245393Z Received 205520896 of 324660195 (63.3%), 194.8 MBs/sec
2022-05-30T16:07:22.0145247Z Received 324660195 of 324660195 (100.0%), 172.4 MBs/sec
2022-05-30T16:07:22.0148558Z Cache Size: ~310 MB (324660195 B)
2022-05-30T16:07:22.0195747Z [command]/usr/bin/tar --use-compress-program zstd -d -xf /home/runner/work/_temp/e80aea89-0fca-4945-a9d0-f7c75cb31471/cache.tzst -P -C /home/runner/work/terraform/terraform
2022-05-30T16:07:29.5177396Z Cache restored successfully
2022-05-30T16:07:29.5700935Z 
2022-05-30T16:07:29.5705230Z Cache restored from key: go-mod-5414e49a6ef3242c4281055cb1bc55b156ac8dd6a97684fa56da1528498e6267
2022-05-30T16:07:29.6075861Z ##[group]Run go mod tidy
2022-05-30T16:07:29.6076280Z [36;1mgo mod tidy[0m
2022-05-30T16:07:29.6076624Z [36;1mif [[ -n "$(git status --porcelain)" ]]; then[0m
2022-05-30T16:07:29.6077028Z [36;1m  echo >&2 "ERROR: go.mod/go.sum are not up-to-date. Run 'go mod tidy' and then commit the updated files."[0m
2022-05-30T16:07:29.6077434Z [36;1m  exit 1[0m
2022-05-30T16:07:29.6077723Z [36;1mfi[0m
2022-05-30T16:07:29.6176718Z shell: /usr/bin/bash -e {0}
2022-05-30T16:07:29.6177182Z env:
2022-05-30T16:07:29.6177472Z   GOROOT: /opt/hostedtoolcache/go/1.18.1/x64
2022-05-30T16:07:29.6177825Z ##[endgroup]
2022-05-30T16:07:29.7551355Z go: downloading github.com/nishanths/exhaustive v0.7.11
2022-05-30T16:07:29.7557230Z go: downloading golang.org/x/tools v0.1.11-0.20220316014157-77aa08bb151a
2022-05-30T16:07:29.8522292Z go: downloading honnef.co/go/tools v0.3.0
2022-05-30T16:07:30.1101116Z go: downloading github.com/go-test/deep v1.0.3
2022-05-30T16:07:30.1733612Z go: downloading github.com/hashicorp/consul/sdk v0.8.0
2022-05-30T16:07:30.3456468Z go: downloading github.com/apparentlymart/go-dump v0.0.0-20190214190832-042adf3cf4a0
2022-05-30T16:07:30.3471325Z go: downloading github.com/Netflix/go-expect v0.0.0-20211003183012-e1a7c020ce25
2022-05-30T16:07:30.3580920Z go: downloading github.com/golang/mock v1.6.0
2022-05-30T16:07:30.4326109Z go: downloading github.com/dylanmei/winrmtest v0.0.0-20210303004826-fbc9ae56efb6
2022-05-30T16:07:30.4419900Z go: downloading github.com/zclconf/go-cty-debug v0.0.0-20191215020915-b22d67c1ba0b
2022-05-30T16:07:30.4492856Z go: downloading github.com/mitchellh/gox v1.0.1
2022-05-30T16:07:30.4598952Z go: downloading google.golang.org/grpc/cmd/protoc-gen-go-grpc v1.1.0
2022-05-30T16:07:30.5345105Z go: downloading github.com/kr/pretty v0.2.1
2022-05-30T16:07:33.0971954Z go: downloading github.com/jhump/protoreflect v1.6.0
2022-05-30T16:07:33.0972349Z go: downloading github.com/kylelemons/godebug v1.1.0
2022-05-30T16:07:33.1123591Z go: downloading github.com/stretchr/testify v1.7.0
2022-05-30T16:07:33.1676318Z go: downloading github.com/Azure/go-autorest/autorest/mocks v0.4.1
2022-05-30T16:07:33.1984818Z go: downloading github.com/grpc-ecosystem/go-grpc-prometheus v1.2.0
2022-05-30T16:07:33.2127660Z go: downloading github.com/prometheus/client_golang v1.0.0
2022-05-30T16:07:33.3447087Z go: downloading github.com/baiyubin/aliyun-sts-go-sdk v0.0.0-20180326062324-cfa1a18b161f
2022-05-30T16:07:33.3447833Z go: downloading gopkg.in/check.v1 v1.0.0-20201130134442-10cb98267c6c
2022-05-30T16:07:33.3564919Z go: downloading github.com/jmespath/go-jmespath/internal/testify v1.5.1
2022-05-30T16:07:33.3726460Z go: downloading github.com/sergi/go-diff v1.2.0
2022-05-30T16:07:33.4206396Z go: downloading github.com/kr/pty v1.1.5
2022-05-30T16:07:33.4554758Z go: downloading golang.org/x/xerrors v0.0.0-20200804184101-5ec99f83aff1
2022-05-30T16:07:33.5113188Z go: downloading github.com/chzyer/test v0.0.0-20180213035817-a1ea475d72b1
2022-05-30T16:07:33.5586957Z go: downloading github.com/Microsoft/go-winio v0.5.0
2022-05-30T16:07:33.5710063Z go: downloading github.com/antchfx/xmlquery v1.3.5
2022-05-30T16:07:33.7021704Z go: downloading github.com/mitchellh/iochan v1.0.0
2022-05-30T16:07:33.7598075Z go: downloading golang.org/x/exp/typeparams v0.0.0-20220218215828-6cf2b201936e
2022-05-30T16:07:33.8599063Z go: downloading github.com/kr/text v0.2.0
2022-05-30T16:07:33.8612640Z go: downloading github.com/pmezard/go-difflib v1.0.0
2022-05-30T16:07:33.9050345Z go: downloading github.com/hashicorp/go-msgpack v0.5.4
2022-05-30T16:07:33.9065402Z go: downloading github.com/hashicorp/memberlist v0.2.2
2022-05-30T16:07:33.9692020Z go: downloading github.com/stretchr/objx v0.1.1
2022-05-30T16:07:33.9710747Z go: downloading github.com/soheilhy/cmux v0.1.4
2022-05-30T16:07:33.9926024Z go: downloading github.com/jstemmer/go-junit-report v0.9.1
2022-05-30T16:07:33.9928001Z go: downloading golang.org/x/lint v0.0.0-20201208152925-83fdc39ff7b5
2022-05-30T16:07:34.0130554Z go: downloading google.golang.org/appengine v1.6.7
2022-05-30T16:07:34.0637993Z go: downloading github.com/abdullin/seq v0.0.0-20160510034733-d5467c17e7af
2022-05-30T16:07:34.0639882Z go: downloading github.com/sean-/seed v0.0.0-20170313163322-e2103e2c3529
2022-05-30T16:07:34.0875832Z go: downloading github.com/prometheus/client_model v0.0.0-20190812154241-14fe0d1b01d4
2022-05-30T16:07:34.0878596Z go: downloading github.com/prometheus/common v0.4.1
2022-05-30T16:07:34.1181660Z go: downloading github.com/satori/go.uuid v1.2.0
2022-05-30T16:07:34.1246576Z go: downloading github.com/chzyer/logex v1.1.10
2022-05-30T16:07:34.1343559Z go: downloading github.com/antchfx/xpath v1.1.10
2022-05-30T16:07:34.1405583Z go: downloading github.com/BurntSushi/toml v0.4.1
2022-05-30T16:07:34.1468554Z go: downloading github.com/pascaldekloe/goe v0.0.0-20180627143212-57f6aae5913c
2022-05-30T16:07:34.1583706Z go: downloading github.com/google/btree v1.0.1
2022-05-30T16:07:34.1692432Z go: downloading github.com/hashicorp/go-sockaddr v1.0.0
2022-05-30T16:07:34.1873601Z go: downloading github.com/miekg/dns v1.1.26
2022-05-30T16:07:34.1962790Z go: downloading github.com/grpc-ecosystem/grpc-gateway v1.9.5
2022-05-30T16:07:34.2234996Z go: downloading github.com/tmc/grpc-websocket-proxy v0.0.0-20200427203606-3cfed13b9966
2022-05-30T16:07:34.2485111Z go: downloading go.etcd.io/bbolt v1.3.3
2022-05-30T16:07:34.2705495Z go: downloading github.com/dustin/go-humanize v0.0.0-20171111073723-bb3d318650d4
2022-05-30T16:07:34.2754412Z go: downloading github.com/xiang90/probing v0.0.0-20190116061207-43a291ad63a2
2022-05-30T16:07:34.2828195Z go: downloading github.com/jonboulle/clockwork v0.1.0
2022-05-30T16:07:34.2843383Z go: downloading github.com/grpc-ecosystem/go-grpc-middleware v1.0.1-0.20190118093823-f849b5445de4
2022-05-30T16:07:34.2913425Z go: downloading github.com/google/martian/v3 v3.1.0
2022-05-30T16:07:34.3285780Z go: downloading github.com/google/martian v2.1.0+incompatible
2022-05-30T16:07:34.3644820Z go: downloading github.com/cockroachdb/datadriven v0.0.0-20190809214429-80d97fb3cbaa
2022-05-30T16:07:34.3666830Z go: downloading github.com/beorn7/perks v1.0.0
2022-05-30T16:07:34.3727420Z go: downloading github.com/prometheus/procfs v0.0.2
2022-05-30T16:07:34.3793369Z go: downloading github.com/matttproud/golang_protobuf_extensions v1.0.1
2022-05-30T16:07:34.3980886Z go: downloading github.com/golang/glog v0.0.0-20160126235308-23def4e6c14b
2022-05-30T16:07:34.4036459Z go: downloading github.com/gorilla/websocket v1.4.2
2022-05-30T16:07:34.4072499Z go: downloading github.com/sirupsen/logrus v1.7.0
2022-05-30T16:07:34.4224200Z go: downloading github.com/golang-jwt/jwt v3.2.1+incompatible
2022-05-30T16:07:34.4325085Z go: downloading github.com/onsi/ginkgo v1.14.0
2022-05-30T16:07:34.4739768Z go: downloading github.com/onsi/gomega v1.10.1
2022-05-30T16:07:34.4807668Z go: downloading github.com/nxadm/tail v1.4.4
2022-05-30T16:07:34.4980021Z go: downloading gopkg.in/tomb.v1 v1.0.0-20141024135613-dd632973f1e7
2022-05-30T16:07:34.5044840Z go: downloading github.com/fsnotify/fsnotify v1.4.9
2022-05-30T16:07:34.7558316Z go: downloading github.com/apparentlymart/go-textseg v1.0.0
2022-05-30T16:07:34.7577283Z go: downloading github.com/vmihailenco/msgpack v4.0.4+incompatible
2022-05-30T16:07:34.7759503Z go: downloading golang.org/x/exp v0.0.0-20200224162631-6cc2880d07d6
2022-05-30T16:07:35.0612014Z ##[group]Run actions/cache@v3
2022-05-30T16:07:35.0612214Z with:
2022-05-30T16:07:35.0612434Z   path: tools/protobuf-compile/.workdir
2022-05-30T16:07:35.0612811Z   key: protobuf-tools-5dfc7783df08f89a6780e31401b119062ce3b2975a1f42a0275c18603b0f9799
2022-05-30T16:07:35.0613146Z   restore-keys: protobuf-tools-

2022-05-30T16:07:35.0613347Z env:
2022-05-30T16:07:35.0613555Z   GOROOT: /opt/hostedtoolcache/go/1.18.1/x64
2022-05-30T16:07:35.0613764Z ##[endgroup]
2022-05-30T16:07:35.5738596Z Received 10565089 of 10565089 (100.0%), 42.2 MBs/sec
2022-05-30T16:07:35.5739434Z Cache Size: ~10 MB (10565089 B)
2022-05-30T16:07:35.5760590Z [command]/usr/bin/tar --use-compress-program zstd -d -xf /home/runner/work/_temp/c54a1714-ac25-48b9-8cb7-d2abe8a09e81/cache.tzst -P -C /home/runner/work/terraform/terraform
2022-05-30T16:07:35.6325072Z Cache restored successfully
2022-05-30T16:07:35.6430407Z 
2022-05-30T16:07:35.6433805Z Cache restored from key: protobuf-tools-5dfc7783df08f89a6780e31401b119062ce3b2975a1f42a0275c18603b0f9799
2022-05-30T16:07:35.6557772Z ##[group]Run make fmtcheck generate staticcheck exhaustive protobuf
2022-05-30T16:07:35.6558141Z [36;1mmake fmtcheck generate staticcheck exhaustive protobuf[0m
2022-05-30T16:07:35.6558451Z [36;1mif [[ -n "$(git status --porcelain)" ]]; then[0m
2022-05-30T16:07:35.6558834Z [36;1m  echo >&2 "ERROR: Generated files are inconsistent. Run 'make generate' and 'make protobuf' locally and then commit the updated files."[0m
2022-05-30T16:07:35.6559189Z [36;1m  git >&2 status --porcelain[0m
2022-05-30T16:07:35.6559408Z [36;1m  exit 1[0m
2022-05-30T16:07:35.6559592Z [36;1mfi[0m
2022-05-30T16:07:35.6607722Z shell: /usr/bin/bash -e {0}
2022-05-30T16:07:35.6607935Z env:
2022-05-30T16:07:35.6608165Z   GOROOT: /opt/hostedtoolcache/go/1.18.1/x64
2022-05-30T16:07:35.6608397Z ##[endgroup]
2022-05-30T16:07:35.6753779Z ==> Checking that code complies with go fmt requirements...
2022-05-30T16:07:37.6984146Z go generate ./...
2022-05-30T16:08:31.7563470Z ==> Checking that code complies with static analysis requirements...
2022-05-30T16:10:53.7747513Z ==> Checking for switch statement exhaustiveness...
2022-05-30T16:11:00.2538539Z go run ./tools/protobuf-compile .
2022-05-30T16:11:01.0922492Z 2022/05/30 16:11:01 already have protoc v3.15.6 in tools/protobuf-compile/.workdir/protoc-v3.15.6
2022-05-30T16:11:01.0966506Z 2022/05/30 16:11:01 building github.com/golang/protobuf/protoc-gen-go as tools/protobuf-compile/.workdir/protoc-gen-go
2022-05-30T16:11:02.1513316Z 2022/05/30 16:11:02 building google.golang.org/grpc/cmd/protoc-gen-go-grpc as tools/protobuf-compile/.workdir/protoc-gen-go-grpc
2022-05-30T16:11:02.7246884Z 2022/05/30 16:11:02 working on tfplugin5 (provider wire protocol version 5)
2022-05-30T16:11:02.7848182Z 2022/05/30 16:11:02 working on tfplugin6 (provider wire protocol version 6)
2022-05-30T16:11:02.8413920Z 2022/05/30 16:11:02 working on tfplan (plan file serialization)
2022-05-30T16:11:02.9661074Z Post job cleanup.
2022-05-30T16:11:03.1267087Z Cache hit occurred on the primary key protobuf-tools-5dfc7783df08f89a6780e31401b119062ce3b2975a1f42a0275c18603b0f9799, not saving cache.
2022-05-30T16:11:03.1951424Z Post job cleanup.
2022-05-30T16:11:03.3483029Z Cache hit occurred on the primary key go-mod-5414e49a6ef3242c4281055cb1bc55b156ac8dd6a97684fa56da1528498e6267, not saving cache.
2022-05-30T16:11:03.3586269Z Post job cleanup.
2022-05-30T16:11:03.4898794Z [command]/usr/bin/git version
2022-05-30T16:11:03.4953960Z git version 2.36.1
2022-05-30T16:11:03.5004714Z Temporarily overriding HOME='/home/runner/work/_temp/a69e5a22-b99e-4dc8-9bd9-39979fb9b2d4' before making global git config changes
2022-05-30T16:11:03.5008305Z Adding repository directory to the temporary git global config as a safe directory
2022-05-30T16:11:03.5016182Z [command]/usr/bin/git config --global --add safe.directory /home/runner/work/terraform/terraform
2022-05-30T16:11:03.5066003Z [command]/usr/bin/git config --local --name-only --get-regexp core\.sshCommand
2022-05-30T16:11:03.5106879Z [command]/usr/bin/git submodule foreach --recursive git config --local --name-only --get-regexp 'core\.sshCommand' && git config --local --unset-all 'core.sshCommand' || :
2022-05-30T16:11:03.5416258Z [command]/usr/bin/git config --local --name-only --get-regexp http\.https\:\/\/github\.com\/\.extraheader
2022-05-30T16:11:03.5436853Z http.https://github.com/.extraheader
2022-05-30T16:11:03.5447628Z [command]/usr/bin/git config --local --unset-all http.https://github.com/.extraheader
2022-05-30T16:11:03.5487326Z [command]/usr/bin/git submodule foreach --recursive git config --local --name-only --get-regexp 'http\.https\:\/\/github\.com\/\.extraheader' && git config --local --unset-all 'http.https://github.com/.extraheader' || :
2022-05-30T16:11:03.6024270Z Cleaning up orphan processes
