2022-04-13T15:02:23.5409778Z Requested labels: ubuntu-latest
2022-04-13T15:02:23.5409828Z Job defined at: hashicorp/terraform/.github/workflows/checks.yml@refs/heads/brandonc/env_credentials
2022-04-13T15:02:23.5409855Z Waiting for a runner to pick up this job...
2022-04-13T15:02:26.9255060Z Job is waiting for a hosted runner to come online.
2022-04-13T15:02:32.5068410Z Job is about to start running on the hosted runner: GitHub Actions 42 (hosted)
2022-04-13T15:02:36.5274373Z Current runner version: '2.289.2'
2022-04-13T15:02:36.5299692Z ##[group]Operating System
2022-04-13T15:02:36.5300231Z Ubuntu
2022-04-13T15:02:36.5300460Z 20.04.4
2022-04-13T15:02:36.5300717Z LTS
2022-04-13T15:02:36.5300985Z ##[endgroup]
2022-04-13T15:02:36.5301298Z ##[group]Virtual Environment
2022-04-13T15:02:36.5301663Z Environment: ubuntu-20.04
2022-04-13T15:02:36.5301973Z Version: 20220405.4
2022-04-13T15:02:36.5302426Z Included Software: https://github.com/actions/virtual-environments/blob/ubuntu20/20220405.4/images/linux/Ubuntu2004-Readme.md
2022-04-13T15:02:36.5303053Z Image Release: https://github.com/actions/virtual-environments/releases/tag/ubuntu20%2F20220405.4
2022-04-13T15:02:36.5303533Z ##[endgroup]
2022-04-13T15:02:36.5303825Z ##[group]Virtual Environment Provisioner
2022-04-13T15:02:36.5304172Z 1.0.0.0-main-20220325-1
2022-04-13T15:02:36.5304465Z ##[endgroup]
2022-04-13T15:02:36.5305053Z ##[group]GITHUB_TOKEN Permissions
2022-04-13T15:02:36.5305529Z Contents: read
2022-04-13T15:02:36.5305964Z Metadata: read
2022-04-13T15:02:36.5306264Z ##[endgroup]
2022-04-13T15:02:36.5309893Z Secret source: Actions
2022-04-13T15:02:36.5310349Z Prepare workflow directory
2022-04-13T15:02:36.6216442Z Prepare all required actions
2022-04-13T15:02:36.6401100Z Getting action download info
2022-04-13T15:02:36.8960760Z Download action repository 'actions/checkout@v2' (SHA:ec3a7ce113134d7a93b817d10a8272cb61118579)
2022-04-13T15:02:38.0682256Z Download action repository 'actions/setup-go@v2' (SHA:bfdd3570ce990073878bf10f6b2d79082de49492)
2022-04-13T15:02:38.5324383Z Download action repository 'actions/cache@v3' (SHA:48af2dc4a9e8278b89d7fa154b955c30c6aaab09)
2022-04-13T15:02:39.3541607Z ##[group]Run actions/checkout@v2
2022-04-13T15:02:39.3541955Z with:
2022-04-13T15:02:39.3542329Z   repository: hashicorp/terraform
2022-04-13T15:02:39.3542805Z   token: ***
2022-04-13T15:02:39.3543072Z   ssh-strict: true
2022-04-13T15:02:39.3543362Z   persist-credentials: true
2022-04-13T15:02:39.3543608Z   clean: true
2022-04-13T15:02:39.3543914Z   fetch-depth: 1
2022-04-13T15:02:39.3544171Z   lfs: false
2022-04-13T15:02:39.3544388Z   submodules: false
2022-04-13T15:02:39.3544671Z ##[endgroup]
2022-04-13T15:02:40.9838887Z Syncing repository: hashicorp/terraform
2022-04-13T15:02:40.9904272Z ##[group]Getting Git version info
2022-04-13T15:02:40.9904816Z Working directory is '/home/runner/work/terraform/terraform'
2022-04-13T15:02:40.9905318Z [command]/usr/bin/git version
2022-04-13T15:02:41.1243593Z git version 2.35.1
2022-04-13T15:02:41.1265250Z ##[endgroup]
2022-04-13T15:02:41.1272728Z Deleting the contents of '/home/runner/work/terraform/terraform'
2022-04-13T15:02:41.1276146Z ##[group]Initializing the repository
2022-04-13T15:02:41.1280799Z [command]/usr/bin/git init /home/runner/work/terraform/terraform
2022-04-13T15:02:41.1491347Z hint: Using 'master' as the name for the initial branch. This default branch name
2022-04-13T15:02:41.1492045Z hint: is subject to change. To configure the initial branch name to use in all
2022-04-13T15:02:41.1492909Z hint: of your new repositories, which will suppress this warning, call:
2022-04-13T15:02:41.1493228Z hint: 
2022-04-13T15:02:41.1493695Z hint: 	git config --global init.defaultBranch <name>
2022-04-13T15:02:41.1493945Z hint: 
2022-04-13T15:02:41.1494317Z hint: Names commonly chosen instead of 'master' are 'main', 'trunk' and
2022-04-13T15:02:41.1494805Z hint: 'development'. The just-created branch can be renamed via this command:
2022-04-13T15:02:41.1495089Z hint: 
2022-04-13T15:02:41.1495337Z hint: 	git branch -m <name>
2022-04-13T15:02:41.1500629Z Initialized empty Git repository in /home/runner/work/terraform/terraform/.git/
2022-04-13T15:02:41.1511104Z [command]/usr/bin/git remote add origin https://github.com/hashicorp/terraform
2022-04-13T15:02:41.1610030Z ##[endgroup]
2022-04-13T15:02:41.1610481Z ##[group]Disabling automatic garbage collection
2022-04-13T15:02:41.1616561Z [command]/usr/bin/git config --local gc.auto 0
2022-04-13T15:02:41.1699361Z ##[endgroup]
2022-04-13T15:02:41.1713684Z ##[group]Setting up auth
2022-04-13T15:02:41.1714375Z [command]/usr/bin/git config --local --name-only --get-regexp core\.sshCommand
2022-04-13T15:02:41.1739081Z [command]/usr/bin/git submodule foreach --recursive git config --local --name-only --get-regexp 'core\.sshCommand' && git config --local --unset-all 'core.sshCommand' || :
2022-04-13T15:02:41.3722018Z [command]/usr/bin/git config --local --name-only --get-regexp http\.https\:\/\/github\.com\/\.extraheader
2022-04-13T15:02:41.3752335Z [command]/usr/bin/git submodule foreach --recursive git config --local --name-only --get-regexp 'http\.https\:\/\/github\.com\/\.extraheader' && git config --local --unset-all 'http.https://github.com/.extraheader' || :
2022-04-13T15:02:41.3962734Z [command]/usr/bin/git config --local http.https://github.com/.extraheader AUTHORIZATION: basic ***
2022-04-13T15:02:41.3998318Z ##[endgroup]
2022-04-13T15:02:41.4000584Z ##[group]Fetching the repository
2022-04-13T15:02:41.4006515Z [command]/usr/bin/git -c protocol.version=2 fetch --no-tags --prune --progress --no-recurse-submodules --depth=1 origin +079f1c003acd65189a505c08a2013fa474a1579e:refs/remotes/origin/brandonc/env_credentials
2022-04-13T15:02:41.8179016Z remote: Enumerating objects: 3871, done.        
2022-04-13T15:02:41.8179648Z remote: Counting objects:   0% (1/3871)        
2022-04-13T15:02:41.8180341Z remote: Counting objects:   1% (39/3871)        
2022-04-13T15:02:41.8180653Z remote: Counting objects:   2% (78/3871)        
2022-04-13T15:02:41.8181017Z remote: Counting objects:   3% (117/3871)        
2022-04-13T15:02:41.8181271Z remote: Counting objects:   4% (155/3871)        
2022-04-13T15:02:41.8181801Z remote: Counting objects:   5% (194/3871)        
2022-04-13T15:02:41.8182068Z remote: Counting objects:   6% (233/3871)        
2022-04-13T15:02:41.8182300Z remote: Counting objects:   7% (271/3871)        
2022-04-13T15:02:41.8182545Z remote: Counting objects:   8% (310/3871)        
2022-04-13T15:02:41.8182786Z remote: Counting objects:   9% (349/3871)        
2022-04-13T15:02:41.8183031Z remote: Counting objects:  10% (388/3871)        
2022-04-13T15:02:41.8183276Z remote: Counting objects:  11% (426/3871)        
2022-04-13T15:02:41.8183518Z remote: Counting objects:  12% (465/3871)        
2022-04-13T15:02:41.8183756Z remote: Counting objects:  13% (504/3871)        
2022-04-13T15:02:41.8183981Z remote: Counting objects:  14% (542/3871)        
2022-04-13T15:02:41.8184224Z remote: Counting objects:  15% (581/3871)        
2022-04-13T15:02:41.8184466Z remote: Counting objects:  16% (620/3871)        
2022-04-13T15:02:41.8184694Z remote: Counting objects:  17% (659/3871)        
2022-04-13T15:02:41.8184995Z remote: Counting objects:  18% (697/3871)        
2022-04-13T15:02:41.8185231Z remote: Counting objects:  19% (736/3871)        
2022-04-13T15:02:41.8185468Z remote: Counting objects:  20% (775/3871)        
2022-04-13T15:02:41.8185699Z remote: Counting objects:  21% (813/3871)        
2022-04-13T15:02:41.8185935Z remote: Counting objects:  22% (852/3871)        
2022-04-13T15:02:41.8186183Z remote: Counting objects:  23% (891/3871)        
2022-04-13T15:02:41.8186420Z remote: Counting objects:  24% (930/3871)        
2022-04-13T15:02:41.8186660Z remote: Counting objects:  25% (968/3871)        
2022-04-13T15:02:41.8186906Z remote: Counting objects:  26% (1007/3871)        
2022-04-13T15:02:41.8187169Z remote: Counting objects:  27% (1046/3871)        
2022-04-13T15:02:41.8187422Z remote: Counting objects:  28% (1084/3871)        
2022-04-13T15:02:41.8187686Z remote: Counting objects:  29% (1123/3871)        
2022-04-13T15:02:41.8187945Z remote: Counting objects:  30% (1162/3871)        
2022-04-13T15:02:41.8188190Z remote: Counting objects:  31% (1201/3871)        
2022-04-13T15:02:41.8188467Z remote: Counting objects:  32% (1239/3871)        
2022-04-13T15:02:41.8188716Z remote: Counting objects:  33% (1278/3871)        
2022-04-13T15:02:41.8188955Z remote: Counting objects:  34% (1317/3871)        
2022-04-13T15:02:41.8189187Z remote: Counting objects:  35% (1355/3871)        
2022-04-13T15:02:41.8189526Z remote: Counting objects:  36% (1394/3871)        
2022-04-13T15:02:41.8189776Z remote: Counting objects:  37% (1433/3871)        
2022-04-13T15:02:41.8190014Z remote: Counting objects:  38% (1471/3871)        
2022-04-13T15:02:41.8190259Z remote: Counting objects:  39% (1510/3871)        
2022-04-13T15:02:41.8190508Z remote: Counting objects:  40% (1549/3871)        
2022-04-13T15:02:41.8190747Z remote: Counting objects:  41% (1588/3871)        
2022-04-13T15:02:41.8190995Z remote: Counting objects:  42% (1626/3871)        
2022-04-13T15:02:41.8191236Z remote: Counting objects:  43% (1665/3871)        
2022-04-13T15:02:41.8191488Z remote: Counting objects:  44% (1704/3871)        
2022-04-13T15:02:41.8191728Z remote: Counting objects:  45% (1742/3871)        
2022-04-13T15:02:41.8191972Z remote: Counting objects:  46% (1781/3871)        
2022-04-13T15:02:41.8192216Z remote: Counting objects:  47% (1820/3871)        
2022-04-13T15:02:41.8192450Z remote: Counting objects:  48% (1859/3871)        
2022-04-13T15:02:41.8192849Z remote: Counting objects:  49% (1897/3871)        
2022-04-13T15:02:41.8193100Z remote: Counting objects:  50% (1936/3871)        
2022-04-13T15:02:41.8193334Z remote: Counting objects:  51% (1975/3871)        
2022-04-13T15:02:41.8193576Z remote: Counting objects:  52% (2013/3871)        
2022-04-13T15:02:41.8193817Z remote: Counting objects:  53% (2052/3871)        
2022-04-13T15:02:41.8194071Z remote: Counting objects:  54% (2091/3871)        
2022-04-13T15:02:41.8194307Z remote: Counting objects:  55% (2130/3871)        
2022-04-13T15:02:41.8194634Z remote: Counting objects:  56% (2168/3871)        
2022-04-13T15:02:41.8194881Z remote: Counting objects:  57% (2207/3871)        
2022-04-13T15:02:41.8195115Z remote: Counting objects:  58% (2246/3871)        
2022-04-13T15:02:41.8195355Z remote: Counting objects:  59% (2284/3871)        
2022-04-13T15:02:41.8195599Z remote: Counting objects:  60% (2323/3871)        
2022-04-13T15:02:41.8195833Z remote: Counting objects:  61% (2362/3871)        
2022-04-13T15:02:41.8196082Z remote: Counting objects:  62% (2401/3871)        
2022-04-13T15:02:41.8196327Z remote: Counting objects:  63% (2439/3871)        
2022-04-13T15:02:41.8196563Z remote: Counting objects:  64% (2478/3871)        
2022-04-13T15:02:41.8196804Z remote: Counting objects:  65% (2517/3871)        
2022-04-13T15:02:41.8197046Z remote: Counting objects:  66% (2555/3871)        
2022-04-13T15:02:41.8197293Z remote: Counting objects:  67% (2594/3871)        
2022-04-13T15:02:41.8197524Z remote: Counting objects:  68% (2633/3871)        
2022-04-13T15:02:41.8197772Z remote: Counting objects:  69% (2671/3871)        
2022-04-13T15:02:41.8198011Z remote: Counting objects:  70% (2710/3871)        
2022-04-13T15:02:41.8198244Z remote: Counting objects:  71% (2749/3871)        
2022-04-13T15:02:41.8198495Z remote: Counting objects:  72% (2788/3871)        
2022-04-13T15:02:41.8198735Z remote: Counting objects:  73% (2826/3871)        
2022-04-13T15:02:41.8198975Z remote: Counting objects:  74% (2865/3871)        
2022-04-13T15:02:41.8199228Z remote: Counting objects:  75% (2904/3871)        
2022-04-13T15:02:41.8199483Z remote: Counting objects:  76% (2942/3871)        
2022-04-13T15:02:41.8199725Z remote: Counting objects:  77% (2981/3871)        
2022-04-13T15:02:41.8199964Z remote: Counting objects:  78% (3020/3871)        
2022-04-13T15:02:41.8200207Z remote: Counting objects:  79% (3059/3871)        
2022-04-13T15:02:41.8200462Z remote: Counting objects:  80% (3097/3871)        
2022-04-13T15:02:41.8200697Z remote: Counting objects:  81% (3136/3871)        
2022-04-13T15:02:41.8200943Z remote: Counting objects:  82% (3175/3871)        
2022-04-13T15:02:41.8201198Z remote: Counting objects:  83% (3213/3871)        
2022-04-13T15:02:41.8201443Z remote: Counting objects:  84% (3252/3871)        
2022-04-13T15:02:41.8201692Z remote: Counting objects:  85% (3291/3871)        
2022-04-13T15:02:41.8201993Z remote: Counting objects:  86% (3330/3871)        
2022-04-13T15:02:41.8202318Z remote: Counting objects:  87% (3368/3871)        
2022-04-13T15:02:41.8202554Z remote: Counting objects:  88% (3407/3871)        
2022-04-13T15:02:41.8202802Z remote: Counting objects:  89% (3446/3871)        
2022-04-13T15:02:41.8203064Z remote: Counting objects:  90% (3484/3871)        
2022-04-13T15:02:41.8203304Z remote: Counting objects:  91% (3523/3871)        
2022-04-13T15:02:41.8203560Z remote: Counting objects:  92% (3562/3871)        
2022-04-13T15:02:41.8203814Z remote: Counting objects:  93% (3601/3871)        
2022-04-13T15:02:41.8204052Z remote: Counting objects:  94% (3639/3871)        
2022-04-13T15:02:41.8204304Z remote: Counting objects:  95% (3678/3871)        
2022-04-13T15:02:41.8204576Z remote: Counting objects:  96% (3717/3871)        
2022-04-13T15:02:41.8204832Z remote: Counting objects:  97% (3755/3871)        
2022-04-13T15:02:41.8205075Z remote: Counting objects:  98% (3794/3871)        
2022-04-13T15:02:41.8205323Z remote: Counting objects:  99% (3833/3871)        
2022-04-13T15:02:41.8205567Z remote: Counting objects: 100% (3871/3871)        
2022-04-13T15:02:41.8205844Z remote: Counting objects: 100% (3871/3871), done.        
2022-04-13T15:02:41.8206124Z remote: Compressing objects:   0% (1/2923)        
2022-04-13T15:02:41.8206400Z remote: Compressing objects:   1% (30/2923)        
2022-04-13T15:02:41.8206681Z remote: Compressing objects:   2% (59/2923)        
2022-04-13T15:02:41.8206944Z remote: Compressing objects:   3% (88/2923)        
2022-04-13T15:02:41.8207220Z remote: Compressing objects:   4% (117/2923)        
2022-04-13T15:02:41.8207577Z remote: Compressing objects:   5% (147/2923)        
2022-04-13T15:02:41.8207851Z remote: Compressing objects:   6% (176/2923)        
2022-04-13T15:02:41.8208128Z remote: Compressing objects:   7% (205/2923)        
2022-04-13T15:02:41.8208406Z remote: Compressing objects:   8% (234/2923)        
2022-04-13T15:02:41.8208674Z remote: Compressing objects:   9% (264/2923)        
2022-04-13T15:02:41.8208934Z remote: Compressing objects:  10% (293/2923)        
2022-04-13T15:02:41.8209205Z remote: Compressing objects:  11% (322/2923)        
2022-04-13T15:02:41.8209479Z remote: Compressing objects:  12% (351/2923)        
2022-04-13T15:02:41.8209722Z remote: Compressing objects:  13% (380/2923)        
2022-04-13T15:02:41.8209978Z remote: Compressing objects:  14% (410/2923)        
2022-04-13T15:02:41.8210233Z remote: Compressing objects:  15% (439/2923)        
2022-04-13T15:02:41.8210482Z remote: Compressing objects:  16% (468/2923)        
2022-04-13T15:02:41.8210737Z remote: Compressing objects:  17% (497/2923)        
2022-04-13T15:02:41.8210999Z remote: Compressing objects:  18% (527/2923)        
2022-04-13T15:02:41.8211248Z remote: Compressing objects:  19% (556/2923)        
2022-04-13T15:02:41.8211506Z remote: Compressing objects:  20% (585/2923)        
2022-04-13T15:02:41.8211758Z remote: Compressing objects:  21% (614/2923)        
2022-04-13T15:02:41.8212010Z remote: Compressing objects:  22% (644/2923)        
2022-04-13T15:02:41.8212254Z remote: Compressing objects:  23% (673/2923)        
2022-04-13T15:02:41.8276494Z remote: Compressing objects:  24% (702/2923)        
2022-04-13T15:02:41.8277651Z remote: Compressing objects:  25% (731/2923)        
2022-04-13T15:02:41.8277935Z remote: Compressing objects:  26% (760/2923)        
2022-04-13T15:02:41.8278207Z remote: Compressing objects:  27% (790/2923)        
2022-04-13T15:02:41.8321204Z remote: Compressing objects:  28% (819/2923)        
2022-04-13T15:02:41.8321537Z remote: Compressing objects:  29% (848/2923)        
2022-04-13T15:02:41.8321830Z remote: Compressing objects:  30% (877/2923)        
2022-04-13T15:02:41.8323405Z remote: Compressing objects:  31% (907/2923)        
2022-04-13T15:02:41.8323805Z remote: Compressing objects:  32% (936/2923)        
2022-04-13T15:02:41.8324067Z remote: Compressing objects:  33% (965/2923)        
2022-04-13T15:02:41.8324348Z remote: Compressing objects:  34% (994/2923)        
2022-04-13T15:02:41.8324612Z remote: Compressing objects:  35% (1024/2923)        
2022-04-13T15:02:41.8325112Z remote: Compressing objects:  36% (1053/2923)        
2022-04-13T15:02:41.8325385Z remote: Compressing objects:  37% (1082/2923)        
2022-04-13T15:02:41.8325646Z remote: Compressing objects:  38% (1111/2923)        
2022-04-13T15:02:41.8325888Z remote: Compressing objects:  39% (1140/2923)        
2022-04-13T15:02:41.8326155Z remote: Compressing objects:  40% (1170/2923)        
2022-04-13T15:02:41.8326407Z remote: Compressing objects:  41% (1199/2923)        
2022-04-13T15:02:41.8326646Z remote: Compressing objects:  42% (1228/2923)        
2022-04-13T15:02:41.8326901Z remote: Compressing objects:  43% (1257/2923)        
2022-04-13T15:02:41.8327165Z remote: Compressing objects:  44% (1287/2923)        
2022-04-13T15:02:41.8327420Z remote: Compressing objects:  45% (1316/2923)        
2022-04-13T15:02:41.8327661Z remote: Compressing objects:  46% (1345/2923)        
2022-04-13T15:02:41.8327919Z remote: Compressing objects:  47% (1374/2923)        
2022-04-13T15:02:41.8328172Z remote: Compressing objects:  48% (1404/2923)        
2022-04-13T15:02:41.8328415Z remote: Compressing objects:  49% (1433/2923)        
2022-04-13T15:02:41.8328665Z remote: Compressing objects:  50% (1462/2923)        
2022-04-13T15:02:41.8328912Z remote: Compressing objects:  51% (1491/2923)        
2022-04-13T15:02:41.8329147Z remote: Compressing objects:  52% (1520/2923)        
2022-04-13T15:02:41.8329391Z remote: Compressing objects:  53% (1550/2923)        
2022-04-13T15:02:41.8329643Z remote: Compressing objects:  54% (1579/2923)        
2022-04-13T15:02:41.8329964Z remote: Compressing objects:  55% (1608/2923)        
2022-04-13T15:02:41.8330205Z remote: Compressing objects:  56% (1637/2923)        
2022-04-13T15:02:41.8330457Z remote: Compressing objects:  57% (1667/2923)        
2022-04-13T15:02:41.8330708Z remote: Compressing objects:  58% (1696/2923)        
2022-04-13T15:02:41.8330952Z remote: Compressing objects:  59% (1725/2923)        
2022-04-13T15:02:41.8331205Z remote: Compressing objects:  60% (1754/2923)        
2022-04-13T15:02:41.8331456Z remote: Compressing objects:  61% (1784/2923)        
2022-04-13T15:02:41.8331696Z remote: Compressing objects:  62% (1813/2923)        
2022-04-13T15:02:41.8331945Z remote: Compressing objects:  63% (1842/2923)        
2022-04-13T15:02:41.8332190Z remote: Compressing objects:  64% (1871/2923)        
2022-04-13T15:02:41.8332441Z remote: Compressing objects:  65% (1900/2923)        
2022-04-13T15:02:41.8332679Z remote: Compressing objects:  66% (1930/2923)        
2022-04-13T15:02:41.8332927Z remote: Compressing objects:  67% (1959/2923)        
2022-04-13T15:02:41.8333175Z remote: Compressing objects:  68% (1988/2923)        
2022-04-13T15:02:41.8333414Z remote: Compressing objects:  69% (2017/2923)        
2022-04-13T15:02:41.8333664Z remote: Compressing objects:  70% (2047/2923)        
2022-04-13T15:02:41.8333916Z remote: Compressing objects:  71% (2076/2923)        
2022-04-13T15:02:41.8334155Z remote: Compressing objects:  72% (2105/2923)        
2022-04-13T15:02:41.8334404Z remote: Compressing objects:  73% (2134/2923)        
2022-04-13T15:02:41.8334650Z remote: Compressing objects:  74% (2164/2923)        
2022-04-13T15:02:41.8334900Z remote: Compressing objects:  75% (2193/2923)        
2022-04-13T15:02:41.8335137Z remote: Compressing objects:  76% (2222/2923)        
2022-04-13T15:02:41.8335385Z remote: Compressing objects:  77% (2251/2923)        
2022-04-13T15:02:41.8335632Z remote: Compressing objects:  78% (2280/2923)        
2022-04-13T15:02:41.8335868Z remote: Compressing objects:  79% (2310/2923)        
2022-04-13T15:02:41.8336123Z remote: Compressing objects:  80% (2339/2923)        
2022-04-13T15:02:41.8336368Z remote: Compressing objects:  81% (2368/2923)        
2022-04-13T15:02:41.8336613Z remote: Compressing objects:  82% (2397/2923)        
2022-04-13T15:02:41.8336861Z remote: Compressing objects:  83% (2427/2923)        
2022-04-13T15:02:41.8337109Z remote: Compressing objects:  84% (2456/2923)        
2022-04-13T15:02:41.8337415Z remote: Compressing objects:  85% (2485/2923)        
2022-04-13T15:02:41.8337657Z remote: Compressing objects:  86% (2514/2923)        
2022-04-13T15:02:41.8337901Z remote: Compressing objects:  87% (2544/2923)        
2022-04-13T15:02:41.8338144Z remote: Compressing objects:  88% (2573/2923)        
2022-04-13T15:02:41.8431806Z remote: Compressing objects:  89% (2602/2923)        
2022-04-13T15:02:41.8432239Z remote: Compressing objects:  90% (2631/2923)        
2022-04-13T15:02:41.8432895Z remote: Compressing objects:  91% (2660/2923)        
2022-04-13T15:02:41.8434131Z remote: Compressing objects:  92% (2690/2923)        
2022-04-13T15:02:41.8434413Z remote: Compressing objects:  93% (2719/2923)        
2022-04-13T15:02:41.8434680Z remote: Compressing objects:  94% (2748/2923)        
2022-04-13T15:02:41.8434937Z remote: Compressing objects:  95% (2777/2923)        
2022-04-13T15:02:41.8435178Z remote: Compressing objects:  96% (2807/2923)        
2022-04-13T15:02:41.8435433Z remote: Compressing objects:  97% (2836/2923)        
2022-04-13T15:02:41.8435691Z remote: Compressing objects:  98% (2865/2923)        
2022-04-13T15:02:41.8435943Z remote: Compressing objects:  99% (2894/2923)        
2022-04-13T15:02:41.8436189Z remote: Compressing objects: 100% (2923/2923)        
2022-04-13T15:02:41.8436472Z remote: Compressing objects: 100% (2923/2923), done.        
2022-04-13T15:02:41.8845020Z Receiving objects:   0% (1/3871)
2022-04-13T15:02:41.9979528Z Receiving objects:   1% (39/3871)
2022-04-13T15:02:42.0013332Z Receiving objects:   2% (78/3871)
2022-04-13T15:02:42.0032813Z Receiving objects:   3% (117/3871)
2022-04-13T15:02:42.0048950Z Receiving objects:   4% (155/3871)
2022-04-13T15:02:42.0065860Z Receiving objects:   5% (194/3871)
2022-04-13T15:02:42.0108374Z Receiving objects:   6% (233/3871)
2022-04-13T15:02:42.0232934Z Receiving objects:   7% (271/3871)
2022-04-13T15:02:42.0275692Z Receiving objects:   8% (310/3871)
2022-04-13T15:02:42.0299254Z Receiving objects:   9% (349/3871)
2022-04-13T15:02:42.0316715Z Receiving objects:  10% (388/3871)
2022-04-13T15:02:42.0337394Z Receiving objects:  11% (426/3871)
2022-04-13T15:02:42.0339114Z Receiving objects:  12% (465/3871)
2022-04-13T15:02:42.0367590Z Receiving objects:  13% (504/3871)
2022-04-13T15:02:42.0405390Z Receiving objects:  14% (542/3871)
2022-04-13T15:02:42.0455612Z Receiving objects:  15% (581/3871)
2022-04-13T15:02:42.0473059Z Receiving objects:  16% (620/3871)
2022-04-13T15:02:42.0475355Z Receiving objects:  17% (659/3871)
2022-04-13T15:02:42.0475572Z Receiving objects:  18% (697/3871)
2022-04-13T15:02:42.0478043Z Receiving objects:  19% (736/3871)
2022-04-13T15:02:42.0479925Z Receiving objects:  20% (775/3871)
2022-04-13T15:02:42.0481647Z Receiving objects:  21% (813/3871)
2022-04-13T15:02:42.0484615Z Receiving objects:  22% (852/3871)
2022-04-13T15:02:42.0487015Z Receiving objects:  23% (891/3871)
2022-04-13T15:02:42.0488846Z Receiving objects:  24% (930/3871)
2022-04-13T15:02:42.0491624Z Receiving objects:  25% (968/3871)
2022-04-13T15:02:42.0494480Z Receiving objects:  26% (1007/3871)
2022-04-13T15:02:42.0497017Z Receiving objects:  27% (1046/3871)
2022-04-13T15:02:42.0502654Z Receiving objects:  28% (1084/3871)
2022-04-13T15:02:42.0520012Z Receiving objects:  29% (1123/3871)
2022-04-13T15:02:42.0541186Z Receiving objects:  30% (1162/3871)
2022-04-13T15:02:42.0562565Z Receiving objects:  31% (1201/3871)
2022-04-13T15:02:42.0568571Z Receiving objects:  32% (1239/3871)
2022-04-13T15:02:42.0586888Z Receiving objects:  33% (1278/3871)
2022-04-13T15:02:42.0618435Z Receiving objects:  34% (1317/3871)
2022-04-13T15:02:42.0620836Z Receiving objects:  35% (1355/3871)
2022-04-13T15:02:42.0623563Z Receiving objects:  36% (1394/3871)
2022-04-13T15:02:42.0626104Z Receiving objects:  37% (1433/3871)
2022-04-13T15:02:42.0628406Z Receiving objects:  38% (1471/3871)
2022-04-13T15:02:42.0632025Z Receiving objects:  39% (1510/3871)
2022-04-13T15:02:42.0635285Z Receiving objects:  40% (1549/3871)
2022-04-13T15:02:42.0641570Z Receiving objects:  41% (1588/3871)
2022-04-13T15:02:42.0658633Z Receiving objects:  42% (1626/3871)
2022-04-13T15:02:42.0692066Z Receiving objects:  43% (1665/3871)
2022-04-13T15:02:42.0696616Z Receiving objects:  44% (1704/3871)
2022-04-13T15:02:42.0715407Z Receiving objects:  45% (1742/3871)
2022-04-13T15:02:42.0728150Z Receiving objects:  46% (1781/3871)
2022-04-13T15:02:42.0755946Z Receiving objects:  47% (1820/3871)
2022-04-13T15:02:42.0768496Z Receiving objects:  48% (1859/3871)
2022-04-13T15:02:42.0801841Z Receiving objects:  49% (1897/3871)
2022-04-13T15:02:42.0858355Z Receiving objects:  50% (1936/3871)
2022-04-13T15:02:42.0872183Z Receiving objects:  51% (1975/3871)
2022-04-13T15:02:42.0901004Z Receiving objects:  52% (2013/3871)
2022-04-13T15:02:42.0916154Z Receiving objects:  53% (2052/3871)
2022-04-13T15:02:42.0926388Z Receiving objects:  54% (2091/3871)
2022-04-13T15:02:42.0945701Z Receiving objects:  55% (2130/3871)
2022-04-13T15:02:42.0963317Z Receiving objects:  56% (2168/3871)
2022-04-13T15:02:42.0982987Z Receiving objects:  57% (2207/3871)
2022-04-13T15:02:42.0994442Z Receiving objects:  58% (2246/3871)
2022-04-13T15:02:42.1067759Z Receiving objects:  59% (2284/3871)
2022-04-13T15:02:42.1104783Z Receiving objects:  60% (2323/3871)
2022-04-13T15:02:42.1139391Z Receiving objects:  61% (2362/3871)
2022-04-13T15:02:42.1153679Z Receiving objects:  62% (2401/3871)
2022-04-13T15:02:42.1154109Z Receiving objects:  63% (2439/3871)
2022-04-13T15:02:42.1155480Z Receiving objects:  64% (2478/3871)
2022-04-13T15:02:42.1156466Z Receiving objects:  65% (2517/3871)
2022-04-13T15:02:42.1158326Z Receiving objects:  66% (2555/3871)
2022-04-13T15:02:42.1160383Z Receiving objects:  67% (2594/3871)
2022-04-13T15:02:42.1161460Z Receiving objects:  68% (2633/3871)
2022-04-13T15:02:42.1163225Z Receiving objects:  69% (2671/3871)
2022-04-13T15:02:42.1164194Z Receiving objects:  70% (2710/3871)
2022-04-13T15:02:42.1165960Z Receiving objects:  71% (2749/3871)
2022-04-13T15:02:42.1168181Z Receiving objects:  72% (2788/3871)
2022-04-13T15:02:42.1168685Z Receiving objects:  73% (2826/3871)
2022-04-13T15:02:42.1170221Z Receiving objects:  74% (2865/3871)
2022-04-13T15:02:42.1171232Z Receiving objects:  75% (2904/3871)
2022-04-13T15:02:42.1172928Z Receiving objects:  76% (2942/3871)
2022-04-13T15:02:42.1173925Z Receiving objects:  77% (2981/3871)
2022-04-13T15:02:42.1175564Z Receiving objects:  78% (3020/3871)
2022-04-13T15:02:42.1177938Z Receiving objects:  79% (3059/3871)
2022-04-13T15:02:42.1178364Z Receiving objects:  80% (3097/3871)
2022-04-13T15:02:42.1179678Z Receiving objects:  81% (3136/3871)
2022-04-13T15:02:42.1180643Z Receiving objects:  82% (3175/3871)
2022-04-13T15:02:42.1181876Z Receiving objects:  83% (3213/3871)
2022-04-13T15:02:42.1182820Z Receiving objects:  84% (3252/3871)
2022-04-13T15:02:42.1184642Z Receiving objects:  85% (3291/3871)
2022-04-13T15:02:42.1185650Z Receiving objects:  86% (3330/3871)
2022-04-13T15:02:42.1217466Z Receiving objects:  87% (3368/3871)
2022-04-13T15:02:42.1237733Z Receiving objects:  88% (3407/3871)
2022-04-13T15:02:42.1268894Z Receiving objects:  89% (3446/3871)
2022-04-13T15:02:42.1294078Z Receiving objects:  90% (3484/3871)
2022-04-13T15:02:42.1315397Z Receiving objects:  91% (3523/3871)
2022-04-13T15:02:42.1342549Z Receiving objects:  92% (3562/3871)
2022-04-13T15:02:42.1382997Z Receiving objects:  93% (3601/3871)
2022-04-13T15:02:42.1397455Z Receiving objects:  94% (3639/3871)
2022-04-13T15:02:42.1413742Z Receiving objects:  95% (3678/3871)
2022-04-13T15:02:42.1426777Z Receiving objects:  96% (3717/3871)
2022-04-13T15:02:42.1457797Z Receiving objects:  97% (3755/3871)
2022-04-13T15:02:42.1501700Z Receiving objects:  98% (3794/3871)
2022-04-13T15:02:42.1502240Z Receiving objects:  99% (3833/3871)
2022-04-13T15:02:42.1503133Z remote: Total 3871 (delta 301), reused 2577 (delta 216), pack-reused 0        
2022-04-13T15:02:42.1522819Z Receiving objects: 100% (3871/3871)
2022-04-13T15:02:42.1538743Z Receiving objects: 100% (3871/3871), 3.57 MiB | 12.09 MiB/s, done.
2022-04-13T15:02:42.1545009Z Resolving deltas:   0% (0/301)
2022-04-13T15:02:42.1545399Z Resolving deltas:   1% (4/301)
2022-04-13T15:02:42.1547042Z Resolving deltas:   2% (7/301)
2022-04-13T15:02:42.1549089Z Resolving deltas:   3% (10/301)
2022-04-13T15:02:42.1549499Z Resolving deltas:   4% (13/301)
2022-04-13T15:02:42.1552424Z Resolving deltas:   5% (16/301)
2022-04-13T15:02:42.1553915Z Resolving deltas:   6% (19/301)
2022-04-13T15:02:42.1554503Z Resolving deltas:   7% (22/301)
2022-04-13T15:02:42.1562800Z Resolving deltas:   8% (25/301)
2022-04-13T15:02:42.1566645Z Resolving deltas:   9% (28/301)
2022-04-13T15:02:42.1571288Z Resolving deltas:  10% (31/301)
2022-04-13T15:02:42.1574705Z Resolving deltas:  11% (34/301)
2022-04-13T15:02:42.1575072Z Resolving deltas:  12% (37/301)
2022-04-13T15:02:42.1575631Z Resolving deltas:  13% (40/301)
2022-04-13T15:02:42.1583832Z Resolving deltas:  14% (43/301)
2022-04-13T15:02:42.1587264Z Resolving deltas:  15% (46/301)
2022-04-13T15:02:42.1587630Z Resolving deltas:  16% (49/301)
2022-04-13T15:02:42.1588171Z Resolving deltas:  17% (52/301)
2022-04-13T15:02:42.1589044Z Resolving deltas:  18% (55/301)
2022-04-13T15:02:42.1589709Z Resolving deltas:  19% (58/301)
2022-04-13T15:02:42.1595390Z Resolving deltas:  20% (61/301)
2022-04-13T15:02:42.1598398Z Resolving deltas:  21% (64/301)
2022-04-13T15:02:42.1600320Z Resolving deltas:  22% (67/301)
2022-04-13T15:02:42.1607767Z Resolving deltas:  23% (70/301)
2022-04-13T15:02:42.1610013Z Resolving deltas:  24% (73/301)
2022-04-13T15:02:42.1612202Z Resolving deltas:  25% (76/301)
2022-04-13T15:02:42.1616555Z Resolving deltas:  26% (79/301)
2022-04-13T15:02:42.1617130Z Resolving deltas:  27% (82/301)
2022-04-13T15:02:42.1618567Z Resolving deltas:  28% (85/301)
2022-04-13T15:02:42.1618945Z Resolving deltas:  29% (88/301)
2022-04-13T15:02:42.1619963Z Resolving deltas:  30% (91/301)
2022-04-13T15:02:42.1620326Z Resolving deltas:  31% (94/301)
2022-04-13T15:02:42.1621349Z Resolving deltas:  32% (97/301)
2022-04-13T15:02:42.1621718Z Resolving deltas:  33% (100/301)
2022-04-13T15:02:42.1625634Z Resolving deltas:  34% (103/301)
2022-04-13T15:02:42.1626007Z Resolving deltas:  35% (106/301)
2022-04-13T15:02:42.1627072Z Resolving deltas:  36% (109/301)
2022-04-13T15:02:42.1627439Z Resolving deltas:  37% (112/301)
2022-04-13T15:02:42.1629116Z Resolving deltas:  38% (115/301)
2022-04-13T15:02:42.1629478Z Resolving deltas:  39% (118/301)
2022-04-13T15:02:42.1630516Z Resolving deltas:  40% (121/301)
2022-04-13T15:02:42.1630875Z Resolving deltas:  41% (124/301)
2022-04-13T15:02:42.1631391Z Resolving deltas:  42% (127/301)
2022-04-13T15:02:42.1631743Z Resolving deltas:  43% (130/301)
2022-04-13T15:02:42.1632269Z Resolving deltas:  44% (133/301)
2022-04-13T15:02:42.1632823Z Resolving deltas:  45% (136/301)
2022-04-13T15:02:42.1633997Z Resolving deltas:  46% (139/301)
2022-04-13T15:02:42.1634360Z Resolving deltas:  47% (142/301)
2022-04-13T15:02:42.1634889Z Resolving deltas:  48% (145/301)
2022-04-13T15:02:42.1635249Z Resolving deltas:  49% (148/301)
2022-04-13T15:02:42.1635821Z Resolving deltas:  50% (151/301)
2022-04-13T15:02:42.1636174Z Resolving deltas:  51% (154/301)
2022-04-13T15:02:42.1637238Z Resolving deltas:  52% (157/301)
2022-04-13T15:02:42.1637588Z Resolving deltas:  53% (160/301)
2022-04-13T15:02:42.1638978Z Resolving deltas:  54% (163/301)
2022-04-13T15:02:42.1639347Z Resolving deltas:  55% (166/301)
2022-04-13T15:02:42.1642393Z Resolving deltas:  56% (169/301)
2022-04-13T15:02:42.1642745Z Resolving deltas:  57% (172/301)
2022-04-13T15:02:42.1643741Z Resolving deltas:  58% (175/301)
2022-04-13T15:02:42.1644132Z Resolving deltas:  59% (178/301)
2022-04-13T15:02:42.1644654Z Resolving deltas:  60% (181/301)
2022-04-13T15:02:42.1644998Z Resolving deltas:  61% (184/301)
2022-04-13T15:02:42.1645631Z Resolving deltas:  62% (187/301)
2022-04-13T15:02:42.1645977Z Resolving deltas:  63% (190/301)
2022-04-13T15:02:42.1646499Z Resolving deltas:  64% (193/301)
2022-04-13T15:02:42.1646849Z Resolving deltas:  65% (196/301)
2022-04-13T15:02:42.1647396Z Resolving deltas:  66% (199/301)
2022-04-13T15:02:42.1647865Z Resolving deltas:  67% (202/301)
2022-04-13T15:02:42.1649076Z Resolving deltas:  68% (205/301)
2022-04-13T15:02:42.1649433Z Resolving deltas:  69% (208/301)
2022-04-13T15:02:42.1650438Z Resolving deltas:  70% (211/301)
2022-04-13T15:02:42.1650813Z Resolving deltas:  71% (214/301)
2022-04-13T15:02:42.1651343Z Resolving deltas:  72% (217/301)
2022-04-13T15:02:42.1653852Z Resolving deltas:  73% (220/301)
2022-04-13T15:02:42.1656470Z Resolving deltas:  74% (223/301)
2022-04-13T15:02:42.1656856Z Resolving deltas:  75% (226/301)
2022-04-13T15:02:42.1657900Z Resolving deltas:  76% (229/301)
2022-04-13T15:02:42.1658288Z Resolving deltas:  77% (232/301)
2022-04-13T15:02:42.1661726Z Resolving deltas:  78% (235/301)
2022-04-13T15:02:42.1662098Z Resolving deltas:  79% (238/301)
2022-04-13T15:02:42.1662639Z Resolving deltas:  80% (241/301)
2022-04-13T15:02:42.1662997Z Resolving deltas:  81% (244/301)
2022-04-13T15:02:42.1663517Z Resolving deltas:  82% (247/301)
2022-04-13T15:02:42.1663863Z Resolving deltas:  83% (250/301)
2022-04-13T15:02:42.1664508Z Resolving deltas:  84% (253/301)
2022-04-13T15:02:42.1665150Z Resolving deltas:  85% (256/301)
2022-04-13T15:02:42.1665922Z Resolving deltas:  86% (259/301)
2022-04-13T15:02:42.1666130Z Resolving deltas:  87% (262/301)
2022-04-13T15:02:42.1667566Z Resolving deltas:  88% (265/301)
2022-04-13T15:02:42.1667772Z Resolving deltas:  89% (268/301)
2022-04-13T15:02:42.1667981Z Resolving deltas:  90% (271/301)
2022-04-13T15:02:42.1668196Z Resolving deltas:  91% (274/301)
2022-04-13T15:02:42.1676003Z Resolving deltas:  92% (277/301)
2022-04-13T15:02:42.1679284Z Resolving deltas:  93% (280/301)
2022-04-13T15:02:42.1682186Z Resolving deltas:  94% (283/301)
2022-04-13T15:02:42.1682643Z Resolving deltas:  95% (286/301)
2022-04-13T15:02:42.1683961Z Resolving deltas:  96% (289/301)
2022-04-13T15:02:42.1685374Z Resolving deltas:  97% (292/301)
2022-04-13T15:02:42.1687166Z Resolving deltas:  98% (295/301)
2022-04-13T15:02:42.1692156Z Resolving deltas:  99% (298/301)
2022-04-13T15:02:42.1692407Z Resolving deltas: 100% (301/301)
2022-04-13T15:02:42.1692639Z Resolving deltas: 100% (301/301), done.
2022-04-13T15:02:42.2006433Z From https://github.com/hashicorp/terraform
2022-04-13T15:02:42.2007351Z  * [new ref]         079f1c003acd65189a505c08a2013fa474a1579e -> origin/brandonc/env_credentials
2022-04-13T15:02:42.2081461Z ##[endgroup]
2022-04-13T15:02:42.2082166Z ##[group]Determining the checkout info
2022-04-13T15:02:42.2110571Z ##[endgroup]
2022-04-13T15:02:42.2111223Z ##[group]Checking out the ref
2022-04-13T15:02:42.2112270Z [command]/usr/bin/git checkout --progress --force -B brandonc/env_credentials refs/remotes/origin/brandonc/env_credentials
2022-04-13T15:02:42.4005063Z Switched to a new branch 'brandonc/env_credentials'
2022-04-13T15:02:42.4028974Z branch 'brandonc/env_credentials' set up to track 'origin/brandonc/env_credentials'.
2022-04-13T15:02:42.4030474Z ##[endgroup]
2022-04-13T15:02:42.4062099Z [command]/usr/bin/git log -1 --format='%H'
2022-04-13T15:02:42.4088871Z '079f1c003acd65189a505c08a2013fa474a1579e'
2022-04-13T15:02:42.4400830Z Prepare all required actions
2022-04-13T15:02:42.4426454Z ##[group]Run ./.github/actions/go-version
2022-04-13T15:02:42.4426697Z ##[endgroup]
2022-04-13T15:02:42.4702799Z ##[group]Run echo "Building with Go $(cat .go-version)"
2022-04-13T15:02:42.4703174Z [36;1mecho "Building with Go $(cat .go-version)"[0m
2022-04-13T15:02:42.4703485Z [36;1mecho "::set-output name=version::$(cat .go-version)"[0m
2022-04-13T15:02:42.4758007Z shell: /usr/bin/bash --noprofile --norc -e -o pipefail {0}
2022-04-13T15:02:42.4758283Z ##[endgroup]
2022-04-13T15:02:42.4915165Z Building with Go 1.18.0
2022-04-13T15:02:42.5075714Z ##[group]Run actions/setup-go@v2
2022-04-13T15:02:42.5075927Z with:
2022-04-13T15:02:42.5076116Z   go-version: 1.18.0
2022-04-13T15:02:42.5076331Z   check-latest: false
2022-04-13T15:02:42.5076526Z   stable: true
2022-04-13T15:02:42.5076886Z   token: ***
2022-04-13T15:02:42.5077074Z ##[endgroup]
2022-04-13T15:02:42.5568997Z Setup go stable version spec 1.18.0
2022-04-13T15:02:42.5587480Z Found in cache @ /opt/hostedtoolcache/go/1.18.0/x64
2022-04-13T15:02:42.5597910Z Added go to the path
2022-04-13T15:02:43.0748369Z Successfully setup go version 1.18.0
2022-04-13T15:02:43.0815298Z go version go1.18 linux/amd64
2022-04-13T15:02:43.0815484Z 
2022-04-13T15:02:43.0817177Z ##[group]go env
2022-04-13T15:02:44.0413589Z GO111MODULE=""
2022-04-13T15:02:44.0414111Z GOARCH="amd64"
2022-04-13T15:02:44.0414421Z GOBIN=""
2022-04-13T15:02:44.0459726Z GOCACHE="/home/runner/.cache/go-build"
2022-04-13T15:02:44.0467108Z GOENV="/home/runner/.config/go/env"
2022-04-13T15:02:44.0467496Z GOEXE=""
2022-04-13T15:02:44.0467746Z GOEXPERIMENT=""
2022-04-13T15:02:44.0468029Z GOFLAGS=""
2022-04-13T15:02:44.0468231Z GOHOSTARCH="amd64"
2022-04-13T15:02:44.0468444Z GOHOSTOS="linux"
2022-04-13T15:02:44.0468634Z GOINSECURE=""
2022-04-13T15:02:44.0468876Z GOMODCACHE="/home/runner/go/pkg/mod"
2022-04-13T15:02:44.0469113Z GONOPROXY=""
2022-04-13T15:02:44.0469308Z GONOSUMDB=""
2022-04-13T15:02:44.0469498Z GOOS="linux"
2022-04-13T15:02:44.0469707Z GOPATH="/home/runner/go"
2022-04-13T15:02:44.0469910Z GOPRIVATE=""
2022-04-13T15:02:44.0470204Z GOPROXY="https://proxy.golang.org,direct"
2022-04-13T15:02:44.0470535Z GOROOT="/opt/hostedtoolcache/go/1.18.0/x64"
2022-04-13T15:02:44.0470807Z GOSUMDB="sum.golang.org"
2022-04-13T15:02:44.0471017Z GOTMPDIR=""
2022-04-13T15:02:44.0471310Z GOTOOLDIR="/opt/hostedtoolcache/go/1.18.0/x64/pkg/tool/linux_amd64"
2022-04-13T15:02:44.0471592Z GOVCS=""
2022-04-13T15:02:44.0471778Z GOVERSION="go1.18"
2022-04-13T15:02:44.0471982Z GCCGO="gccgo"
2022-04-13T15:02:44.0472173Z GOAMD64="v1"
2022-04-13T15:02:44.0472351Z AR="ar"
2022-04-13T15:02:44.0472625Z CC="gcc"
2022-04-13T15:02:44.0472887Z CXX="g++"
2022-04-13T15:02:44.0473088Z CGO_ENABLED="1"
2022-04-13T15:02:44.0473357Z GOMOD="/home/runner/work/terraform/terraform/go.mod"
2022-04-13T15:02:44.0473597Z GOWORK=""
2022-04-13T15:02:44.0473873Z CGO_CFLAGS="-g -O2"
2022-04-13T15:02:44.0474083Z CGO_CPPFLAGS=""
2022-04-13T15:02:44.0474337Z CGO_CXXFLAGS="-g -O2"
2022-04-13T15:02:44.0474582Z CGO_FFLAGS="-g -O2"
2022-04-13T15:02:44.0474828Z CGO_LDFLAGS="-g -O2"
2022-04-13T15:02:44.0475087Z PKG_CONFIG="pkg-config"
2022-04-13T15:02:44.0475646Z GOGCCFLAGS="-fPIC -m64 -pthread -fmessage-length=0 -fdebug-prefix-map=/tmp/go-build2763223091=/tmp/go-build -gno-record-gcc-switches"
2022-04-13T15:02:44.0475959Z 
2022-04-13T15:02:44.0476309Z ##[endgroup]
2022-04-13T15:02:45.6020593Z ##[group]Run actions/cache@v3
2022-04-13T15:02:45.6020813Z with:
2022-04-13T15:02:45.6020992Z   path: ~/go/pkg
2022-04-13T15:02:45.6021326Z   key: go-mod-eca089adcb5f49ecad114bdbf49dc26b0deef67cb69080fcaeaecab46118f40b
2022-04-13T15:02:45.6021671Z   restore-keys: go-mod-

2022-04-13T15:02:45.6021871Z env:
2022-04-13T15:02:45.6022102Z   GOROOT: /opt/hostedtoolcache/go/1.18.0/x64
2022-04-13T15:02:45.6022338Z ##[endgroup]
2022-04-13T15:02:47.3579292Z Received 75497472 of 314264396 (24.0%), 71.7 MBs/sec
2022-04-13T15:02:48.3598972Z Received 264241152 of 314264396 (84.1%), 125.6 MBs/sec
2022-04-13T15:02:48.8994167Z Received 314264396 of 314264396 (100.0%), 117.7 MBs/sec
2022-04-13T15:02:48.8998972Z Cache Size: ~300 MB (314264396 B)
2022-04-13T15:02:48.9086739Z [command]/usr/bin/tar --use-compress-program zstd -d -xf /home/runner/work/_temp/6b7d5141-d28e-479d-96f6-e269660dc1a2/cache.tzst -P -C /home/runner/work/terraform/terraform
2022-04-13T15:02:55.1849743Z Cache restored successfully
2022-04-13T15:02:55.5581176Z 
2022-04-13T15:02:55.5583914Z Cache restored from key: go-mod-eca089adcb5f49ecad114bdbf49dc26b0deef67cb69080fcaeaecab46118f40b
2022-04-13T15:02:55.5705498Z ##[group]Run go test ./...
2022-04-13T15:02:55.5705741Z [36;1mgo test ./...[0m
2022-04-13T15:02:55.5760044Z shell: /usr/bin/bash -e {0}
2022-04-13T15:02:55.5760282Z env:
2022-04-13T15:02:55.5760528Z   GOROOT: /opt/hostedtoolcache/go/1.18.0/x64
2022-04-13T15:02:55.5760759Z ##[endgroup]
2022-04-13T15:02:57.0005500Z go: downloading github.com/go-test/deep v1.0.3
2022-04-13T15:02:57.4993261Z go: downloading github.com/hashicorp/consul/sdk v0.8.0
2022-04-13T15:02:57.5693380Z go: downloading github.com/apparentlymart/go-dump v0.0.0-20190214190832-042adf3cf4a0
2022-04-13T15:02:57.5893005Z go: downloading github.com/Netflix/go-expect v0.0.0-20211003183012-e1a7c020ce25
2022-04-13T15:02:57.6081655Z go: downloading github.com/golang/mock v1.6.0
2022-04-13T15:02:57.7109236Z go: downloading github.com/dylanmei/winrmtest v0.0.0-20210303004826-fbc9ae56efb6
2022-04-13T15:02:58.0223971Z go: downloading github.com/zclconf/go-cty-debug v0.0.0-20191215020915-b22d67c1ba0b
2022-04-13T15:02:58.4352891Z go: downloading github.com/kr/pty v1.1.5
2022-04-13T15:02:58.6017418Z go: downloading github.com/antchfx/xmlquery v1.3.5
2022-04-13T15:02:59.0219563Z go: downloading github.com/antchfx/xpath v1.1.10
2022-04-13T15:04:54.8230956Z ok  	github.com/hashicorp/terraform	0.053s
2022-04-13T15:04:56.3021814Z ok  	github.com/hashicorp/terraform/internal/addrs	0.046s
2022-04-13T15:04:56.3105600Z ok  	github.com/hashicorp/terraform/internal/backend	0.024s
2022-04-13T15:04:58.6755646Z ok  	github.com/hashicorp/terraform/internal/backend/init	0.039s
2022-04-13T15:04:58.6756243Z ok  	github.com/hashicorp/terraform/internal/backend/local	0.169s
2022-04-13T15:05:00.9289633Z ok  	github.com/hashicorp/terraform/internal/backend/remote	0.516s
2022-04-13T15:05:00.9290383Z ok  	github.com/hashicorp/terraform/internal/backend/remote-state/artifactory	0.028s
2022-04-13T15:05:01.3199982Z ok  	github.com/hashicorp/terraform/internal/backend/remote-state/azure	0.024s
2022-04-13T15:05:02.6490282Z ok  	github.com/hashicorp/terraform/internal/backend/remote-state/consul	0.015s
2022-04-13T15:05:02.7306640Z ok  	github.com/hashicorp/terraform/internal/backend/remote-state/cos	0.024s
2022-04-13T15:05:03.7603732Z ok  	github.com/hashicorp/terraform/internal/backend/remote-state/etcdv2	0.041s
2022-04-13T15:05:04.0108793Z ok  	github.com/hashicorp/terraform/internal/backend/remote-state/etcdv3	0.032s
2022-04-13T15:05:04.9985852Z ok  	github.com/hashicorp/terraform/internal/backend/remote-state/gcs	0.015s
2022-04-13T15:05:09.1681037Z ok  	github.com/hashicorp/terraform/internal/backend/remote-state/http	4.023s
2022-04-13T15:05:09.1681995Z ok  	github.com/hashicorp/terraform/internal/backend/remote-state/inmem	0.014s
2022-04-13T15:05:09.1682859Z ok  	github.com/hashicorp/terraform/internal/backend/remote-state/kubernetes	0.022s
2022-04-13T15:05:09.1683565Z ok  	github.com/hashicorp/terraform/internal/backend/remote-state/manta	0.013s
2022-04-13T15:05:09.9732181Z ok  	github.com/hashicorp/terraform/internal/backend/remote-state/oss	0.019s
2022-04-13T15:05:10.2958496Z ok  	github.com/hashicorp/terraform/internal/backend/remote-state/pg	0.015s
2022-04-13T15:05:11.4911974Z ok  	github.com/hashicorp/terraform/internal/backend/remote-state/s3	0.014s
2022-04-13T15:05:11.5574847Z ok  	github.com/hashicorp/terraform/internal/backend/remote-state/swift	0.017s
2022-04-13T15:05:13.8026400Z ok  	github.com/hashicorp/terraform/internal/builtin/providers/terraform	0.028s
2022-04-13T15:05:13.8027005Z ok  	github.com/hashicorp/terraform/internal/builtin/provisioners/file	0.015s
2022-04-13T15:05:13.8027744Z ok  	github.com/hashicorp/terraform/internal/builtin/provisioners/local-exec	0.086s
2022-04-13T15:05:15.2611144Z ok  	github.com/hashicorp/terraform/internal/builtin/provisioners/remote-exec	2.010s
2022-04-13T15:05:16.9338595Z ok  	github.com/hashicorp/terraform/internal/cloud	0.529s
2022-04-13T15:05:23.7446705Z ok  	github.com/hashicorp/terraform/internal/cloud/e2e	6.690s
2022-04-13T15:05:53.2168507Z ok  	github.com/hashicorp/terraform/internal/command	26.670s
2022-04-13T15:05:53.2169482Z ok  	github.com/hashicorp/terraform/internal/command/arguments	0.036s
2022-04-13T15:05:53.2170205Z ok  	github.com/hashicorp/terraform/internal/command/cliconfig	0.015s
2022-04-13T15:05:53.2170983Z ok  	github.com/hashicorp/terraform/internal/command/clistate	0.020s
2022-04-13T15:05:53.2171393Z ok  	github.com/hashicorp/terraform/internal/command/e2etest	13.554s
2022-04-13T15:05:53.2171923Z ok  	github.com/hashicorp/terraform/internal/command/format	0.060s
2022-04-13T15:05:53.2215066Z ok  	github.com/hashicorp/terraform/internal/command/jsonconfig	0.014s
2022-04-13T15:05:53.2217344Z ok  	github.com/hashicorp/terraform/internal/command/jsonplan	0.016s
2022-04-13T15:05:53.2219554Z ok  	github.com/hashicorp/terraform/internal/command/jsonprovider	0.012s
2022-04-13T15:05:53.2221765Z ok  	github.com/hashicorp/terraform/internal/command/jsonstate	0.016s
2022-04-13T15:05:54.5205260Z ok  	github.com/hashicorp/terraform/internal/command/views	3.161s
2022-04-13T15:05:54.5205701Z ok  	github.com/hashicorp/terraform/internal/command/views/json	0.015s
2022-04-13T15:05:54.5206128Z ok  	github.com/hashicorp/terraform/internal/command/webbrowser	0.004s
2022-04-13T15:05:54.5731801Z ok  	github.com/hashicorp/terraform/internal/command/workdir	0.002s
2022-04-13T15:05:55.9990381Z ok  	github.com/hashicorp/terraform/internal/communicator	1.035s
2022-04-13T15:05:55.9991270Z ok  	github.com/hashicorp/terraform/internal/communicator/remote	0.004s [no tests to run]
2022-04-13T15:05:55.9992130Z ok  	github.com/hashicorp/terraform/internal/communicator/shared	0.003s
2022-04-13T15:05:58.0160472Z ok  	github.com/hashicorp/terraform/internal/communicator/ssh	2.496s
2022-04-13T15:05:58.0160919Z ok  	github.com/hashicorp/terraform/internal/communicator/winrm	0.018s
2022-04-13T15:05:58.5007977Z ok  	github.com/hashicorp/terraform/internal/configs	0.073s
2022-04-13T15:05:59.2738038Z ok  	github.com/hashicorp/terraform/internal/configs/configload	0.023s
2022-04-13T15:05:59.3871301Z ok  	github.com/hashicorp/terraform/internal/configs/configschema	0.007s
2022-04-13T15:06:00.1254037Z ok  	github.com/hashicorp/terraform/internal/configs/hcl2shim	0.009s
2022-04-13T15:06:00.1254758Z ok  	github.com/hashicorp/terraform/internal/copy	0.002s
2022-04-13T15:06:01.1726121Z ok  	github.com/hashicorp/terraform/internal/dag	0.893s
2022-04-13T15:06:01.2312082Z ok  	github.com/hashicorp/terraform/internal/depsfile	0.019s
2022-04-13T15:06:01.3642907Z ok  	github.com/hashicorp/terraform/internal/didyoumean	0.006s
2022-04-13T15:06:01.3643409Z ?   	github.com/hashicorp/terraform/internal/e2e	[no test files]
2022-04-13T15:06:02.2685203Z ok  	github.com/hashicorp/terraform/internal/earlyconfig	0.029s
2022-04-13T15:06:02.2685668Z ?   	github.com/hashicorp/terraform/internal/experiments	[no test files]
2022-04-13T15:06:02.2687633Z ?   	github.com/hashicorp/terraform/internal/getmodules	[no test files]
2022-04-13T15:06:07.0925045Z ok  	github.com/hashicorp/terraform/internal/getproviders	4.080s
2022-04-13T15:06:07.0925603Z ?   	github.com/hashicorp/terraform/internal/grpcwrap	[no test files]
2022-04-13T15:06:07.0926054Z ok  	github.com/hashicorp/terraform/internal/helper/slowmessage	0.102s
2022-04-13T15:06:07.0926493Z ok  	github.com/hashicorp/terraform/internal/httpclient	0.004s
2022-04-13T15:06:07.0926913Z ok  	github.com/hashicorp/terraform/internal/initwd	0.023s
2022-04-13T15:06:07.0927324Z ok  	github.com/hashicorp/terraform/internal/instances	0.014s
2022-04-13T15:06:07.0927737Z ok  	github.com/hashicorp/terraform/internal/ipaddr	0.002s
2022-04-13T15:06:07.0928129Z ok  	github.com/hashicorp/terraform/internal/lang	0.036s
2022-04-13T15:06:07.0928536Z ok  	github.com/hashicorp/terraform/internal/lang/blocktoattr	0.005s
2022-04-13T15:06:08.2050389Z ok  	github.com/hashicorp/terraform/internal/lang/funcs	0.214s
2022-04-13T15:06:08.3055248Z ok  	github.com/hashicorp/terraform/internal/lang/globalref	0.024s
2022-04-13T15:06:08.3055677Z ?   	github.com/hashicorp/terraform/internal/lang/marks	[no test files]
2022-04-13T15:06:08.3056427Z ?   	github.com/hashicorp/terraform/internal/lang/types	[no test files]
2022-04-13T15:06:08.5659467Z ok  	github.com/hashicorp/terraform/internal/legacy/helper/acctest	0.014s
2022-04-13T15:06:08.5660087Z ok  	github.com/hashicorp/terraform/internal/legacy/helper/hashcode	0.002s
2022-04-13T15:06:11.7117594Z ok  	github.com/hashicorp/terraform/internal/legacy/helper/schema	0.098s
2022-04-13T15:06:11.7120224Z ok  	github.com/hashicorp/terraform/internal/legacy/terraform	0.034s
2022-04-13T15:06:11.7122684Z ok  	github.com/hashicorp/terraform/internal/logging	0.003s
2022-04-13T15:06:11.7124965Z ?   	github.com/hashicorp/terraform/internal/modsdir	[no test files]
2022-04-13T15:06:12.2779158Z ok  	github.com/hashicorp/terraform/internal/moduledeps	0.014s
2022-04-13T15:06:12.8618986Z ok  	github.com/hashicorp/terraform/internal/moduletest	0.018s
2022-04-13T15:06:13.3103955Z ok  	github.com/hashicorp/terraform/internal/plans	0.038s
2022-04-13T15:06:13.3104595Z ?   	github.com/hashicorp/terraform/internal/plans/internal/planproto	[no test files]
2022-04-13T15:06:15.1169495Z ok  	github.com/hashicorp/terraform/internal/plans/objchange	0.033s
2022-04-13T15:06:15.1169923Z ok  	github.com/hashicorp/terraform/internal/plans/planfile	0.038s
2022-04-13T15:06:16.2710615Z ok  	github.com/hashicorp/terraform/internal/plugin	0.017s
2022-04-13T15:06:16.2711244Z ok  	github.com/hashicorp/terraform/internal/plugin/convert	0.024s
2022-04-13T15:06:16.5437774Z ok  	github.com/hashicorp/terraform/internal/plugin/discovery	0.003s
2022-04-13T15:06:17.5039657Z ?   	github.com/hashicorp/terraform/internal/plugin/mock_proto	[no test files]
2022-04-13T15:06:17.5040105Z ok  	github.com/hashicorp/terraform/internal/plugin6	0.028s
2022-04-13T15:06:17.5731697Z ok  	github.com/hashicorp/terraform/internal/plugin6/convert	0.017s
2022-04-13T15:06:17.5732474Z ?   	github.com/hashicorp/terraform/internal/plugin6/mock_proto	[no test files]
2022-04-13T15:06:17.5733823Z ?   	github.com/hashicorp/terraform/internal/provider-simple	[no test files]
2022-04-13T15:06:17.5734604Z ?   	github.com/hashicorp/terraform/internal/provider-simple/main	[no test files]
2022-04-13T15:06:17.5735617Z ?   	github.com/hashicorp/terraform/internal/provider-simple-v6	[no test files]
2022-04-13T15:06:17.5838360Z ?   	github.com/hashicorp/terraform/internal/provider-simple-v6/main	[no test files]
2022-04-13T15:06:17.6548401Z ?   	github.com/hashicorp/terraform/internal/provider-terraform/main	[no test files]
2022-04-13T15:06:18.8386490Z ok  	github.com/hashicorp/terraform/internal/providercache	0.039s
2022-04-13T15:06:18.8387912Z ok  	github.com/hashicorp/terraform/internal/providers	0.015s
2022-04-13T15:06:18.8389439Z ?   	github.com/hashicorp/terraform/internal/provisioner-local-exec/main	[no test files]
2022-04-13T15:06:18.8390677Z ?   	github.com/hashicorp/terraform/internal/provisioners	[no test files]
2022-04-13T15:06:19.9182904Z ok  	github.com/hashicorp/terraform/internal/refactoring	0.028s
2022-04-13T15:06:21.9232421Z ok  	github.com/hashicorp/terraform/internal/registry	2.023s
2022-04-13T15:06:21.9233264Z ok  	github.com/hashicorp/terraform/internal/registry/regsrc	0.013s
2022-04-13T15:06:21.9233866Z ok  	github.com/hashicorp/terraform/internal/registry/response	0.002s
2022-04-13T15:06:21.9234391Z ?   	github.com/hashicorp/terraform/internal/registry/test	[no test files]
2022-04-13T15:06:21.9234946Z ok  	github.com/hashicorp/terraform/internal/repl	0.031s
2022-04-13T15:06:21.9280172Z ?   	github.com/hashicorp/terraform/internal/replacefile	[no test files]
2022-04-13T15:06:22.6951658Z ok  	github.com/hashicorp/terraform/internal/states	0.015s
2022-04-13T15:06:22.9848392Z ok  	github.com/hashicorp/terraform/internal/states/remote	0.022s
2022-04-13T15:06:23.8947905Z ok  	github.com/hashicorp/terraform/internal/states/statefile	0.023s
2022-04-13T15:06:26.8785977Z ok  	github.com/hashicorp/terraform/internal/states/statemgr	2.717s
2022-04-13T15:06:26.8788978Z ok  	github.com/hashicorp/terraform/internal/terminal	0.011s
2022-04-13T15:06:35.3327782Z ok  	github.com/hashicorp/terraform/internal/terraform	4.049s
2022-04-13T15:06:35.3328507Z ok  	github.com/hashicorp/terraform/internal/tfdiags	0.016s
2022-04-13T15:06:35.3329243Z ?   	github.com/hashicorp/terraform/internal/tfplugin5	[no test files]
2022-04-13T15:06:35.3330020Z ?   	github.com/hashicorp/terraform/internal/tfplugin6	[no test files]
2022-04-13T15:06:35.3330446Z ?   	github.com/hashicorp/terraform/internal/typeexpr	[no test files]
2022-04-13T15:06:35.3330976Z ?   	github.com/hashicorp/terraform/tools/loggraphdiff	[no test files]
2022-04-13T15:06:35.3331633Z ?   	github.com/hashicorp/terraform/tools/protobuf-compile	[no test files]
2022-04-13T15:06:35.3332004Z ?   	github.com/hashicorp/terraform/version	[no test files]
2022-04-13T15:06:35.6137840Z Post job cleanup.
2022-04-13T15:06:35.7660036Z Cache hit occurred on the primary key go-mod-eca089adcb5f49ecad114bdbf49dc26b0deef67cb69080fcaeaecab46118f40b, not saving cache.
2022-04-13T15:06:35.7856050Z Post job cleanup.
2022-04-13T15:06:35.9084970Z [command]/usr/bin/git version
2022-04-13T15:06:35.9129667Z git version 2.35.1
2022-04-13T15:06:35.9162665Z [command]/usr/bin/git config --local --name-only --get-regexp core\.sshCommand
2022-04-13T15:06:35.9197033Z [command]/usr/bin/git submodule foreach --recursive git config --local --name-only --get-regexp 'core\.sshCommand' && git config --local --unset-all 'core.sshCommand' || :
2022-04-13T15:06:35.9417176Z [command]/usr/bin/git config --local --name-only --get-regexp http\.https\:\/\/github\.com\/\.extraheader
2022-04-13T15:06:35.9442150Z http.https://github.com/.extraheader
2022-04-13T15:06:35.9452039Z [command]/usr/bin/git config --local --unset-all http.https://github.com/.extraheader
2022-04-13T15:06:35.9512282Z [command]/usr/bin/git submodule foreach --recursive git config --local --name-only --get-regexp 'http\.https\:\/\/github\.com\/\.extraheader' && git config --local --unset-all 'http.https://github.com/.extraheader' || :
2022-04-13T15:06:35.9913157Z Cleaning up orphan processes
