2022-04-27T19:08:56.6243994Z Requested labels: ubuntu-latest
2022-04-27T19:08:56.6244035Z Job defined at: hashicorp/terraform/.github/workflows/build.yml@refs/heads/v1.2
2022-04-27T19:08:56.6244055Z Waiting for a runner to pick up this job...
2022-04-27T19:08:58.0450787Z Job is waiting for a hosted runner to come online.
2022-04-27T19:09:05.7357203Z Job is about to start running on the hosted runner: GitHub Actions 41 (hosted)
2022-04-27T19:09:10.5000185Z Current runner version: '2.290.1'
2022-04-27T19:09:10.5034421Z ##[group]Operating System
2022-04-27T19:09:10.5035211Z Ubuntu
2022-04-27T19:09:10.5035972Z 20.04.4
2022-04-27T19:09:10.5036265Z LTS
2022-04-27T19:09:10.5036614Z ##[endgroup]
2022-04-27T19:09:10.5037023Z ##[group]Virtual Environment
2022-04-27T19:09:10.5037464Z Environment: ubuntu-20.04
2022-04-27T19:09:10.5037851Z Version: 20220410.2
2022-04-27T19:09:10.5038467Z Included Software: https://github.com/actions/virtual-environments/blob/ubuntu20/20220410.2/images/linux/Ubuntu2004-Readme.md
2022-04-27T19:09:10.5039231Z Image Release: https://github.com/actions/virtual-environments/releases/tag/ubuntu20%2F20220410.2
2022-04-27T19:09:10.5039721Z ##[endgroup]
2022-04-27T19:09:10.5040124Z ##[group]Virtual Environment Provisioner
2022-04-27T19:09:10.5040605Z 1.0.0.0-main-20220421-1
2022-04-27T19:09:10.5040918Z ##[endgroup]
2022-04-27T19:09:10.5041736Z ##[group]GITHUB_TOKEN Permissions
2022-04-27T19:09:10.5042367Z Contents: read
2022-04-27T19:09:10.5042975Z Metadata: read
2022-04-27T19:09:10.5043476Z Statuses: write
2022-04-27T19:09:10.5043797Z ##[endgroup]
2022-04-27T19:09:10.5048247Z Secret source: Actions
2022-04-27T19:09:10.5048960Z Prepare workflow directory
2022-04-27T19:09:10.6619365Z Prepare all required actions
2022-04-27T19:09:10.6935525Z Getting action download info
2022-04-27T19:09:10.9236206Z Download action repository 'actions/checkout@v2' (SHA:7884fcad6b5d53d10323aee724dc68d8b9096a2e)
2022-04-27T19:09:11.7533298Z Download action repository 'hashicorp/actions-docker-build@v1' (SHA:05c370a26e61b06be46c5095d6e914c9f0ea4f3d)
2022-04-27T19:09:12.4214786Z Getting action download info
2022-04-27T19:09:12.6072000Z Download action repository 'actions/download-artifact@v2' (SHA:f023be2c48cc18debc3bacd34cb396e0295e2869)
2022-04-27T19:09:13.0821496Z Download action repository 'actions/upload-artifact@v2' (SHA:82c141cc518b40d92cc801eee768e7aafc9c2fa2)
2022-04-27T19:09:13.7400163Z ##[group]Run actions/checkout@v2
2022-04-27T19:09:13.7400510Z with:
2022-04-27T19:09:13.7400763Z   repository: hashicorp/terraform
2022-04-27T19:09:13.7401247Z   token: ***
2022-04-27T19:09:13.7401483Z   ssh-strict: true
2022-04-27T19:09:13.7401742Z   persist-credentials: true
2022-04-27T19:09:13.7401978Z   clean: true
2022-04-27T19:09:13.7402216Z   fetch-depth: 1
2022-04-27T19:09:13.7402440Z   lfs: false
2022-04-27T19:09:13.7402672Z   submodules: false
2022-04-27T19:09:13.7402930Z   set-safe-directory: true
2022-04-27T19:09:13.7403179Z env:
2022-04-27T19:09:13.7403388Z   PKG_NAME: terraform
2022-04-27T19:09:13.7403626Z   repo: terraform
2022-04-27T19:09:13.7403902Z   version: 1.2.0-alpha20220413-44-gf07af2a49
2022-04-27T19:09:13.7404161Z ##[endgroup]
2022-04-27T19:09:14.0713592Z Syncing repository: hashicorp/terraform
2022-04-27T19:09:14.0716180Z ##[group]Getting Git version info
2022-04-27T19:09:14.0716765Z Working directory is '/home/runner/work/terraform/terraform'
2022-04-27T19:09:14.0717420Z [command]/usr/bin/git version
2022-04-27T19:09:14.0846148Z git version 2.35.1
2022-04-27T19:09:14.0881919Z ##[endgroup]
2022-04-27T19:09:14.0926884Z Temporarily overriding HOME='/home/runner/work/_temp/aeeb1306-eadc-4407-a021-b35701169942' before making global git config changes
2022-04-27T19:09:14.0927437Z Adding repository directory to the temporary git global config as a safe directory
2022-04-27T19:09:14.0928060Z [command]/usr/bin/git config --global --add safe.directory /home/runner/work/terraform/terraform
2022-04-27T19:09:14.0969547Z Deleting the contents of '/home/runner/work/terraform/terraform'
2022-04-27T19:09:14.0972806Z ##[group]Initializing the repository
2022-04-27T19:09:14.0978070Z [command]/usr/bin/git init /home/runner/work/terraform/terraform
2022-04-27T19:09:14.1074611Z hint: Using 'master' as the name for the initial branch. This default branch name
2022-04-27T19:09:14.1076411Z hint: is subject to change. To configure the initial branch name to use in all
2022-04-27T19:09:14.1078344Z hint: of your new repositories, which will suppress this warning, call:
2022-04-27T19:09:14.1079187Z hint: 
2022-04-27T19:09:14.1080274Z hint: 	git config --global init.defaultBranch <name>
2022-04-27T19:09:14.1080771Z hint: 
2022-04-27T19:09:14.1081972Z hint: Names commonly chosen instead of 'master' are 'main', 'trunk' and
2022-04-27T19:09:14.1082686Z hint: 'development'. The just-created branch can be renamed via this command:
2022-04-27T19:09:14.1083127Z hint: 
2022-04-27T19:09:14.1084079Z hint: 	git branch -m <name>
2022-04-27T19:09:14.1106407Z Initialized empty Git repository in /home/runner/work/terraform/terraform/.git/
2022-04-27T19:09:14.1171564Z [command]/usr/bin/git remote add origin https://github.com/hashicorp/terraform
2022-04-27T19:09:14.1229807Z ##[endgroup]
2022-04-27T19:09:14.1230847Z ##[group]Disabling automatic garbage collection
2022-04-27T19:09:14.1242240Z [command]/usr/bin/git config --local gc.auto 0
2022-04-27T19:09:14.1285705Z ##[endgroup]
2022-04-27T19:09:14.1287213Z ##[group]Setting up auth
2022-04-27T19:09:14.1390396Z [command]/usr/bin/git config --local --name-only --get-regexp core\.sshCommand
2022-04-27T19:09:14.1439696Z [command]/usr/bin/git submodule foreach --recursive git config --local --name-only --get-regexp 'core\.sshCommand' && git config --local --unset-all 'core.sshCommand' || :
2022-04-27T19:09:14.2044512Z [command]/usr/bin/git config --local --name-only --get-regexp http\.https\:\/\/github\.com\/\.extraheader
2022-04-27T19:09:14.2089927Z [command]/usr/bin/git submodule foreach --recursive git config --local --name-only --get-regexp 'http\.https\:\/\/github\.com\/\.extraheader' && git config --local --unset-all 'http.https://github.com/.extraheader' || :
2022-04-27T19:09:14.2371172Z [command]/usr/bin/git config --local http.https://github.com/.extraheader AUTHORIZATION: basic ***
2022-04-27T19:09:14.2461852Z ##[endgroup]
2022-04-27T19:09:14.2462653Z ##[group]Fetching the repository
2022-04-27T19:09:14.2477911Z [command]/usr/bin/git -c protocol.version=2 fetch --no-tags --prune --progress --no-recurse-submodules --depth=1 origin +f07af2a4938b9b4fde0521532c55beed55f1feaf:refs/remotes/origin/v1.2
2022-04-27T19:09:14.6192764Z remote: Enumerating objects: 3902, done.        
2022-04-27T19:09:14.6204193Z remote: Counting objects:   0% (1/3902)        
2022-04-27T19:09:14.6275410Z remote: Counting objects:   1% (40/3902)        
2022-04-27T19:09:14.6276686Z remote: Counting objects:   2% (79/3902)        
2022-04-27T19:09:14.6277043Z remote: Counting objects:   3% (118/3902)        
2022-04-27T19:09:14.6277393Z remote: Counting objects:   4% (157/3902)        
2022-04-27T19:09:14.6277732Z remote: Counting objects:   5% (196/3902)        
2022-04-27T19:09:14.6278011Z remote: Counting objects:   6% (235/3902)        
2022-04-27T19:09:14.6278306Z remote: Counting objects:   7% (274/3902)        
2022-04-27T19:09:14.6278598Z remote: Counting objects:   8% (313/3902)        
2022-04-27T19:09:14.6278872Z remote: Counting objects:   9% (352/3902)        
2022-04-27T19:09:14.6279183Z remote: Counting objects:  10% (391/3902)        
2022-04-27T19:09:14.6279478Z remote: Counting objects:  11% (430/3902)        
2022-04-27T19:09:14.6279776Z remote: Counting objects:  12% (469/3902)        
2022-04-27T19:09:14.6280053Z remote: Counting objects:  13% (508/3902)        
2022-04-27T19:09:14.6280343Z remote: Counting objects:  14% (547/3902)        
2022-04-27T19:09:14.6280706Z remote: Counting objects:  15% (586/3902)        
2022-04-27T19:09:14.6280982Z remote: Counting objects:  16% (625/3902)        
2022-04-27T19:09:14.6281268Z remote: Counting objects:  17% (664/3902)        
2022-04-27T19:09:14.6281555Z remote: Counting objects:  18% (703/3902)        
2022-04-27T19:09:14.6281829Z remote: Counting objects:  19% (742/3902)        
2022-04-27T19:09:14.6282120Z remote: Counting objects:  20% (781/3902)        
2022-04-27T19:09:14.6282406Z remote: Counting objects:  21% (820/3902)        
2022-04-27T19:09:14.6282693Z remote: Counting objects:  22% (859/3902)        
2022-04-27T19:09:14.6282971Z remote: Counting objects:  23% (898/3902)        
2022-04-27T19:09:14.6283261Z remote: Counting objects:  24% (937/3902)        
2022-04-27T19:09:14.6283911Z remote: Counting objects:  25% (976/3902)        
2022-04-27T19:09:14.6284191Z remote: Counting objects:  26% (1015/3902)        
2022-04-27T19:09:14.6284645Z remote: Counting objects:  27% (1054/3902)        
2022-04-27T19:09:14.6284953Z remote: Counting objects:  28% (1093/3902)        
2022-04-27T19:09:14.6285223Z remote: Counting objects:  29% (1132/3902)        
2022-04-27T19:09:14.6285511Z remote: Counting objects:  30% (1171/3902)        
2022-04-27T19:09:14.6285797Z remote: Counting objects:  31% (1210/3902)        
2022-04-27T19:09:14.6286067Z remote: Counting objects:  32% (1249/3902)        
2022-04-27T19:09:14.6286352Z remote: Counting objects:  33% (1288/3902)        
2022-04-27T19:09:14.6286637Z remote: Counting objects:  34% (1327/3902)        
2022-04-27T19:09:14.6286921Z remote: Counting objects:  35% (1366/3902)        
2022-04-27T19:09:14.6287192Z remote: Counting objects:  36% (1405/3902)        
2022-04-27T19:09:14.6287481Z remote: Counting objects:  37% (1444/3902)        
2022-04-27T19:09:14.6287764Z remote: Counting objects:  38% (1483/3902)        
2022-04-27T19:09:14.6288032Z remote: Counting objects:  39% (1522/3902)        
2022-04-27T19:09:14.6288315Z remote: Counting objects:  40% (1561/3902)        
2022-04-27T19:09:14.6288597Z remote: Counting objects:  41% (1600/3902)        
2022-04-27T19:09:14.6288864Z remote: Counting objects:  42% (1639/3902)        
2022-04-27T19:09:14.6289146Z remote: Counting objects:  43% (1678/3902)        
2022-04-27T19:09:14.6289427Z remote: Counting objects:  44% (1717/3902)        
2022-04-27T19:09:14.6289708Z remote: Counting objects:  45% (1756/3902)        
2022-04-27T19:09:14.6289975Z remote: Counting objects:  46% (1795/3902)        
2022-04-27T19:09:14.6290261Z remote: Counting objects:  47% (1834/3902)        
2022-04-27T19:09:14.6290848Z remote: Counting objects:  48% (1873/3902)        
2022-04-27T19:09:14.6291517Z remote: Counting objects:  49% (1912/3902)        
2022-04-27T19:09:14.6291965Z remote: Counting objects:  50% (1951/3902)        
2022-04-27T19:09:14.6292246Z remote: Counting objects:  51% (1991/3902)        
2022-04-27T19:09:14.6292513Z remote: Counting objects:  52% (2030/3902)        
2022-04-27T19:09:14.6292794Z remote: Counting objects:  53% (2069/3902)        
2022-04-27T19:09:14.6293073Z remote: Counting objects:  54% (2108/3902)        
2022-04-27T19:09:14.6293354Z remote: Counting objects:  55% (2147/3902)        
2022-04-27T19:09:14.6293618Z remote: Counting objects:  56% (2186/3902)        
2022-04-27T19:09:14.6293896Z remote: Counting objects:  57% (2225/3902)        
2022-04-27T19:09:14.6294175Z remote: Counting objects:  58% (2264/3902)        
2022-04-27T19:09:14.6294438Z remote: Counting objects:  59% (2303/3902)        
2022-04-27T19:09:14.6294719Z remote: Counting objects:  60% (2342/3902)        
2022-04-27T19:09:14.6545906Z remote: Counting objects:  61% (2381/3902)        
2022-04-27T19:09:14.6546504Z remote: Counting objects:  62% (2420/3902)        
2022-04-27T19:09:14.6546790Z remote: Counting objects:  63% (2459/3902)        
2022-04-27T19:09:14.6547084Z remote: Counting objects:  64% (2498/3902)        
2022-04-27T19:09:14.6547528Z remote: Counting objects:  65% (2537/3902)        
2022-04-27T19:09:14.6547818Z remote: Counting objects:  66% (2576/3902)        
2022-04-27T19:09:14.6548262Z remote: Counting objects:  67% (2615/3902)        
2022-04-27T19:09:14.6548557Z remote: Counting objects:  68% (2654/3902)        
2022-04-27T19:09:14.6548852Z remote: Counting objects:  69% (2693/3902)        
2022-04-27T19:09:14.6549131Z remote: Counting objects:  70% (2732/3902)        
2022-04-27T19:09:14.6549422Z remote: Counting objects:  71% (2771/3902)        
2022-04-27T19:09:14.6549714Z remote: Counting objects:  72% (2810/3902)        
2022-04-27T19:09:14.6549989Z remote: Counting objects:  73% (2849/3902)        
2022-04-27T19:09:14.6550285Z remote: Counting objects:  74% (2888/3902)        
2022-04-27T19:09:14.6550580Z remote: Counting objects:  75% (2927/3902)        
2022-04-27T19:09:14.6551181Z remote: Counting objects:  76% (2966/3902)        
2022-04-27T19:09:14.6551458Z remote: Counting objects:  77% (3005/3902)        
2022-04-27T19:09:14.6551750Z remote: Counting objects:  78% (3044/3902)        
2022-04-27T19:09:14.6552042Z remote: Counting objects:  79% (3083/3902)        
2022-04-27T19:09:14.6552318Z remote: Counting objects:  80% (3122/3902)        
2022-04-27T19:09:14.6552614Z remote: Counting objects:  81% (3161/3902)        
2022-04-27T19:09:14.6552905Z remote: Counting objects:  82% (3200/3902)        
2022-04-27T19:09:14.6553180Z remote: Counting objects:  83% (3239/3902)        
2022-04-27T19:09:14.6553470Z remote: Counting objects:  84% (3278/3902)        
2022-04-27T19:09:14.6553760Z remote: Counting objects:  85% (3317/3902)        
2022-04-27T19:09:14.6554052Z remote: Counting objects:  86% (3356/3902)        
2022-04-27T19:09:14.6554334Z remote: Counting objects:  87% (3395/3902)        
2022-04-27T19:09:14.6554626Z remote: Counting objects:  88% (3434/3902)        
2022-04-27T19:09:14.6555117Z remote: Counting objects:  89% (3473/3902)        
2022-04-27T19:09:14.6555815Z remote: Counting objects:  90% (3512/3902)        
2022-04-27T19:09:14.6556423Z remote: Counting objects:  91% (3551/3902)        
2022-04-27T19:09:14.6556741Z remote: Counting objects:  92% (3590/3902)        
2022-04-27T19:09:14.6557019Z remote: Counting objects:  93% (3629/3902)        
2022-04-27T19:09:14.6557313Z remote: Counting objects:  94% (3668/3902)        
2022-04-27T19:09:14.6557607Z remote: Counting objects:  95% (3707/3902)        
2022-04-27T19:09:14.6557901Z remote: Counting objects:  96% (3746/3902)        
2022-04-27T19:09:14.6558178Z remote: Counting objects:  97% (3785/3902)        
2022-04-27T19:09:14.6558474Z remote: Counting objects:  98% (3824/3902)        
2022-04-27T19:09:14.6693936Z remote: Counting objects:  99% (3863/3902)        
2022-04-27T19:09:14.6696175Z remote: Counting objects: 100% (3902/3902)        
2022-04-27T19:09:14.6696837Z remote: Counting objects: 100% (3902/3902), done.        
2022-04-27T19:09:14.6697539Z remote: Compressing objects:   0% (1/2948)        
2022-04-27T19:09:14.6697873Z remote: Compressing objects:   1% (30/2948)        
2022-04-27T19:09:14.6698189Z remote: Compressing objects:   2% (59/2948)        
2022-04-27T19:09:14.6698481Z remote: Compressing objects:   3% (89/2948)        
2022-04-27T19:09:14.6698775Z remote: Compressing objects:   4% (118/2948)        
2022-04-27T19:09:14.6699233Z remote: Compressing objects:   5% (148/2948)        
2022-04-27T19:09:14.6699535Z remote: Compressing objects:   6% (177/2948)        
2022-04-27T19:09:14.6699838Z remote: Compressing objects:   7% (207/2948)        
2022-04-27T19:09:14.6700121Z remote: Compressing objects:   8% (236/2948)        
2022-04-27T19:09:14.6700421Z remote: Compressing objects:   9% (266/2948)        
2022-04-27T19:09:14.6700902Z remote: Compressing objects:  10% (295/2948)        
2022-04-27T19:09:14.6701197Z remote: Compressing objects:  11% (325/2948)        
2022-04-27T19:09:14.6701508Z remote: Compressing objects:  12% (354/2948)        
2022-04-27T19:09:14.6701814Z remote: Compressing objects:  13% (384/2948)        
2022-04-27T19:09:14.6702130Z remote: Compressing objects:  14% (413/2948)        
2022-04-27T19:09:14.6815465Z remote: Compressing objects:  15% (443/2948)        
2022-04-27T19:09:14.6945170Z remote: Compressing objects:  16% (472/2948)        
2022-04-27T19:09:14.7043508Z remote: Compressing objects:  17% (502/2948)        
2022-04-27T19:09:14.7131346Z remote: Compressing objects:  18% (531/2948)        
2022-04-27T19:09:14.7247712Z remote: Compressing objects:  19% (561/2948)        
2022-04-27T19:09:14.7333497Z remote: Compressing objects:  20% (590/2948)        
2022-04-27T19:09:14.7406873Z remote: Compressing objects:  21% (620/2948)        
2022-04-27T19:09:14.7533831Z remote: Compressing objects:  22% (649/2948)        
2022-04-27T19:09:14.7638461Z remote: Compressing objects:  23% (679/2948)        
2022-04-27T19:09:14.7691264Z remote: Compressing objects:  24% (708/2948)        
2022-04-27T19:09:14.7831301Z remote: Compressing objects:  25% (737/2948)        
2022-04-27T19:09:14.7966244Z remote: Compressing objects:  26% (767/2948)        
2022-04-27T19:09:14.8122629Z remote: Compressing objects:  27% (796/2948)        
2022-04-27T19:09:14.8259160Z remote: Compressing objects:  28% (826/2948)        
2022-04-27T19:09:14.8428477Z remote: Compressing objects:  29% (855/2948)        
2022-04-27T19:09:14.8469255Z remote: Compressing objects:  30% (885/2948)        
2022-04-27T19:09:14.8591278Z remote: Compressing objects:  31% (914/2948)        
2022-04-27T19:09:14.8637609Z remote: Compressing objects:  32% (944/2948)        
2022-04-27T19:09:14.8695030Z remote: Compressing objects:  33% (973/2948)        
2022-04-27T19:09:14.8751656Z remote: Compressing objects:  34% (1003/2948)        
2022-04-27T19:09:14.8816434Z remote: Compressing objects:  35% (1032/2948)        
2022-04-27T19:09:14.8964672Z remote: Compressing objects:  36% (1062/2948)        
2022-04-27T19:09:14.9015506Z remote: Compressing objects:  37% (1091/2948)        
2022-04-27T19:09:14.9089726Z remote: Compressing objects:  38% (1121/2948)        
2022-04-27T19:09:14.9230163Z remote: Compressing objects:  39% (1150/2948)        
2022-04-27T19:09:14.9302569Z remote: Compressing objects:  40% (1180/2948)        
2022-04-27T19:09:14.9356578Z remote: Compressing objects:  41% (1209/2948)        
2022-04-27T19:09:14.9398055Z remote: Compressing objects:  42% (1239/2948)        
2022-04-27T19:09:14.9417032Z remote: Compressing objects:  43% (1268/2948)        
2022-04-27T19:09:14.9518771Z remote: Compressing objects:  44% (1298/2948)        
2022-04-27T19:09:14.9675861Z remote: Compressing objects:  45% (1327/2948)        
2022-04-27T19:09:14.9756551Z remote: Compressing objects:  46% (1357/2948)        
2022-04-27T19:09:14.9934674Z remote: Compressing objects:  47% (1386/2948)        
2022-04-27T19:09:15.0024652Z remote: Compressing objects:  48% (1416/2948)        
2022-04-27T19:09:15.0127305Z remote: Compressing objects:  49% (1445/2948)        
2022-04-27T19:09:15.0191224Z remote: Compressing objects:  50% (1474/2948)        
2022-04-27T19:09:15.0191583Z remote: Compressing objects:  51% (1504/2948)        
2022-04-27T19:09:15.0336477Z remote: Compressing objects:  52% (1533/2948)        
2022-04-27T19:09:15.0336847Z remote: Compressing objects:  53% (1563/2948)        
2022-04-27T19:09:15.0351386Z remote: Compressing objects:  54% (1592/2948)        
2022-04-27T19:09:15.0363780Z remote: Compressing objects:  55% (1622/2948)        
2022-04-27T19:09:15.0368782Z remote: Compressing objects:  56% (1651/2948)        
2022-04-27T19:09:15.0437714Z remote: Compressing objects:  57% (1681/2948)        
2022-04-27T19:09:15.0438074Z remote: Compressing objects:  58% (1710/2948)        
2022-04-27T19:09:15.0438399Z remote: Compressing objects:  59% (1740/2948)        
2022-04-27T19:09:15.0438726Z remote: Compressing objects:  60% (1769/2948)        
2022-04-27T19:09:15.0439026Z remote: Compressing objects:  61% (1799/2948)        
2022-04-27T19:09:15.0439355Z remote: Compressing objects:  62% (1828/2948)        
2022-04-27T19:09:15.0439667Z remote: Compressing objects:  63% (1858/2948)        
2022-04-27T19:09:15.0439962Z remote: Compressing objects:  64% (1887/2948)        
2022-04-27T19:09:15.0440275Z remote: Compressing objects:  65% (1917/2948)        
2022-04-27T19:09:15.0440585Z remote: Compressing objects:  66% (1946/2948)        
2022-04-27T19:09:15.0440879Z remote: Compressing objects:  67% (1976/2948)        
2022-04-27T19:09:15.0441192Z remote: Compressing objects:  68% (2005/2948)        
2022-04-27T19:09:15.0441502Z remote: Compressing objects:  69% (2035/2948)        
2022-04-27T19:09:15.0441792Z remote: Compressing objects:  70% (2064/2948)        
2022-04-27T19:09:15.0442098Z remote: Compressing objects:  71% (2094/2948)        
2022-04-27T19:09:15.0442414Z remote: Compressing objects:  72% (2123/2948)        
2022-04-27T19:09:15.0442722Z remote: Compressing objects:  73% (2153/2948)        
2022-04-27T19:09:15.0443485Z remote: Compressing objects:  74% (2182/2948)        
2022-04-27T19:09:15.0444117Z remote: Compressing objects:  75% (2211/2948)        
2022-04-27T19:09:15.0444581Z remote: Compressing objects:  76% (2241/2948)        
2022-04-27T19:09:15.0444855Z remote: Compressing objects:  77% (2270/2948)        
2022-04-27T19:09:15.0445569Z remote: Compressing objects:  78% (2300/2948)        
2022-04-27T19:09:15.0481209Z remote: Compressing objects:  79% (2329/2948)        
2022-04-27T19:09:15.0485024Z remote: Compressing objects:  80% (2359/2948)        
2022-04-27T19:09:15.0485464Z remote: Compressing objects:  81% (2388/2948)        
2022-04-27T19:09:15.0490414Z remote: Compressing objects:  82% (2418/2948)        
2022-04-27T19:09:15.0490854Z remote: Compressing objects:  83% (2447/2948)        
2022-04-27T19:09:15.0491212Z remote: Compressing objects:  84% (2477/2948)        
2022-04-27T19:09:15.0491532Z remote: Compressing objects:  85% (2506/2948)        
2022-04-27T19:09:15.0498322Z remote: Compressing objects:  86% (2536/2948)        
2022-04-27T19:09:15.0504236Z remote: Compressing objects:  87% (2565/2948)        
2022-04-27T19:09:15.0504570Z remote: Compressing objects:  88% (2595/2948)        
2022-04-27T19:09:15.0505044Z remote: Compressing objects:  89% (2624/2948)        
2022-04-27T19:09:15.0505346Z remote: Compressing objects:  90% (2654/2948)        
2022-04-27T19:09:15.0505788Z remote: Compressing objects:  91% (2683/2948)        
2022-04-27T19:09:15.0506079Z remote: Compressing objects:  92% (2713/2948)        
2022-04-27T19:09:15.0506365Z remote: Compressing objects:  93% (2742/2948)        
2022-04-27T19:09:15.0506697Z remote: Compressing objects:  94% (2772/2948)        
2022-04-27T19:09:15.0509737Z remote: Compressing objects:  95% (2801/2948)        
2022-04-27T19:09:15.0510136Z remote: Compressing objects:  96% (2831/2948)        
2022-04-27T19:09:15.0510681Z remote: Compressing objects:  97% (2860/2948)        
2022-04-27T19:09:15.0511017Z remote: Compressing objects:  98% (2890/2948)        
2022-04-27T19:09:15.0511342Z remote: Compressing objects:  99% (2919/2948)        
2022-04-27T19:09:15.0512319Z remote: Compressing objects: 100% (2948/2948)        
2022-04-27T19:09:15.0512640Z remote: Compressing objects: 100% (2948/2948), done.        
2022-04-27T19:09:15.0895992Z Receiving objects:   0% (1/3902)
2022-04-27T19:09:15.2095043Z Receiving objects:   1% (40/3902)
2022-04-27T19:09:15.2163180Z Receiving objects:   2% (79/3902)
2022-04-27T19:09:15.2249121Z Receiving objects:   3% (118/3902)
2022-04-27T19:09:15.2251457Z Receiving objects:   4% (157/3902)
2022-04-27T19:09:15.2251746Z Receiving objects:   5% (196/3902)
2022-04-27T19:09:15.2283828Z Receiving objects:   6% (235/3902)
2022-04-27T19:09:15.2302848Z Receiving objects:   7% (274/3902)
2022-04-27T19:09:15.2319715Z Receiving objects:   8% (313/3902)
2022-04-27T19:09:15.2355197Z Receiving objects:   9% (352/3902)
2022-04-27T19:09:15.2373418Z Receiving objects:  10% (391/3902)
2022-04-27T19:09:15.2396807Z Receiving objects:  11% (430/3902)
2022-04-27T19:09:15.2397107Z Receiving objects:  12% (469/3902)
2022-04-27T19:09:15.2433937Z Receiving objects:  13% (508/3902)
2022-04-27T19:09:15.2495562Z Receiving objects:  14% (547/3902)
2022-04-27T19:09:15.2549503Z Receiving objects:  15% (586/3902)
2022-04-27T19:09:15.2578606Z Receiving objects:  16% (625/3902)
2022-04-27T19:09:15.2579011Z Receiving objects:  17% (664/3902)
2022-04-27T19:09:15.2581600Z Receiving objects:  18% (703/3902)
2022-04-27T19:09:15.2583990Z Receiving objects:  19% (742/3902)
2022-04-27T19:09:15.2585197Z Receiving objects:  20% (781/3902)
2022-04-27T19:09:15.2585463Z Receiving objects:  21% (820/3902)
2022-04-27T19:09:15.2588157Z Receiving objects:  22% (859/3902)
2022-04-27T19:09:15.2588443Z Receiving objects:  23% (898/3902)
2022-04-27T19:09:15.2588691Z Receiving objects:  24% (937/3902)
2022-04-27T19:09:15.2588967Z Receiving objects:  25% (976/3902)
2022-04-27T19:09:15.2589236Z Receiving objects:  26% (1015/3902)
2022-04-27T19:09:15.2590645Z Receiving objects:  27% (1054/3902)
2022-04-27T19:09:15.2595839Z Receiving objects:  28% (1093/3902)
2022-04-27T19:09:15.2618376Z Receiving objects:  29% (1132/3902)
2022-04-27T19:09:15.2651830Z Receiving objects:  30% (1171/3902)
2022-04-27T19:09:15.2692930Z Receiving objects:  31% (1210/3902)
2022-04-27T19:09:15.2693699Z Receiving objects:  32% (1249/3902)
2022-04-27T19:09:15.2703967Z Receiving objects:  33% (1288/3902)
2022-04-27T19:09:15.2754845Z Receiving objects:  34% (1327/3902)
2022-04-27T19:09:15.2755184Z Receiving objects:  35% (1366/3902)
2022-04-27T19:09:15.2755747Z Receiving objects:  36% (1405/3902)
2022-04-27T19:09:15.2756049Z Receiving objects:  37% (1444/3902)
2022-04-27T19:09:15.2756479Z Receiving objects:  38% (1483/3902)
2022-04-27T19:09:15.2757916Z Receiving objects:  39% (1522/3902)
2022-04-27T19:09:15.2758189Z Receiving objects:  40% (1561/3902)
2022-04-27T19:09:15.2761892Z Receiving objects:  41% (1600/3902)
2022-04-27T19:09:15.2786902Z Receiving objects:  42% (1639/3902)
2022-04-27T19:09:15.2829848Z Receiving objects:  43% (1678/3902)
2022-04-27T19:09:15.2830152Z Receiving objects:  44% (1717/3902)
2022-04-27T19:09:15.2849357Z Receiving objects:  45% (1756/3902)
2022-04-27T19:09:15.2864595Z Receiving objects:  46% (1795/3902)
2022-04-27T19:09:15.2896071Z Receiving objects:  47% (1834/3902)
2022-04-27T19:09:15.2911103Z Receiving objects:  48% (1873/3902)
2022-04-27T19:09:15.2950785Z Receiving objects:  49% (1912/3902)
2022-04-27T19:09:15.3016639Z Receiving objects:  50% (1951/3902)
2022-04-27T19:09:15.3030231Z Receiving objects:  51% (1991/3902)
2022-04-27T19:09:15.3073746Z Receiving objects:  52% (2030/3902)
2022-04-27T19:09:15.3083001Z Receiving objects:  53% (2069/3902)
2022-04-27T19:09:15.3095585Z Receiving objects:  54% (2108/3902)
2022-04-27T19:09:15.3155600Z Receiving objects:  55% (2147/3902)
2022-04-27T19:09:15.3155905Z Receiving objects:  56% (2186/3902)
2022-04-27T19:09:15.3156441Z Receiving objects:  57% (2225/3902)
2022-04-27T19:09:15.3174262Z Receiving objects:  58% (2264/3902)
2022-04-27T19:09:15.3294287Z Receiving objects:  59% (2303/3902)
2022-04-27T19:09:15.3331052Z Receiving objects:  60% (2342/3902)
2022-04-27T19:09:15.3381039Z Receiving objects:  61% (2381/3902)
2022-04-27T19:09:15.3397366Z Receiving objects:  62% (2420/3902)
2022-04-27T19:09:15.3398039Z Receiving objects:  63% (2459/3902)
2022-04-27T19:09:15.3403035Z Receiving objects:  64% (2498/3902)
2022-04-27T19:09:15.3403747Z Receiving objects:  65% (2537/3902)
2022-04-27T19:09:15.3421726Z Receiving objects:  66% (2576/3902)
2022-04-27T19:09:15.3422317Z Receiving objects:  67% (2615/3902)
2022-04-27T19:09:15.3425581Z Receiving objects:  68% (2654/3902)
2022-04-27T19:09:15.3426151Z Receiving objects:  69% (2693/3902)
2022-04-27T19:09:15.3428641Z Receiving objects:  70% (2732/3902)
2022-04-27T19:09:15.3429184Z Receiving objects:  71% (2771/3902)
2022-04-27T19:09:15.3431969Z Receiving objects:  72% (2810/3902)
2022-04-27T19:09:15.3432548Z Receiving objects:  73% (2849/3902)
2022-04-27T19:09:15.3433330Z Receiving objects:  74% (2888/3902)
2022-04-27T19:09:15.3433845Z Receiving objects:  75% (2927/3902)
2022-04-27T19:09:15.3435674Z Receiving objects:  76% (2966/3902)
2022-04-27T19:09:15.3436268Z Receiving objects:  77% (3005/3902)
2022-04-27T19:09:15.3438305Z Receiving objects:  78% (3044/3902)
2022-04-27T19:09:15.3438852Z Receiving objects:  79% (3083/3902)
2022-04-27T19:09:15.3440899Z Receiving objects:  80% (3122/3902)
2022-04-27T19:09:15.3441442Z Receiving objects:  81% (3161/3902)
2022-04-27T19:09:15.3442248Z Receiving objects:  82% (3200/3902)
2022-04-27T19:09:15.3442735Z Receiving objects:  83% (3239/3902)
2022-04-27T19:09:15.3444264Z Receiving objects:  84% (3278/3902)
2022-04-27T19:09:15.3444913Z Receiving objects:  85% (3317/3902)
2022-04-27T19:09:15.3445754Z Receiving objects:  86% (3356/3902)
2022-04-27T19:09:15.3464722Z Receiving objects:  87% (3395/3902)
2022-04-27T19:09:15.3508520Z Receiving objects:  88% (3434/3902)
2022-04-27T19:09:15.3521310Z Receiving objects:  89% (3473/3902)
2022-04-27T19:09:15.3552237Z Receiving objects:  90% (3512/3902)
2022-04-27T19:09:15.3579475Z Receiving objects:  91% (3551/3902)
2022-04-27T19:09:15.3620238Z Receiving objects:  92% (3590/3902)
2022-04-27T19:09:15.3658657Z Receiving objects:  93% (3629/3902)
2022-04-27T19:09:15.3669534Z Receiving objects:  94% (3668/3902)
2022-04-27T19:09:15.3687890Z Receiving objects:  95% (3707/3902)
2022-04-27T19:09:15.3699577Z Receiving objects:  96% (3746/3902)
2022-04-27T19:09:15.3738722Z Receiving objects:  97% (3785/3902)
2022-04-27T19:09:15.3767444Z Receiving objects:  98% (3824/3902)
2022-04-27T19:09:15.4116619Z Receiving objects:  99% (3863/3902)
2022-04-27T19:09:15.4117791Z remote: Total 3902 (delta 305), reused 2592 (delta 219), pack-reused 0        
2022-04-27T19:09:15.4129224Z Receiving objects: 100% (3902/3902)
2022-04-27T19:09:15.4129851Z Receiving objects: 100% (3902/3902), 5.07 MiB | 14.23 MiB/s, done.
2022-04-27T19:09:15.4137123Z Resolving deltas:   0% (0/305)
2022-04-27T19:09:15.4142256Z Resolving deltas:   1% (4/305)
2022-04-27T19:09:15.4147734Z Resolving deltas:   2% (7/305)
2022-04-27T19:09:15.4152691Z Resolving deltas:   3% (10/305)
2022-04-27T19:09:15.4158623Z Resolving deltas:   4% (13/305)
2022-04-27T19:09:15.4164866Z Resolving deltas:   5% (16/305)
2022-04-27T19:09:15.4168544Z Resolving deltas:   6% (19/305)
2022-04-27T19:09:15.4177760Z Resolving deltas:   7% (22/305)
2022-04-27T19:09:15.4189611Z Resolving deltas:   8% (25/305)
2022-04-27T19:09:15.4199667Z Resolving deltas:   9% (28/305)
2022-04-27T19:09:15.4206974Z Resolving deltas:  10% (31/305)
2022-04-27T19:09:15.4213789Z Resolving deltas:  11% (34/305)
2022-04-27T19:09:15.4218200Z Resolving deltas:  12% (37/305)
2022-04-27T19:09:15.4221972Z Resolving deltas:  13% (40/305)
2022-04-27T19:09:15.4235113Z Resolving deltas:  14% (43/305)
2022-04-27T19:09:15.4242706Z Resolving deltas:  15% (46/305)
2022-04-27T19:09:15.4247321Z Resolving deltas:  16% (49/305)
2022-04-27T19:09:15.4253562Z Resolving deltas:  17% (52/305)
2022-04-27T19:09:15.4259488Z Resolving deltas:  18% (55/305)
2022-04-27T19:09:15.4265149Z Resolving deltas:  19% (58/305)
2022-04-27T19:09:15.4274180Z Resolving deltas:  20% (61/305)
2022-04-27T19:09:15.4281129Z Resolving deltas:  21% (65/305)
2022-04-27T19:09:15.4286988Z Resolving deltas:  22% (68/305)
2022-04-27T19:09:15.4299002Z Resolving deltas:  23% (71/305)
2022-04-27T19:09:15.4305768Z Resolving deltas:  24% (74/305)
2022-04-27T19:09:15.4311870Z Resolving deltas:  25% (77/305)
2022-04-27T19:09:15.4319409Z Resolving deltas:  26% (80/305)
2022-04-27T19:09:15.4323871Z Resolving deltas:  27% (83/305)
2022-04-27T19:09:15.4347213Z Resolving deltas:  28% (86/305)
2022-04-27T19:09:15.4351455Z Resolving deltas:  29% (89/305)
2022-04-27T19:09:15.4356049Z Resolving deltas:  30% (92/305)
2022-04-27T19:09:15.4360441Z Resolving deltas:  31% (95/305)
2022-04-27T19:09:15.4364615Z Resolving deltas:  32% (98/305)
2022-04-27T19:09:15.4370463Z Resolving deltas:  33% (101/305)
2022-04-27T19:09:15.4375885Z Resolving deltas:  34% (104/305)
2022-04-27T19:09:15.4381222Z Resolving deltas:  35% (107/305)
2022-04-27T19:09:15.4387773Z Resolving deltas:  36% (110/305)
2022-04-27T19:09:15.4393202Z Resolving deltas:  37% (113/305)
2022-04-27T19:09:15.4401527Z Resolving deltas:  38% (116/305)
2022-04-27T19:09:15.4407877Z Resolving deltas:  39% (119/305)
2022-04-27T19:09:15.4413512Z Resolving deltas:  40% (122/305)
2022-04-27T19:09:15.4419076Z Resolving deltas:  41% (126/305)
2022-04-27T19:09:15.4425456Z Resolving deltas:  42% (129/305)
2022-04-27T19:09:15.4433286Z Resolving deltas:  43% (132/305)
2022-04-27T19:09:15.4439592Z Resolving deltas:  44% (135/305)
2022-04-27T19:09:15.4444734Z Resolving deltas:  45% (138/305)
2022-04-27T19:09:15.4450334Z Resolving deltas:  46% (141/305)
2022-04-27T19:09:15.4455277Z Resolving deltas:  47% (144/305)
2022-04-27T19:09:15.4459972Z Resolving deltas:  48% (147/305)
2022-04-27T19:09:15.4464625Z Resolving deltas:  49% (150/305)
2022-04-27T19:09:15.4470008Z Resolving deltas:  50% (153/305)
2022-04-27T19:09:15.4474885Z Resolving deltas:  51% (156/305)
2022-04-27T19:09:15.4483156Z Resolving deltas:  52% (159/305)
2022-04-27T19:09:15.4488304Z Resolving deltas:  53% (162/305)
2022-04-27T19:09:15.4496343Z Resolving deltas:  54% (165/305)
2022-04-27T19:09:15.4496620Z Resolving deltas:  55% (168/305)
2022-04-27T19:09:15.4500381Z Resolving deltas:  56% (171/305)
2022-04-27T19:09:15.4504688Z Resolving deltas:  57% (174/305)
2022-04-27T19:09:15.4509599Z Resolving deltas:  58% (177/305)
2022-04-27T19:09:15.4518698Z Resolving deltas:  59% (180/305)
2022-04-27T19:09:15.4528302Z Resolving deltas:  60% (183/305)
2022-04-27T19:09:15.4534067Z Resolving deltas:  61% (187/305)
2022-04-27T19:09:15.4540391Z Resolving deltas:  62% (190/305)
2022-04-27T19:09:15.4545860Z Resolving deltas:  63% (193/305)
2022-04-27T19:09:15.4550725Z Resolving deltas:  64% (196/305)
2022-04-27T19:09:15.4556111Z Resolving deltas:  65% (199/305)
2022-04-27T19:09:15.4561073Z Resolving deltas:  66% (202/305)
2022-04-27T19:09:15.4566162Z Resolving deltas:  67% (205/305)
2022-04-27T19:09:15.4571016Z Resolving deltas:  68% (208/305)
2022-04-27T19:09:15.4576274Z Resolving deltas:  69% (211/305)
2022-04-27T19:09:15.4582157Z Resolving deltas:  70% (214/305)
2022-04-27T19:09:15.4590659Z Resolving deltas:  71% (217/305)
2022-04-27T19:09:15.4597688Z Resolving deltas:  72% (220/305)
2022-04-27T19:09:15.4604471Z Resolving deltas:  73% (223/305)
2022-04-27T19:09:15.4612170Z Resolving deltas:  74% (226/305)
2022-04-27T19:09:15.4619083Z Resolving deltas:  75% (229/305)
2022-04-27T19:09:15.4624317Z Resolving deltas:  76% (232/305)
2022-04-27T19:09:15.4630787Z Resolving deltas:  77% (235/305)
2022-04-27T19:09:15.4660173Z Resolving deltas:  78% (238/305)
2022-04-27T19:09:15.4660462Z Resolving deltas:  79% (241/305)
2022-04-27T19:09:15.4660723Z Resolving deltas:  80% (244/305)
2022-04-27T19:09:15.4660956Z Resolving deltas:  81% (248/305)
2022-04-27T19:09:15.4661205Z Resolving deltas:  82% (251/305)
2022-04-27T19:09:15.4661768Z Resolving deltas:  83% (254/305)
2022-04-27T19:09:15.4662041Z Resolving deltas:  84% (257/305)
2022-04-27T19:09:15.4662301Z Resolving deltas:  85% (260/305)
2022-04-27T19:09:15.4664648Z Resolving deltas:  86% (263/305)
2022-04-27T19:09:15.4666753Z Resolving deltas:  87% (266/305)
2022-04-27T19:09:15.4668119Z Resolving deltas:  88% (269/305)
2022-04-27T19:09:15.4669360Z Resolving deltas:  89% (272/305)
2022-04-27T19:09:15.4671038Z Resolving deltas:  90% (275/305)
2022-04-27T19:09:15.4675061Z Resolving deltas:  91% (278/305)
2022-04-27T19:09:15.4694323Z Resolving deltas:  92% (281/305)
2022-04-27T19:09:15.4699019Z Resolving deltas:  93% (284/305)
2022-04-27T19:09:15.4701931Z Resolving deltas:  94% (287/305)
2022-04-27T19:09:15.4704017Z Resolving deltas:  95% (290/305)
2022-04-27T19:09:15.4706698Z Resolving deltas:  96% (293/305)
2022-04-27T19:09:15.4709214Z Resolving deltas:  97% (296/305)
2022-04-27T19:09:15.4712093Z Resolving deltas:  98% (299/305)
2022-04-27T19:09:15.4718672Z Resolving deltas:  99% (302/305)
2022-04-27T19:09:15.4737079Z Resolving deltas: 100% (305/305)
2022-04-27T19:09:15.4737685Z Resolving deltas: 100% (305/305), done.
2022-04-27T19:09:15.5000187Z From https://github.com/hashicorp/terraform
2022-04-27T19:09:15.5001353Z  * [new ref]         f07af2a4938b9b4fde0521532c55beed55f1feaf -> origin/v1.2
2022-04-27T19:09:15.5054311Z ##[endgroup]
2022-04-27T19:09:15.5055515Z ##[group]Determining the checkout info
2022-04-27T19:09:15.5056480Z ##[endgroup]
2022-04-27T19:09:15.5057994Z ##[group]Checking out the ref
2022-04-27T19:09:15.5058814Z [command]/usr/bin/git checkout --progress --force -B v1.2 refs/remotes/origin/v1.2
2022-04-27T19:09:15.7529876Z Switched to a new branch 'v1.2'
2022-04-27T19:09:15.7530319Z branch 'v1.2' set up to track 'origin/v1.2'.
2022-04-27T19:09:15.7539841Z ##[endgroup]
2022-04-27T19:09:15.7599755Z [command]/usr/bin/git log -1 --format='%H'
2022-04-27T19:09:15.7635976Z 'f07af2a4938b9b4fde0521532c55beed55f1feaf'
2022-04-27T19:09:15.8130062Z ##[group]Run hashicorp/actions-docker-build@v1
2022-04-27T19:09:15.8130366Z with:
2022-04-27T19:09:15.8130612Z   version: 1.2.0-alpha20220413-44-gf07af2a49
2022-04-27T19:09:15.8131039Z   target: default
2022-04-27T19:09:15.8131235Z   arch: amd64
2022-04-27T19:09:15.8131501Z   dockerfile: .github/workflows/build-Dockerfile
2022-04-27T19:09:15.8131988Z   tags: docker.io/hashicorp/terraform:1.2.0-alpha20220413-44-gf07af2a49
986891699432.dkr.ecr.us-east-1.amazonaws.com/hashicorp/terraform:1.2.0-alpha20220413-44-gf07af2a49

2022-04-27T19:09:15.8132399Z   arm_version: 6
2022-04-27T19:09:15.8132612Z   workdir: .
2022-04-27T19:09:15.8132809Z env:
2022-04-27T19:09:15.8133002Z   PKG_NAME: terraform
2022-04-27T19:09:15.8133232Z   repo: terraform
2022-04-27T19:09:15.8133484Z   version: 1.2.0-alpha20220413-44-gf07af2a49
2022-04-27T19:09:15.8133731Z ##[endgroup]
2022-04-27T19:09:15.8455536Z ##[group]Run echo "REPO_NAME=$(echo hashicorp/terraform | cut -f2 -d "/")" >> $GITHUB_ENV
2022-04-27T19:09:15.8456199Z [36;1mecho "REPO_NAME=$(echo hashicorp/terraform | cut -f2 -d "/")" >> $GITHUB_ENV[0m
2022-04-27T19:09:15.8526333Z shell: /usr/bin/bash --noprofile --norc -e -o pipefail {0}
2022-04-27T19:09:15.8526657Z env:
2022-04-27T19:09:15.8526891Z   PKG_NAME: terraform
2022-04-27T19:09:15.8527118Z   repo: terraform
2022-04-27T19:09:15.8527392Z   version: 1.2.0-alpha20220413-44-gf07af2a49
2022-04-27T19:09:15.8527660Z ##[endgroup]
2022-04-27T19:09:15.8787974Z ##[group]Run /home/runner/work/_actions/hashicorp/actions-docker-build/v1/scripts/digest_inputs
2022-04-27T19:09:15.8788455Z [36;1m/home/runner/work/_actions/hashicorp/actions-docker-build/v1/scripts/digest_inputs[0m
2022-04-27T19:09:15.8843707Z shell: /usr/bin/bash --noprofile --norc -e -o pipefail {0}
2022-04-27T19:09:15.8843984Z env:
2022-04-27T19:09:15.8844198Z   PKG_NAME: 
2022-04-27T19:09:15.8844424Z   repo: terraform
2022-04-27T19:09:15.8844680Z   version: 1.2.0-alpha20220413-44-gf07af2a49
2022-04-27T19:09:15.8844956Z   REPO_NAME: terraform
2022-04-27T19:09:15.8845252Z   REVISION: f07af2a4938b9b4fde0521532c55beed55f1feaf
2022-04-27T19:09:15.8845557Z   VERSION: 1.2.0-alpha20220413-44-gf07af2a49
2022-04-27T19:09:15.8845827Z   ARCH: amd64
2022-04-27T19:09:15.8846271Z   TAGS: docker.io/hashicorp/terraform:1.2.0-alpha20220413-44-gf07af2a49
986891699432.dkr.ecr.us-east-1.amazonaws.com/hashicorp/terraform:1.2.0-alpha20220413-44-gf07af2a49

2022-04-27T19:09:15.8846707Z   REDHAT_TAG: 
2022-04-27T19:09:15.8846914Z   TARGET: default
2022-04-27T19:09:15.8847137Z   DEV_TAGS: 
2022-04-27T19:09:15.8847352Z   ARM_VERSION: 6
2022-04-27T19:09:15.8847552Z   WORKDIR: .
2022-04-27T19:09:15.8847763Z   ZIP_NAME: 
2022-04-27T19:09:15.8847973Z   BIN_NAME: 
2022-04-27T19:09:15.8848229Z   DOCKERFILE: .github/workflows/build-Dockerfile
2022-04-27T19:09:15.8848504Z ##[endgroup]
2022-04-27T19:09:15.9079770Z --> Set TAGS to 'docker.io/hashicorp/terraform:1.2.0-alpha20220413-44-gf07af2a49
2022-04-27T19:09:15.9080788Z 986891699432.dkr.ecr.us-east-1.amazonaws.com/hashicorp/terraform:1.2.0-alpha20220413-44-gf07af2a49
2022-04-27T19:09:15.9082249Z '
2022-04-27T19:09:15.9082883Z --> Set REDHAT_TAG to ''
2022-04-27T19:09:15.9083564Z --> Set DEV_TAGS to ''
2022-04-27T19:09:15.9084025Z --> Set WORKDIR to '.'
2022-04-27T19:09:15.9084645Z --> Set DOCKERFILE to '.github/workflows/build-Dockerfile'
2022-04-27T19:09:15.9085151Z --> Set REPO_NAME to 'terraform'
2022-04-27T19:09:15.9085688Z --> Set REPO_NAME_MINUS_ENTERPRISE to 'terraform'
2022-04-27T19:09:15.9086143Z --> Set ENTERPRISE_DETECTED to 'false'
2022-04-27T19:09:15.9086644Z --> Set TARGET to 'default'
2022-04-27T19:09:15.9087089Z --> Set OS to 'linux'
2022-04-27T19:09:15.9087481Z --> Set ARCH to 'amd64'
2022-04-27T19:09:15.9087971Z --> Set VERSION to '1.2.0-alpha20220413-44-gf07af2a49'
2022-04-27T19:09:15.9088576Z --> Set REVISION to 'f07af2a4938b9b4fde0521532c55beed55f1feaf'
2022-04-27T19:09:15.9089162Z --> Set PKG_NAME to 'terraform_1.2.0-alpha20220413-44-gf07af2a49'
2022-04-27T19:09:15.9089693Z --> Set PKG_NAME_GUESSED to 'false'
2022-04-27T19:09:15.9091243Z --> Set ZIP_LOCATION to './dist/linux/amd64'
2022-04-27T19:09:15.9092121Z --> Set ZIP_NAME to 'terraform_1.2.0-alpha20220413-44-gf07af2a49_linux_amd64.zip'
2022-04-27T19:09:15.9092959Z --> Set ZIP_NAME_GUESSED to 'true'
2022-04-27T19:09:15.9095022Z --> Set TARBALL_NAME to 'terraform_default_linux_amd64_1.2.0-alpha20220413-44-gf07af2a49_f07af2a4938b9b4fde0521532c55beed55f1feaf.docker.tar'
2022-04-27T19:09:15.9096037Z --> Set DEV_TARBALL_NAME to 'terraform_default_linux_amd64_1.2.0-alpha20220413-44-gf07af2a49_f07af2a4938b9b4fde0521532c55beed55f1feaf.docker.dev.tar'
2022-04-27T19:09:15.9096979Z --> Set REDHAT_TARBALL_NAME to 'terraform_default_linux_amd64_1.2.0-alpha20220413-44-gf07af2a49_f07af2a4938b9b4fde0521532c55beed55f1feaf.docker.redhat.tar'
2022-04-27T19:09:15.9097839Z --> Set AUTO_TAG to 'terraform/default/linux/amd64:1.2.0-alpha20220413-44-gf07af2a49_f07af2a4938b9b4fde0521532c55beed55f1feaf'
2022-04-27T19:09:15.9098404Z --> Set BIN_NAME to 'terraform'
2022-04-27T19:09:15.9098877Z --> Set BIN_NAME_GUESSED to 'true'
2022-04-27T19:09:15.9099546Z --> Set PLATFORM to 'linux/amd64'
2022-04-27T19:09:15.9125862Z ##[group]Run /home/runner/work/_actions/hashicorp/actions-docker-build/v1/scripts/register_qemu_binfmt
2022-04-27T19:09:15.9126351Z [36;1m/home/runner/work/_actions/hashicorp/actions-docker-build/v1/scripts/register_qemu_binfmt[0m
2022-04-27T19:09:15.9183436Z shell: /usr/bin/bash --noprofile --norc -e -o pipefail {0}
2022-04-27T19:09:15.9183730Z env:
2022-04-27T19:09:15.9183939Z   PKG_NAME: terraform
2022-04-27T19:09:15.9184178Z   repo: terraform
2022-04-27T19:09:15.9184445Z   version: 1.2.0-alpha20220413-44-gf07af2a49
2022-04-27T19:09:15.9184701Z   REPO_NAME: terraform
2022-04-27T19:09:15.9185367Z   TAGS: docker.io/hashicorp/terraform:1.2.0-alpha20220413-44-gf07af2a49
986891699432.dkr.ecr.us-east-1.amazonaws.com/hashicorp/terraform:1.2.0-alpha20220413-44-gf07af2a49

2022-04-27T19:09:15.9185791Z   REDHAT_TAG: 
2022-04-27T19:09:15.9186003Z   DEV_TAGS: 
2022-04-27T19:09:15.9186198Z   WORKDIR: .
2022-04-27T19:09:15.9186458Z   DOCKERFILE: .github/workflows/build-Dockerfile
2022-04-27T19:09:15.9186755Z   REPO_NAME_MINUS_ENTERPRISE: terraform
2022-04-27T19:09:15.9187017Z   ENTERPRISE_DETECTED: false
2022-04-27T19:09:15.9187254Z   TARGET: default
2022-04-27T19:09:15.9187465Z   OS: linux
2022-04-27T19:09:15.9187651Z   ARCH: amd64
2022-04-27T19:09:15.9187896Z   VERSION: 1.2.0-alpha20220413-44-gf07af2a49
2022-04-27T19:09:15.9188196Z   REVISION: f07af2a4938b9b4fde0521532c55beed55f1feaf
2022-04-27T19:09:15.9188461Z   PKG_NAME_GUESSED: false
2022-04-27T19:09:15.9188712Z   ZIP_LOCATION: ./dist/linux/amd64
2022-04-27T19:09:15.9189028Z   ZIP_NAME: terraform_1.2.0-alpha20220413-44-gf07af2a49_linux_amd64.zip
2022-04-27T19:09:15.9189312Z   ZIP_NAME_GUESSED: true
2022-04-27T19:09:15.9189705Z   TARBALL_NAME: terraform_default_linux_amd64_1.2.0-alpha20220413-44-gf07af2a49_f07af2a4938b9b4fde0521532c55beed55f1feaf.docker.tar
2022-04-27T19:09:15.9190260Z   DEV_TARBALL_NAME: terraform_default_linux_amd64_1.2.0-alpha20220413-44-gf07af2a49_f07af2a4938b9b4fde0521532c55beed55f1feaf.docker.dev.tar
2022-04-27T19:09:15.9190837Z   REDHAT_TARBALL_NAME: terraform_default_linux_amd64_1.2.0-alpha20220413-44-gf07af2a49_f07af2a4938b9b4fde0521532c55beed55f1feaf.docker.redhat.tar
2022-04-27T19:09:15.9191365Z   AUTO_TAG: terraform/default/linux/amd64:1.2.0-alpha20220413-44-gf07af2a49_f07af2a4938b9b4fde0521532c55beed55f1feaf
2022-04-27T19:09:15.9191694Z   BIN_NAME: terraform
2022-04-27T19:09:15.9191923Z   BIN_NAME_GUESSED: true
2022-04-27T19:09:15.9192157Z   PLATFORM: linux/amd64
2022-04-27T19:09:15.9192368Z ##[endgroup]
2022-04-27T19:09:15.9296989Z ==> Registering qemu into /proc/sys/fs/binfmt_misc
2022-04-27T19:09:17.3303774Z docker.mirror.hashicorp.services/tonistiigi/binfmt@sha256:5540f38542290735d17da57d7084f684c62336105d018c605058daf03e4c8256: Pulling from tonistiigi/binfmt
2022-04-27T19:09:17.3305596Z 2a625f6055a5: Pulling fs layer
2022-04-27T19:09:17.3305874Z 71d6c64c6702: Pulling fs layer
2022-04-27T19:09:18.5656060Z 71d6c64c6702: Verifying Checksum
2022-04-27T19:09:18.5656450Z 71d6c64c6702: Download complete
2022-04-27T19:09:19.4557775Z 2a625f6055a5: Verifying Checksum
2022-04-27T19:09:19.4558370Z 2a625f6055a5: Download complete
2022-04-27T19:09:19.9005656Z 2a625f6055a5: Pull complete
2022-04-27T19:09:20.4509946Z 71d6c64c6702: Pull complete
2022-04-27T19:09:20.4596434Z Digest: sha256:5540f38542290735d17da57d7084f684c62336105d018c605058daf03e4c8256
2022-04-27T19:09:20.4617098Z Status: Downloaded newer image for docker.mirror.hashicorp.services/tonistiigi/binfmt@sha256:5540f38542290735d17da57d7084f684c62336105d018c605058daf03e4c8256
2022-04-27T19:09:20.8677283Z installing: arm64 OK
2022-04-27T19:09:20.8678075Z installing: arm OK
2022-04-27T19:09:20.8678326Z installing: s390x OK
2022-04-27T19:09:20.8678582Z installing: ppc64le OK
2022-04-27T19:09:20.8678830Z installing: mips64le OK
2022-04-27T19:09:20.8679110Z installing: riscv64 OK
2022-04-27T19:09:20.8679346Z installing: mips64 OK
2022-04-27T19:09:20.8982078Z {
2022-04-27T19:09:20.8982406Z   "supported": [
2022-04-27T19:09:20.8982847Z     "linux/amd64",
2022-04-27T19:09:20.8983086Z     "linux/arm64",
2022-04-27T19:09:20.8983362Z     "linux/riscv64",
2022-04-27T19:09:20.8983614Z     "linux/ppc64le",
2022-04-27T19:09:20.8983905Z     "linux/s390x",
2022-04-27T19:09:20.8984189Z     "linux/386",
2022-04-27T19:09:20.8984466Z     "linux/mips64le",
2022-04-27T19:09:20.8984756Z     "linux/mips64",
2022-04-27T19:09:20.8985040Z     "linux/arm/v7",
2022-04-27T19:09:20.8985313Z     "linux/arm/v6"
2022-04-27T19:09:20.8985581Z   ],
2022-04-27T19:09:20.8985861Z   "emulators": [
2022-04-27T19:09:20.8986144Z     "cli",
2022-04-27T19:09:20.8986792Z     "llvm-10-runtime.binfmt",
2022-04-27T19:09:20.8987209Z     "llvm-11-runtime.binfmt",
2022-04-27T19:09:20.8987601Z     "llvm-12-runtime.binfmt",
2022-04-27T19:09:20.8987838Z     "python2.7",
2022-04-27T19:09:20.8988042Z     "python3.8",
2022-04-27T19:09:20.8992656Z     "qemu-aarch64",
2022-04-27T19:09:20.8992943Z     "qemu-arm",
2022-04-27T19:09:20.8993283Z     "qemu-mips64",
2022-04-27T19:09:20.8993533Z     "qemu-mips64el",
2022-04-27T19:09:20.8993772Z     "qemu-ppc64le",
2022-04-27T19:09:20.8994018Z     "qemu-riscv64",
2022-04-27T19:09:20.8994261Z     "qemu-s390x"
2022-04-27T19:09:20.8994432Z   ]
2022-04-27T19:09:20.8994603Z }
2022-04-27T19:09:21.0695434Z ##[group]Run actions/download-artifact@v2
2022-04-27T19:09:21.0696162Z with:
2022-04-27T19:09:21.0696595Z   name: terraform_1.2.0-alpha20220413-44-gf07af2a49_linux_amd64.zip
2022-04-27T19:09:21.0696895Z   path: ./dist/linux/amd64
2022-04-27T19:09:21.0697113Z env:
2022-04-27T19:09:21.0697309Z   PKG_NAME: terraform
2022-04-27T19:09:21.0697537Z   repo: terraform
2022-04-27T19:09:21.0697941Z   version: 1.2.0-alpha20220413-44-gf07af2a49
2022-04-27T19:09:21.0698177Z   REPO_NAME: terraform
2022-04-27T19:09:21.0698606Z   TAGS: docker.io/hashicorp/terraform:1.2.0-alpha20220413-44-gf07af2a49
986891699432.dkr.ecr.us-east-1.amazonaws.com/hashicorp/terraform:1.2.0-alpha20220413-44-gf07af2a49

2022-04-27T19:09:21.0699022Z   REDHAT_TAG: 
2022-04-27T19:09:21.0699223Z   DEV_TAGS: 
2022-04-27T19:09:21.0699406Z   WORKDIR: .
2022-04-27T19:09:21.0699659Z   DOCKERFILE: .github/workflows/build-Dockerfile
2022-04-27T19:09:21.0699962Z   REPO_NAME_MINUS_ENTERPRISE: terraform
2022-04-27T19:09:21.0700210Z   ENTERPRISE_DETECTED: false
2022-04-27T19:09:21.0700437Z   TARGET: default
2022-04-27T19:09:21.0700638Z   OS: linux
2022-04-27T19:09:21.0700819Z   ARCH: amd64
2022-04-27T19:09:21.0701056Z   VERSION: 1.2.0-alpha20220413-44-gf07af2a49
2022-04-27T19:09:21.0701347Z   REVISION: f07af2a4938b9b4fde0521532c55beed55f1feaf
2022-04-27T19:09:21.0701605Z   PKG_NAME_GUESSED: false
2022-04-27T19:09:21.0701849Z   ZIP_LOCATION: ./dist/linux/amd64
2022-04-27T19:09:21.0702339Z   ZIP_NAME: terraform_1.2.0-alpha20220413-44-gf07af2a49_linux_amd64.zip
2022-04-27T19:09:21.0702795Z   ZIP_NAME_GUESSED: true
2022-04-27T19:09:21.0703588Z   TARBALL_NAME: terraform_default_linux_amd64_1.2.0-alpha20220413-44-gf07af2a49_f07af2a4938b9b4fde0521532c55beed55f1feaf.docker.tar
2022-04-27T19:09:21.0704164Z   DEV_TARBALL_NAME: terraform_default_linux_amd64_1.2.0-alpha20220413-44-gf07af2a49_f07af2a4938b9b4fde0521532c55beed55f1feaf.docker.dev.tar
2022-04-27T19:09:21.0704847Z   REDHAT_TARBALL_NAME: terraform_default_linux_amd64_1.2.0-alpha20220413-44-gf07af2a49_f07af2a4938b9b4fde0521532c55beed55f1feaf.docker.redhat.tar
2022-04-27T19:09:21.0705557Z   AUTO_TAG: terraform/default/linux/amd64:1.2.0-alpha20220413-44-gf07af2a49_f07af2a4938b9b4fde0521532c55beed55f1feaf
2022-04-27T19:09:21.0705901Z   BIN_NAME: terraform
2022-04-27T19:09:21.0706337Z   BIN_NAME_GUESSED: true
2022-04-27T19:09:21.0706576Z   PLATFORM: linux/amd64
2022-04-27T19:09:21.0706782Z ##[endgroup]
2022-04-27T19:09:21.1432995Z Starting download for terraform_1.2.0-alpha20220413-44-gf07af2a49_linux_amd64.zip
2022-04-27T19:09:21.3090052Z Directory structure has been setup for the artifact
2022-04-27T19:09:21.3092388Z Total number of files that will be downloaded: 1
2022-04-27T19:09:22.3105944Z Total file count: 1 ---- Processed file #0 (0.0%)
2022-04-27T19:09:22.8197357Z Artifact terraform_1.2.0-alpha20220413-44-gf07af2a49_linux_amd64.zip was downloaded to /home/runner/work/terraform/terraform/dist/linux/amd64
2022-04-27T19:09:22.8252582Z Artifact download has finished successfully
2022-04-27T19:09:22.8326521Z ##[group]Run /home/runner/work/_actions/hashicorp/actions-docker-build/v1/scripts/extract_product_zip
2022-04-27T19:09:22.8326988Z [36;1m/home/runner/work/_actions/hashicorp/actions-docker-build/v1/scripts/extract_product_zip[0m
2022-04-27T19:09:22.8384160Z shell: /usr/bin/bash --noprofile --norc -e -o pipefail {0}
2022-04-27T19:09:22.8386452Z env:
2022-04-27T19:09:22.8386934Z   PKG_NAME: terraform
2022-04-27T19:09:22.8387337Z   repo: terraform
2022-04-27T19:09:22.8387597Z   version: 1.2.0-alpha20220413-44-gf07af2a49
2022-04-27T19:09:22.8388258Z   REPO_NAME: terraform
2022-04-27T19:09:22.8389022Z   TAGS: docker.io/hashicorp/terraform:1.2.0-alpha20220413-44-gf07af2a49
986891699432.dkr.ecr.us-east-1.amazonaws.com/hashicorp/terraform:1.2.0-alpha20220413-44-gf07af2a49

2022-04-27T19:09:22.8389944Z   REDHAT_TAG: 
2022-04-27T19:09:22.8390148Z   DEV_TAGS: 
2022-04-27T19:09:22.8390363Z   WORKDIR: .
2022-04-27T19:09:22.8390648Z   DOCKERFILE: .github/workflows/build-Dockerfile
2022-04-27T19:09:22.8391182Z   REPO_NAME_MINUS_ENTERPRISE: terraform
2022-04-27T19:09:22.8391459Z   ENTERPRISE_DETECTED: false
2022-04-27T19:09:22.8391700Z   TARGET: default
2022-04-27T19:09:22.8391892Z   OS: linux
2022-04-27T19:09:22.8392096Z   ARCH: amd64
2022-04-27T19:09:22.8392523Z   VERSION: 1.2.0-alpha20220413-44-gf07af2a49
2022-04-27T19:09:22.8393160Z   REVISION: f07af2a4938b9b4fde0521532c55beed55f1feaf
2022-04-27T19:09:22.8393437Z   PKG_NAME_GUESSED: false
2022-04-27T19:09:22.8393702Z   ZIP_LOCATION: ./dist/linux/amd64
2022-04-27T19:09:22.8394186Z   ZIP_NAME: terraform_1.2.0-alpha20220413-44-gf07af2a49_linux_amd64.zip
2022-04-27T19:09:22.8394464Z   ZIP_NAME_GUESSED: true
2022-04-27T19:09:22.8394851Z   TARBALL_NAME: terraform_default_linux_amd64_1.2.0-alpha20220413-44-gf07af2a49_f07af2a4938b9b4fde0521532c55beed55f1feaf.docker.tar
2022-04-27T19:09:22.8396588Z   DEV_TARBALL_NAME: terraform_default_linux_amd64_1.2.0-alpha20220413-44-gf07af2a49_f07af2a4938b9b4fde0521532c55beed55f1feaf.docker.dev.tar
2022-04-27T19:09:22.8397316Z   REDHAT_TARBALL_NAME: terraform_default_linux_amd64_1.2.0-alpha20220413-44-gf07af2a49_f07af2a4938b9b4fde0521532c55beed55f1feaf.docker.redhat.tar
2022-04-27T19:09:22.8397818Z   AUTO_TAG: terraform/default/linux/amd64:1.2.0-alpha20220413-44-gf07af2a49_f07af2a4938b9b4fde0521532c55beed55f1feaf
2022-04-27T19:09:22.8398159Z   BIN_NAME: terraform
2022-04-27T19:09:22.8398559Z   BIN_NAME_GUESSED: true
2022-04-27T19:09:22.8398784Z   PLATFORM: linux/amd64
2022-04-27T19:09:22.8399375Z ##[endgroup]
2022-04-27T19:09:22.8551914Z Archive:  terraform_1.2.0-alpha20220413-44-gf07af2a49_linux_amd64.zip
2022-04-27T19:09:23.5171692Z   inflating: terraform               
2022-04-27T19:09:23.5178309Z ==> Success! Extracted needed binary terraform
2022-04-27T19:09:23.5209925Z ##[group]Run /home/runner/work/_actions/hashicorp/actions-docker-build/v1/scripts/docker_build
2022-04-27T19:09:23.5210499Z [36;1m/home/runner/work/_actions/hashicorp/actions-docker-build/v1/scripts/docker_build[0m
2022-04-27T19:09:23.5268434Z shell: /usr/bin/bash --noprofile --norc -e -o pipefail {0}
2022-04-27T19:09:23.5268868Z env:
2022-04-27T19:09:23.5269399Z   PKG_NAME: terraform
2022-04-27T19:09:23.5269685Z   repo: terraform
2022-04-27T19:09:23.5269950Z   version: 1.2.0-alpha20220413-44-gf07af2a49
2022-04-27T19:09:23.5270268Z   REPO_NAME: terraform
2022-04-27T19:09:23.5270805Z   TAGS: docker.io/hashicorp/terraform:1.2.0-alpha20220413-44-gf07af2a49
986891699432.dkr.ecr.us-east-1.amazonaws.com/hashicorp/terraform:1.2.0-alpha20220413-44-gf07af2a49

2022-04-27T19:09:23.5271246Z   REDHAT_TAG: 
2022-04-27T19:09:23.5271507Z   DEV_TAGS: 
2022-04-27T19:09:23.5271766Z   WORKDIR: .
2022-04-27T19:09:23.5272038Z   DOCKERFILE: .github/workflows/build-Dockerfile
2022-04-27T19:09:23.5272455Z   REPO_NAME_MINUS_ENTERPRISE: terraform
2022-04-27T19:09:23.5272785Z   ENTERPRISE_DETECTED: false
2022-04-27T19:09:23.5273032Z   TARGET: default
2022-04-27T19:09:23.5273296Z   OS: linux
2022-04-27T19:09:23.5273595Z   ARCH: amd64
2022-04-27T19:09:23.5273873Z   VERSION: 1.2.0-alpha20220413-44-gf07af2a49
2022-04-27T19:09:23.5274228Z   REVISION: f07af2a4938b9b4fde0521532c55beed55f1feaf
2022-04-27T19:09:23.5274557Z   PKG_NAME_GUESSED: false
2022-04-27T19:09:23.5274858Z   ZIP_LOCATION: ./dist/linux/amd64
2022-04-27T19:09:23.5275237Z   ZIP_NAME: terraform_1.2.0-alpha20220413-44-gf07af2a49_linux_amd64.zip
2022-04-27T19:09:23.5275847Z   ZIP_NAME_GUESSED: true
2022-04-27T19:09:23.5297135Z   TARBALL_NAME: terraform_default_linux_amd64_1.2.0-alpha20220413-44-gf07af2a49_f07af2a4938b9b4fde0521532c55beed55f1feaf.docker.tar
2022-04-27T19:09:23.5298275Z   DEV_TARBALL_NAME: terraform_default_linux_amd64_1.2.0-alpha20220413-44-gf07af2a49_f07af2a4938b9b4fde0521532c55beed55f1feaf.docker.dev.tar
2022-04-27T19:09:23.5298997Z   REDHAT_TARBALL_NAME: terraform_default_linux_amd64_1.2.0-alpha20220413-44-gf07af2a49_f07af2a4938b9b4fde0521532c55beed55f1feaf.docker.redhat.tar
2022-04-27T19:09:23.5299794Z   AUTO_TAG: terraform/default/linux/amd64:1.2.0-alpha20220413-44-gf07af2a49_f07af2a4938b9b4fde0521532c55beed55f1feaf
2022-04-27T19:09:23.5300247Z   BIN_NAME: terraform
2022-04-27T19:09:23.5300683Z   BIN_NAME_GUESSED: true
2022-04-27T19:09:23.5300997Z   PLATFORM: linux/amd64
2022-04-27T19:09:23.5301720Z ##[endgroup]
2022-04-27T19:09:23.5511414Z ALL_TAGS: terraform/default/linux/amd64:1.2.0-alpha20220413-44-gf07af2a49_f07af2a4938b9b4fde0521532c55beed55f1feaf docker.io/hashicorp/terraform:1.2.0-alpha20220413-44-gf07af2a49 986891699432.dkr.ecr.us-east-1.amazonaws.com/hashicorp/terraform:1.2.0-alpha20220413-44-gf07af2a49
2022-04-27T19:09:23.8360696Z intelligent_booth
2022-04-27T19:09:23.8419995Z ==> Building image with tags:
2022-04-27T19:09:23.8421397Z     - terraform/default/linux/amd64:1.2.0-alpha20220413-44-gf07af2a49_f07af2a4938b9b4fde0521532c55beed55f1feaf
2022-04-27T19:09:23.8422200Z     - docker.io/hashicorp/terraform:1.2.0-alpha20220413-44-gf07af2a49
2022-04-27T19:09:23.8468321Z     - 986891699432.dkr.ecr.us-east-1.amazonaws.com/hashicorp/terraform:1.2.0-alpha20220413-44-gf07af2a49
2022-04-27T19:09:23.9571441Z #1 [internal] booting buildkit
2022-04-27T19:09:24.1077092Z #1 pulling image moby/buildkit:buildx-stable-1
2022-04-27T19:09:24.7091668Z #1 pulling image moby/buildkit:buildx-stable-1 0.6s done
2022-04-27T19:09:24.7092146Z #1 creating container buildx_buildkit_intelligent_booth0
2022-04-27T19:09:25.7631943Z #1 creating container buildx_buildkit_intelligent_booth0 1.0s done
2022-04-27T19:09:25.7633468Z #1 DONE 1.7s
2022-04-27T19:09:26.3161846Z 
2022-04-27T19:09:26.3167426Z #2 [internal] load build definition from build-Dockerfile
2022-04-27T19:09:26.3170140Z #2 transferring dockerfile: 1.74kB done
2022-04-27T19:09:26.3173391Z #2 DONE 0.0s
2022-04-27T19:09:26.3175244Z 
2022-04-27T19:09:26.3176964Z #3 [internal] load .dockerignore
2022-04-27T19:09:26.3179823Z #3 transferring context: 2B done
2022-04-27T19:09:26.4687967Z #3 DONE 0.0s
2022-04-27T19:09:26.7690844Z 
2022-04-27T19:09:26.7692156Z #4 [internal] load metadata for docker.mirror.hashicorp.services/alpine:latest
2022-04-27T19:09:28.8682150Z #4 DONE 2.2s
2022-04-27T19:09:28.9908674Z 
2022-04-27T19:09:28.9923074Z #5 [1/3] FROM docker.mirror.hashicorp.services/alpine:latest@sha256:4edbd2beb5f78b1014028f4fbb99f3237d9561100b6881aabbf5acce2c4f9454
2022-04-27T19:09:28.9950895Z #5 resolve docker.mirror.hashicorp.services/alpine:latest@sha256:4edbd2beb5f78b1014028f4fbb99f3237d9561100b6881aabbf5acce2c4f9454 0.0s done
2022-04-27T19:09:29.1071959Z #5 sha256:df9b9388f04ad6279a7410b85cedfdcb2208c0a003da7ab5613af71079148139 0B / 2.81MB 0.2s
2022-04-27T19:09:29.6193311Z #5 sha256:df9b9388f04ad6279a7410b85cedfdcb2208c0a003da7ab5613af71079148139 2.81MB / 2.81MB 0.6s done
2022-04-27T19:09:29.6193862Z #5 extracting sha256:df9b9388f04ad6279a7410b85cedfdcb2208c0a003da7ab5613af71079148139
2022-04-27T19:09:29.7559485Z #5 extracting sha256:df9b9388f04ad6279a7410b85cedfdcb2208c0a003da7ab5613af71079148139 0.2s done
2022-04-27T19:09:29.7559958Z #5 DONE 0.9s
2022-04-27T19:09:29.7560145Z 
2022-04-27T19:09:29.7560320Z #6 [internal] load build context
2022-04-27T19:09:30.9580140Z #6 transferring context: 62.88MB 2.1s done
2022-04-27T19:09:31.1082807Z #6 DONE 2.1s
2022-04-27T19:09:31.1083075Z 
2022-04-27T19:09:31.1085128Z #7 [2/3] RUN apk add --no-cache git openssh
2022-04-27T19:09:31.1086153Z #0 0.715 fetch https://dl-cdn.alpinelinux.org/alpine/v3.15/main/x86_64/APKINDEX.tar.gz
2022-04-27T19:09:31.1087949Z #0 1.099 fetch https://dl-cdn.alpinelinux.org/alpine/v3.15/community/x86_64/APKINDEX.tar.gz
2022-04-27T19:09:31.3714315Z #7 1.529 (1/17) Installing ca-certificates (20211220-r0)
2022-04-27T19:09:31.3715217Z #7 1.560 (2/17) Installing brotli-libs (1.0.9-r5)
2022-04-27T19:09:31.3717168Z #7 1.587 (3/17) Installing nghttp2-libs (1.46.0-r0)
2022-04-27T19:09:31.3718687Z #7 1.603 (4/17) Installing libcurl (7.80.0-r1)
2022-04-27T19:09:31.3719360Z #7 1.625 (5/17) Installing expat (2.4.7-r0)
2022-04-27T19:09:31.5221949Z #7 1.637 (6/17) Installing pcre2 (10.39-r0)
2022-04-27T19:09:31.5222534Z #7 1.657 (7/17) Installing git (2.34.2-r0)
2022-04-27T19:09:31.6344334Z #7 1.842 (8/17) Installing openssh-keygen (8.8_p1-r1)
2022-04-27T19:09:31.6345221Z #7 1.860 (9/17) Installing ncurses-terminfo-base (6.3_p20211120-r0)
2022-04-27T19:09:31.6346739Z #7 1.873 (10/17) Installing ncurses-libs (6.3_p20211120-r0)
2022-04-27T19:09:31.6347534Z #7 1.888 (11/17) Installing libedit (20210910.3.1-r0)
2022-04-27T19:09:31.7383643Z #7 1.901 (12/17) Installing openssh-client-common (8.8_p1-r1)
2022-04-27T19:09:31.7384490Z #7 1.935 (13/17) Installing openssh-client-default (8.8_p1-r1)
2022-04-27T19:09:31.7385001Z #7 1.954 (14/17) Installing openssh-sftp-server (8.8_p1-r1)
2022-04-27T19:09:31.7385548Z #7 1.964 (15/17) Installing openssh-server-common (8.8_p1-r1)
2022-04-27T19:09:31.7386064Z #7 1.973 (16/17) Installing openssh-server (8.8_p1-r1)
2022-04-27T19:09:31.7386657Z #7 1.992 (17/17) Installing openssh (8.8_p1-r1)
2022-04-27T19:09:31.8885481Z #7 2.009 Executing busybox-1.34.1-r5.trigger
2022-04-27T19:09:31.8886256Z #7 2.013 Executing ca-certificates-20211220-r0.trigger
2022-04-27T19:09:31.8886687Z #7 2.062 OK: 25 MiB in 31 packages
2022-04-27T19:09:32.1895293Z #7 DONE 2.3s
2022-04-27T19:09:32.1896076Z 
2022-04-27T19:09:32.1896802Z #8 [3/3] COPY [dist/linux/amd64/terraform, /bin/terraform]
2022-04-27T19:09:32.4912247Z #8 DONE 0.3s
2022-04-27T19:09:32.4917759Z 
2022-04-27T19:09:32.4921012Z #9 exporting to oci image format
2022-04-27T19:09:32.4923947Z #9 exporting layers
2022-04-27T19:09:36.1080159Z #9 exporting layers 3.6s done
2022-04-27T19:09:36.1081206Z #9 exporting manifest sha256:ccc7929b906212da939970f344b55ef2021b63c24606a53981906468a4394766 done
2022-04-27T19:09:36.1082299Z #9 exporting config sha256:032c90d78cb3efb142698cab841fc9e81e76ef7946e1cfef9190ba0f7465fa02 done
2022-04-27T19:09:36.1082788Z #9 sending tarball
2022-04-27T19:09:38.1105451Z #9 sending tarball 2.1s done
2022-04-27T19:09:38.1106606Z #9 DONE 5.8s
2022-04-27T19:09:38.1108211Z 
2022-04-27T19:09:38.1108702Z #10 importing to docker
2022-04-27T19:09:38.1109285Z #10 DONE 1.2s
2022-04-27T19:09:38.1157632Z ==> Saving prod tags in '/home/runner/work/terraform/terraform/terraform_default_linux_amd64_1.2.0-alpha20220413-44-gf07af2a49_f07af2a4938b9b4fde0521532c55beed55f1feaf.docker.tar'
2022-04-27T19:09:39.2196888Z ==> Tarball created.
2022-04-27T19:09:39.2220951Z -rw------- 1 runner docker 85M Apr 27 19:09 /home/runner/work/terraform/terraform/terraform_default_linux_amd64_1.2.0-alpha20220413-44-gf07af2a49_f07af2a4938b9b4fde0521532c55beed55f1feaf.docker.tar
2022-04-27T19:09:39.2225622Z ==> No dev tags specified, skipping export.
2022-04-27T19:09:39.2228766Z ==> No Redhat tag specified, skipping export.
2022-04-27T19:09:39.2303084Z ##[group]Run /home/runner/work/_actions/hashicorp/actions-docker-build/v1/scripts/create_metadata
2022-04-27T19:09:39.2303620Z [36;1m/home/runner/work/_actions/hashicorp/actions-docker-build/v1/scripts/create_metadata[0m
2022-04-27T19:09:39.2368902Z shell: /usr/bin/bash --noprofile --norc -e -o pipefail {0}
2022-04-27T19:09:39.2369225Z env:
2022-04-27T19:09:39.2369579Z   PKG_NAME: terraform
2022-04-27T19:09:39.2369904Z   repo: terraform
2022-04-27T19:09:39.2370345Z   version: 1.2.0-alpha20220413-44-gf07af2a49
2022-04-27T19:09:39.2370717Z   REPO_NAME: terraform
2022-04-27T19:09:39.2371267Z   TAGS: docker.io/hashicorp/terraform:1.2.0-alpha20220413-44-gf07af2a49
986891699432.dkr.ecr.us-east-1.amazonaws.com/hashicorp/terraform:1.2.0-alpha20220413-44-gf07af2a49

2022-04-27T19:09:39.2371810Z   REDHAT_TAG: 
2022-04-27T19:09:39.2372057Z   DEV_TAGS: 
2022-04-27T19:09:39.2372397Z   WORKDIR: .
2022-04-27T19:09:39.2372759Z   DOCKERFILE: .github/workflows/build-Dockerfile
2022-04-27T19:09:39.2373097Z   REPO_NAME_MINUS_ENTERPRISE: terraform
2022-04-27T19:09:39.2373482Z   ENTERPRISE_DETECTED: false
2022-04-27T19:09:39.2373818Z   TARGET: default
2022-04-27T19:09:39.2374113Z   OS: linux
2022-04-27T19:09:39.2374416Z   ARCH: amd64
2022-04-27T19:09:39.2374775Z   VERSION: 1.2.0-alpha20220413-44-gf07af2a49
2022-04-27T19:09:39.2375170Z   REVISION: f07af2a4938b9b4fde0521532c55beed55f1feaf
2022-04-27T19:09:39.2375497Z   PKG_NAME_GUESSED: false
2022-04-27T19:09:39.2375898Z   ZIP_LOCATION: ./dist/linux/amd64
2022-04-27T19:09:39.2376324Z   ZIP_NAME: terraform_1.2.0-alpha20220413-44-gf07af2a49_linux_amd64.zip
2022-04-27T19:09:39.2376664Z   ZIP_NAME_GUESSED: true
2022-04-27T19:09:39.2377153Z   TARBALL_NAME: terraform_default_linux_amd64_1.2.0-alpha20220413-44-gf07af2a49_f07af2a4938b9b4fde0521532c55beed55f1feaf.docker.tar
2022-04-27T19:09:39.2377846Z   DEV_TARBALL_NAME: terraform_default_linux_amd64_1.2.0-alpha20220413-44-gf07af2a49_f07af2a4938b9b4fde0521532c55beed55f1feaf.docker.dev.tar
2022-04-27T19:09:39.2378550Z   REDHAT_TARBALL_NAME: terraform_default_linux_amd64_1.2.0-alpha20220413-44-gf07af2a49_f07af2a4938b9b4fde0521532c55beed55f1feaf.docker.redhat.tar
2022-04-27T19:09:39.2379135Z   AUTO_TAG: terraform/default/linux/amd64:1.2.0-alpha20220413-44-gf07af2a49_f07af2a4938b9b4fde0521532c55beed55f1feaf
2022-04-27T19:09:39.2379584Z   BIN_NAME: terraform
2022-04-27T19:09:39.2379909Z   BIN_NAME_GUESSED: true
2022-04-27T19:09:39.2380298Z   PLATFORM: linux/amd64
2022-04-27T19:09:39.2380575Z ##[endgroup]
2022-04-27T19:09:39.3219812Z ##[group]Run actions/upload-artifact@v2
2022-04-27T19:09:39.3220110Z with:
2022-04-27T19:09:39.3220334Z   name: docker_tag_list_default.json
2022-04-27T19:09:39.3220613Z   path: docker_tag_list_default.json
2022-04-27T19:09:39.3220893Z   if-no-files-found: error
2022-04-27T19:09:39.3221930Z env:
2022-04-27T19:09:39.3222162Z   PKG_NAME: terraform
2022-04-27T19:09:39.3222400Z   repo: terraform
2022-04-27T19:09:39.3222654Z   version: 1.2.0-alpha20220413-44-gf07af2a49
2022-04-27T19:09:39.3222928Z   REPO_NAME: terraform
2022-04-27T19:09:39.3223624Z   TAGS: docker.io/hashicorp/terraform:1.2.0-alpha20220413-44-gf07af2a49
986891699432.dkr.ecr.us-east-1.amazonaws.com/hashicorp/terraform:1.2.0-alpha20220413-44-gf07af2a49

2022-04-27T19:09:39.3224095Z   REDHAT_TAG: 
2022-04-27T19:09:39.3224298Z   DEV_TAGS: 
2022-04-27T19:09:39.3224512Z   WORKDIR: .
2022-04-27T19:09:39.3224780Z   DOCKERFILE: .github/workflows/build-Dockerfile
2022-04-27T19:09:39.3225196Z   REPO_NAME_MINUS_ENTERPRISE: terraform
2022-04-27T19:09:39.3225479Z   ENTERPRISE_DETECTED: false
2022-04-27T19:09:39.3225724Z   TARGET: default
2022-04-27T19:09:39.3225926Z   OS: linux
2022-04-27T19:09:39.3226130Z   ARCH: amd64
2022-04-27T19:09:39.3226381Z   VERSION: 1.2.0-alpha20220413-44-gf07af2a49
2022-04-27T19:09:39.3226729Z   REVISION: f07af2a4938b9b4fde0521532c55beed55f1feaf
2022-04-27T19:09:39.3227013Z   PKG_NAME_GUESSED: false
2022-04-27T19:09:39.3227276Z   ZIP_LOCATION: ./dist/linux/amd64
2022-04-27T19:09:39.3227608Z   ZIP_NAME: terraform_1.2.0-alpha20220413-44-gf07af2a49_linux_amd64.zip
2022-04-27T19:09:39.3227903Z   ZIP_NAME_GUESSED: true
2022-04-27T19:09:39.3228436Z   TARBALL_NAME: terraform_default_linux_amd64_1.2.0-alpha20220413-44-gf07af2a49_f07af2a4938b9b4fde0521532c55beed55f1feaf.docker.tar
2022-04-27T19:09:39.3229014Z   DEV_TARBALL_NAME: terraform_default_linux_amd64_1.2.0-alpha20220413-44-gf07af2a49_f07af2a4938b9b4fde0521532c55beed55f1feaf.docker.dev.tar
2022-04-27T19:09:39.3229613Z   REDHAT_TARBALL_NAME: terraform_default_linux_amd64_1.2.0-alpha20220413-44-gf07af2a49_f07af2a4938b9b4fde0521532c55beed55f1feaf.docker.redhat.tar
2022-04-27T19:09:39.3230145Z   AUTO_TAG: terraform/default/linux/amd64:1.2.0-alpha20220413-44-gf07af2a49_f07af2a4938b9b4fde0521532c55beed55f1feaf
2022-04-27T19:09:39.3230503Z   BIN_NAME: terraform
2022-04-27T19:09:39.3230775Z   BIN_NAME_GUESSED: true
2022-04-27T19:09:39.3231006Z   PLATFORM: linux/amd64
2022-04-27T19:09:39.3231239Z   REDHAT_SUFFIX: 
2022-04-27T19:09:39.3231644Z ##[endgroup]
2022-04-27T19:09:39.4005615Z With the provided path, there will be 1 file uploaded
2022-04-27T19:09:39.4010714Z Starting artifact upload
2022-04-27T19:09:39.4012049Z For more detailed logs during the artifact upload process, enable step-debugging: https://docs.github.com/actions/monitoring-and-troubleshooting-workflows/enabling-debug-logging#enabling-step-debug-logging
2022-04-27T19:09:39.4012957Z Artifact name is valid!
2022-04-27T19:09:39.4982486Z Container for artifact "docker_tag_list_default.json" successfully created. Starting upload of file(s)
2022-04-27T19:09:39.6333581Z Total size of all the files uploaded is 164 bytes
2022-04-27T19:09:39.6334011Z File upload process has finished. Finalizing the artifact upload
2022-04-27T19:09:39.7137977Z Artifact has been finalized. All files have been successfully uploaded!
2022-04-27T19:09:39.7138659Z 
2022-04-27T19:09:39.7139218Z The raw size of all the files that were specified for upload is 234 bytes
2022-04-27T19:09:39.7139936Z The size of all the files that were uploaded is 164 bytes. This takes into account any gzip compression used to reduce the upload size, time and storage
2022-04-27T19:09:39.7140517Z 
2022-04-27T19:09:39.7141579Z Note: The size of downloaded zips can differ significantly from the reported size. For more information see: https://github.com/actions/upload-artifact#zipped-artifact-downloads 
2022-04-27T19:09:39.7142169Z 
2022-04-27T19:09:39.7142529Z Artifact docker_tag_list_default.json has been successfully uploaded!
2022-04-27T19:09:39.7231967Z ##[group]Run actions/upload-artifact@v2
2022-04-27T19:09:39.7232231Z with:
2022-04-27T19:09:39.7232615Z   name: terraform_default_linux_amd64_1.2.0-alpha20220413-44-gf07af2a49_f07af2a4938b9b4fde0521532c55beed55f1feaf.docker.tar
2022-04-27T19:09:39.7233165Z   path: terraform_default_linux_amd64_1.2.0-alpha20220413-44-gf07af2a49_f07af2a4938b9b4fde0521532c55beed55f1feaf.docker.tar
2022-04-27T19:09:39.7233561Z   if-no-files-found: error
2022-04-27T19:09:39.7233778Z env:
2022-04-27T19:09:39.7233993Z   PKG_NAME: terraform
2022-04-27T19:09:39.7234228Z   repo: terraform
2022-04-27T19:09:39.7234479Z   version: 1.2.0-alpha20220413-44-gf07af2a49
2022-04-27T19:09:39.7234751Z   REPO_NAME: terraform
2022-04-27T19:09:39.7235375Z   TAGS: docker.io/hashicorp/terraform:1.2.0-alpha20220413-44-gf07af2a49
986891699432.dkr.ecr.us-east-1.amazonaws.com/hashicorp/terraform:1.2.0-alpha20220413-44-gf07af2a49

2022-04-27T19:09:39.7236124Z   REDHAT_TAG: 
2022-04-27T19:09:39.7236459Z   DEV_TAGS: 
2022-04-27T19:09:39.7236673Z   WORKDIR: .
2022-04-27T19:09:39.7236947Z   DOCKERFILE: .github/workflows/build-Dockerfile
2022-04-27T19:09:39.7237241Z   REPO_NAME_MINUS_ENTERPRISE: terraform
2022-04-27T19:09:39.7237524Z   ENTERPRISE_DETECTED: false
2022-04-27T19:09:39.7237770Z   TARGET: default
2022-04-27T19:09:39.7237972Z   OS: linux
2022-04-27T19:09:39.7238184Z   ARCH: amd64
2022-04-27T19:09:39.7238442Z   VERSION: 1.2.0-alpha20220413-44-gf07af2a49
2022-04-27T19:09:39.7238741Z   REVISION: f07af2a4938b9b4fde0521532c55beed55f1feaf
2022-04-27T19:09:39.7239031Z   PKG_NAME_GUESSED: false
2022-04-27T19:09:39.7239293Z   ZIP_LOCATION: ./dist/linux/amd64
2022-04-27T19:09:39.7239608Z   ZIP_NAME: terraform_1.2.0-alpha20220413-44-gf07af2a49_linux_amd64.zip
2022-04-27T19:09:39.7239922Z   ZIP_NAME_GUESSED: true
2022-04-27T19:09:39.7240331Z   TARBALL_NAME: terraform_default_linux_amd64_1.2.0-alpha20220413-44-gf07af2a49_f07af2a4938b9b4fde0521532c55beed55f1feaf.docker.tar
2022-04-27T19:09:39.7240902Z   DEV_TARBALL_NAME: terraform_default_linux_amd64_1.2.0-alpha20220413-44-gf07af2a49_f07af2a4938b9b4fde0521532c55beed55f1feaf.docker.dev.tar
2022-04-27T19:09:39.7242743Z   REDHAT_TARBALL_NAME: terraform_default_linux_amd64_1.2.0-alpha20220413-44-gf07af2a49_f07af2a4938b9b4fde0521532c55beed55f1feaf.docker.redhat.tar
2022-04-27T19:09:39.7243317Z   AUTO_TAG: terraform/default/linux/amd64:1.2.0-alpha20220413-44-gf07af2a49_f07af2a4938b9b4fde0521532c55beed55f1feaf
2022-04-27T19:09:39.7244038Z   BIN_NAME: terraform
2022-04-27T19:09:39.7244299Z   BIN_NAME_GUESSED: true
2022-04-27T19:09:39.7244533Z   PLATFORM: linux/amd64
2022-04-27T19:09:39.7244771Z ##[endgroup]
2022-04-27T19:09:39.8191065Z With the provided path, there will be 1 file uploaded
2022-04-27T19:09:39.8194069Z Starting artifact upload
2022-04-27T19:09:39.8195121Z For more detailed logs during the artifact upload process, enable step-debugging: https://docs.github.com/actions/monitoring-and-troubleshooting-workflows/enabling-debug-logging#enabling-step-debug-logging
2022-04-27T19:09:39.8196219Z Artifact name is valid!
2022-04-27T19:09:39.9111270Z Container for artifact "terraform_default_linux_amd64_1.2.0-alpha20220413-44-gf07af2a49_f07af2a4938b9b4fde0521532c55beed55f1feaf.docker.tar" successfully created. Starting upload of file(s)
2022-04-27T19:09:46.1386310Z Uploaded /home/runner/work/terraform/terraform/terraform_default_linux_amd64_1.2.0-alpha20220413-44-gf07af2a49_f07af2a4938b9b4fde0521532c55beed55f1feaf.docker.tar (26.4%) bytes 0:8388607
2022-04-27T19:09:46.9619217Z Uploaded /home/runner/work/terraform/terraform/terraform_default_linux_amd64_1.2.0-alpha20220413-44-gf07af2a49_f07af2a4938b9b4fde0521532c55beed55f1feaf.docker.tar (52.8%) bytes 8388608:16777215
2022-04-27T19:09:47.5192860Z Uploaded /home/runner/work/terraform/terraform/terraform_default_linux_amd64_1.2.0-alpha20220413-44-gf07af2a49_f07af2a4938b9b4fde0521532c55beed55f1feaf.docker.tar (79.3%) bytes 16777216:25165823
2022-04-27T19:09:48.2688849Z Uploaded /home/runner/work/terraform/terraform/terraform_default_linux_amd64_1.2.0-alpha20220413-44-gf07af2a49_f07af2a4938b9b4fde0521532c55beed55f1feaf.docker.tar (100.0%) bytes 25165824:31722460
2022-04-27T19:09:48.2702166Z Total size of all the files uploaded is 31722461 bytes
2022-04-27T19:09:48.2702537Z File upload process has finished. Finalizing the artifact upload
2022-04-27T19:09:48.3343618Z Artifact has been finalized. All files have been successfully uploaded!
2022-04-27T19:09:48.3344187Z 
2022-04-27T19:09:48.3344373Z The raw size of all the files that were specified for upload is 88948736 bytes
2022-04-27T19:09:48.3344866Z The size of all the files that were uploaded is 31722461 bytes. This takes into account any gzip compression used to reduce the upload size, time and storage
2022-04-27T19:09:48.3345171Z 
2022-04-27T19:09:48.3346395Z Note: The size of downloaded zips can differ significantly from the reported size. For more information see: https://github.com/actions/upload-artifact#zipped-artifact-downloads 
2022-04-27T19:09:48.3346937Z 
2022-04-27T19:09:48.3347458Z Artifact terraform_default_linux_amd64_1.2.0-alpha20220413-44-gf07af2a49_f07af2a4938b9b4fde0521532c55beed55f1feaf.docker.tar has been successfully uploaded!
2022-04-27T19:09:48.3538303Z Post job cleanup.
2022-04-27T19:09:48.5156122Z [command]/usr/bin/git version
2022-04-27T19:09:48.5241520Z git version 2.35.1
2022-04-27T19:09:48.5296412Z Temporarily overriding HOME='/home/runner/work/_temp/fa39bb0f-28d1-422c-afb9-0221b553265d' before making global git config changes
2022-04-27T19:09:48.5297871Z Adding repository directory to the temporary git global config as a safe directory
2022-04-27T19:09:48.5302846Z [command]/usr/bin/git config --global --add safe.directory /home/runner/work/terraform/terraform
2022-04-27T19:09:48.5430710Z [command]/usr/bin/git config --local --name-only --get-regexp core\.sshCommand
2022-04-27T19:09:48.5546520Z [command]/usr/bin/git submodule foreach --recursive git config --local --name-only --get-regexp 'core\.sshCommand' && git config --local --unset-all 'core.sshCommand' || :
2022-04-27T19:09:48.5967467Z [command]/usr/bin/git config --local --name-only --get-regexp http\.https\:\/\/github\.com\/\.extraheader
2022-04-27T19:09:48.6009480Z http.https://github.com/.extraheader
2022-04-27T19:09:48.6020101Z [command]/usr/bin/git config --local --unset-all http.https://github.com/.extraheader
2022-04-27T19:09:48.6069067Z [command]/usr/bin/git submodule foreach --recursive git config --local --name-only --get-regexp 'http\.https\:\/\/github\.com\/\.extraheader' && git config --local --unset-all 'http.https://github.com/.extraheader' || :
2022-04-27T19:09:48.6717279Z Cleaning up orphan processes
