2022-04-13T19:48:23.2474661Z Requested labels: ubuntu-latest
2022-04-13T19:48:23.2474708Z Job defined at: hashicorp/terraform/.github/workflows/checks.yml@refs/pull/30797/merge
2022-04-13T19:48:23.2474728Z Waiting for a runner to pick up this job...
2022-04-13T19:48:24.8684260Z Job is waiting for a hosted runner to come online.
2022-04-13T19:48:28.2207777Z Job is about to start running on the hosted runner: GitHub Actions 65 (hosted)
2022-04-13T19:48:32.0949156Z Current runner version: '2.289.2'
2022-04-13T19:48:32.0980414Z ##[group]Operating System
2022-04-13T19:48:32.0980951Z Ubuntu
2022-04-13T19:48:32.0981272Z 20.04.4
2022-04-13T19:48:32.0981673Z LTS
2022-04-13T19:48:32.0981925Z ##[endgroup]
2022-04-13T19:48:32.0982532Z ##[group]Virtual Environment
2022-04-13T19:48:32.0982918Z Environment: ubuntu-20.04
2022-04-13T19:48:32.0983203Z Version: 20220405.4
2022-04-13T19:48:32.0983774Z Included Software: https://github.com/actions/virtual-environments/blob/ubuntu20/20220405.4/images/linux/Ubuntu2004-Readme.md
2022-04-13T19:48:32.0984435Z Image Release: https://github.com/actions/virtual-environments/releases/tag/ubuntu20%2F20220405.4
2022-04-13T19:48:32.0984903Z ##[endgroup]
2022-04-13T19:48:32.0985204Z ##[group]Virtual Environment Provisioner
2022-04-13T19:48:32.0985586Z 1.0.0.0-main-20220325-1
2022-04-13T19:48:32.0985941Z ##[endgroup]
2022-04-13T19:48:32.0986568Z ##[group]GITHUB_TOKEN Permissions
2022-04-13T19:48:32.0987128Z Contents: read
2022-04-13T19:48:32.0987690Z Metadata: read
2022-04-13T19:48:32.0988030Z ##[endgroup]
2022-04-13T19:48:32.0991599Z Secret source: Actions
2022-04-13T19:48:32.0992177Z Prepare workflow directory
2022-04-13T19:48:32.1766110Z Prepare all required actions
2022-04-13T19:48:32.1938473Z Getting action download info
2022-04-13T19:48:32.4626568Z Download action repository 'actions/checkout@v2' (SHA:ec3a7ce113134d7a93b817d10a8272cb61118579)
2022-04-13T19:48:33.0959158Z Download action repository 'actions/setup-go@v2' (SHA:bfdd3570ce990073878bf10f6b2d79082de49492)
2022-04-13T19:48:33.5441759Z Download action repository 'actions/cache@v3' (SHA:48af2dc4a9e8278b89d7fa154b955c30c6aaab09)
2022-04-13T19:48:34.2768460Z ##[group]Run actions/checkout@v2
2022-04-13T19:48:34.2768793Z with:
2022-04-13T19:48:34.2769021Z   repository: hashicorp/terraform
2022-04-13T19:48:34.2769442Z   token: ***
2022-04-13T19:48:34.2769669Z   ssh-strict: true
2022-04-13T19:48:34.2769940Z   persist-credentials: true
2022-04-13T19:48:34.2770171Z   clean: true
2022-04-13T19:48:34.2770403Z   fetch-depth: 1
2022-04-13T19:48:34.2770615Z   lfs: false
2022-04-13T19:48:34.2770806Z   submodules: false
2022-04-13T19:48:34.2771028Z ##[endgroup]
2022-04-13T19:48:34.5245323Z Syncing repository: hashicorp/terraform
2022-04-13T19:48:34.5247496Z ##[group]Getting Git version info
2022-04-13T19:48:34.5248292Z Working directory is '/home/runner/work/terraform/terraform'
2022-04-13T19:48:34.5249056Z [command]/usr/bin/git version
2022-04-13T19:48:34.5383202Z git version 2.35.1
2022-04-13T19:48:34.5387914Z ##[endgroup]
2022-04-13T19:48:34.5394943Z Deleting the contents of '/home/runner/work/terraform/terraform'
2022-04-13T19:48:34.5399848Z ##[group]Initializing the repository
2022-04-13T19:48:34.5403984Z [command]/usr/bin/git init /home/runner/work/terraform/terraform
2022-04-13T19:48:34.5471104Z hint: Using 'master' as the name for the initial branch. This default branch name
2022-04-13T19:48:34.5471675Z hint: is subject to change. To configure the initial branch name to use in all
2022-04-13T19:48:34.5472184Z hint: of your new repositories, which will suppress this warning, call:
2022-04-13T19:48:34.5472561Z hint: 
2022-04-13T19:48:34.5472962Z hint: 	git config --global init.defaultBranch <name>
2022-04-13T19:48:34.5473235Z hint: 
2022-04-13T19:48:34.5473862Z hint: Names commonly chosen instead of 'master' are 'main', 'trunk' and
2022-04-13T19:48:34.5474433Z hint: 'development'. The just-created branch can be renamed via this command:
2022-04-13T19:48:34.5474854Z hint: 
2022-04-13T19:48:34.5475294Z hint: 	git branch -m <name>
2022-04-13T19:48:34.5481267Z Initialized empty Git repository in /home/runner/work/terraform/terraform/.git/
2022-04-13T19:48:34.5491231Z [command]/usr/bin/git remote add origin https://github.com/hashicorp/terraform
2022-04-13T19:48:34.5576565Z ##[endgroup]
2022-04-13T19:48:34.5577388Z ##[group]Disabling automatic garbage collection
2022-04-13T19:48:34.5580308Z [command]/usr/bin/git config --local gc.auto 0
2022-04-13T19:48:34.5611715Z ##[endgroup]
2022-04-13T19:48:34.5631647Z ##[group]Setting up auth
2022-04-13T19:48:34.5632839Z [command]/usr/bin/git config --local --name-only --get-regexp core\.sshCommand
2022-04-13T19:48:34.5660279Z [command]/usr/bin/git submodule foreach --recursive git config --local --name-only --get-regexp 'core\.sshCommand' && git config --local --unset-all 'core.sshCommand' || :
2022-04-13T19:48:34.6024583Z [command]/usr/bin/git config --local --name-only --get-regexp http\.https\:\/\/github\.com\/\.extraheader
2022-04-13T19:48:34.6058276Z [command]/usr/bin/git submodule foreach --recursive git config --local --name-only --get-regexp 'http\.https\:\/\/github\.com\/\.extraheader' && git config --local --unset-all 'http.https://github.com/.extraheader' || :
2022-04-13T19:48:34.6263007Z [command]/usr/bin/git config --local http.https://github.com/.extraheader AUTHORIZATION: basic ***
2022-04-13T19:48:34.6305933Z ##[endgroup]
2022-04-13T19:48:34.6306789Z ##[group]Fetching the repository
2022-04-13T19:48:34.6311973Z [command]/usr/bin/git -c protocol.version=2 fetch --no-tags --prune --progress --no-recurse-submodules --depth=1 origin +9c0c1950a18c039ac084f1f73351030be4242e75:refs/remotes/pull/30797/merge
2022-04-13T19:48:35.1428291Z remote: Enumerating objects: 3879, done.        
2022-04-13T19:48:35.1497376Z remote: Counting objects:   0% (1/3879)        
2022-04-13T19:48:35.1498121Z remote: Counting objects:   1% (39/3879)        
2022-04-13T19:48:35.1498591Z remote: Counting objects:   2% (78/3879)        
2022-04-13T19:48:35.1499023Z remote: Counting objects:   3% (117/3879)        
2022-04-13T19:48:35.1499619Z remote: Counting objects:   4% (156/3879)        
2022-04-13T19:48:35.1500493Z remote: Counting objects:   5% (194/3879)        
2022-04-13T19:48:35.1500856Z remote: Counting objects:   6% (233/3879)        
2022-04-13T19:48:35.1501832Z remote: Counting objects:   7% (272/3879)        
2022-04-13T19:48:35.1502319Z remote: Counting objects:   8% (311/3879)        
2022-04-13T19:48:35.1502687Z remote: Counting objects:   9% (350/3879)        
2022-04-13T19:48:35.1502958Z remote: Counting objects:  10% (388/3879)        
2022-04-13T19:48:35.1503302Z remote: Counting objects:  11% (427/3879)        
2022-04-13T19:48:35.1503816Z remote: Counting objects:  12% (466/3879)        
2022-04-13T19:48:35.1504331Z remote: Counting objects:  13% (505/3879)        
2022-04-13T19:48:35.1504807Z remote: Counting objects:  14% (544/3879)        
2022-04-13T19:48:35.1505158Z remote: Counting objects:  15% (582/3879)        
2022-04-13T19:48:35.1505644Z remote: Counting objects:  16% (621/3879)        
2022-04-13T19:48:35.1506145Z remote: Counting objects:  17% (660/3879)        
2022-04-13T19:48:35.1506642Z remote: Counting objects:  18% (699/3879)        
2022-04-13T19:48:35.1507104Z remote: Counting objects:  19% (738/3879)        
2022-04-13T19:48:35.1507601Z remote: Counting objects:  20% (776/3879)        
2022-04-13T19:48:35.1508129Z remote: Counting objects:  21% (815/3879)        
2022-04-13T19:48:35.1508525Z remote: Counting objects:  22% (854/3879)        
2022-04-13T19:48:35.1509516Z remote: Counting objects:  23% (893/3879)        
2022-04-13T19:48:35.1509875Z remote: Counting objects:  24% (931/3879)        
2022-04-13T19:48:35.1514590Z remote: Counting objects:  25% (970/3879)        
2022-04-13T19:48:35.1514976Z remote: Counting objects:  26% (1009/3879)        
2022-04-13T19:48:35.1515361Z remote: Counting objects:  27% (1048/3879)        
2022-04-13T19:48:35.1515946Z remote: Counting objects:  28% (1087/3879)        
2022-04-13T19:48:35.1637577Z remote: Counting objects:  29% (1125/3879)        
2022-04-13T19:48:35.1638326Z remote: Counting objects:  30% (1164/3879)        
2022-04-13T19:48:35.1638605Z remote: Counting objects:  31% (1203/3879)        
2022-04-13T19:48:35.1638843Z remote: Counting objects:  32% (1242/3879)        
2022-04-13T19:48:35.1639103Z remote: Counting objects:  33% (1281/3879)        
2022-04-13T19:48:35.1639361Z remote: Counting objects:  34% (1319/3879)        
2022-04-13T19:48:35.1639598Z remote: Counting objects:  35% (1358/3879)        
2022-04-13T19:48:35.1640167Z remote: Counting objects:  36% (1397/3879)        
2022-04-13T19:48:35.1640422Z remote: Counting objects:  37% (1436/3879)        
2022-04-13T19:48:35.1640650Z remote: Counting objects:  38% (1475/3879)        
2022-04-13T19:48:35.1640909Z remote: Counting objects:  39% (1513/3879)        
2022-04-13T19:48:35.1641167Z remote: Counting objects:  40% (1552/3879)        
2022-04-13T19:48:35.1641398Z remote: Counting objects:  41% (1591/3879)        
2022-04-13T19:48:35.1641650Z remote: Counting objects:  42% (1630/3879)        
2022-04-13T19:48:35.1641900Z remote: Counting objects:  43% (1668/3879)        
2022-04-13T19:48:35.1642162Z remote: Counting objects:  44% (1707/3879)        
2022-04-13T19:48:35.1642396Z remote: Counting objects:  45% (1746/3879)        
2022-04-13T19:48:35.1642647Z remote: Counting objects:  46% (1785/3879)        
2022-04-13T19:48:35.1642892Z remote: Counting objects:  47% (1824/3879)        
2022-04-13T19:48:35.1643123Z remote: Counting objects:  48% (1862/3879)        
2022-04-13T19:48:35.1643377Z remote: Counting objects:  49% (1901/3879)        
2022-04-13T19:48:35.1643631Z remote: Counting objects:  50% (1940/3879)        
2022-04-13T19:48:35.1644004Z remote: Counting objects:  51% (1979/3879)        
2022-04-13T19:48:35.1644397Z remote: Counting objects:  52% (2018/3879)        
2022-04-13T19:48:35.1644654Z remote: Counting objects:  53% (2056/3879)        
2022-04-13T19:48:35.1644906Z remote: Counting objects:  54% (2095/3879)        
2022-04-13T19:48:35.1645139Z remote: Counting objects:  55% (2134/3879)        
2022-04-13T19:48:35.1645399Z remote: Counting objects:  56% (2173/3879)        
2022-04-13T19:48:35.1645781Z remote: Counting objects:  57% (2212/3879)        
2022-04-13T19:48:35.1646016Z remote: Counting objects:  58% (2250/3879)        
2022-04-13T19:48:35.1646272Z remote: Counting objects:  59% (2289/3879)        
2022-04-13T19:48:35.1646525Z remote: Counting objects:  60% (2328/3879)        
2022-04-13T19:48:35.1646893Z remote: Counting objects:  61% (2367/3879)        
2022-04-13T19:48:35.1647156Z remote: Counting objects:  62% (2405/3879)        
2022-04-13T19:48:35.1647415Z remote: Counting objects:  63% (2444/3879)        
2022-04-13T19:48:35.1647702Z remote: Counting objects:  64% (2483/3879)        
2022-04-13T19:48:35.1648078Z remote: Counting objects:  65% (2522/3879)        
2022-04-13T19:48:35.1648328Z remote: Counting objects:  66% (2561/3879)        
2022-04-13T19:48:35.1648590Z remote: Counting objects:  67% (2599/3879)        
2022-04-13T19:48:35.1648842Z remote: Counting objects:  68% (2638/3879)        
2022-04-13T19:48:35.1649073Z remote: Counting objects:  69% (2677/3879)        
2022-04-13T19:48:35.1649325Z remote: Counting objects:  70% (2716/3879)        
2022-04-13T19:48:35.1649571Z remote: Counting objects:  71% (2755/3879)        
2022-04-13T19:48:35.1649799Z remote: Counting objects:  72% (2793/3879)        
2022-04-13T19:48:35.1650052Z remote: Counting objects:  73% (2832/3879)        
2022-04-13T19:48:35.1650302Z remote: Counting objects:  74% (2871/3879)        
2022-04-13T19:48:35.1650533Z remote: Counting objects:  75% (2910/3879)        
2022-04-13T19:48:35.1650775Z remote: Counting objects:  76% (2949/3879)        
2022-04-13T19:48:35.1651025Z remote: Counting objects:  77% (2987/3879)        
2022-04-13T19:48:35.1651275Z remote: Counting objects:  78% (3026/3879)        
2022-04-13T19:48:35.1651498Z remote: Counting objects:  79% (3065/3879)        
2022-04-13T19:48:35.1651745Z remote: Counting objects:  80% (3104/3879)        
2022-04-13T19:48:35.1651996Z remote: Counting objects:  81% (3142/3879)        
2022-04-13T19:48:35.1652223Z remote: Counting objects:  82% (3181/3879)        
2022-04-13T19:48:35.1652468Z remote: Counting objects:  83% (3220/3879)        
2022-04-13T19:48:35.1652713Z remote: Counting objects:  84% (3259/3879)        
2022-04-13T19:48:35.1652935Z remote: Counting objects:  85% (3298/3879)        
2022-04-13T19:48:35.1653184Z remote: Counting objects:  86% (3336/3879)        
2022-04-13T19:48:35.1653534Z remote: Counting objects:  87% (3375/3879)        
2022-04-13T19:48:35.1653787Z remote: Counting objects:  88% (3414/3879)        
2022-04-13T19:48:35.1654025Z remote: Counting objects:  89% (3453/3879)        
2022-04-13T19:48:35.1654277Z remote: Counting objects:  90% (3492/3879)        
2022-04-13T19:48:35.1654532Z remote: Counting objects:  91% (3530/3879)        
2022-04-13T19:48:35.1654761Z remote: Counting objects:  92% (3569/3879)        
2022-04-13T19:48:35.1655016Z remote: Counting objects:  93% (3608/3879)        
2022-04-13T19:48:35.1655263Z remote: Counting objects:  94% (3647/3879)        
2022-04-13T19:48:35.1655493Z remote: Counting objects:  95% (3686/3879)        
2022-04-13T19:48:35.1655750Z remote: Counting objects:  96% (3724/3879)        
2022-04-13T19:48:35.1656002Z remote: Counting objects:  97% (3763/3879)        
2022-04-13T19:48:35.1656225Z remote: Counting objects:  98% (3802/3879)        
2022-04-13T19:48:35.1656471Z remote: Counting objects:  99% (3841/3879)        
2022-04-13T19:48:35.1657371Z remote: Counting objects: 100% (3879/3879)        
2022-04-13T19:48:35.1668542Z remote: Counting objects: 100% (3879/3879), done.        
2022-04-13T19:48:35.1668992Z remote: Compressing objects:   0% (1/2927)        
2022-04-13T19:48:35.1669420Z remote: Compressing objects:   1% (30/2927)        
2022-04-13T19:48:35.1670279Z remote: Compressing objects:   2% (59/2927)        
2022-04-13T19:48:35.1670931Z remote: Compressing objects:   3% (88/2927)        
2022-04-13T19:48:35.1671455Z remote: Compressing objects:   4% (118/2927)        
2022-04-13T19:48:35.1671914Z remote: Compressing objects:   5% (147/2927)        
2022-04-13T19:48:35.1672596Z remote: Compressing objects:   6% (176/2927)        
2022-04-13T19:48:35.1680372Z remote: Compressing objects:   7% (205/2927)        
2022-04-13T19:48:35.1700428Z remote: Compressing objects:   8% (235/2927)        
2022-04-13T19:48:35.1727408Z remote: Compressing objects:   9% (264/2927)        
2022-04-13T19:48:35.1744630Z remote: Compressing objects:  10% (293/2927)        
2022-04-13T19:48:35.1774208Z remote: Compressing objects:  11% (322/2927)        
2022-04-13T19:48:35.1776941Z remote: Compressing objects:  12% (352/2927)        
2022-04-13T19:48:35.1857349Z remote: Compressing objects:  13% (381/2927)        
2022-04-13T19:48:35.1925658Z remote: Compressing objects:  14% (410/2927)        
2022-04-13T19:48:35.2040002Z remote: Compressing objects:  15% (440/2927)        
2022-04-13T19:48:35.2165886Z remote: Compressing objects:  16% (469/2927)        
2022-04-13T19:48:35.2252552Z remote: Compressing objects:  17% (498/2927)        
2022-04-13T19:48:35.2349263Z remote: Compressing objects:  18% (527/2927)        
2022-04-13T19:48:35.2449993Z remote: Compressing objects:  19% (557/2927)        
2022-04-13T19:48:35.2613755Z remote: Compressing objects:  20% (586/2927)        
2022-04-13T19:48:35.2631109Z remote: Compressing objects:  21% (615/2927)        
2022-04-13T19:48:35.2770670Z remote: Compressing objects:  22% (644/2927)        
2022-04-13T19:48:35.2882044Z remote: Compressing objects:  23% (674/2927)        
2022-04-13T19:48:35.2937863Z remote: Compressing objects:  24% (703/2927)        
2022-04-13T19:48:35.3078907Z remote: Compressing objects:  25% (732/2927)        
2022-04-13T19:48:35.3219717Z remote: Compressing objects:  26% (762/2927)        
2022-04-13T19:48:35.3384656Z remote: Compressing objects:  27% (791/2927)        
2022-04-13T19:48:35.3524576Z remote: Compressing objects:  28% (820/2927)        
2022-04-13T19:48:35.3708406Z remote: Compressing objects:  29% (849/2927)        
2022-04-13T19:48:35.3749402Z remote: Compressing objects:  30% (879/2927)        
2022-04-13T19:48:35.3871925Z remote: Compressing objects:  31% (908/2927)        
2022-04-13T19:48:35.3919169Z remote: Compressing objects:  32% (937/2927)        
2022-04-13T19:48:35.3980341Z remote: Compressing objects:  33% (966/2927)        
2022-04-13T19:48:35.4242216Z remote: Compressing objects:  34% (996/2927)        
2022-04-13T19:48:35.4242598Z remote: Compressing objects:  35% (1025/2927)        
2022-04-13T19:48:35.4243342Z remote: Compressing objects:  36% (1054/2927)        
2022-04-13T19:48:35.4314561Z remote: Compressing objects:  37% (1083/2927)        
2022-04-13T19:48:35.4374227Z remote: Compressing objects:  38% (1113/2927)        
2022-04-13T19:48:35.4518910Z remote: Compressing objects:  39% (1142/2927)        
2022-04-13T19:48:35.4591535Z remote: Compressing objects:  40% (1171/2927)        
2022-04-13T19:48:35.4659051Z remote: Compressing objects:  41% (1201/2927)        
2022-04-13T19:48:35.4691864Z remote: Compressing objects:  42% (1230/2927)        
2022-04-13T19:48:35.4732245Z remote: Compressing objects:  43% (1259/2927)        
2022-04-13T19:48:35.4815433Z remote: Compressing objects:  44% (1288/2927)        
2022-04-13T19:48:35.4958856Z remote: Compressing objects:  45% (1318/2927)        
2022-04-13T19:48:35.5056286Z remote: Compressing objects:  46% (1347/2927)        
2022-04-13T19:48:35.5214443Z remote: Compressing objects:  47% (1376/2927)        
2022-04-13T19:48:35.5342901Z remote: Compressing objects:  48% (1405/2927)        
2022-04-13T19:48:35.5438106Z remote: Compressing objects:  49% (1435/2927)        
2022-04-13T19:48:35.5512829Z remote: Compressing objects:  50% (1464/2927)        
2022-04-13T19:48:35.5513471Z remote: Compressing objects:  51% (1493/2927)        
2022-04-13T19:48:35.5667427Z remote: Compressing objects:  52% (1523/2927)        
2022-04-13T19:48:35.5667863Z remote: Compressing objects:  53% (1552/2927)        
2022-04-13T19:48:35.5689131Z remote: Compressing objects:  54% (1581/2927)        
2022-04-13T19:48:35.5702759Z remote: Compressing objects:  55% (1610/2927)        
2022-04-13T19:48:35.5703518Z remote: Compressing objects:  56% (1640/2927)        
2022-04-13T19:48:35.5704079Z remote: Compressing objects:  57% (1669/2927)        
2022-04-13T19:48:35.5704712Z remote: Compressing objects:  58% (1698/2927)        
2022-04-13T19:48:35.5705564Z remote: Compressing objects:  59% (1727/2927)        
2022-04-13T19:48:35.5706378Z remote: Compressing objects:  60% (1757/2927)        
2022-04-13T19:48:35.5711526Z remote: Compressing objects:  61% (1786/2927)        
2022-04-13T19:48:35.5718109Z remote: Compressing objects:  62% (1815/2927)        
2022-04-13T19:48:35.5720718Z remote: Compressing objects:  63% (1845/2927)        
2022-04-13T19:48:35.5721627Z remote: Compressing objects:  64% (1874/2927)        
2022-04-13T19:48:35.5722169Z remote: Compressing objects:  65% (1903/2927)        
2022-04-13T19:48:35.5722900Z remote: Compressing objects:  66% (1932/2927)        
2022-04-13T19:48:35.5723424Z remote: Compressing objects:  67% (1962/2927)        
2022-04-13T19:48:35.5726175Z remote: Compressing objects:  68% (1991/2927)        
2022-04-13T19:48:35.5726825Z remote: Compressing objects:  69% (2020/2927)        
2022-04-13T19:48:35.5727451Z remote: Compressing objects:  70% (2049/2927)        
2022-04-13T19:48:35.5727968Z remote: Compressing objects:  71% (2079/2927)        
2022-04-13T19:48:35.5728590Z remote: Compressing objects:  72% (2108/2927)        
2022-04-13T19:48:35.5729225Z remote: Compressing objects:  73% (2137/2927)        
2022-04-13T19:48:35.5729845Z remote: Compressing objects:  74% (2166/2927)        
2022-04-13T19:48:35.5730445Z remote: Compressing objects:  75% (2196/2927)        
2022-04-13T19:48:35.5731075Z remote: Compressing objects:  76% (2225/2927)        
2022-04-13T19:48:35.5755165Z remote: Compressing objects:  77% (2254/2927)        
2022-04-13T19:48:35.5755746Z remote: Compressing objects:  78% (2284/2927)        
2022-04-13T19:48:35.5826233Z remote: Compressing objects:  79% (2313/2927)        
2022-04-13T19:48:35.5826675Z remote: Compressing objects:  80% (2342/2927)        
2022-04-13T19:48:35.5826982Z remote: Compressing objects:  81% (2371/2927)        
2022-04-13T19:48:35.5827252Z remote: Compressing objects:  82% (2401/2927)        
2022-04-13T19:48:35.5827565Z remote: Compressing objects:  83% (2430/2927)        
2022-04-13T19:48:35.5827860Z remote: Compressing objects:  84% (2459/2927)        
2022-04-13T19:48:35.5828598Z remote: Compressing objects:  85% (2488/2927)        
2022-04-13T19:48:35.5828868Z remote: Compressing objects:  86% (2518/2927)        
2022-04-13T19:48:35.5829179Z remote: Compressing objects:  87% (2547/2927)        
2022-04-13T19:48:35.5829472Z remote: Compressing objects:  88% (2576/2927)        
2022-04-13T19:48:35.5829738Z remote: Compressing objects:  89% (2606/2927)        
2022-04-13T19:48:35.5833371Z remote: Compressing objects:  90% (2635/2927)        
2022-04-13T19:48:35.5833945Z remote: Compressing objects:  91% (2664/2927)        
2022-04-13T19:48:35.5837893Z remote: Compressing objects:  92% (2693/2927)        
2022-04-13T19:48:35.5838435Z remote: Compressing objects:  93% (2723/2927)        
2022-04-13T19:48:35.5839007Z remote: Compressing objects:  94% (2752/2927)        
2022-04-13T19:48:35.5839533Z remote: Compressing objects:  95% (2781/2927)        
2022-04-13T19:48:35.5840084Z remote: Compressing objects:  96% (2810/2927)        
2022-04-13T19:48:35.5840666Z remote: Compressing objects:  97% (2840/2927)        
2022-04-13T19:48:35.5852368Z remote: Compressing objects:  98% (2869/2927)        
2022-04-13T19:48:35.5852988Z remote: Compressing objects:  99% (2898/2927)        
2022-04-13T19:48:35.5853462Z remote: Compressing objects: 100% (2927/2927)        
2022-04-13T19:48:35.5854075Z remote: Compressing objects: 100% (2927/2927), done.        
2022-04-13T19:48:35.6030750Z Receiving objects:   0% (1/3879)
2022-04-13T19:48:35.6662556Z Receiving objects:   1% (39/3879)
2022-04-13T19:48:35.6699448Z Receiving objects:   2% (78/3879)
2022-04-13T19:48:35.6717473Z Receiving objects:   3% (117/3879)
2022-04-13T19:48:35.6731058Z Receiving objects:   4% (156/3879)
2022-04-13T19:48:35.6748724Z Receiving objects:   5% (194/3879)
2022-04-13T19:48:35.6786737Z Receiving objects:   6% (233/3879)
2022-04-13T19:48:35.6802510Z Receiving objects:   7% (272/3879)
2022-04-13T19:48:35.6820688Z Receiving objects:   8% (311/3879)
2022-04-13T19:48:35.6844150Z Receiving objects:   9% (350/3879)
2022-04-13T19:48:35.6863750Z Receiving objects:  10% (388/3879)
2022-04-13T19:48:35.6881375Z Receiving objects:  11% (427/3879)
2022-04-13T19:48:35.6885749Z Receiving objects:  12% (466/3879)
2022-04-13T19:48:35.6914563Z Receiving objects:  13% (505/3879)
2022-04-13T19:48:35.6948823Z Receiving objects:  14% (544/3879)
2022-04-13T19:48:35.6998789Z Receiving objects:  15% (582/3879)
2022-04-13T19:48:35.7018258Z Receiving objects:  16% (621/3879)
2022-04-13T19:48:35.7020449Z Receiving objects:  17% (660/3879)
2022-04-13T19:48:35.7022328Z Receiving objects:  18% (699/3879)
2022-04-13T19:48:35.7025624Z Receiving objects:  19% (738/3879)
2022-04-13T19:48:35.7028154Z Receiving objects:  20% (776/3879)
2022-04-13T19:48:35.7031270Z Receiving objects:  21% (815/3879)
2022-04-13T19:48:35.7034235Z Receiving objects:  22% (854/3879)
2022-04-13T19:48:35.7036902Z Receiving objects:  23% (893/3879)
2022-04-13T19:48:35.7039111Z Receiving objects:  24% (931/3879)
2022-04-13T19:48:35.7044325Z Receiving objects:  25% (970/3879)
2022-04-13T19:48:35.7049041Z Receiving objects:  26% (1009/3879)
2022-04-13T19:48:35.7052045Z Receiving objects:  27% (1048/3879)
2022-04-13T19:48:35.7055473Z Receiving objects:  28% (1087/3879)
2022-04-13T19:48:35.7074860Z Receiving objects:  29% (1125/3879)
2022-04-13T19:48:35.7095752Z Receiving objects:  30% (1164/3879)
2022-04-13T19:48:35.7117939Z Receiving objects:  31% (1203/3879)
2022-04-13T19:48:35.7124183Z Receiving objects:  32% (1242/3879)
2022-04-13T19:48:35.7137066Z Receiving objects:  33% (1281/3879)
2022-04-13T19:48:35.7169921Z Receiving objects:  34% (1319/3879)
2022-04-13T19:48:35.7174997Z Receiving objects:  35% (1358/3879)
2022-04-13T19:48:35.7177905Z Receiving objects:  36% (1397/3879)
2022-04-13T19:48:35.7181176Z Receiving objects:  37% (1436/3879)
2022-04-13T19:48:35.7183542Z Receiving objects:  38% (1475/3879)
2022-04-13T19:48:35.7186525Z Receiving objects:  39% (1513/3879)
2022-04-13T19:48:35.7188592Z Receiving objects:  40% (1552/3879)
2022-04-13T19:48:35.7194765Z Receiving objects:  41% (1591/3879)
2022-04-13T19:48:35.7211491Z Receiving objects:  42% (1630/3879)
2022-04-13T19:48:35.7237664Z Receiving objects:  43% (1668/3879)
2022-04-13T19:48:35.7246200Z Receiving objects:  44% (1707/3879)
2022-04-13T19:48:35.7262243Z Receiving objects:  45% (1746/3879)
2022-04-13T19:48:35.7273226Z Receiving objects:  46% (1785/3879)
2022-04-13T19:48:35.7302354Z Receiving objects:  47% (1824/3879)
2022-04-13T19:48:35.7315174Z Receiving objects:  48% (1862/3879)
2022-04-13T19:48:35.7364675Z Receiving objects:  49% (1901/3879)
2022-04-13T19:48:35.7534336Z Receiving objects:  50% (1940/3879)
2022-04-13T19:48:35.7578606Z Receiving objects:  51% (1979/3879)
2022-04-13T19:48:35.7656020Z Receiving objects:  52% (2018/3879)
2022-04-13T19:48:35.7689194Z Receiving objects:  53% (2056/3879)
2022-04-13T19:48:35.7712566Z Receiving objects:  54% (2095/3879)
2022-04-13T19:48:35.7747925Z Receiving objects:  55% (2134/3879)
2022-04-13T19:48:35.7798063Z Receiving objects:  56% (2173/3879)
2022-04-13T19:48:35.7832221Z Receiving objects:  57% (2212/3879)
2022-04-13T19:48:35.7890967Z Receiving objects:  58% (2250/3879)
2022-04-13T19:48:35.8118240Z Receiving objects:  59% (2289/3879)
2022-04-13T19:48:35.8158094Z Receiving objects:  60% (2328/3879)
2022-04-13T19:48:35.8260181Z Receiving objects:  61% (2367/3879)
2022-04-13T19:48:35.8287541Z Receiving objects:  62% (2405/3879)
2022-04-13T19:48:35.8288802Z Receiving objects:  63% (2444/3879)
2022-04-13T19:48:35.8289545Z Receiving objects:  64% (2483/3879)
2022-04-13T19:48:35.8290787Z Receiving objects:  65% (2522/3879)
2022-04-13T19:48:35.8323982Z Receiving objects:  66% (2561/3879)
2022-04-13T19:48:35.8327653Z Receiving objects:  67% (2599/3879)
2022-04-13T19:48:35.8332826Z Receiving objects:  68% (2638/3879)
2022-04-13T19:48:35.8336648Z Receiving objects:  69% (2677/3879)
2022-04-13T19:48:35.8340567Z Receiving objects:  70% (2716/3879)
2022-04-13T19:48:35.8344060Z Receiving objects:  71% (2755/3879)
2022-04-13T19:48:35.8348438Z Receiving objects:  72% (2793/3879)
2022-04-13T19:48:35.8351932Z Receiving objects:  73% (2832/3879)
2022-04-13T19:48:35.8355605Z Receiving objects:  74% (2871/3879)
2022-04-13T19:48:35.8360147Z Receiving objects:  75% (2910/3879)
2022-04-13T19:48:35.8363988Z Receiving objects:  76% (2949/3879)
2022-04-13T19:48:35.8367912Z Receiving objects:  77% (2987/3879)
2022-04-13T19:48:35.8371828Z Receiving objects:  78% (3026/3879)
2022-04-13T19:48:35.8375314Z Receiving objects:  79% (3065/3879)
2022-04-13T19:48:35.8378606Z Receiving objects:  80% (3104/3879)
2022-04-13T19:48:35.8382404Z Receiving objects:  81% (3142/3879)
2022-04-13T19:48:35.8385618Z Receiving objects:  82% (3181/3879)
2022-04-13T19:48:35.8389270Z Receiving objects:  83% (3220/3879)
2022-04-13T19:48:35.8392598Z Receiving objects:  84% (3259/3879)
2022-04-13T19:48:35.8395871Z Receiving objects:  85% (3298/3879)
2022-04-13T19:48:35.8399418Z Receiving objects:  86% (3336/3879)
2022-04-13T19:48:35.8422207Z Receiving objects:  87% (3375/3879)
2022-04-13T19:48:35.8437193Z Receiving objects:  88% (3414/3879)
2022-04-13T19:48:35.8469650Z Receiving objects:  89% (3453/3879)
2022-04-13T19:48:35.8504512Z Receiving objects:  90% (3492/3879)
2022-04-13T19:48:35.8536436Z Receiving objects:  91% (3530/3879)
2022-04-13T19:48:35.8559801Z Receiving objects:  92% (3569/3879)
2022-04-13T19:48:35.8589112Z Receiving objects:  93% (3608/3879)
2022-04-13T19:48:35.8598874Z Receiving objects:  94% (3647/3879)
2022-04-13T19:48:35.8610656Z Receiving objects:  95% (3686/3879)
2022-04-13T19:48:35.8619918Z Receiving objects:  96% (3724/3879)
2022-04-13T19:48:35.8648249Z Receiving objects:  97% (3763/3879)
2022-04-13T19:48:35.8671286Z Receiving objects:  98% (3802/3879)
2022-04-13T19:48:35.8683101Z Receiving objects:  99% (3841/3879)
2022-04-13T19:48:35.8684027Z remote: Total 3879 (delta 303), reused 2575 (delta 219), pack-reused 0        
2022-04-13T19:48:35.8707026Z Receiving objects: 100% (3879/3879)
2022-04-13T19:48:35.8707724Z Receiving objects: 100% (3879/3879), 3.57 MiB | 12.75 MiB/s, done.
2022-04-13T19:48:35.8756592Z Resolving deltas:   0% (0/303)
2022-04-13T19:48:35.8759104Z Resolving deltas:   1% (4/303)
2022-04-13T19:48:35.8760538Z Resolving deltas:   2% (7/303)
2022-04-13T19:48:35.8762679Z Resolving deltas:   3% (10/303)
2022-04-13T19:48:35.8764827Z Resolving deltas:   4% (13/303)
2022-04-13T19:48:35.8767600Z Resolving deltas:   5% (16/303)
2022-04-13T19:48:35.8768146Z Resolving deltas:   6% (19/303)
2022-04-13T19:48:35.8773884Z Resolving deltas:   7% (22/303)
2022-04-13T19:48:35.8779593Z Resolving deltas:   8% (25/303)
2022-04-13T19:48:35.8783909Z Resolving deltas:   9% (28/303)
2022-04-13T19:48:35.8787665Z Resolving deltas:  10% (31/303)
2022-04-13T19:48:35.8791640Z Resolving deltas:  11% (34/303)
2022-04-13T19:48:35.8791890Z Resolving deltas:  12% (37/303)
2022-04-13T19:48:35.8792122Z Resolving deltas:  13% (40/303)
2022-04-13T19:48:35.8800998Z Resolving deltas:  14% (43/303)
2022-04-13T19:48:35.8804627Z Resolving deltas:  15% (46/303)
2022-04-13T19:48:35.8804872Z Resolving deltas:  16% (49/303)
2022-04-13T19:48:35.8805110Z Resolving deltas:  17% (52/303)
2022-04-13T19:48:35.8806827Z Resolving deltas:  18% (55/303)
2022-04-13T19:48:35.8808808Z Resolving deltas:  19% (58/303)
2022-04-13T19:48:35.8811686Z Resolving deltas:  20% (61/303)
2022-04-13T19:48:35.8816322Z Resolving deltas:  21% (64/303)
2022-04-13T19:48:35.8820630Z Resolving deltas:  22% (67/303)
2022-04-13T19:48:35.8820880Z Resolving deltas:  23% (70/303)
2022-04-13T19:48:35.8826219Z Resolving deltas:  24% (73/303)
2022-04-13T19:48:35.8831660Z Resolving deltas:  25% (76/303)
2022-04-13T19:48:35.8833519Z Resolving deltas:  26% (79/303)
2022-04-13T19:48:35.8834121Z Resolving deltas:  27% (82/303)
2022-04-13T19:48:35.8834455Z Resolving deltas:  28% (85/303)
2022-04-13T19:48:35.8834782Z Resolving deltas:  29% (88/303)
2022-04-13T19:48:35.8835111Z Resolving deltas:  30% (91/303)
2022-04-13T19:48:35.8835432Z Resolving deltas:  31% (94/303)
2022-04-13T19:48:35.8835754Z Resolving deltas:  32% (97/303)
2022-04-13T19:48:35.8836066Z Resolving deltas:  33% (100/303)
2022-04-13T19:48:35.8837599Z Resolving deltas:  34% (104/303)
2022-04-13T19:48:35.8837970Z Resolving deltas:  35% (107/303)
2022-04-13T19:48:35.8838286Z Resolving deltas:  36% (110/303)
2022-04-13T19:48:35.8838622Z Resolving deltas:  37% (113/303)
2022-04-13T19:48:35.8838954Z Resolving deltas:  38% (116/303)
2022-04-13T19:48:35.8839275Z Resolving deltas:  39% (119/303)
2022-04-13T19:48:35.8840603Z Resolving deltas:  40% (122/303)
2022-04-13T19:48:35.8840941Z Resolving deltas:  41% (125/303)
2022-04-13T19:48:35.8841236Z Resolving deltas:  42% (128/303)
2022-04-13T19:48:35.8841558Z Resolving deltas:  43% (131/303)
2022-04-13T19:48:35.8841889Z Resolving deltas:  44% (134/303)
2022-04-13T19:48:35.8843228Z Resolving deltas:  45% (137/303)
2022-04-13T19:48:35.8843566Z Resolving deltas:  46% (140/303)
2022-04-13T19:48:35.8843878Z Resolving deltas:  47% (143/303)
2022-04-13T19:48:35.8844168Z Resolving deltas:  48% (146/303)
2022-04-13T19:48:35.8844465Z Resolving deltas:  49% (149/303)
2022-04-13T19:48:35.8844780Z Resolving deltas:  50% (152/303)
2022-04-13T19:48:35.8845099Z Resolving deltas:  51% (155/303)
2022-04-13T19:48:35.8845995Z Resolving deltas:  52% (158/303)
2022-04-13T19:48:35.8846333Z Resolving deltas:  53% (161/303)
2022-04-13T19:48:35.8846640Z Resolving deltas:  54% (164/303)
2022-04-13T19:48:35.8846938Z Resolving deltas:  55% (167/303)
2022-04-13T19:48:35.8847797Z Resolving deltas:  56% (170/303)
2022-04-13T19:48:35.8848285Z Resolving deltas:  57% (173/303)
2022-04-13T19:48:35.8849432Z Resolving deltas:  58% (176/303)
2022-04-13T19:48:35.8852674Z Resolving deltas:  59% (179/303)
2022-04-13T19:48:35.8854109Z Resolving deltas:  60% (182/303)
2022-04-13T19:48:35.8855024Z Resolving deltas:  61% (185/303)
2022-04-13T19:48:35.8856379Z Resolving deltas:  62% (188/303)
2022-04-13T19:48:35.8856693Z Resolving deltas:  63% (191/303)
2022-04-13T19:48:35.8857020Z Resolving deltas:  64% (194/303)
2022-04-13T19:48:35.8857343Z Resolving deltas:  65% (197/303)
2022-04-13T19:48:35.8858708Z Resolving deltas:  66% (200/303)
2022-04-13T19:48:35.8859268Z Resolving deltas:  67% (204/303)
2022-04-13T19:48:35.8859856Z Resolving deltas:  68% (207/303)
2022-04-13T19:48:35.8860288Z Resolving deltas:  69% (210/303)
2022-04-13T19:48:35.8861280Z Resolving deltas:  70% (213/303)
2022-04-13T19:48:35.8862660Z Resolving deltas:  71% (216/303)
2022-04-13T19:48:35.8865117Z Resolving deltas:  72% (219/303)
2022-04-13T19:48:35.8868308Z Resolving deltas:  73% (222/303)
2022-04-13T19:48:35.8869829Z Resolving deltas:  74% (225/303)
2022-04-13T19:48:35.8871250Z Resolving deltas:  75% (228/303)
2022-04-13T19:48:35.8871708Z Resolving deltas:  76% (231/303)
2022-04-13T19:48:35.8875205Z Resolving deltas:  77% (234/303)
2022-04-13T19:48:35.8879341Z Resolving deltas:  78% (237/303)
2022-04-13T19:48:35.8882230Z Resolving deltas:  79% (240/303)
2022-04-13T19:48:35.8886863Z Resolving deltas:  80% (243/303)
2022-04-13T19:48:35.8887341Z Resolving deltas:  81% (246/303)
2022-04-13T19:48:35.8888769Z Resolving deltas:  82% (249/303)
2022-04-13T19:48:35.8889176Z Resolving deltas:  83% (252/303)
2022-04-13T19:48:35.8889991Z Resolving deltas:  84% (255/303)
2022-04-13T19:48:35.8890405Z Resolving deltas:  85% (258/303)
2022-04-13T19:48:35.8891183Z Resolving deltas:  86% (261/303)
2022-04-13T19:48:35.8891572Z Resolving deltas:  87% (264/303)
2022-04-13T19:48:35.8892313Z Resolving deltas:  88% (267/303)
2022-04-13T19:48:35.8892721Z Resolving deltas:  89% (270/303)
2022-04-13T19:48:35.8893453Z Resolving deltas:  90% (273/303)
2022-04-13T19:48:35.8893856Z Resolving deltas:  91% (276/303)
2022-04-13T19:48:35.8895633Z Resolving deltas:  92% (279/303)
2022-04-13T19:48:35.8899944Z Resolving deltas:  93% (282/303)
2022-04-13T19:48:35.8905228Z Resolving deltas:  94% (285/303)
2022-04-13T19:48:35.8905720Z Resolving deltas:  95% (288/303)
2022-04-13T19:48:35.8906557Z Resolving deltas:  96% (291/303)
2022-04-13T19:48:35.8906958Z Resolving deltas:  97% (294/303)
2022-04-13T19:48:35.8921426Z Resolving deltas:  98% (297/303)
2022-04-13T19:48:35.8921985Z Resolving deltas:  99% (300/303)
2022-04-13T19:48:35.8923063Z Resolving deltas: 100% (303/303)
2022-04-13T19:48:35.8923935Z Resolving deltas: 100% (303/303), done.
2022-04-13T19:48:35.9108303Z From https://github.com/hashicorp/terraform
2022-04-13T19:48:35.9110959Z  * [new ref]         9c0c1950a18c039ac084f1f73351030be4242e75 -> pull/30797/merge
2022-04-13T19:48:35.9136863Z ##[endgroup]
2022-04-13T19:48:35.9137513Z ##[group]Determining the checkout info
2022-04-13T19:48:35.9139647Z ##[endgroup]
2022-04-13T19:48:35.9140209Z ##[group]Checking out the ref
2022-04-13T19:48:35.9145177Z [command]/usr/bin/git checkout --progress --force refs/remotes/pull/30797/merge
2022-04-13T19:48:36.0838123Z Note: switching to 'refs/remotes/pull/30797/merge'.
2022-04-13T19:48:36.0838738Z 
2022-04-13T19:48:36.0839427Z You are in 'detached HEAD' state. You can look around, make experimental
2022-04-13T19:48:36.0839911Z changes and commit them, and you can discard any commits you make in this
2022-04-13T19:48:36.0840584Z state without impacting any branches by switching back to a branch.
2022-04-13T19:48:36.0840916Z 
2022-04-13T19:48:36.0841405Z If you want to create a new branch to retain commits you create, you may
2022-04-13T19:48:36.0841938Z do so (now or later) by using -c with the switch command. Example:
2022-04-13T19:48:36.0842428Z 
2022-04-13T19:48:36.0848486Z   git switch -c <new-branch-name>
2022-04-13T19:48:36.0849045Z 
2022-04-13T19:48:36.0849293Z Or undo this operation with:
2022-04-13T19:48:36.0849754Z 
2022-04-13T19:48:36.0849971Z   git switch -
2022-04-13T19:48:36.0850397Z 
2022-04-13T19:48:36.0850687Z Turn off this advice by setting config variable advice.detachedHead to false
2022-04-13T19:48:36.0851180Z 
2022-04-13T19:48:36.0851529Z HEAD is now at 9c0c195 Merge b1f9eab4ab461a3a1b89b1cbfc1bec040395fb06 into 714740454eaf504ff9b8110a9fa80cafcb6ee15f
2022-04-13T19:48:36.0862044Z ##[endgroup]
2022-04-13T19:48:36.0925097Z [command]/usr/bin/git log -1 --format='%H'
2022-04-13T19:48:36.0960309Z '9c0c1950a18c039ac084f1f73351030be4242e75'
2022-04-13T19:48:36.1297642Z Prepare all required actions
2022-04-13T19:48:36.1329763Z ##[group]Run ./.github/actions/go-version
2022-04-13T19:48:36.1330029Z ##[endgroup]
2022-04-13T19:48:36.1595107Z ##[group]Run echo "Building with Go $(cat .go-version)"
2022-04-13T19:48:36.1595863Z [36;1mecho "Building with Go $(cat .go-version)"[0m
2022-04-13T19:48:36.1596340Z [36;1mecho "::set-output name=version::$(cat .go-version)"[0m
2022-04-13T19:48:36.1655365Z shell: /usr/bin/bash --noprofile --norc -e -o pipefail {0}
2022-04-13T19:48:36.1655676Z ##[endgroup]
2022-04-13T19:48:36.1824960Z Building with Go 1.18.0
2022-04-13T19:48:36.1993638Z ##[group]Run actions/setup-go@v2
2022-04-13T19:48:36.1993856Z with:
2022-04-13T19:48:36.1994055Z   go-version: 1.18.0
2022-04-13T19:48:36.1994273Z   check-latest: false
2022-04-13T19:48:36.1994483Z   stable: true
2022-04-13T19:48:36.1994797Z   token: ***
2022-04-13T19:48:36.1994996Z ##[endgroup]
2022-04-13T19:48:36.2532503Z Setup go stable version spec 1.18.0
2022-04-13T19:48:36.2551920Z Found in cache @ /opt/hostedtoolcache/go/1.18.0/x64
2022-04-13T19:48:36.2561711Z Added go to the path
2022-04-13T19:48:36.3024051Z Successfully setup go version 1.18.0
2022-04-13T19:48:36.3103456Z go version go1.18 linux/amd64
2022-04-13T19:48:36.3103923Z 
2022-04-13T19:48:36.3104751Z ##[group]go env
2022-04-13T19:48:36.4357513Z GO111MODULE=""
2022-04-13T19:48:36.4358254Z GOARCH="amd64"
2022-04-13T19:48:36.4360362Z GOBIN=""
2022-04-13T19:48:36.4362260Z GOCACHE="/home/runner/.cache/go-build"
2022-04-13T19:48:36.4362829Z GOENV="/home/runner/.config/go/env"
2022-04-13T19:48:36.4363179Z GOEXE=""
2022-04-13T19:48:36.4363602Z GOEXPERIMENT=""
2022-04-13T19:48:36.4363911Z GOFLAGS=""
2022-04-13T19:48:36.4364211Z GOHOSTARCH="amd64"
2022-04-13T19:48:36.4364495Z GOHOSTOS="linux"
2022-04-13T19:48:36.4364813Z GOINSECURE=""
2022-04-13T19:48:36.4365155Z GOMODCACHE="/home/runner/go/pkg/mod"
2022-04-13T19:48:36.4365458Z GONOPROXY=""
2022-04-13T19:48:36.4365750Z GONOSUMDB=""
2022-04-13T19:48:36.4366030Z GOOS="linux"
2022-04-13T19:48:36.4366348Z GOPATH="/home/runner/go"
2022-04-13T19:48:36.4366625Z GOPRIVATE=""
2022-04-13T19:48:36.4367097Z GOPROXY="https://proxy.golang.org,direct"
2022-04-13T19:48:36.4367520Z GOROOT="/opt/hostedtoolcache/go/1.18.0/x64"
2022-04-13T19:48:36.4367882Z GOSUMDB="sum.golang.org"
2022-04-13T19:48:36.4368201Z GOTMPDIR=""
2022-04-13T19:48:36.4368589Z GOTOOLDIR="/opt/hostedtoolcache/go/1.18.0/x64/pkg/tool/linux_amd64"
2022-04-13T19:48:36.4368962Z GOVCS=""
2022-04-13T19:48:36.4369434Z GOVERSION="go1.18"
2022-04-13T19:48:36.4370025Z GCCGO="gccgo"
2022-04-13T19:48:36.4370409Z GOAMD64="v1"
2022-04-13T19:48:36.4370679Z AR="ar"
2022-04-13T19:48:36.4370929Z CC="gcc"
2022-04-13T19:48:36.4371214Z CXX="g++"
2022-04-13T19:48:36.4371497Z CGO_ENABLED="1"
2022-04-13T19:48:36.4371883Z GOMOD="/home/runner/work/terraform/terraform/go.mod"
2022-04-13T19:48:36.4372222Z GOWORK=""
2022-04-13T19:48:36.4372622Z CGO_CFLAGS="-g -O2"
2022-04-13T19:48:36.4372943Z CGO_CPPFLAGS=""
2022-04-13T19:48:36.4373283Z CGO_CXXFLAGS="-g -O2"
2022-04-13T19:48:36.4373686Z CGO_FFLAGS="-g -O2"
2022-04-13T19:48:36.4374036Z CGO_LDFLAGS="-g -O2"
2022-04-13T19:48:36.4374376Z PKG_CONFIG="pkg-config"
2022-04-13T19:48:36.4375075Z GOGCCFLAGS="-fPIC -m64 -pthread -fmessage-length=0 -fdebug-prefix-map=/tmp/go-build4284161217=/tmp/go-build -gno-record-gcc-switches"
2022-04-13T19:48:36.4375475Z 
2022-04-13T19:48:36.4376211Z ##[endgroup]
2022-04-13T19:48:36.6224893Z ##[group]Run actions/cache@v3
2022-04-13T19:48:36.6225248Z with:
2022-04-13T19:48:36.6225485Z   path: ~/go/pkg
2022-04-13T19:48:36.6225935Z   key: go-mod-eca089adcb5f49ecad114bdbf49dc26b0deef67cb69080fcaeaecab46118f40b
2022-04-13T19:48:36.6226445Z   restore-keys: go-mod-

2022-04-13T19:48:36.6226714Z env:
2022-04-13T19:48:36.6227063Z   GOROOT: /opt/hostedtoolcache/go/1.18.0/x64
2022-04-13T19:48:36.6227417Z ##[endgroup]
2022-04-13T19:48:38.2540015Z Received 0 of 314264396 (0.0%), 0.0 MBs/sec
2022-04-13T19:48:39.2545717Z Received 96468992 of 314264396 (30.7%), 46.0 MBs/sec
2022-04-13T19:48:40.2600835Z Received 230686720 of 314264396 (73.4%), 73.2 MBs/sec
2022-04-13T19:48:41.3375586Z Received 314264396 of 314264396 (100.0%), 73.4 MBs/sec
2022-04-13T19:48:41.3379170Z Cache Size: ~300 MB (314264396 B)
2022-04-13T19:48:41.3511964Z [command]/usr/bin/tar --use-compress-program zstd -d -xf /home/runner/work/_temp/6860a25c-faf2-4723-8457-d24db51ec388/cache.tzst -P -C /home/runner/work/terraform/terraform
2022-04-13T19:48:47.7320402Z Cache restored successfully
2022-04-13T19:48:47.8189843Z 
2022-04-13T19:48:47.8194040Z Cache restored from key: go-mod-eca089adcb5f49ecad114bdbf49dc26b0deef67cb69080fcaeaecab46118f40b
2022-04-13T19:48:47.8601999Z ##[group]Run go test ./...
2022-04-13T19:48:47.8602470Z [36;1mgo test ./...[0m
2022-04-13T19:48:47.8662893Z shell: /usr/bin/bash -e {0}
2022-04-13T19:48:47.8663208Z env:
2022-04-13T19:48:47.8663573Z   GOROOT: /opt/hostedtoolcache/go/1.18.0/x64
2022-04-13T19:48:47.8664070Z ##[endgroup]
2022-04-13T19:48:48.6609527Z go: downloading github.com/go-test/deep v1.0.3
2022-04-13T19:48:48.7740123Z go: downloading github.com/hashicorp/consul/sdk v0.8.0
2022-04-13T19:48:48.8019946Z go: downloading github.com/apparentlymart/go-dump v0.0.0-20190214190832-042adf3cf4a0
2022-04-13T19:48:48.8034849Z go: downloading github.com/golang/mock v1.6.0
2022-04-13T19:48:48.8073756Z go: downloading github.com/Netflix/go-expect v0.0.0-20211003183012-e1a7c020ce25
2022-04-13T19:48:48.8228882Z go: downloading github.com/dylanmei/winrmtest v0.0.0-20210303004826-fbc9ae56efb6
2022-04-13T19:48:48.8510245Z go: downloading github.com/zclconf/go-cty-debug v0.0.0-20191215020915-b22d67c1ba0b
2022-04-13T19:48:49.1107895Z go: downloading github.com/kr/pty v1.1.5
2022-04-13T19:48:49.1136300Z go: downloading github.com/antchfx/xmlquery v1.3.5
2022-04-13T19:48:49.2954640Z go: downloading github.com/antchfx/xpath v1.1.10
2022-04-13T19:51:03.8790877Z ok  	github.com/hashicorp/terraform	0.081s
2022-04-13T19:51:05.7557044Z ok  	github.com/hashicorp/terraform/internal/addrs	0.047s
2022-04-13T19:51:05.7558964Z ok  	github.com/hashicorp/terraform/internal/backend	0.035s
2022-04-13T19:51:09.5689995Z ok  	github.com/hashicorp/terraform/internal/backend/init	0.055s
2022-04-13T19:51:09.5691679Z ok  	github.com/hashicorp/terraform/internal/backend/local	0.169s
2022-04-13T19:51:11.5085289Z ok  	github.com/hashicorp/terraform/internal/backend/remote	0.585s
2022-04-13T19:51:11.5087860Z ok  	github.com/hashicorp/terraform/internal/backend/remote-state/artifactory	0.032s
2022-04-13T19:51:13.1403741Z ok  	github.com/hashicorp/terraform/internal/backend/remote-state/azure	0.021s
2022-04-13T19:51:13.8009791Z ok  	github.com/hashicorp/terraform/internal/backend/remote-state/consul	0.022s
2022-04-13T19:51:14.9257630Z ok  	github.com/hashicorp/terraform/internal/backend/remote-state/cos	0.018s
2022-04-13T19:51:15.3213228Z ok  	github.com/hashicorp/terraform/internal/backend/remote-state/etcdv2	0.030s
2022-04-13T19:51:16.6925488Z ok  	github.com/hashicorp/terraform/internal/backend/remote-state/etcdv3	0.023s
2022-04-13T19:51:16.9808942Z ok  	github.com/hashicorp/terraform/internal/backend/remote-state/gcs	0.021s
2022-04-13T19:51:22.2816637Z ok  	github.com/hashicorp/terraform/internal/backend/remote-state/http	4.039s
2022-04-13T19:51:22.2817243Z ok  	github.com/hashicorp/terraform/internal/backend/remote-state/inmem	0.018s
2022-04-13T19:51:22.2818641Z ok  	github.com/hashicorp/terraform/internal/backend/remote-state/kubernetes	0.028s
2022-04-13T19:51:22.2819594Z ok  	github.com/hashicorp/terraform/internal/backend/remote-state/manta	0.018s
2022-04-13T19:51:24.0840136Z ok  	github.com/hashicorp/terraform/internal/backend/remote-state/oss	0.023s
2022-04-13T19:51:24.0841260Z ok  	github.com/hashicorp/terraform/internal/backend/remote-state/pg	0.029s
2022-04-13T19:51:26.0126320Z ok  	github.com/hashicorp/terraform/internal/backend/remote-state/s3	0.027s
2022-04-13T19:51:26.0128304Z ok  	github.com/hashicorp/terraform/internal/backend/remote-state/swift	0.029s
2022-04-13T19:51:29.2103694Z ok  	github.com/hashicorp/terraform/internal/builtin/providers/terraform	0.036s
2022-04-13T19:51:29.2104548Z ok  	github.com/hashicorp/terraform/internal/builtin/provisioners/file	0.013s
2022-04-13T19:51:29.2105488Z ok  	github.com/hashicorp/terraform/internal/builtin/provisioners/local-exec	0.067s
2022-04-13T19:51:30.1954825Z ok  	github.com/hashicorp/terraform/internal/builtin/provisioners/remote-exec	2.008s
2022-04-13T19:51:33.5271589Z ok  	github.com/hashicorp/terraform/internal/cloud	0.544s
2022-04-13T19:51:41.3808572Z ok  	github.com/hashicorp/terraform/internal/cloud/e2e	8.720s
2022-04-13T19:51:43.5482262Z # github.com/hashicorp/terraform/internal/command/cliconfig [github.com/hashicorp/terraform/internal/command/cliconfig.test]
2022-04-13T19:51:43.5560803Z ##[error]internal/command/cliconfig/credentials_test.go:88:9: undefined: os
2022-04-13T19:51:43.5569974Z ##[error]internal/command/cliconfig/credentials_test.go:91:3: undefined: os
2022-04-13T19:51:43.5570934Z ##[error]internal/command/cliconfig/credentials_test.go:109:9: undefined: os
2022-04-13T19:51:43.5571755Z ##[error]internal/command/cliconfig/credentials_test.go:112:3: undefined: os
2022-04-13T19:51:43.5572531Z ##[error]internal/command/cliconfig/credentials_test.go:133:9: undefined: os
2022-04-13T19:51:43.5573282Z ##[error]internal/command/cliconfig/credentials_test.go:135:3: undefined: os
2022-04-13T19:52:18.6003209Z ok  	github.com/hashicorp/terraform/internal/command	33.293s
2022-04-13T19:52:18.6003707Z ok  	github.com/hashicorp/terraform/internal/command/arguments	0.021s
2022-04-13T19:52:18.6004120Z FAIL	github.com/hashicorp/terraform/internal/command/cliconfig [build failed]
2022-04-13T19:52:18.6004582Z ok  	github.com/hashicorp/terraform/internal/command/clistate	0.019s
2022-04-13T19:52:18.6005243Z ok  	github.com/hashicorp/terraform/internal/command/e2etest	17.433s
2022-04-13T19:52:18.6005745Z ok  	github.com/hashicorp/terraform/internal/command/format	0.089s
2022-04-13T19:52:18.6006229Z ok  	github.com/hashicorp/terraform/internal/command/jsonconfig	0.045s
2022-04-13T19:52:18.6006712Z ok  	github.com/hashicorp/terraform/internal/command/jsonplan	0.024s
2022-04-13T19:52:18.6007222Z ok  	github.com/hashicorp/terraform/internal/command/jsonprovider	0.037s
2022-04-13T19:52:18.6007835Z ok  	github.com/hashicorp/terraform/internal/command/jsonstate	0.018s
2022-04-13T19:52:19.2979656Z ok  	github.com/hashicorp/terraform/internal/command/views	3.172s
2022-04-13T19:52:19.8771255Z ok  	github.com/hashicorp/terraform/internal/command/views/json	0.021s
2022-04-13T19:52:19.8773047Z ok  	github.com/hashicorp/terraform/internal/command/webbrowser	0.006s
2022-04-13T19:52:20.0827770Z ok  	github.com/hashicorp/terraform/internal/command/workdir	0.004s
2022-04-13T19:52:21.4508781Z ok  	github.com/hashicorp/terraform/internal/communicator	1.037s
2022-04-13T19:52:21.4509719Z ok  	github.com/hashicorp/terraform/internal/communicator/remote	0.002s [no tests to run]
2022-04-13T19:52:21.4510602Z ok  	github.com/hashicorp/terraform/internal/communicator/shared	0.004s
2022-04-13T19:52:23.5693162Z ok  	github.com/hashicorp/terraform/internal/communicator/ssh	2.340s
2022-04-13T19:52:23.5696104Z ok  	github.com/hashicorp/terraform/internal/communicator/winrm	0.021s
2022-04-13T19:52:24.4636030Z ok  	github.com/hashicorp/terraform/internal/configs	0.075s
2022-04-13T19:52:25.2779908Z ok  	github.com/hashicorp/terraform/internal/configs/configload	0.027s
2022-04-13T19:52:25.4891731Z ok  	github.com/hashicorp/terraform/internal/configs/configschema	0.008s
2022-04-13T19:52:26.2853540Z ok  	github.com/hashicorp/terraform/internal/configs/hcl2shim	0.018s
2022-04-13T19:52:26.2853959Z ok  	github.com/hashicorp/terraform/internal/copy	0.017s
2022-04-13T19:52:27.5580171Z ok  	github.com/hashicorp/terraform/internal/dag	1.005s
2022-04-13T19:52:27.6303152Z ok  	github.com/hashicorp/terraform/internal/depsfile	0.027s
2022-04-13T19:52:27.7780643Z ok  	github.com/hashicorp/terraform/internal/didyoumean	0.003s
2022-04-13T19:52:27.7781522Z ?   	github.com/hashicorp/terraform/internal/e2e	[no test files]
2022-04-13T19:52:29.0400352Z ok  	github.com/hashicorp/terraform/internal/earlyconfig	0.020s
2022-04-13T19:52:29.0401531Z ?   	github.com/hashicorp/terraform/internal/experiments	[no test files]
2022-04-13T19:52:29.0402735Z ?   	github.com/hashicorp/terraform/internal/getmodules	[no test files]
2022-04-13T19:52:33.6832620Z ok  	github.com/hashicorp/terraform/internal/getproviders	4.085s
2022-04-13T19:52:33.6846929Z ?   	github.com/hashicorp/terraform/internal/grpcwrap	[no test files]
2022-04-13T19:52:33.6847502Z ok  	github.com/hashicorp/terraform/internal/helper/slowmessage	0.103s
2022-04-13T19:52:33.6848427Z ok  	github.com/hashicorp/terraform/internal/httpclient	0.006s
2022-04-13T19:52:33.6848864Z ok  	github.com/hashicorp/terraform/internal/initwd	0.032s
2022-04-13T19:52:33.6849266Z ok  	github.com/hashicorp/terraform/internal/instances	0.022s
2022-04-13T19:52:33.6849685Z ok  	github.com/hashicorp/terraform/internal/ipaddr	0.004s
2022-04-13T19:52:33.8516895Z ok  	github.com/hashicorp/terraform/internal/lang	0.061s
2022-04-13T19:52:34.3171409Z ok  	github.com/hashicorp/terraform/internal/lang/blocktoattr	0.030s
2022-04-13T19:52:36.2541609Z ok  	github.com/hashicorp/terraform/internal/lang/funcs	0.166s
2022-04-13T19:52:36.2543591Z ok  	github.com/hashicorp/terraform/internal/lang/globalref	0.030s
2022-04-13T19:52:36.2544835Z ?   	github.com/hashicorp/terraform/internal/lang/marks	[no test files]
2022-04-13T19:52:36.2546008Z ?   	github.com/hashicorp/terraform/internal/lang/types	[no test files]
2022-04-13T19:52:36.4177973Z ok  	github.com/hashicorp/terraform/internal/legacy/helper/acctest	0.005s
2022-04-13T19:52:36.4746431Z ok  	github.com/hashicorp/terraform/internal/legacy/helper/hashcode	0.003s
2022-04-13T19:52:40.3593378Z ok  	github.com/hashicorp/terraform/internal/legacy/helper/schema	0.099s
2022-04-13T19:52:40.3596135Z ok  	github.com/hashicorp/terraform/internal/legacy/terraform	0.034s
2022-04-13T19:52:40.3598374Z ok  	github.com/hashicorp/terraform/internal/logging	0.004s
2022-04-13T19:52:40.3600610Z ?   	github.com/hashicorp/terraform/internal/modsdir	[no test files]
2022-04-13T19:52:40.9174707Z ok  	github.com/hashicorp/terraform/internal/moduledeps	0.016s
2022-04-13T19:52:41.7380780Z ok  	github.com/hashicorp/terraform/internal/moduletest	0.019s
2022-04-13T19:52:42.3590372Z ok  	github.com/hashicorp/terraform/internal/plans	0.024s
2022-04-13T19:52:42.3590815Z ?   	github.com/hashicorp/terraform/internal/plans/internal/planproto	[no test files]
2022-04-13T19:52:44.8217066Z ok  	github.com/hashicorp/terraform/internal/plans/objchange	0.048s
2022-04-13T19:52:44.8217531Z ok  	github.com/hashicorp/terraform/internal/plans/planfile	0.035s
2022-04-13T19:52:45.9362234Z ok  	github.com/hashicorp/terraform/internal/plugin	0.023s
2022-04-13T19:52:46.1755229Z ok  	github.com/hashicorp/terraform/internal/plugin/convert	0.020s
2022-04-13T19:52:46.3967087Z ok  	github.com/hashicorp/terraform/internal/plugin/discovery	0.005s
2022-04-13T19:52:46.3968003Z ?   	github.com/hashicorp/terraform/internal/plugin/mock_proto	[no test files]
2022-04-13T19:52:47.6618038Z ok  	github.com/hashicorp/terraform/internal/plugin6	0.019s
2022-04-13T19:52:47.7480150Z ok  	github.com/hashicorp/terraform/internal/plugin6/convert	0.032s
2022-04-13T19:52:47.7480877Z ?   	github.com/hashicorp/terraform/internal/plugin6/mock_proto	[no test files]
2022-04-13T19:52:47.7482098Z ?   	github.com/hashicorp/terraform/internal/provider-simple	[no test files]
2022-04-13T19:52:47.7482745Z ?   	github.com/hashicorp/terraform/internal/provider-simple/main	[no test files]
2022-04-13T19:52:47.7483383Z ?   	github.com/hashicorp/terraform/internal/provider-simple-v6	[no test files]
2022-04-13T19:52:47.7689004Z ?   	github.com/hashicorp/terraform/internal/provider-simple-v6/main	[no test files]
2022-04-13T19:52:47.8443904Z ?   	github.com/hashicorp/terraform/internal/provider-terraform/main	[no test files]
2022-04-13T19:52:49.4390628Z ok  	github.com/hashicorp/terraform/internal/providercache	0.073s
2022-04-13T19:52:49.4391487Z ok  	github.com/hashicorp/terraform/internal/providers	0.021s
2022-04-13T19:52:49.4392639Z ?   	github.com/hashicorp/terraform/internal/provisioner-local-exec/main	[no test files]
2022-04-13T19:52:49.4393479Z ?   	github.com/hashicorp/terraform/internal/provisioners	[no test files]
2022-04-13T19:52:50.7223247Z ok  	github.com/hashicorp/terraform/internal/refactoring	0.031s
2022-04-13T19:52:52.8061276Z ok  	github.com/hashicorp/terraform/internal/registry	2.025s
2022-04-13T19:52:52.8062433Z ok  	github.com/hashicorp/terraform/internal/registry/regsrc	0.015s
2022-04-13T19:52:52.8064186Z ok  	github.com/hashicorp/terraform/internal/registry/response	0.002s
2022-04-13T19:52:52.8065276Z ?   	github.com/hashicorp/terraform/internal/registry/test	[no test files]
2022-04-13T19:52:53.1798271Z ok  	github.com/hashicorp/terraform/internal/repl	0.054s
2022-04-13T19:52:53.1799347Z ?   	github.com/hashicorp/terraform/internal/replacefile	[no test files]
2022-04-13T19:52:54.4780124Z ok  	github.com/hashicorp/terraform/internal/states	0.021s
2022-04-13T19:52:54.6304488Z ok  	github.com/hashicorp/terraform/internal/states/remote	0.022s
2022-04-13T19:52:55.9690352Z ok  	github.com/hashicorp/terraform/internal/states/statefile	0.034s
2022-04-13T19:52:59.6330190Z ok  	github.com/hashicorp/terraform/internal/states/statemgr	3.326s
2022-04-13T19:52:59.6330892Z ok  	github.com/hashicorp/terraform/internal/terminal	0.018s
2022-04-13T19:53:09.5078474Z ok  	github.com/hashicorp/terraform/internal/terraform	4.265s
2022-04-13T19:53:09.5079602Z ok  	github.com/hashicorp/terraform/internal/tfdiags	0.024s
2022-04-13T19:53:09.5081458Z ?   	github.com/hashicorp/terraform/internal/tfplugin5	[no test files]
2022-04-13T19:53:09.5082059Z ?   	github.com/hashicorp/terraform/internal/tfplugin6	[no test files]
2022-04-13T19:53:09.5082604Z ?   	github.com/hashicorp/terraform/internal/typeexpr	[no test files]
2022-04-13T19:53:09.5083086Z ?   	github.com/hashicorp/terraform/tools/loggraphdiff	[no test files]
2022-04-13T19:53:09.5084237Z ?   	github.com/hashicorp/terraform/tools/protobuf-compile	[no test files]
2022-04-13T19:53:09.5084893Z ?   	github.com/hashicorp/terraform/version	[no test files]
2022-04-13T19:53:09.5085291Z FAIL
2022-04-13T19:53:09.7245150Z ##[error]Process completed with exit code 2.
2022-04-13T19:53:09.7308657Z Post job cleanup.
2022-04-13T19:53:09.8631941Z [command]/usr/bin/git version
2022-04-13T19:53:09.8694210Z git version 2.35.1
2022-04-13T19:53:09.8739129Z [command]/usr/bin/git config --local --name-only --get-regexp core\.sshCommand
2022-04-13T19:53:09.8788864Z [command]/usr/bin/git submodule foreach --recursive git config --local --name-only --get-regexp 'core\.sshCommand' && git config --local --unset-all 'core.sshCommand' || :
2022-04-13T19:53:09.9057568Z [command]/usr/bin/git config --local --name-only --get-regexp http\.https\:\/\/github\.com\/\.extraheader
2022-04-13T19:53:09.9078462Z http.https://github.com/.extraheader
2022-04-13T19:53:09.9132574Z [command]/usr/bin/git config --local --unset-all http.https://github.com/.extraheader
2022-04-13T19:53:09.9176340Z [command]/usr/bin/git submodule foreach --recursive git config --local --name-only --get-regexp 'http\.https\:\/\/github\.com\/\.extraheader' && git config --local --unset-all 'http.https://github.com/.extraheader' || :
2022-04-13T19:53:09.9684847Z Cleaning up orphan processes
