2022-04-13T19:48:22.0239908Z Requested labels: ubuntu-latest
2022-04-13T19:48:22.0239961Z Job defined at: hashicorp/terraform/.github/workflows/checks.yml@refs/heads/brandonc/env_credentials
2022-04-13T19:48:22.0239981Z Waiting for a runner to pick up this job...
2022-04-13T19:48:23.7519850Z Job is waiting for a hosted runner to come online.
2022-04-13T19:48:27.4345047Z Job is about to start running on the hosted runner: GitHub Actions 61 (hosted)
2022-04-13T19:48:31.1577106Z Current runner version: '2.289.2'
2022-04-13T19:48:31.1602216Z ##[group]Operating System
2022-04-13T19:48:31.1602750Z Ubuntu
2022-04-13T19:48:31.1603043Z 20.04.4
2022-04-13T19:48:31.1603366Z LTS
2022-04-13T19:48:31.1603686Z ##[endgroup]
2022-04-13T19:48:31.1604023Z ##[group]Virtual Environment
2022-04-13T19:48:31.1604356Z Environment: ubuntu-20.04
2022-04-13T19:48:31.1604704Z Version: 20220405.4
2022-04-13T19:48:31.1605271Z Included Software: https://github.com/actions/virtual-environments/blob/ubuntu20/20220405.4/images/linux/Ubuntu2004-Readme.md
2022-04-13T19:48:31.1605913Z Image Release: https://github.com/actions/virtual-environments/releases/tag/ubuntu20%2F20220405.4
2022-04-13T19:48:31.1606666Z ##[endgroup]
2022-04-13T19:48:31.1607036Z ##[group]Virtual Environment Provisioner
2022-04-13T19:48:31.1607366Z 1.0.0.0-main-20220325-1
2022-04-13T19:48:31.1607756Z ##[endgroup]
2022-04-13T19:48:31.1608412Z ##[group]GITHUB_TOKEN Permissions
2022-04-13T19:48:31.1608948Z Contents: read
2022-04-13T19:48:31.1609448Z Metadata: read
2022-04-13T19:48:31.1609786Z ##[endgroup]
2022-04-13T19:48:31.1613348Z Secret source: Actions
2022-04-13T19:48:31.1613849Z Prepare workflow directory
2022-04-13T19:48:31.2452743Z Prepare all required actions
2022-04-13T19:48:31.2636016Z Getting action download info
2022-04-13T19:48:31.4772707Z Download action repository 'actions/checkout@v2' (SHA:ec3a7ce113134d7a93b817d10a8272cb61118579)
2022-04-13T19:48:31.7781835Z Download action repository 'actions/setup-go@v2' (SHA:bfdd3570ce990073878bf10f6b2d79082de49492)
2022-04-13T19:48:31.9545257Z Download action repository 'actions/cache@v3' (SHA:48af2dc4a9e8278b89d7fa154b955c30c6aaab09)
2022-04-13T19:48:32.4059756Z ##[group]Run actions/checkout@v2
2022-04-13T19:48:32.4060070Z with:
2022-04-13T19:48:32.4060305Z   repository: hashicorp/terraform
2022-04-13T19:48:32.4060803Z   token: ***
2022-04-13T19:48:32.4061020Z   ssh-strict: true
2022-04-13T19:48:32.4061259Z   persist-credentials: true
2022-04-13T19:48:32.4061490Z   clean: true
2022-04-13T19:48:32.4061707Z   fetch-depth: 1
2022-04-13T19:48:32.4061897Z   lfs: false
2022-04-13T19:48:32.4062099Z   submodules: false
2022-04-13T19:48:32.4062310Z ##[endgroup]
2022-04-13T19:48:32.6227349Z Syncing repository: hashicorp/terraform
2022-04-13T19:48:32.6229075Z ##[group]Getting Git version info
2022-04-13T19:48:32.6229636Z Working directory is '/home/runner/work/terraform/terraform'
2022-04-13T19:48:32.6230140Z [command]/usr/bin/git version
2022-04-13T19:48:32.6329933Z git version 2.35.1
2022-04-13T19:48:32.6330956Z ##[endgroup]
2022-04-13T19:48:32.6334022Z Deleting the contents of '/home/runner/work/terraform/terraform'
2022-04-13T19:48:32.6338382Z ##[group]Initializing the repository
2022-04-13T19:48:32.6342106Z [command]/usr/bin/git init /home/runner/work/terraform/terraform
2022-04-13T19:48:32.6398968Z hint: Using 'master' as the name for the initial branch. This default branch name
2022-04-13T19:48:32.6399903Z hint: is subject to change. To configure the initial branch name to use in all
2022-04-13T19:48:32.6400369Z hint: of your new repositories, which will suppress this warning, call:
2022-04-13T19:48:32.6400648Z hint: 
2022-04-13T19:48:32.6401098Z hint: 	git config --global init.defaultBranch <name>
2022-04-13T19:48:32.6401357Z hint: 
2022-04-13T19:48:32.6401703Z hint: Names commonly chosen instead of 'master' are 'main', 'trunk' and
2022-04-13T19:48:32.6402164Z hint: 'development'. The just-created branch can be renamed via this command:
2022-04-13T19:48:32.6402458Z hint: 
2022-04-13T19:48:32.6402768Z hint: 	git branch -m <name>
2022-04-13T19:48:32.6413572Z Initialized empty Git repository in /home/runner/work/terraform/terraform/.git/
2022-04-13T19:48:32.6424850Z [command]/usr/bin/git remote add origin https://github.com/hashicorp/terraform
2022-04-13T19:48:32.6466980Z ##[endgroup]
2022-04-13T19:48:32.6467595Z ##[group]Disabling automatic garbage collection
2022-04-13T19:48:32.6475191Z [command]/usr/bin/git config --local gc.auto 0
2022-04-13T19:48:32.6549841Z ##[endgroup]
2022-04-13T19:48:32.6571367Z ##[group]Setting up auth
2022-04-13T19:48:32.6576475Z [command]/usr/bin/git config --local --name-only --get-regexp core\.sshCommand
2022-04-13T19:48:32.6610181Z [command]/usr/bin/git submodule foreach --recursive git config --local --name-only --get-regexp 'core\.sshCommand' && git config --local --unset-all 'core.sshCommand' || :
2022-04-13T19:48:32.6928252Z [command]/usr/bin/git config --local --name-only --get-regexp http\.https\:\/\/github\.com\/\.extraheader
2022-04-13T19:48:32.6960761Z [command]/usr/bin/git submodule foreach --recursive git config --local --name-only --get-regexp 'http\.https\:\/\/github\.com\/\.extraheader' && git config --local --unset-all 'http.https://github.com/.extraheader' || :
2022-04-13T19:48:32.7190456Z [command]/usr/bin/git config --local http.https://github.com/.extraheader AUTHORIZATION: basic ***
2022-04-13T19:48:32.7222108Z ##[endgroup]
2022-04-13T19:48:32.7222710Z ##[group]Fetching the repository
2022-04-13T19:48:32.7234997Z [command]/usr/bin/git -c protocol.version=2 fetch --no-tags --prune --progress --no-recurse-submodules --depth=1 origin +b1f9eab4ab461a3a1b89b1cbfc1bec040395fb06:refs/remotes/origin/brandonc/env_credentials
2022-04-13T19:48:32.9224472Z remote: Enumerating objects: 3871, done.        
2022-04-13T19:48:32.9225053Z remote: Counting objects:   0% (1/3871)        
2022-04-13T19:48:32.9225853Z remote: Counting objects:   1% (39/3871)        
2022-04-13T19:48:32.9226257Z remote: Counting objects:   2% (78/3871)        
2022-04-13T19:48:32.9226884Z remote: Counting objects:   3% (117/3871)        
2022-04-13T19:48:32.9227518Z remote: Counting objects:   4% (155/3871)        
2022-04-13T19:48:32.9228445Z remote: Counting objects:   5% (194/3871)        
2022-04-13T19:48:32.9228882Z remote: Counting objects:   6% (233/3871)        
2022-04-13T19:48:32.9230127Z remote: Counting objects:   7% (271/3871)        
2022-04-13T19:48:32.9230648Z remote: Counting objects:   8% (310/3871)        
2022-04-13T19:48:32.9231330Z remote: Counting objects:   9% (349/3871)        
2022-04-13T19:48:32.9231964Z remote: Counting objects:  10% (388/3871)        
2022-04-13T19:48:32.9232638Z remote: Counting objects:  11% (426/3871)        
2022-04-13T19:48:32.9233277Z remote: Counting objects:  12% (465/3871)        
2022-04-13T19:48:32.9234200Z remote: Counting objects:  13% (504/3871)        
2022-04-13T19:48:32.9234863Z remote: Counting objects:  14% (542/3871)        
2022-04-13T19:48:32.9235498Z remote: Counting objects:  15% (581/3871)        
2022-04-13T19:48:32.9236405Z remote: Counting objects:  16% (620/3871)        
2022-04-13T19:48:32.9236699Z remote: Counting objects:  17% (659/3871)        
2022-04-13T19:48:32.9237009Z remote: Counting objects:  18% (697/3871)        
2022-04-13T19:48:32.9237419Z remote: Counting objects:  19% (736/3871)        
2022-04-13T19:48:32.9238166Z remote: Counting objects:  20% (775/3871)        
2022-04-13T19:48:32.9238766Z remote: Counting objects:  21% (813/3871)        
2022-04-13T19:48:32.9239458Z remote: Counting objects:  22% (852/3871)        
2022-04-13T19:48:32.9241166Z remote: Counting objects:  23% (891/3871)        
2022-04-13T19:48:32.9241475Z remote: Counting objects:  24% (930/3871)        
2022-04-13T19:48:32.9241761Z remote: Counting objects:  25% (968/3871)        
2022-04-13T19:48:32.9242065Z remote: Counting objects:  26% (1007/3871)        
2022-04-13T19:48:32.9242378Z remote: Counting objects:  27% (1046/3871)        
2022-04-13T19:48:32.9242834Z remote: Counting objects:  28% (1084/3871)        
2022-04-13T19:48:32.9243847Z remote: Counting objects:  29% (1123/3871)        
2022-04-13T19:48:32.9244331Z remote: Counting objects:  30% (1162/3871)        
2022-04-13T19:48:32.9244980Z remote: Counting objects:  31% (1201/3871)        
2022-04-13T19:48:32.9245646Z remote: Counting objects:  32% (1239/3871)        
2022-04-13T19:48:32.9246191Z remote: Counting objects:  33% (1278/3871)        
2022-04-13T19:48:32.9246968Z remote: Counting objects:  34% (1317/3871)        
2022-04-13T19:48:32.9247626Z remote: Counting objects:  35% (1355/3871)        
2022-04-13T19:48:32.9248291Z remote: Counting objects:  36% (1394/3871)        
2022-04-13T19:48:32.9248863Z remote: Counting objects:  37% (1433/3871)        
2022-04-13T19:48:32.9249509Z remote: Counting objects:  38% (1471/3871)        
2022-04-13T19:48:32.9250191Z remote: Counting objects:  39% (1510/3871)        
2022-04-13T19:48:32.9250816Z remote: Counting objects:  40% (1549/3871)        
2022-04-13T19:48:32.9251452Z remote: Counting objects:  41% (1588/3871)        
2022-04-13T19:48:32.9252082Z remote: Counting objects:  42% (1626/3871)        
2022-04-13T19:48:32.9252750Z remote: Counting objects:  43% (1665/3871)        
2022-04-13T19:48:32.9253404Z remote: Counting objects:  44% (1704/3871)        
2022-04-13T19:48:32.9254036Z remote: Counting objects:  45% (1742/3871)        
2022-04-13T19:48:32.9254665Z remote: Counting objects:  46% (1781/3871)        
2022-04-13T19:48:32.9255283Z remote: Counting objects:  47% (1820/3871)        
2022-04-13T19:48:32.9255953Z remote: Counting objects:  48% (1859/3871)        
2022-04-13T19:48:32.9256587Z remote: Counting objects:  49% (1897/3871)        
2022-04-13T19:48:32.9257238Z remote: Counting objects:  50% (1936/3871)        
2022-04-13T19:48:32.9257899Z remote: Counting objects:  51% (1975/3871)        
2022-04-13T19:48:32.9258576Z remote: Counting objects:  52% (2013/3871)        
2022-04-13T19:48:32.9259228Z remote: Counting objects:  53% (2052/3871)        
2022-04-13T19:48:32.9259855Z remote: Counting objects:  54% (2091/3871)        
2022-04-13T19:48:32.9260468Z remote: Counting objects:  55% (2130/3871)        
2022-04-13T19:48:32.9261285Z remote: Counting objects:  56% (2168/3871)        
2022-04-13T19:48:32.9261720Z remote: Counting objects:  57% (2207/3871)        
2022-04-13T19:48:32.9262342Z remote: Counting objects:  58% (2246/3871)        
2022-04-13T19:48:32.9263014Z remote: Counting objects:  59% (2284/3871)        
2022-04-13T19:48:32.9263660Z remote: Counting objects:  60% (2323/3871)        
2022-04-13T19:48:32.9264312Z remote: Counting objects:  61% (2362/3871)        
2022-04-13T19:48:32.9264941Z remote: Counting objects:  62% (2401/3871)        
2022-04-13T19:48:32.9265604Z remote: Counting objects:  63% (2439/3871)        
2022-04-13T19:48:32.9266268Z remote: Counting objects:  64% (2478/3871)        
2022-04-13T19:48:32.9266920Z remote: Counting objects:  65% (2517/3871)        
2022-04-13T19:48:32.9267608Z remote: Counting objects:  66% (2555/3871)        
2022-04-13T19:48:32.9268226Z remote: Counting objects:  67% (2594/3871)        
2022-04-13T19:48:32.9268882Z remote: Counting objects:  68% (2633/3871)        
2022-04-13T19:48:32.9269546Z remote: Counting objects:  69% (2671/3871)        
2022-04-13T19:48:32.9270178Z remote: Counting objects:  70% (2710/3871)        
2022-04-13T19:48:32.9271067Z remote: Counting objects:  71% (2749/3871)        
2022-04-13T19:48:32.9273782Z remote: Counting objects:  72% (2788/3871)        
2022-04-13T19:48:32.9274771Z remote: Counting objects:  73% (2826/3871)        
2022-04-13T19:48:32.9275665Z remote: Counting objects:  74% (2865/3871)        
2022-04-13T19:48:32.9276114Z remote: Counting objects:  75% (2904/3871)        
2022-04-13T19:48:32.9276777Z remote: Counting objects:  76% (2942/3871)        
2022-04-13T19:48:32.9277409Z remote: Counting objects:  77% (2981/3871)        
2022-04-13T19:48:32.9278228Z remote: Counting objects:  78% (3020/3871)        
2022-04-13T19:48:32.9278973Z remote: Counting objects:  79% (3059/3871)        
2022-04-13T19:48:32.9279776Z remote: Counting objects:  80% (3097/3871)        
2022-04-13T19:48:32.9280577Z remote: Counting objects:  81% (3136/3871)        
2022-04-13T19:48:32.9281379Z remote: Counting objects:  82% (3175/3871)        
2022-04-13T19:48:32.9282142Z remote: Counting objects:  83% (3213/3871)        
2022-04-13T19:48:32.9282970Z remote: Counting objects:  84% (3252/3871)        
2022-04-13T19:48:32.9283823Z remote: Counting objects:  85% (3291/3871)        
2022-04-13T19:48:32.9285783Z remote: Counting objects:  86% (3330/3871)        
2022-04-13T19:48:32.9287216Z remote: Counting objects:  87% (3368/3871)        
2022-04-13T19:48:32.9288139Z remote: Counting objects:  88% (3407/3871)        
2022-04-13T19:48:32.9288717Z remote: Counting objects:  89% (3446/3871)        
2022-04-13T19:48:32.9289742Z remote: Counting objects:  90% (3484/3871)        
2022-04-13T19:48:32.9290176Z remote: Counting objects:  91% (3523/3871)        
2022-04-13T19:48:32.9291014Z remote: Counting objects:  92% (3562/3871)        
2022-04-13T19:48:32.9291815Z remote: Counting objects:  93% (3601/3871)        
2022-04-13T19:48:32.9292615Z remote: Counting objects:  94% (3639/3871)        
2022-04-13T19:48:32.9293425Z remote: Counting objects:  95% (3678/3871)        
2022-04-13T19:48:32.9294072Z remote: Counting objects:  96% (3717/3871)        
2022-04-13T19:48:32.9294865Z remote: Counting objects:  97% (3755/3871)        
2022-04-13T19:48:32.9295671Z remote: Counting objects:  98% (3794/3871)        
2022-04-13T19:48:32.9296456Z remote: Counting objects:  99% (3833/3871)        
2022-04-13T19:48:32.9297400Z remote: Counting objects: 100% (3871/3871)        
2022-04-13T19:48:32.9298134Z remote: Counting objects: 100% (3871/3871), done.        
2022-04-13T19:48:32.9298963Z remote: Compressing objects:   0% (1/2923)        
2022-04-13T19:48:32.9299633Z remote: Compressing objects:   1% (30/2923)        
2022-04-13T19:48:32.9300393Z remote: Compressing objects:   2% (59/2923)        
2022-04-13T19:48:32.9301194Z remote: Compressing objects:   3% (88/2923)        
2022-04-13T19:48:32.9302060Z remote: Compressing objects:   4% (117/2923)        
2022-04-13T19:48:32.9303028Z remote: Compressing objects:   5% (147/2923)        
2022-04-13T19:48:32.9303490Z remote: Compressing objects:   6% (176/2923)        
2022-04-13T19:48:32.9304318Z remote: Compressing objects:   7% (205/2923)        
2022-04-13T19:48:32.9305181Z remote: Compressing objects:   8% (234/2923)        
2022-04-13T19:48:32.9305840Z remote: Compressing objects:   9% (264/2923)        
2022-04-13T19:48:32.9306601Z remote: Compressing objects:  10% (293/2923)        
2022-04-13T19:48:32.9309739Z remote: Compressing objects:  11% (322/2923)        
2022-04-13T19:48:32.9313781Z remote: Compressing objects:  12% (351/2923)        
2022-04-13T19:48:32.9466542Z remote: Compressing objects:  13% (380/2923)        
2022-04-13T19:48:32.9470200Z remote: Compressing objects:  14% (410/2923)        
2022-04-13T19:48:32.9571112Z remote: Compressing objects:  15% (439/2923)        
2022-04-13T19:48:32.9705197Z remote: Compressing objects:  16% (468/2923)        
2022-04-13T19:48:32.9796559Z remote: Compressing objects:  17% (497/2923)        
2022-04-13T19:48:32.9901267Z remote: Compressing objects:  18% (527/2923)        
2022-04-13T19:48:33.0012580Z remote: Compressing objects:  19% (556/2923)        
2022-04-13T19:48:33.0084621Z remote: Compressing objects:  20% (585/2923)        
2022-04-13T19:48:33.0171249Z remote: Compressing objects:  21% (614/2923)        
2022-04-13T19:48:33.0338049Z remote: Compressing objects:  22% (644/2923)        
2022-04-13T19:48:33.0458865Z remote: Compressing objects:  23% (673/2923)        
2022-04-13T19:48:33.0504289Z remote: Compressing objects:  24% (702/2923)        
2022-04-13T19:48:33.0680309Z remote: Compressing objects:  25% (731/2923)        
2022-04-13T19:48:33.0770222Z remote: Compressing objects:  26% (760/2923)        
2022-04-13T19:48:33.0946261Z remote: Compressing objects:  27% (790/2923)        
2022-04-13T19:48:33.1109898Z remote: Compressing objects:  28% (819/2923)        
2022-04-13T19:48:33.1267875Z remote: Compressing objects:  29% (848/2923)        
2022-04-13T19:48:33.1456251Z remote: Compressing objects:  30% (877/2923)        
2022-04-13T19:48:33.1457635Z remote: Compressing objects:  31% (907/2923)        
2022-04-13T19:48:33.1506619Z remote: Compressing objects:  32% (936/2923)        
2022-04-13T19:48:33.1743664Z remote: Compressing objects:  33% (965/2923)        
2022-04-13T19:48:33.1745130Z remote: Compressing objects:  34% (994/2923)        
2022-04-13T19:48:33.1782871Z remote: Compressing objects:  35% (1024/2923)        
2022-04-13T19:48:33.1828071Z remote: Compressing objects:  36% (1053/2923)        
2022-04-13T19:48:33.1922131Z remote: Compressing objects:  37% (1082/2923)        
2022-04-13T19:48:33.1972325Z remote: Compressing objects:  38% (1111/2923)        
2022-04-13T19:48:33.2118053Z remote: Compressing objects:  39% (1140/2923)        
2022-04-13T19:48:33.2201407Z remote: Compressing objects:  40% (1170/2923)        
2022-04-13T19:48:33.2268518Z remote: Compressing objects:  41% (1199/2923)        
2022-04-13T19:48:33.2333785Z remote: Compressing objects:  42% (1228/2923)        
2022-04-13T19:48:33.2340640Z remote: Compressing objects:  43% (1257/2923)        
2022-04-13T19:48:33.2421368Z remote: Compressing objects:  44% (1287/2923)        
2022-04-13T19:48:33.2551330Z remote: Compressing objects:  45% (1316/2923)        
2022-04-13T19:48:33.2668122Z remote: Compressing objects:  46% (1345/2923)        
2022-04-13T19:48:33.2806988Z remote: Compressing objects:  47% (1374/2923)        
2022-04-13T19:48:33.2941235Z remote: Compressing objects:  48% (1404/2923)        
2022-04-13T19:48:33.3036073Z remote: Compressing objects:  49% (1433/2923)        
2022-04-13T19:48:33.3121182Z remote: Compressing objects:  50% (1462/2923)        
2022-04-13T19:48:33.3121700Z remote: Compressing objects:  51% (1491/2923)        
2022-04-13T19:48:33.3289241Z remote: Compressing objects:  52% (1520/2923)        
2022-04-13T19:48:33.3289765Z remote: Compressing objects:  53% (1550/2923)        
2022-04-13T19:48:33.3301061Z remote: Compressing objects:  54% (1579/2923)        
2022-04-13T19:48:33.3306975Z remote: Compressing objects:  55% (1608/2923)        
2022-04-13T19:48:33.3310136Z remote: Compressing objects:  56% (1637/2923)        
2022-04-13T19:48:33.3310473Z remote: Compressing objects:  57% (1667/2923)        
2022-04-13T19:48:33.3310792Z remote: Compressing objects:  58% (1696/2923)        
2022-04-13T19:48:33.3313632Z remote: Compressing objects:  59% (1725/2923)        
2022-04-13T19:48:33.3321176Z remote: Compressing objects:  60% (1754/2923)        
2022-04-13T19:48:33.3328663Z remote: Compressing objects:  61% (1784/2923)        
2022-04-13T19:48:33.3331263Z remote: Compressing objects:  62% (1813/2923)        
2022-04-13T19:48:33.3331615Z remote: Compressing objects:  63% (1842/2923)        
2022-04-13T19:48:33.3332330Z remote: Compressing objects:  64% (1871/2923)        
2022-04-13T19:48:33.3332661Z remote: Compressing objects:  65% (1900/2923)        
2022-04-13T19:48:33.3332965Z remote: Compressing objects:  66% (1930/2923)        
2022-04-13T19:48:33.3333703Z remote: Compressing objects:  67% (1959/2923)        
2022-04-13T19:48:33.3334199Z remote: Compressing objects:  68% (1988/2923)        
2022-04-13T19:48:33.3334518Z remote: Compressing objects:  69% (2017/2923)        
2022-04-13T19:48:33.3338076Z remote: Compressing objects:  70% (2047/2923)        
2022-04-13T19:48:33.3338705Z remote: Compressing objects:  71% (2076/2923)        
2022-04-13T19:48:33.3339051Z remote: Compressing objects:  72% (2105/2923)        
2022-04-13T19:48:33.3340513Z remote: Compressing objects:  73% (2134/2923)        
2022-04-13T19:48:33.3341111Z remote: Compressing objects:  74% (2164/2923)        
2022-04-13T19:48:33.3344961Z remote: Compressing objects:  75% (2193/2923)        
2022-04-13T19:48:33.3345440Z remote: Compressing objects:  76% (2222/2923)        
2022-04-13T19:48:33.3357262Z remote: Compressing objects:  77% (2251/2923)        
2022-04-13T19:48:33.3358289Z remote: Compressing objects:  78% (2280/2923)        
2022-04-13T19:48:33.3442122Z remote: Compressing objects:  79% (2310/2923)        
2022-04-13T19:48:33.3442577Z remote: Compressing objects:  80% (2339/2923)        
2022-04-13T19:48:33.3443522Z remote: Compressing objects:  81% (2368/2923)        
2022-04-13T19:48:33.3444188Z remote: Compressing objects:  82% (2397/2923)        
2022-04-13T19:48:33.3445788Z remote: Compressing objects:  83% (2427/2923)        
2022-04-13T19:48:33.3446235Z remote: Compressing objects:  84% (2456/2923)        
2022-04-13T19:48:33.3446911Z remote: Compressing objects:  85% (2485/2923)        
2022-04-13T19:48:33.3447190Z remote: Compressing objects:  86% (2514/2923)        
2022-04-13T19:48:33.3447873Z remote: Compressing objects:  87% (2544/2923)        
2022-04-13T19:48:33.3448134Z remote: Compressing objects:  88% (2573/2923)        
2022-04-13T19:48:33.3448406Z remote: Compressing objects:  89% (2602/2923)        
2022-04-13T19:48:33.3448686Z remote: Compressing objects:  90% (2631/2923)        
2022-04-13T19:48:33.3448988Z remote: Compressing objects:  91% (2660/2923)        
2022-04-13T19:48:33.3449257Z remote: Compressing objects:  92% (2690/2923)        
2022-04-13T19:48:33.3449691Z remote: Compressing objects:  93% (2719/2923)        
2022-04-13T19:48:33.3450894Z remote: Compressing objects:  94% (2748/2923)        
2022-04-13T19:48:33.3451158Z remote: Compressing objects:  95% (2777/2923)        
2022-04-13T19:48:33.3451816Z remote: Compressing objects:  96% (2807/2923)        
2022-04-13T19:48:33.3452099Z remote: Compressing objects:  97% (2836/2923)        
2022-04-13T19:48:33.3452477Z remote: Compressing objects:  98% (2865/2923)        
2022-04-13T19:48:33.3453501Z remote: Compressing objects:  99% (2894/2923)        
2022-04-13T19:48:33.3453932Z remote: Compressing objects: 100% (2923/2923)        
2022-04-13T19:48:33.3454712Z remote: Compressing objects: 100% (2923/2923), done.        
2022-04-13T19:48:33.3555211Z Receiving objects:   0% (1/3871)
2022-04-13T19:48:33.4352450Z Receiving objects:   1% (39/3871)
2022-04-13T19:48:33.4413094Z Receiving objects:   2% (78/3871)
2022-04-13T19:48:33.4461944Z Receiving objects:   3% (117/3871)
2022-04-13T19:48:33.4475972Z Receiving objects:   4% (155/3871)
2022-04-13T19:48:33.4521477Z Receiving objects:   5% (194/3871)
2022-04-13T19:48:33.4586831Z Receiving objects:   6% (233/3871)
2022-04-13T19:48:33.4597124Z Receiving objects:   7% (271/3871)
2022-04-13T19:48:33.4639860Z Receiving objects:   8% (310/3871)
2022-04-13T19:48:33.4690375Z Receiving objects:   9% (349/3871)
2022-04-13T19:48:33.4705789Z Receiving objects:  10% (388/3871)
2022-04-13T19:48:33.4746654Z Receiving objects:  11% (426/3871)
2022-04-13T19:48:33.4752061Z Receiving objects:  12% (465/3871)
2022-04-13T19:48:33.4774240Z Receiving objects:  13% (504/3871)
2022-04-13T19:48:33.4828845Z Receiving objects:  14% (542/3871)
2022-04-13T19:48:33.4916386Z Receiving objects:  15% (581/3871)
2022-04-13T19:48:33.4931217Z Receiving objects:  16% (620/3871)
2022-04-13T19:48:33.4932799Z Receiving objects:  17% (659/3871)
2022-04-13T19:48:33.4933509Z Receiving objects:  18% (697/3871)
2022-04-13T19:48:33.4934563Z Receiving objects:  19% (736/3871)
2022-04-13T19:48:33.4936356Z Receiving objects:  20% (775/3871)
2022-04-13T19:48:33.4937422Z Receiving objects:  21% (813/3871)
2022-04-13T19:48:33.4939854Z Receiving objects:  22% (852/3871)
2022-04-13T19:48:33.4941593Z Receiving objects:  23% (891/3871)
2022-04-13T19:48:33.4942647Z Receiving objects:  24% (930/3871)
2022-04-13T19:48:33.4945124Z Receiving objects:  25% (968/3871)
2022-04-13T19:48:33.4947560Z Receiving objects:  26% (1007/3871)
2022-04-13T19:48:33.4969071Z Receiving objects:  27% (1046/3871)
2022-04-13T19:48:33.4974513Z Receiving objects:  28% (1084/3871)
2022-04-13T19:48:33.4996442Z Receiving objects:  29% (1123/3871)
2022-04-13T19:48:33.5023117Z Receiving objects:  30% (1162/3871)
2022-04-13T19:48:33.5041861Z Receiving objects:  31% (1201/3871)
2022-04-13T19:48:33.5046947Z Receiving objects:  32% (1239/3871)
2022-04-13T19:48:33.5081352Z Receiving objects:  33% (1278/3871)
2022-04-13T19:48:33.5111405Z Receiving objects:  34% (1317/3871)
2022-04-13T19:48:33.5112644Z Receiving objects:  35% (1355/3871)
2022-04-13T19:48:33.5113410Z Receiving objects:  36% (1394/3871)
2022-04-13T19:48:33.5114472Z Receiving objects:  37% (1433/3871)
2022-04-13T19:48:33.5115790Z Receiving objects:  38% (1471/3871)
2022-04-13T19:48:33.5118279Z Receiving objects:  39% (1510/3871)
2022-04-13T19:48:33.5119341Z Receiving objects:  40% (1549/3871)
2022-04-13T19:48:33.5149676Z Receiving objects:  41% (1588/3871)
2022-04-13T19:48:33.5162842Z Receiving objects:  42% (1626/3871)
2022-04-13T19:48:33.5205854Z Receiving objects:  43% (1665/3871)
2022-04-13T19:48:33.5207639Z Receiving objects:  44% (1704/3871)
2022-04-13T19:48:33.5223158Z Receiving objects:  45% (1742/3871)
2022-04-13T19:48:33.5233871Z Receiving objects:  46% (1781/3871)
2022-04-13T19:48:33.5261094Z Receiving objects:  47% (1820/3871)
2022-04-13T19:48:33.5271903Z Receiving objects:  48% (1859/3871)
2022-04-13T19:48:33.5304589Z Receiving objects:  49% (1897/3871)
2022-04-13T19:48:33.5357163Z Receiving objects:  50% (1936/3871)
2022-04-13T19:48:33.5369805Z Receiving objects:  51% (1975/3871)
2022-04-13T19:48:33.5396257Z Receiving objects:  52% (2013/3871)
2022-04-13T19:48:33.5408804Z Receiving objects:  53% (2052/3871)
2022-04-13T19:48:33.5418200Z Receiving objects:  54% (2091/3871)
2022-04-13T19:48:33.5436997Z Receiving objects:  55% (2130/3871)
2022-04-13T19:48:33.5455023Z Receiving objects:  56% (2168/3871)
2022-04-13T19:48:33.5491410Z Receiving objects:  57% (2207/3871)
2022-04-13T19:48:33.5511893Z Receiving objects:  58% (2246/3871)
2022-04-13T19:48:33.5737701Z Receiving objects:  59% (2284/3871)
2022-04-13T19:48:33.5805069Z Receiving objects:  60% (2323/3871)
2022-04-13T19:48:33.5924352Z Receiving objects:  61% (2362/3871)
2022-04-13T19:48:33.5941270Z Receiving objects:  62% (2401/3871)
2022-04-13T19:48:33.5941945Z Receiving objects:  63% (2439/3871)
2022-04-13T19:48:33.5944789Z Receiving objects:  64% (2478/3871)
2022-04-13T19:48:33.5946080Z Receiving objects:  65% (2517/3871)
2022-04-13T19:48:33.5947383Z Receiving objects:  66% (2555/3871)
2022-04-13T19:48:33.5949192Z Receiving objects:  67% (2594/3871)
2022-04-13T19:48:33.5950391Z Receiving objects:  68% (2633/3871)
2022-04-13T19:48:33.5951672Z Receiving objects:  69% (2671/3871)
2022-04-13T19:48:33.5952739Z Receiving objects:  70% (2710/3871)
2022-04-13T19:48:33.5953995Z Receiving objects:  71% (2749/3871)
2022-04-13T19:48:33.5955060Z Receiving objects:  72% (2788/3871)
2022-04-13T19:48:33.5956302Z Receiving objects:  73% (2826/3871)
2022-04-13T19:48:33.5957341Z Receiving objects:  74% (2865/3871)
2022-04-13T19:48:33.5960417Z Receiving objects:  75% (2904/3871)
2022-04-13T19:48:33.5962031Z Receiving objects:  76% (2942/3871)
2022-04-13T19:48:33.5963728Z Receiving objects:  77% (2981/3871)
2022-04-13T19:48:33.5968227Z Receiving objects:  78% (3020/3871)
2022-04-13T19:48:33.5969439Z Receiving objects:  79% (3059/3871)
2022-04-13T19:48:33.5971108Z Receiving objects:  80% (3097/3871)
2022-04-13T19:48:33.5973159Z Receiving objects:  81% (3136/3871)
2022-04-13T19:48:33.5974922Z Receiving objects:  82% (3175/3871)
2022-04-13T19:48:33.5975632Z Receiving objects:  83% (3213/3871)
2022-04-13T19:48:33.5976268Z Receiving objects:  84% (3252/3871)
2022-04-13T19:48:33.5976834Z Receiving objects:  85% (3291/3871)
2022-04-13T19:48:33.5977379Z Receiving objects:  86% (3330/3871)
2022-04-13T19:48:33.6087891Z Receiving objects:  87% (3368/3871)
2022-04-13T19:48:33.6104117Z Receiving objects:  88% (3407/3871)
2022-04-13T19:48:33.6190841Z Receiving objects:  89% (3446/3871)
2022-04-13T19:48:33.6209198Z Receiving objects:  90% (3484/3871)
2022-04-13T19:48:33.6270506Z Receiving objects:  91% (3523/3871)
2022-04-13T19:48:33.6295704Z Receiving objects:  92% (3562/3871)
2022-04-13T19:48:33.6334603Z Receiving objects:  93% (3601/3871)
2022-04-13T19:48:33.6343313Z Receiving objects:  94% (3639/3871)
2022-04-13T19:48:33.6355909Z Receiving objects:  95% (3678/3871)
2022-04-13T19:48:33.6362711Z Receiving objects:  96% (3717/3871)
2022-04-13T19:48:33.6409002Z Receiving objects:  97% (3755/3871)
2022-04-13T19:48:33.6437328Z Receiving objects:  98% (3794/3871)
2022-04-13T19:48:33.6452631Z Receiving objects:  99% (3833/3871)
2022-04-13T19:48:33.6453527Z remote: Total 3871 (delta 301), reused 2571 (delta 216), pack-reused 0        
2022-04-13T19:48:33.6501009Z Receiving objects: 100% (3871/3871)
2022-04-13T19:48:33.6501564Z Receiving objects: 100% (3871/3871), 3.57 MiB | 11.94 MiB/s, done.
2022-04-13T19:48:33.6504267Z Resolving deltas:   0% (0/301)
2022-04-13T19:48:33.6504735Z Resolving deltas:   1% (4/301)
2022-04-13T19:48:33.6506436Z Resolving deltas:   2% (7/301)
2022-04-13T19:48:33.6507907Z Resolving deltas:   3% (10/301)
2022-04-13T19:48:33.6508584Z Resolving deltas:   4% (13/301)
2022-04-13T19:48:33.6511205Z Resolving deltas:   5% (16/301)
2022-04-13T19:48:33.6512365Z Resolving deltas:   6% (19/301)
2022-04-13T19:48:33.6513028Z Resolving deltas:   7% (22/301)
2022-04-13T19:48:33.6521068Z Resolving deltas:   8% (25/301)
2022-04-13T19:48:33.6524132Z Resolving deltas:   9% (28/301)
2022-04-13T19:48:33.6528647Z Resolving deltas:  10% (31/301)
2022-04-13T19:48:33.6531456Z Resolving deltas:  11% (34/301)
2022-04-13T19:48:33.6531911Z Resolving deltas:  12% (37/301)
2022-04-13T19:48:33.6532558Z Resolving deltas:  13% (40/301)
2022-04-13T19:48:33.6540360Z Resolving deltas:  14% (43/301)
2022-04-13T19:48:33.6543281Z Resolving deltas:  15% (46/301)
2022-04-13T19:48:33.6543751Z Resolving deltas:  16% (49/301)
2022-04-13T19:48:33.6544990Z Resolving deltas:  17% (52/301)
2022-04-13T19:48:33.6545405Z Resolving deltas:  18% (55/301)
2022-04-13T19:48:33.6546727Z Resolving deltas:  19% (58/301)
2022-04-13T19:48:33.6547202Z Resolving deltas:  20% (61/301)
2022-04-13T19:48:33.6549916Z Resolving deltas:  21% (64/301)
2022-04-13T19:48:33.6551124Z Resolving deltas:  22% (67/301)
2022-04-13T19:48:33.6558708Z Resolving deltas:  23% (70/301)
2022-04-13T19:48:33.6559992Z Resolving deltas:  24% (73/301)
2022-04-13T19:48:33.6562220Z Resolving deltas:  25% (76/301)
2022-04-13T19:48:33.6564156Z Resolving deltas:  26% (79/301)
2022-04-13T19:48:33.6567091Z Resolving deltas:  27% (82/301)
2022-04-13T19:48:33.6567334Z Resolving deltas:  28% (85/301)
2022-04-13T19:48:33.6567577Z Resolving deltas:  29% (88/301)
2022-04-13T19:48:33.6567808Z Resolving deltas:  30% (91/301)
2022-04-13T19:48:33.6568042Z Resolving deltas:  31% (94/301)
2022-04-13T19:48:33.6568260Z Resolving deltas:  32% (97/301)
2022-04-13T19:48:33.6568492Z Resolving deltas:  33% (100/301)
2022-04-13T19:48:33.6568737Z Resolving deltas:  34% (103/301)
2022-04-13T19:48:33.6568957Z Resolving deltas:  35% (106/301)
2022-04-13T19:48:33.6569189Z Resolving deltas:  36% (109/301)
2022-04-13T19:48:33.6569420Z Resolving deltas:  37% (112/301)
2022-04-13T19:48:33.6573857Z Resolving deltas:  38% (115/301)
2022-04-13T19:48:33.6574317Z Resolving deltas:  39% (118/301)
2022-04-13T19:48:33.6575946Z Resolving deltas:  40% (121/301)
2022-04-13T19:48:33.6576380Z Resolving deltas:  41% (124/301)
2022-04-13T19:48:33.6577921Z Resolving deltas:  42% (127/301)
2022-04-13T19:48:33.6578337Z Resolving deltas:  43% (130/301)
2022-04-13T19:48:33.6578972Z Resolving deltas:  44% (133/301)
2022-04-13T19:48:33.6579382Z Resolving deltas:  45% (136/301)
2022-04-13T19:48:33.6579979Z Resolving deltas:  46% (139/301)
2022-04-13T19:48:33.6580446Z Resolving deltas:  47% (142/301)
2022-04-13T19:48:33.6581839Z Resolving deltas:  48% (145/301)
2022-04-13T19:48:33.6582349Z Resolving deltas:  49% (148/301)
2022-04-13T19:48:33.6582977Z Resolving deltas:  50% (151/301)
2022-04-13T19:48:33.6583373Z Resolving deltas:  51% (154/301)
2022-04-13T19:48:33.6584640Z Resolving deltas:  52% (157/301)
2022-04-13T19:48:33.6585074Z Resolving deltas:  53% (160/301)
2022-04-13T19:48:33.6586247Z Resolving deltas:  54% (163/301)
2022-04-13T19:48:33.6586673Z Resolving deltas:  55% (166/301)
2022-04-13T19:48:33.6589281Z Resolving deltas:  56% (169/301)
2022-04-13T19:48:33.6589735Z Resolving deltas:  57% (172/301)
2022-04-13T19:48:33.6590888Z Resolving deltas:  58% (175/301)
2022-04-13T19:48:33.6591310Z Resolving deltas:  59% (178/301)
2022-04-13T19:48:33.6591924Z Resolving deltas:  60% (181/301)
2022-04-13T19:48:33.6592311Z Resolving deltas:  61% (184/301)
2022-04-13T19:48:33.6592916Z Resolving deltas:  62% (187/301)
2022-04-13T19:48:33.6593314Z Resolving deltas:  63% (190/301)
2022-04-13T19:48:33.6594577Z Resolving deltas:  64% (193/301)
2022-04-13T19:48:33.6594983Z Resolving deltas:  65% (196/301)
2022-04-13T19:48:33.6596167Z Resolving deltas:  66% (199/301)
2022-04-13T19:48:33.6596782Z Resolving deltas:  67% (202/301)
2022-04-13T19:48:33.6598097Z Resolving deltas:  68% (205/301)
2022-04-13T19:48:33.6598528Z Resolving deltas:  69% (208/301)
2022-04-13T19:48:33.6599698Z Resolving deltas:  70% (211/301)
2022-04-13T19:48:33.6600134Z Resolving deltas:  71% (214/301)
2022-04-13T19:48:33.6602102Z Resolving deltas:  72% (217/301)
2022-04-13T19:48:33.6602574Z Resolving deltas:  73% (220/301)
2022-04-13T19:48:33.6603779Z Resolving deltas:  74% (223/301)
2022-04-13T19:48:33.6604191Z Resolving deltas:  75% (226/301)
2022-04-13T19:48:33.6608608Z Resolving deltas:  76% (229/301)
2022-04-13T19:48:33.6609071Z Resolving deltas:  77% (232/301)
2022-04-13T19:48:33.6610321Z Resolving deltas:  78% (235/301)
2022-04-13T19:48:33.6610730Z Resolving deltas:  79% (238/301)
2022-04-13T19:48:33.6611348Z Resolving deltas:  80% (241/301)
2022-04-13T19:48:33.6611749Z Resolving deltas:  81% (244/301)
2022-04-13T19:48:33.6612347Z Resolving deltas:  82% (247/301)
2022-04-13T19:48:33.6612752Z Resolving deltas:  83% (250/301)
2022-04-13T19:48:33.6613433Z Resolving deltas:  84% (253/301)
2022-04-13T19:48:33.6613845Z Resolving deltas:  85% (256/301)
2022-04-13T19:48:33.6614437Z Resolving deltas:  86% (259/301)
2022-04-13T19:48:33.6614838Z Resolving deltas:  87% (262/301)
2022-04-13T19:48:33.6615435Z Resolving deltas:  88% (265/301)
2022-04-13T19:48:33.6615832Z Resolving deltas:  89% (268/301)
2022-04-13T19:48:33.6616419Z Resolving deltas:  90% (271/301)
2022-04-13T19:48:33.6628460Z Resolving deltas:  91% (274/301)
2022-04-13T19:48:33.6628969Z Resolving deltas:  92% (277/301)
2022-04-13T19:48:33.6630442Z Resolving deltas:  93% (280/301)
2022-04-13T19:48:33.6630922Z Resolving deltas:  94% (283/301)
2022-04-13T19:48:33.6633508Z Resolving deltas:  95% (286/301)
2022-04-13T19:48:33.6634027Z Resolving deltas:  96% (289/301)
2022-04-13T19:48:33.6634628Z Resolving deltas:  97% (292/301)
2022-04-13T19:48:33.6635036Z Resolving deltas:  98% (295/301)
2022-04-13T19:48:33.6635631Z Resolving deltas:  99% (298/301)
2022-04-13T19:48:33.6636036Z Resolving deltas: 100% (301/301)
2022-04-13T19:48:33.6636650Z Resolving deltas: 100% (301/301), done.
2022-04-13T19:48:33.6822573Z From https://github.com/hashicorp/terraform
2022-04-13T19:48:33.6823564Z  * [new ref]         b1f9eab4ab461a3a1b89b1cbfc1bec040395fb06 -> origin/brandonc/env_credentials
2022-04-13T19:48:33.6848105Z ##[endgroup]
2022-04-13T19:48:33.6848869Z ##[group]Determining the checkout info
2022-04-13T19:48:33.6850127Z ##[endgroup]
2022-04-13T19:48:33.6850746Z ##[group]Checking out the ref
2022-04-13T19:48:33.6854936Z [command]/usr/bin/git checkout --progress --force -B brandonc/env_credentials refs/remotes/origin/brandonc/env_credentials
2022-04-13T19:48:33.8591600Z Switched to a new branch 'brandonc/env_credentials'
2022-04-13T19:48:33.8599089Z branch 'brandonc/env_credentials' set up to track 'origin/brandonc/env_credentials'.
2022-04-13T19:48:33.8609587Z ##[endgroup]
2022-04-13T19:48:33.8654215Z [command]/usr/bin/git log -1 --format='%H'
2022-04-13T19:48:33.8684090Z 'b1f9eab4ab461a3a1b89b1cbfc1bec040395fb06'
2022-04-13T19:48:33.9005152Z Prepare all required actions
2022-04-13T19:48:33.9032376Z ##[group]Run ./.github/actions/go-version
2022-04-13T19:48:33.9032635Z ##[endgroup]
2022-04-13T19:48:33.9301802Z ##[group]Run echo "Building with Go $(cat .go-version)"
2022-04-13T19:48:33.9302256Z [36;1mecho "Building with Go $(cat .go-version)"[0m
2022-04-13T19:48:33.9302626Z [36;1mecho "::set-output name=version::$(cat .go-version)"[0m
2022-04-13T19:48:33.9356957Z shell: /usr/bin/bash --noprofile --norc -e -o pipefail {0}
2022-04-13T19:48:33.9357344Z ##[endgroup]
2022-04-13T19:48:33.9519706Z Building with Go 1.18.0
2022-04-13T19:48:33.9694194Z ##[group]Run actions/setup-go@v2
2022-04-13T19:48:33.9694463Z with:
2022-04-13T19:48:33.9694734Z   go-version: 1.18.0
2022-04-13T19:48:33.9695040Z   check-latest: false
2022-04-13T19:48:33.9695274Z   stable: true
2022-04-13T19:48:33.9695756Z   token: ***
2022-04-13T19:48:33.9696028Z ##[endgroup]
2022-04-13T19:48:34.0197257Z Setup go stable version spec 1.18.0
2022-04-13T19:48:34.0217140Z Found in cache @ /opt/hostedtoolcache/go/1.18.0/x64
2022-04-13T19:48:34.0226741Z Added go to the path
2022-04-13T19:48:34.9499443Z Successfully setup go version 1.18.0
2022-04-13T19:48:34.9569884Z go version go1.18 linux/amd64
2022-04-13T19:48:34.9570347Z 
2022-04-13T19:48:34.9570969Z ##[group]go env
2022-04-13T19:48:35.0878265Z GO111MODULE=""
2022-04-13T19:48:35.0878925Z GOARCH="amd64"
2022-04-13T19:48:35.0879550Z GOBIN=""
2022-04-13T19:48:35.0880300Z GOCACHE="/home/runner/.cache/go-build"
2022-04-13T19:48:35.0880805Z GOENV="/home/runner/.config/go/env"
2022-04-13T19:48:35.0881624Z GOEXE=""
2022-04-13T19:48:35.0882148Z GOEXPERIMENT=""
2022-04-13T19:48:35.0882457Z GOFLAGS=""
2022-04-13T19:48:35.0882693Z GOHOSTARCH="amd64"
2022-04-13T19:48:35.0882987Z GOHOSTOS="linux"
2022-04-13T19:48:35.0883246Z GOINSECURE=""
2022-04-13T19:48:35.0883603Z GOMODCACHE="/home/runner/go/pkg/mod"
2022-04-13T19:48:35.0883884Z GONOPROXY=""
2022-04-13T19:48:35.0884169Z GONOSUMDB=""
2022-04-13T19:48:35.0884434Z GOOS="linux"
2022-04-13T19:48:35.0884674Z GOPATH="/home/runner/go"
2022-04-13T19:48:35.0885008Z GOPRIVATE=""
2022-04-13T19:48:35.0885373Z GOPROXY="https://proxy.golang.org,direct"
2022-04-13T19:48:35.0885719Z GOROOT="/opt/hostedtoolcache/go/1.18.0/x64"
2022-04-13T19:48:35.0886055Z GOSUMDB="sum.golang.org"
2022-04-13T19:48:35.0886558Z GOTMPDIR=""
2022-04-13T19:48:35.0886890Z GOTOOLDIR="/opt/hostedtoolcache/go/1.18.0/x64/pkg/tool/linux_amd64"
2022-04-13T19:48:35.0887231Z GOVCS=""
2022-04-13T19:48:35.0887504Z GOVERSION="go1.18"
2022-04-13T19:48:35.0887736Z GCCGO="gccgo"
2022-04-13T19:48:35.0888045Z GOAMD64="v1"
2022-04-13T19:48:35.0888316Z AR="ar"
2022-04-13T19:48:35.0888518Z CC="gcc"
2022-04-13T19:48:35.0888769Z CXX="g++"
2022-04-13T19:48:35.0889031Z CGO_ENABLED="1"
2022-04-13T19:48:35.0889364Z GOMOD="/home/runner/work/terraform/terraform/go.mod"
2022-04-13T19:48:35.0889680Z GOWORK=""
2022-04-13T19:48:35.0890126Z CGO_CFLAGS="-g -O2"
2022-04-13T19:48:35.0890366Z CGO_CPPFLAGS=""
2022-04-13T19:48:35.0890718Z CGO_CXXFLAGS="-g -O2"
2022-04-13T19:48:35.0891083Z CGO_FFLAGS="-g -O2"
2022-04-13T19:48:35.0891366Z CGO_LDFLAGS="-g -O2"
2022-04-13T19:48:35.0891712Z PKG_CONFIG="pkg-config"
2022-04-13T19:48:35.0892399Z GOGCCFLAGS="-fPIC -m64 -pthread -fmessage-length=0 -fdebug-prefix-map=/tmp/go-build1182359212=/tmp/go-build -gno-record-gcc-switches"
2022-04-13T19:48:35.0892763Z 
2022-04-13T19:48:35.0893245Z ##[endgroup]
2022-04-13T19:48:35.2533804Z ##[group]Run actions/cache@v3
2022-04-13T19:48:35.2534046Z with:
2022-04-13T19:48:35.2534229Z   path: ~/go/pkg
2022-04-13T19:48:35.2534586Z   key: go-mod-eca089adcb5f49ecad114bdbf49dc26b0deef67cb69080fcaeaecab46118f40b
2022-04-13T19:48:35.2534954Z   restore-keys: go-mod-

2022-04-13T19:48:35.2535157Z env:
2022-04-13T19:48:35.2535389Z   GOROOT: /opt/hostedtoolcache/go/1.18.0/x64
2022-04-13T19:48:35.2535630Z ##[endgroup]
2022-04-13T19:48:36.5863898Z Received 180355072 of 314264396 (57.4%), 171.5 MBs/sec
2022-04-13T19:48:37.5205459Z Received 314264396 of 314264396 (100.0%), 154.7 MBs/sec
2022-04-13T19:48:37.5206683Z Cache Size: ~300 MB (314264396 B)
2022-04-13T19:48:37.5232130Z [command]/usr/bin/tar --use-compress-program zstd -d -xf /home/runner/work/_temp/2626d4ae-2d55-4654-ba04-bae7cdf8a981/cache.tzst -P -C /home/runner/work/terraform/terraform
2022-04-13T19:48:43.8338739Z Cache restored successfully
2022-04-13T19:48:44.0959507Z 
2022-04-13T19:48:44.0962057Z Cache restored from key: go-mod-eca089adcb5f49ecad114bdbf49dc26b0deef67cb69080fcaeaecab46118f40b
2022-04-13T19:48:44.1298301Z ##[group]Run go test ./...
2022-04-13T19:48:44.1298593Z [36;1mgo test ./...[0m
2022-04-13T19:48:44.1356439Z shell: /usr/bin/bash -e {0}
2022-04-13T19:48:44.1356710Z env:
2022-04-13T19:48:44.1356963Z   GOROOT: /opt/hostedtoolcache/go/1.18.0/x64
2022-04-13T19:48:44.1357215Z ##[endgroup]
2022-04-13T19:48:44.5947031Z go: downloading github.com/go-test/deep v1.0.3
2022-04-13T19:48:46.9941024Z go: downloading github.com/hashicorp/consul/sdk v0.8.0
2022-04-13T19:48:47.0696736Z go: downloading github.com/apparentlymart/go-dump v0.0.0-20190214190832-042adf3cf4a0
2022-04-13T19:48:47.0902797Z go: downloading github.com/golang/mock v1.6.0
2022-04-13T19:48:47.1221266Z go: downloading github.com/Netflix/go-expect v0.0.0-20211003183012-e1a7c020ce25
2022-04-13T19:48:47.1806932Z go: downloading github.com/dylanmei/winrmtest v0.0.0-20210303004826-fbc9ae56efb6
2022-04-13T19:48:47.4851517Z go: downloading github.com/zclconf/go-cty-debug v0.0.0-20191215020915-b22d67c1ba0b
2022-04-13T19:48:48.3782697Z go: downloading github.com/kr/pty v1.1.5
2022-04-13T19:48:48.4916307Z go: downloading github.com/antchfx/xmlquery v1.3.5
2022-04-13T19:48:48.7741602Z go: downloading github.com/antchfx/xpath v1.1.10
2022-04-13T19:50:47.3716656Z ok  	github.com/hashicorp/terraform	0.041s
2022-04-13T19:50:48.9235318Z ok  	github.com/hashicorp/terraform/internal/addrs	0.033s
2022-04-13T19:50:48.9305120Z ok  	github.com/hashicorp/terraform/internal/backend	0.016s
2022-04-13T19:50:51.7166020Z ok  	github.com/hashicorp/terraform/internal/backend/init	0.071s
2022-04-13T19:50:51.7166812Z ok  	github.com/hashicorp/terraform/internal/backend/local	0.162s
2022-04-13T19:50:53.6746384Z ok  	github.com/hashicorp/terraform/internal/backend/remote	0.600s
2022-04-13T19:50:53.6747276Z ok  	github.com/hashicorp/terraform/internal/backend/remote-state/artifactory	0.018s
2022-04-13T19:50:54.5172666Z ok  	github.com/hashicorp/terraform/internal/backend/remote-state/azure	0.018s
2022-04-13T19:50:55.3879165Z ok  	github.com/hashicorp/terraform/internal/backend/remote-state/consul	0.020s
2022-04-13T19:50:55.9453513Z ok  	github.com/hashicorp/terraform/internal/backend/remote-state/cos	0.017s
2022-04-13T19:50:56.6132565Z ok  	github.com/hashicorp/terraform/internal/backend/remote-state/etcdv2	0.016s
2022-04-13T19:50:57.3758495Z ok  	github.com/hashicorp/terraform/internal/backend/remote-state/etcdv3	0.023s
2022-04-13T19:50:58.0620309Z ok  	github.com/hashicorp/terraform/internal/backend/remote-state/gcs	0.017s
2022-04-13T19:51:02.6642641Z ok  	github.com/hashicorp/terraform/internal/backend/remote-state/http	4.034s
2022-04-13T19:51:02.6646046Z ok  	github.com/hashicorp/terraform/internal/backend/remote-state/inmem	0.015s
2022-04-13T19:51:02.6649250Z ok  	github.com/hashicorp/terraform/internal/backend/remote-state/kubernetes	0.021s
2022-04-13T19:51:02.6652331Z ok  	github.com/hashicorp/terraform/internal/backend/remote-state/manta	0.014s
2022-04-13T19:51:03.3343167Z ok  	github.com/hashicorp/terraform/internal/backend/remote-state/oss	0.017s
2022-04-13T19:51:03.9425329Z ok  	github.com/hashicorp/terraform/internal/backend/remote-state/pg	0.017s
2022-04-13T19:51:04.9757822Z ok  	github.com/hashicorp/terraform/internal/backend/remote-state/s3	0.024s
2022-04-13T19:51:05.2162708Z ok  	github.com/hashicorp/terraform/internal/backend/remote-state/swift	0.020s
2022-04-13T19:51:07.5876959Z ok  	github.com/hashicorp/terraform/internal/builtin/providers/terraform	0.029s
2022-04-13T19:51:07.5877450Z ok  	github.com/hashicorp/terraform/internal/builtin/provisioners/file	0.004s
2022-04-13T19:51:07.5878215Z ok  	github.com/hashicorp/terraform/internal/builtin/provisioners/local-exec	0.063s
2022-04-13T19:51:08.9468620Z ok  	github.com/hashicorp/terraform/internal/builtin/provisioners/remote-exec	2.010s
2022-04-13T19:51:11.0069915Z ok  	github.com/hashicorp/terraform/internal/cloud	0.549s
2022-04-13T19:51:17.9382826Z ok  	github.com/hashicorp/terraform/internal/cloud/e2e	7.079s
2022-04-13T19:51:49.7088407Z ok  	github.com/hashicorp/terraform/internal/command	28.620s
2022-04-13T19:51:49.7089734Z ok  	github.com/hashicorp/terraform/internal/command/arguments	0.032s
2022-04-13T19:51:49.7090539Z ok  	github.com/hashicorp/terraform/internal/command/cliconfig	0.023s
2022-04-13T19:51:49.7091583Z ok  	github.com/hashicorp/terraform/internal/command/clistate	0.016s
2022-04-13T19:51:49.7092332Z ok  	github.com/hashicorp/terraform/internal/command/e2etest	14.105s
2022-04-13T19:51:49.7092898Z ok  	github.com/hashicorp/terraform/internal/command/format	0.042s
2022-04-13T19:51:49.7093586Z ok  	github.com/hashicorp/terraform/internal/command/jsonconfig	0.015s
2022-04-13T19:51:49.7094125Z ok  	github.com/hashicorp/terraform/internal/command/jsonplan	0.016s
2022-04-13T19:51:49.7094657Z ok  	github.com/hashicorp/terraform/internal/command/jsonprovider	0.020s
2022-04-13T19:51:49.7095188Z ok  	github.com/hashicorp/terraform/internal/command/jsonstate	0.015s
2022-04-13T19:51:50.1774231Z ok  	github.com/hashicorp/terraform/internal/command/views	3.158s
2022-04-13T19:51:50.7467069Z ok  	github.com/hashicorp/terraform/internal/command/views/json	0.022s
2022-04-13T19:51:50.7467811Z ok  	github.com/hashicorp/terraform/internal/command/webbrowser	0.019s
2022-04-13T19:51:50.8581061Z ok  	github.com/hashicorp/terraform/internal/command/workdir	0.003s
2022-04-13T19:51:52.2636891Z ok  	github.com/hashicorp/terraform/internal/communicator	1.039s
2022-04-13T19:51:52.2637421Z ok  	github.com/hashicorp/terraform/internal/communicator/remote	0.004s [no tests to run]
2022-04-13T19:51:52.2637899Z ok  	github.com/hashicorp/terraform/internal/communicator/shared	0.003s
2022-04-13T19:51:54.2013957Z ok  	github.com/hashicorp/terraform/internal/communicator/ssh	2.313s
2022-04-13T19:51:54.2014643Z ok  	github.com/hashicorp/terraform/internal/communicator/winrm	0.020s
2022-04-13T19:51:54.8667219Z ok  	github.com/hashicorp/terraform/internal/configs	0.079s
2022-04-13T19:51:55.5400526Z ok  	github.com/hashicorp/terraform/internal/configs/configload	0.020s
2022-04-13T19:51:56.0064004Z ok  	github.com/hashicorp/terraform/internal/configs/configschema	0.010s
2022-04-13T19:51:56.2543789Z ok  	github.com/hashicorp/terraform/internal/configs/hcl2shim	0.021s
2022-04-13T19:51:56.2702447Z ok  	github.com/hashicorp/terraform/internal/copy	0.010s
2022-04-13T19:51:57.8080472Z ok  	github.com/hashicorp/terraform/internal/dag	0.896s
2022-04-13T19:51:57.8080882Z ok  	github.com/hashicorp/terraform/internal/depsfile	0.017s
2022-04-13T19:51:57.8081383Z ok  	github.com/hashicorp/terraform/internal/didyoumean	0.004s
2022-04-13T19:51:57.8081825Z ?   	github.com/hashicorp/terraform/internal/e2e	[no test files]
2022-04-13T19:51:58.7278072Z ok  	github.com/hashicorp/terraform/internal/earlyconfig	0.030s
2022-04-13T19:51:58.7278516Z ?   	github.com/hashicorp/terraform/internal/experiments	[no test files]
2022-04-13T19:51:58.7278915Z ?   	github.com/hashicorp/terraform/internal/getmodules	[no test files]
2022-04-13T19:52:03.6862457Z ok  	github.com/hashicorp/terraform/internal/getproviders	4.086s
2022-04-13T19:52:03.6862901Z ?   	github.com/hashicorp/terraform/internal/grpcwrap	[no test files]
2022-04-13T19:52:03.6863304Z ok  	github.com/hashicorp/terraform/internal/helper/slowmessage	0.102s
2022-04-13T19:52:03.6865575Z ok  	github.com/hashicorp/terraform/internal/httpclient	0.005s
2022-04-13T19:52:03.6866154Z ok  	github.com/hashicorp/terraform/internal/initwd	0.025s
2022-04-13T19:52:03.6866710Z ok  	github.com/hashicorp/terraform/internal/instances	0.015s
2022-04-13T19:52:03.6867294Z ok  	github.com/hashicorp/terraform/internal/ipaddr	0.002s
2022-04-13T19:52:03.7011164Z ok  	github.com/hashicorp/terraform/internal/lang	0.038s
2022-04-13T19:52:03.7011591Z ok  	github.com/hashicorp/terraform/internal/lang/blocktoattr	0.005s
2022-04-13T19:52:05.1857475Z ok  	github.com/hashicorp/terraform/internal/lang/funcs	0.180s
2022-04-13T19:52:05.1860723Z ok  	github.com/hashicorp/terraform/internal/lang/globalref	0.029s
2022-04-13T19:52:05.1863710Z ?   	github.com/hashicorp/terraform/internal/lang/marks	[no test files]
2022-04-13T19:52:05.1866773Z ?   	github.com/hashicorp/terraform/internal/lang/types	[no test files]
2022-04-13T19:52:05.3703054Z ok  	github.com/hashicorp/terraform/internal/legacy/helper/acctest	0.003s
2022-04-13T19:52:05.3834384Z ok  	github.com/hashicorp/terraform/internal/legacy/helper/hashcode	0.002s
2022-04-13T19:52:08.6864870Z ok  	github.com/hashicorp/terraform/internal/legacy/helper/schema	0.093s
2022-04-13T19:52:08.6867702Z ok  	github.com/hashicorp/terraform/internal/legacy/terraform	0.032s
2022-04-13T19:52:08.6870156Z ok  	github.com/hashicorp/terraform/internal/logging	0.006s
2022-04-13T19:52:08.6872831Z ?   	github.com/hashicorp/terraform/internal/modsdir	[no test files]
2022-04-13T19:52:09.3869044Z ok  	github.com/hashicorp/terraform/internal/moduledeps	0.015s
2022-04-13T19:52:09.8745836Z ok  	github.com/hashicorp/terraform/internal/moduletest	0.016s
2022-04-13T19:52:10.5655536Z ok  	github.com/hashicorp/terraform/internal/plans	0.017s
2022-04-13T19:52:10.5657150Z ?   	github.com/hashicorp/terraform/internal/plans/internal/planproto	[no test files]
2022-04-13T19:52:12.4261216Z ok  	github.com/hashicorp/terraform/internal/plans/objchange	0.038s
2022-04-13T19:52:12.4261819Z ok  	github.com/hashicorp/terraform/internal/plans/planfile	0.042s
2022-04-13T19:52:13.6826953Z ok  	github.com/hashicorp/terraform/internal/plugin	0.023s
2022-04-13T19:52:13.6830186Z ok  	github.com/hashicorp/terraform/internal/plugin/convert	0.017s
2022-04-13T19:52:14.0151427Z ok  	github.com/hashicorp/terraform/internal/plugin/discovery	0.012s
2022-04-13T19:52:14.0152337Z ?   	github.com/hashicorp/terraform/internal/plugin/mock_proto	[no test files]
2022-04-13T19:52:14.9515658Z ok  	github.com/hashicorp/terraform/internal/plugin6	0.016s
2022-04-13T19:52:15.0631578Z ok  	github.com/hashicorp/terraform/internal/plugin6/convert	0.020s
2022-04-13T19:52:15.0632363Z ?   	github.com/hashicorp/terraform/internal/plugin6/mock_proto	[no test files]
2022-04-13T19:52:15.0633503Z ?   	github.com/hashicorp/terraform/internal/provider-simple	[no test files]
2022-04-13T19:52:15.0634222Z ?   	github.com/hashicorp/terraform/internal/provider-simple/main	[no test files]
2022-04-13T19:52:15.0634927Z ?   	github.com/hashicorp/terraform/internal/provider-simple-v6	[no test files]
2022-04-13T19:52:15.0635541Z ?   	github.com/hashicorp/terraform/internal/provider-simple-v6/main	[no test files]
2022-04-13T19:52:15.1230062Z ?   	github.com/hashicorp/terraform/internal/provider-terraform/main	[no test files]
2022-04-13T19:52:16.4021977Z ok  	github.com/hashicorp/terraform/internal/providercache	0.044s
2022-04-13T19:52:16.4024921Z ok  	github.com/hashicorp/terraform/internal/providers	0.025s
2022-04-13T19:52:16.4028065Z ?   	github.com/hashicorp/terraform/internal/provisioner-local-exec/main	[no test files]
2022-04-13T19:52:16.4030733Z ?   	github.com/hashicorp/terraform/internal/provisioners	[no test files]
2022-04-13T19:52:17.5941574Z ok  	github.com/hashicorp/terraform/internal/refactoring	0.024s
2022-04-13T19:52:19.5593323Z ok  	github.com/hashicorp/terraform/internal/registry	2.021s
2022-04-13T19:52:19.5594077Z ok  	github.com/hashicorp/terraform/internal/registry/regsrc	0.014s
2022-04-13T19:52:19.5594707Z ok  	github.com/hashicorp/terraform/internal/registry/response	0.002s
2022-04-13T19:52:19.5595436Z ?   	github.com/hashicorp/terraform/internal/registry/test	[no test files]
2022-04-13T19:52:19.5596282Z ok  	github.com/hashicorp/terraform/internal/repl	0.033s
2022-04-13T19:52:19.5596889Z ?   	github.com/hashicorp/terraform/internal/replacefile	[no test files]
2022-04-13T19:52:20.7167881Z ok  	github.com/hashicorp/terraform/internal/states	0.017s
2022-04-13T19:52:20.7372998Z ok  	github.com/hashicorp/terraform/internal/states/remote	0.023s
2022-04-13T19:52:21.9023876Z ok  	github.com/hashicorp/terraform/internal/states/statefile	0.027s
2022-04-13T19:52:24.7223915Z ok  	github.com/hashicorp/terraform/internal/states/statemgr	2.745s
2022-04-13T19:52:24.7224727Z ok  	github.com/hashicorp/terraform/internal/terminal	0.004s
2022-04-13T19:52:33.6261907Z ok  	github.com/hashicorp/terraform/internal/terraform	4.025s
2022-04-13T19:52:33.6262788Z ok  	github.com/hashicorp/terraform/internal/tfdiags	0.019s
2022-04-13T19:52:33.6263531Z ?   	github.com/hashicorp/terraform/internal/tfplugin5	[no test files]
2022-04-13T19:52:33.6264076Z ?   	github.com/hashicorp/terraform/internal/tfplugin6	[no test files]
2022-04-13T19:52:33.6264602Z ?   	github.com/hashicorp/terraform/internal/typeexpr	[no test files]
2022-04-13T19:52:33.6265125Z ?   	github.com/hashicorp/terraform/tools/loggraphdiff	[no test files]
2022-04-13T19:52:33.6266155Z ?   	github.com/hashicorp/terraform/tools/protobuf-compile	[no test files]
2022-04-13T19:52:33.6266683Z ?   	github.com/hashicorp/terraform/version	[no test files]
2022-04-13T19:52:33.8810947Z Post job cleanup.
2022-04-13T19:52:34.0266858Z Cache hit occurred on the primary key go-mod-eca089adcb5f49ecad114bdbf49dc26b0deef67cb69080fcaeaecab46118f40b, not saving cache.
2022-04-13T19:52:34.0374690Z Post job cleanup.
2022-04-13T19:52:34.1594065Z [command]/usr/bin/git version
2022-04-13T19:52:34.1643318Z git version 2.35.1
2022-04-13T19:52:34.1678404Z [command]/usr/bin/git config --local --name-only --get-regexp core\.sshCommand
2022-04-13T19:52:34.1717728Z [command]/usr/bin/git submodule foreach --recursive git config --local --name-only --get-regexp 'core\.sshCommand' && git config --local --unset-all 'core.sshCommand' || :
2022-04-13T19:52:34.1968641Z [command]/usr/bin/git config --local --name-only --get-regexp http\.https\:\/\/github\.com\/\.extraheader
2022-04-13T19:52:34.1988922Z http.https://github.com/.extraheader
2022-04-13T19:52:34.2037204Z [command]/usr/bin/git config --local --unset-all http.https://github.com/.extraheader
2022-04-13T19:52:34.2074372Z [command]/usr/bin/git submodule foreach --recursive git config --local --name-only --get-regexp 'http\.https\:\/\/github\.com\/\.extraheader' && git config --local --unset-all 'http.https://github.com/.extraheader' || :
2022-04-13T19:52:34.2482214Z Cleaning up orphan processes
