2022-05-19T18:49:15.1421018Z Requested labels: ubuntu-latest
2022-05-19T18:49:15.1421068Z Job defined at: hashicorp/terraform/.github/workflows/build.yml@refs/heads/v1.2
2022-05-19T18:49:15.1421089Z Waiting for a runner to pick up this job...
2022-05-19T18:49:16.7405321Z Job is waiting for a hosted runner to come online.
2022-05-19T18:49:19.9620600Z Job is about to start running on the hosted runner: GitHub Actions 55 (hosted)
2022-05-19T18:49:23.5771182Z Current runner version: '2.291.1'
2022-05-19T18:49:23.5801836Z ##[group]Operating System
2022-05-19T18:49:23.5802641Z Ubuntu
2022-05-19T18:49:23.5803033Z 20.04.4
2022-05-19T18:49:23.5803372Z LTS
2022-05-19T18:49:23.5803875Z ##[endgroup]
2022-05-19T18:49:23.5804183Z ##[group]Virtual Environment
2022-05-19T18:49:23.5804592Z Environment: ubuntu-20.04
2022-05-19T18:49:23.5805014Z Version: 20220515.1
2022-05-19T18:49:23.5805548Z Included Software: https://github.com/actions/virtual-environments/blob/ubuntu20/20220515.1/images/linux/Ubuntu2004-Readme.md
2022-05-19T18:49:23.5806274Z Image Release: https://github.com/actions/virtual-environments/releases/tag/ubuntu20%2F20220515.1
2022-05-19T18:49:23.5806774Z ##[endgroup]
2022-05-19T18:49:23.5807203Z ##[group]Virtual Environment Provisioner
2022-05-19T18:49:23.5807595Z 1.0.0.0-main-20220421-1
2022-05-19T18:49:23.5809019Z ##[endgroup]
2022-05-19T18:49:23.5809783Z ##[group]GITHUB_TOKEN Permissions
2022-05-19T18:49:23.5810424Z Contents: read
2022-05-19T18:49:23.5811143Z Metadata: read
2022-05-19T18:49:23.5811797Z Statuses: write
2022-05-19T18:49:23.5812150Z ##[endgroup]
2022-05-19T18:49:23.5816794Z Secret source: Actions
2022-05-19T18:49:23.5817627Z Prepare workflow directory
2022-05-19T18:49:23.7029384Z Prepare all required actions
2022-05-19T18:49:23.7253740Z Getting action download info
2022-05-19T18:49:23.9934252Z Download action repository 'actions/checkout@v2' (SHA:7884fcad6b5d53d10323aee724dc68d8b9096a2e)
2022-05-19T18:49:24.8686610Z ##[group]Run actions/checkout@v2
2022-05-19T18:49:24.8687271Z with:
2022-05-19T18:49:24.8687649Z   fetch-depth: 0
2022-05-19T18:49:24.8687982Z   repository: hashicorp/terraform
2022-05-19T18:49:24.8688675Z   token: ***
2022-05-19T18:49:24.8689047Z   ssh-strict: true
2022-05-19T18:49:24.8689480Z   persist-credentials: true
2022-05-19T18:49:24.8689981Z   clean: true
2022-05-19T18:49:24.8690276Z   lfs: false
2022-05-19T18:49:24.8690516Z   submodules: false
2022-05-19T18:49:24.8690822Z   set-safe-directory: true
2022-05-19T18:49:24.8692091Z env:
2022-05-19T18:49:24.8692433Z   PKG_NAME: terraform
2022-05-19T18:49:24.8692840Z ##[endgroup]
2022-05-19T18:49:25.2188488Z Syncing repository: hashicorp/terraform
2022-05-19T18:49:25.2190562Z ##[group]Getting Git version info
2022-05-19T18:49:25.2191181Z Working directory is '/home/runner/work/terraform/terraform'
2022-05-19T18:49:25.2192006Z [command]/usr/bin/git version
2022-05-19T18:49:25.2276520Z git version 2.36.1
2022-05-19T18:49:25.2281913Z ##[endgroup]
2022-05-19T18:49:25.2305124Z Temporarily overriding HOME='/home/runner/work/_temp/5a8b3529-221b-4950-a557-f4b1c7231cd4' before making global git config changes
2022-05-19T18:49:25.2305703Z Adding repository directory to the temporary git global config as a safe directory
2022-05-19T18:49:25.2306840Z [command]/usr/bin/git config --global --add safe.directory /home/runner/work/terraform/terraform
2022-05-19T18:49:25.2352387Z Deleting the contents of '/home/runner/work/terraform/terraform'
2022-05-19T18:49:25.2367404Z ##[group]Initializing the repository
2022-05-19T18:49:25.2368082Z [command]/usr/bin/git init /home/runner/work/terraform/terraform
2022-05-19T18:49:25.2453445Z hint: Using 'master' as the name for the initial branch. This default branch name
2022-05-19T18:49:25.2454245Z hint: is subject to change. To configure the initial branch name to use in all
2022-05-19T18:49:25.2454863Z hint: of your new repositories, which will suppress this warning, call:
2022-05-19T18:49:25.2455439Z hint: 
2022-05-19T18:49:25.2456084Z hint: 	git config --global init.defaultBranch <name>
2022-05-19T18:49:25.2456681Z hint: 
2022-05-19T18:49:25.2457270Z hint: Names commonly chosen instead of 'master' are 'main', 'trunk' and
2022-05-19T18:49:25.2458044Z hint: 'development'. The just-created branch can be renamed via this command:
2022-05-19T18:49:25.2458575Z hint: 
2022-05-19T18:49:25.2459120Z hint: 	git branch -m <name>
2022-05-19T18:49:25.2469829Z Initialized empty Git repository in /home/runner/work/terraform/terraform/.git/
2022-05-19T18:49:25.2537227Z [command]/usr/bin/git remote add origin https://github.com/hashicorp/terraform
2022-05-19T18:49:25.2594778Z ##[endgroup]
2022-05-19T18:49:25.2596087Z ##[group]Disabling automatic garbage collection
2022-05-19T18:49:25.2599829Z [command]/usr/bin/git config --local gc.auto 0
2022-05-19T18:49:25.2637880Z ##[endgroup]
2022-05-19T18:49:25.2639406Z ##[group]Setting up auth
2022-05-19T18:49:25.2649219Z [command]/usr/bin/git config --local --name-only --get-regexp core\.sshCommand
2022-05-19T18:49:25.2690812Z [command]/usr/bin/git submodule foreach --recursive git config --local --name-only --get-regexp 'core\.sshCommand' && git config --local --unset-all 'core.sshCommand' || :
2022-05-19T18:49:25.3142097Z [command]/usr/bin/git config --local --name-only --get-regexp http\.https\:\/\/github\.com\/\.extraheader
2022-05-19T18:49:25.3167885Z [command]/usr/bin/git submodule foreach --recursive git config --local --name-only --get-regexp 'http\.https\:\/\/github\.com\/\.extraheader' && git config --local --unset-all 'http.https://github.com/.extraheader' || :
2022-05-19T18:49:25.3486138Z [command]/usr/bin/git config --local http.https://github.com/.extraheader AUTHORIZATION: basic ***
2022-05-19T18:49:25.3550242Z ##[endgroup]
2022-05-19T18:49:25.3551499Z ##[group]Fetching the repository
2022-05-19T18:49:25.3553161Z [command]/usr/bin/git -c protocol.version=2 fetch --prune --progress --no-recurse-submodules origin +refs/heads/*:refs/remotes/origin/* +refs/tags/*:refs/tags/*
2022-05-19T18:49:26.1699228Z remote: Enumerating objects: 259480, done.        
2022-05-19T18:49:26.1771760Z remote: Counting objects:   0% (1/504)        
2022-05-19T18:49:26.1772474Z remote: Counting objects:   1% (6/504)        
2022-05-19T18:49:26.1773409Z remote: Counting objects:   2% (11/504)        
2022-05-19T18:49:26.1773933Z remote: Counting objects:   3% (16/504)        
2022-05-19T18:49:26.1774428Z remote: Counting objects:   4% (21/504)        
2022-05-19T18:49:26.1775023Z remote: Counting objects:   5% (26/504)        
2022-05-19T18:49:26.1775801Z remote: Counting objects:   6% (31/504)        
2022-05-19T18:49:26.1776349Z remote: Counting objects:   7% (36/504)        
2022-05-19T18:49:26.1776837Z remote: Counting objects:   8% (41/504)        
2022-05-19T18:49:26.1777283Z remote: Counting objects:   9% (46/504)        
2022-05-19T18:49:26.1777960Z remote: Counting objects:  10% (51/504)        
2022-05-19T18:49:26.1778499Z remote: Counting objects:  11% (56/504)        
2022-05-19T18:49:26.1779004Z remote: Counting objects:  12% (61/504)        
2022-05-19T18:49:26.1779626Z remote: Counting objects:  13% (66/504)        
2022-05-19T18:49:26.1780176Z remote: Counting objects:  14% (71/504)        
2022-05-19T18:49:26.1780747Z remote: Counting objects:  15% (76/504)        
2022-05-19T18:49:26.1781215Z remote: Counting objects:  16% (81/504)        
2022-05-19T18:49:26.1782056Z remote: Counting objects:  17% (86/504)        
2022-05-19T18:49:26.1782491Z remote: Counting objects:  18% (91/504)        
2022-05-19T18:49:26.1783045Z remote: Counting objects:  19% (96/504)        
2022-05-19T18:49:26.1783538Z remote: Counting objects:  20% (101/504)        
2022-05-19T18:49:26.1784839Z remote: Counting objects:  21% (106/504)        
2022-05-19T18:49:26.1785358Z remote: Counting objects:  22% (111/504)        
2022-05-19T18:49:26.1785963Z remote: Counting objects:  23% (116/504)        
2022-05-19T18:49:26.1786534Z remote: Counting objects:  24% (121/504)        
2022-05-19T18:49:26.1787046Z remote: Counting objects:  25% (126/504)        
2022-05-19T18:49:26.1787560Z remote: Counting objects:  26% (132/504)        
2022-05-19T18:49:26.1788207Z remote: Counting objects:  27% (137/504)        
2022-05-19T18:49:26.1788823Z remote: Counting objects:  28% (142/504)        
2022-05-19T18:49:26.1789297Z remote: Counting objects:  29% (147/504)        
2022-05-19T18:49:26.1789707Z remote: Counting objects:  30% (152/504)        
2022-05-19T18:49:26.1790372Z remote: Counting objects:  31% (157/504)        
2022-05-19T18:49:26.1790905Z remote: Counting objects:  32% (162/504)        
2022-05-19T18:49:26.1791700Z remote: Counting objects:  33% (167/504)        
2022-05-19T18:49:26.1792418Z remote: Counting objects:  34% (172/504)        
2022-05-19T18:49:26.1793479Z remote: Counting objects:  35% (177/504)        
2022-05-19T18:49:26.1795389Z remote: Counting objects:  36% (182/504)        
2022-05-19T18:49:26.1797405Z remote: Counting objects:  37% (187/504)        
2022-05-19T18:49:26.1798441Z remote: Counting objects:  38% (192/504)        
2022-05-19T18:49:26.1799476Z remote: Counting objects:  39% (197/504)        
2022-05-19T18:49:26.1800452Z remote: Counting objects:  40% (202/504)        
2022-05-19T18:49:26.1801115Z remote: Counting objects:  41% (207/504)        
2022-05-19T18:49:26.1801593Z remote: Counting objects:  42% (212/504)        
2022-05-19T18:49:26.1802459Z remote: Counting objects:  43% (217/504)        
2022-05-19T18:49:26.1803189Z remote: Counting objects:  44% (222/504)        
2022-05-19T18:49:26.1803627Z remote: Counting objects:  45% (227/504)        
2022-05-19T18:49:26.2002697Z remote: Counting objects:  46% (232/504)        
2022-05-19T18:49:26.2003004Z remote: Counting objects:  47% (237/504)        
2022-05-19T18:49:26.2003260Z remote: Counting objects:  48% (242/504)        
2022-05-19T18:49:26.2003527Z remote: Counting objects:  49% (247/504)        
2022-05-19T18:49:26.2003789Z remote: Counting objects:  50% (252/504)        
2022-05-19T18:49:26.2004247Z remote: Counting objects:  51% (258/504)        
2022-05-19T18:49:26.2004542Z remote: Counting objects:  52% (263/504)        
2022-05-19T18:49:26.2004807Z remote: Counting objects:  53% (268/504)        
2022-05-19T18:49:26.2005075Z remote: Counting objects:  54% (273/504)        
2022-05-19T18:49:26.2005327Z remote: Counting objects:  55% (278/504)        
2022-05-19T18:49:26.2005591Z remote: Counting objects:  56% (283/504)        
2022-05-19T18:49:26.2005856Z remote: Counting objects:  57% (288/504)        
2022-05-19T18:49:26.2006105Z remote: Counting objects:  58% (293/504)        
2022-05-19T18:49:26.2006372Z remote: Counting objects:  59% (298/504)        
2022-05-19T18:49:26.2006821Z remote: Counting objects:  60% (303/504)        
2022-05-19T18:49:26.2007078Z remote: Counting objects:  61% (308/504)        
2022-05-19T18:49:26.2007348Z remote: Counting objects:  62% (313/504)        
2022-05-19T18:49:26.2007618Z remote: Counting objects:  63% (318/504)        
2022-05-19T18:49:26.2007874Z remote: Counting objects:  64% (323/504)        
2022-05-19T18:49:26.2008148Z remote: Counting objects:  65% (328/504)        
2022-05-19T18:49:26.2008416Z remote: Counting objects:  66% (333/504)        
2022-05-19T18:49:26.2008724Z remote: Counting objects:  67% (338/504)        
2022-05-19T18:49:26.2008979Z remote: Counting objects:  68% (343/504)        
2022-05-19T18:49:26.2009737Z remote: Counting objects:  69% (348/504)        
2022-05-19T18:49:26.2010017Z remote: Counting objects:  70% (353/504)        
2022-05-19T18:49:26.2010279Z remote: Counting objects:  71% (358/504)        
2022-05-19T18:49:26.2010723Z remote: Counting objects:  72% (363/504)        
2022-05-19T18:49:26.2010990Z remote: Counting objects:  73% (368/504)        
2022-05-19T18:49:26.2011247Z remote: Counting objects:  74% (373/504)        
2022-05-19T18:49:26.2011512Z remote: Counting objects:  75% (378/504)        
2022-05-19T18:49:26.2011781Z remote: Counting objects:  76% (384/504)        
2022-05-19T18:49:26.2012036Z remote: Counting objects:  77% (389/504)        
2022-05-19T18:49:26.2012307Z remote: Counting objects:  78% (394/504)        
2022-05-19T18:49:26.2012576Z remote: Counting objects:  79% (399/504)        
2022-05-19T18:49:26.2012846Z remote: Counting objects:  80% (404/504)        
2022-05-19T18:49:26.2013101Z remote: Counting objects:  81% (409/504)        
2022-05-19T18:49:26.2013370Z remote: Counting objects:  82% (414/504)        
2022-05-19T18:49:26.2013640Z remote: Counting objects:  83% (419/504)        
2022-05-19T18:49:26.2013896Z remote: Counting objects:  84% (424/504)        
2022-05-19T18:49:26.2014166Z remote: Counting objects:  85% (429/504)        
2022-05-19T18:49:26.2014582Z remote: Counting objects:  86% (434/504)        
2022-05-19T18:49:26.2014838Z remote: Counting objects:  87% (439/504)        
2022-05-19T18:49:26.2015108Z remote: Counting objects:  88% (444/504)        
2022-05-19T18:49:26.2015382Z remote: Counting objects:  89% (449/504)        
2022-05-19T18:49:26.2015641Z remote: Counting objects:  90% (454/504)        
2022-05-19T18:49:26.2015905Z remote: Counting objects:  91% (459/504)        
2022-05-19T18:49:26.2016165Z remote: Counting objects:  92% (464/504)        
2022-05-19T18:49:26.2016421Z remote: Counting objects:  93% (469/504)        
2022-05-19T18:49:26.2016673Z remote: Counting objects:  94% (474/504)        
2022-05-19T18:49:26.2016920Z remote: Counting objects:  95% (479/504)        
2022-05-19T18:49:26.2017175Z remote: Counting objects:  96% (484/504)        
2022-05-19T18:49:26.2018012Z remote: Counting objects:  97% (489/504)        
2022-05-19T18:49:26.2018340Z remote: Counting objects:  98% (494/504)        
2022-05-19T18:49:26.2018624Z remote: Counting objects:  99% (499/504)        
2022-05-19T18:49:26.2018911Z remote: Counting objects: 100% (504/504)        
2022-05-19T18:49:26.2019197Z remote: Counting objects: 100% (504/504), done.        
2022-05-19T18:49:26.2019510Z remote: Compressing objects:   0% (1/199)        
2022-05-19T18:49:26.2019818Z remote: Compressing objects:   1% (2/199)        
2022-05-19T18:49:26.2020273Z remote: Compressing objects:   2% (4/199)        
2022-05-19T18:49:26.2020593Z remote: Compressing objects:   3% (6/199)        
2022-05-19T18:49:26.2020890Z remote: Compressing objects:   4% (8/199)        
2022-05-19T18:49:26.2021350Z remote: Compressing objects:   5% (10/199)        
2022-05-19T18:49:26.2021796Z remote: Compressing objects:   6% (12/199)        
2022-05-19T18:49:26.2022084Z remote: Compressing objects:   7% (14/199)        
2022-05-19T18:49:26.2022367Z remote: Compressing objects:   8% (16/199)        
2022-05-19T18:49:26.2022635Z remote: Compressing objects:   9% (18/199)        
2022-05-19T18:49:26.2022922Z remote: Compressing objects:  10% (20/199)        
2022-05-19T18:49:26.2023203Z remote: Compressing objects:  11% (22/199)        
2022-05-19T18:49:26.2023475Z remote: Compressing objects:  12% (24/199)        
2022-05-19T18:49:26.2023748Z remote: Compressing objects:  13% (26/199)        
2022-05-19T18:49:26.2024034Z remote: Compressing objects:  14% (28/199)        
2022-05-19T18:49:26.2024314Z remote: Compressing objects:  15% (30/199)        
2022-05-19T18:49:26.2024580Z remote: Compressing objects:  16% (32/199)        
2022-05-19T18:49:26.2024862Z remote: Compressing objects:  17% (34/199)        
2022-05-19T18:49:26.2025133Z remote: Compressing objects:  18% (36/199)        
2022-05-19T18:49:26.2025400Z remote: Compressing objects:  19% (38/199)        
2022-05-19T18:49:26.2025681Z remote: Compressing objects:  20% (40/199)        
2022-05-19T18:49:26.2025953Z remote: Compressing objects:  21% (42/199)        
2022-05-19T18:49:26.2026227Z remote: Compressing objects:  22% (44/199)        
2022-05-19T18:49:26.2026505Z remote: Compressing objects:  23% (46/199)        
2022-05-19T18:49:26.2026779Z remote: Compressing objects:  24% (48/199)        
2022-05-19T18:49:26.2027056Z remote: Compressing objects:  25% (50/199)        
2022-05-19T18:49:26.2027320Z remote: Compressing objects:  26% (52/199)        
2022-05-19T18:49:26.2027600Z remote: Compressing objects:  27% (54/199)        
2022-05-19T18:49:26.2027879Z remote: Compressing objects:  28% (56/199)        
2022-05-19T18:49:26.2028139Z remote: Compressing objects:  29% (58/199)        
2022-05-19T18:49:26.2028419Z remote: Compressing objects:  30% (60/199)        
2022-05-19T18:49:26.2028694Z remote: Compressing objects:  31% (62/199)        
2022-05-19T18:49:26.2028956Z remote: Compressing objects:  32% (64/199)        
2022-05-19T18:49:26.2029239Z remote: Compressing objects:  33% (66/199)        
2022-05-19T18:49:26.2029512Z remote: Compressing objects:  34% (68/199)        
2022-05-19T18:49:26.2029880Z remote: Compressing objects:  35% (70/199)        
2022-05-19T18:49:26.2030166Z remote: Compressing objects:  36% (72/199)        
2022-05-19T18:49:26.2030441Z remote: Compressing objects:  37% (74/199)        
2022-05-19T18:49:26.2030724Z remote: Compressing objects:  38% (76/199)        
2022-05-19T18:49:26.2030986Z remote: Compressing objects:  39% (78/199)        
2022-05-19T18:49:26.2031274Z remote: Compressing objects:  40% (80/199)        
2022-05-19T18:49:26.2031550Z remote: Compressing objects:  41% (82/199)        
2022-05-19T18:49:26.2031809Z remote: Compressing objects:  42% (84/199)        
2022-05-19T18:49:26.2032086Z remote: Compressing objects:  43% (86/199)        
2022-05-19T18:49:26.2032355Z remote: Compressing objects:  44% (88/199)        
2022-05-19T18:49:26.2032624Z remote: Compressing objects:  45% (90/199)        
2022-05-19T18:49:26.2032903Z remote: Compressing objects:  46% (92/199)        
2022-05-19T18:49:26.2033180Z remote: Compressing objects:  47% (94/199)        
2022-05-19T18:49:26.2033462Z remote: Compressing objects:  48% (96/199)        
2022-05-19T18:49:26.2033753Z remote: Compressing objects:  49% (98/199)        
2022-05-19T18:49:26.2034037Z remote: Compressing objects:  50% (100/199)        
2022-05-19T18:49:26.2034328Z remote: Compressing objects:  51% (102/199)        
2022-05-19T18:49:26.2034602Z remote: Compressing objects:  52% (104/199)        
2022-05-19T18:49:26.2034979Z remote: Compressing objects:  53% (106/199)        
2022-05-19T18:49:26.2035453Z remote: Compressing objects:  54% (108/199)        
2022-05-19T18:49:26.2035725Z remote: Compressing objects:  55% (110/199)        
2022-05-19T18:49:26.2036003Z remote: Compressing objects:  56% (112/199)        
2022-05-19T18:49:26.2036293Z remote: Compressing objects:  57% (114/199)        
2022-05-19T18:49:26.2036567Z remote: Compressing objects:  58% (116/199)        
2022-05-19T18:49:26.2036994Z remote: Compressing objects:  59% (118/199)        
2022-05-19T18:49:26.2037257Z remote: Compressing objects:  60% (120/199)        
2022-05-19T18:49:26.2037540Z remote: Compressing objects:  61% (122/199)        
2022-05-19T18:49:26.2037794Z remote: Compressing objects:  62% (124/199)        
2022-05-19T18:49:26.2038058Z remote: Compressing objects:  63% (126/199)        
2022-05-19T18:49:26.2038318Z remote: Compressing objects:  64% (128/199)        
2022-05-19T18:49:26.2038574Z remote: Compressing objects:  65% (130/199)        
2022-05-19T18:49:26.2038840Z remote: Compressing objects:  66% (132/199)        
2022-05-19T18:49:26.2039103Z remote: Compressing objects:  67% (134/199)        
2022-05-19T18:49:26.2039358Z remote: Compressing objects:  68% (136/199)        
2022-05-19T18:49:26.2039619Z remote: Compressing objects:  69% (138/199)        
2022-05-19T18:49:26.2039888Z remote: Compressing objects:  70% (140/199)        
2022-05-19T18:49:26.2040232Z remote: Compressing objects:  71% (142/199)        
2022-05-19T18:49:26.2040491Z remote: Compressing objects:  72% (144/199)        
2022-05-19T18:49:26.2040766Z remote: Compressing objects:  73% (146/199)        
2022-05-19T18:49:26.2041038Z remote: Compressing objects:  74% (148/199)        
2022-05-19T18:49:26.2041296Z remote: Compressing objects:  75% (150/199)        
2022-05-19T18:49:26.2041563Z remote: Compressing objects:  76% (152/199)        
2022-05-19T18:49:26.2041824Z remote: Compressing objects:  77% (154/199)        
2022-05-19T18:49:26.2042330Z remote: Compressing objects:  78% (156/199)        
2022-05-19T18:49:26.2042615Z remote: Compressing objects:  79% (158/199)        
2022-05-19T18:49:26.2042894Z remote: Compressing objects:  80% (160/199)        
2022-05-19T18:49:26.2043164Z remote: Compressing objects:  81% (162/199)        
2022-05-19T18:49:26.2043427Z remote: Compressing objects:  82% (164/199)        
2022-05-19T18:49:26.2043850Z remote: Compressing objects:  83% (166/199)        
2022-05-19T18:49:26.2044494Z remote: Compressing objects:  84% (168/199)        
2022-05-19T18:49:26.2044752Z remote: Compressing objects:  85% (170/199)        
2022-05-19T18:49:26.2045144Z remote: Compressing objects:  86% (172/199)        
2022-05-19T18:49:26.2045820Z remote: Compressing objects:  87% (174/199)        
2022-05-19T18:49:26.2046255Z remote: Compressing objects:  88% (176/199)        
2022-05-19T18:49:26.2046524Z remote: Compressing objects:  89% (178/199)        
2022-05-19T18:49:26.2046805Z remote: Compressing objects:  90% (180/199)        
2022-05-19T18:49:26.2047077Z remote: Compressing objects:  91% (182/199)        
2022-05-19T18:49:26.2047349Z remote: Compressing objects:  92% (184/199)        
2022-05-19T18:49:26.2047618Z remote: Compressing objects:  93% (186/199)        
2022-05-19T18:49:26.2047888Z remote: Compressing objects:  94% (188/199)        
2022-05-19T18:49:26.2048153Z remote: Compressing objects:  95% (190/199)        
2022-05-19T18:49:26.2048438Z remote: Compressing objects:  96% (192/199)        
2022-05-19T18:49:26.2048713Z remote: Compressing objects:  97% (194/199)        
2022-05-19T18:49:26.2048975Z remote: Compressing objects:  98% (196/199)        
2022-05-19T18:49:26.2049246Z remote: Compressing objects:  99% (198/199)        
2022-05-19T18:49:26.2049518Z remote: Compressing objects: 100% (199/199)        
2022-05-19T18:49:26.2049796Z remote: Compressing objects: 100% (199/199), done.        
2022-05-19T18:49:26.3332162Z Receiving objects:   0% (1/259480)
2022-05-19T18:49:26.3944121Z Receiving objects:   1% (2595/259480)
2022-05-19T18:49:26.4421746Z Receiving objects:   2% (5190/259480)
2022-05-19T18:49:26.4915782Z Receiving objects:   3% (7785/259480)
2022-05-19T18:49:26.5341068Z Receiving objects:   4% (10380/259480)
2022-05-19T18:49:26.5718961Z Receiving objects:   5% (12974/259480)
2022-05-19T18:49:26.6125338Z Receiving objects:   6% (15569/259480)
2022-05-19T18:49:26.6540115Z Receiving objects:   7% (18164/259480)
2022-05-19T18:49:26.6889575Z Receiving objects:   8% (20759/259480)
2022-05-19T18:49:26.7232942Z Receiving objects:   9% (23354/259480)
2022-05-19T18:49:26.7497565Z Receiving objects:  10% (25948/259480), 9.02 MiB | 18.07 MiB/s
2022-05-19T18:49:26.7805868Z Receiving objects:  11% (28543/259480), 9.02 MiB | 18.07 MiB/s
2022-05-19T18:49:26.8059526Z Receiving objects:  12% (31138/259480), 9.02 MiB | 18.07 MiB/s
2022-05-19T18:49:26.8798608Z Receiving objects:  13% (33733/259480), 9.02 MiB | 18.07 MiB/s
2022-05-19T18:49:26.9482972Z Receiving objects:  14% (36328/259480), 9.02 MiB | 18.07 MiB/s
2022-05-19T18:49:27.0113944Z Receiving objects:  15% (38922/259480), 9.02 MiB | 18.07 MiB/s
2022-05-19T18:49:27.1421469Z Receiving objects:  16% (41517/259480), 9.02 MiB | 18.07 MiB/s
2022-05-19T18:49:27.1940120Z Receiving objects:  17% (44112/259480), 9.02 MiB | 18.07 MiB/s
2022-05-19T18:49:27.2591559Z Receiving objects:  17% (45365/259480), 20.00 MiB | 20.02 MiB/s
2022-05-19T18:49:27.4554572Z Receiving objects:  18% (46707/259480), 20.00 MiB | 20.02 MiB/s
2022-05-19T18:49:27.5330139Z Receiving objects:  19% (49302/259480), 20.00 MiB | 20.02 MiB/s
2022-05-19T18:49:27.7201091Z Receiving objects:  20% (51896/259480), 20.00 MiB | 20.02 MiB/s
2022-05-19T18:49:27.8216266Z Receiving objects:  21% (54491/259480), 31.39 MiB | 20.94 MiB/s
2022-05-19T18:49:27.8854320Z Receiving objects:  22% (57086/259480), 31.39 MiB | 20.94 MiB/s
2022-05-19T18:49:28.0653519Z Receiving objects:  23% (59681/259480), 31.39 MiB | 20.94 MiB/s
2022-05-19T18:49:28.1942348Z Receiving objects:  24% (62276/259480), 31.39 MiB | 20.94 MiB/s
2022-05-19T18:49:28.2557002Z Receiving objects:  24% (63331/259480), 43.37 MiB | 21.70 MiB/s
2022-05-19T18:49:28.3600350Z Receiving objects:  25% (64870/259480), 43.37 MiB | 21.70 MiB/s
2022-05-19T18:49:29.1944738Z Receiving objects:  26% (67465/259480), 43.37 MiB | 21.70 MiB/s
2022-05-19T18:49:29.5733128Z Receiving objects:  26% (69177/259480), 69.65 MiB | 23.22 MiB/s
2022-05-19T18:49:29.6141979Z Receiving objects:  27% (70060/259480), 69.65 MiB | 23.22 MiB/s
2022-05-19T18:49:29.7270461Z Receiving objects:  28% (72655/259480), 69.65 MiB | 23.22 MiB/s
2022-05-19T18:49:29.8755876Z Receiving objects:  29% (75250/259480), 90.86 MiB | 25.96 MiB/s
2022-05-19T18:49:30.0406210Z Receiving objects:  30% (77844/259480), 90.86 MiB | 25.96 MiB/s
2022-05-19T18:49:30.1462099Z Receiving objects:  31% (80439/259480), 90.86 MiB | 25.96 MiB/s
2022-05-19T18:49:30.1941103Z Receiving objects:  32% (83034/259480), 90.86 MiB | 25.96 MiB/s
2022-05-19T18:49:30.2600243Z Receiving objects:  32% (83983/259480), 90.86 MiB | 25.96 MiB/s
2022-05-19T18:49:30.3953388Z Receiving objects:  33% (85629/259480), 103.00 MiB | 25.75 MiB/s
2022-05-19T18:49:30.5784983Z Receiving objects:  34% (88224/259480), 103.00 MiB | 25.75 MiB/s
2022-05-19T18:49:30.8163821Z Receiving objects:  35% (90818/259480), 103.00 MiB | 25.75 MiB/s
2022-05-19T18:49:30.8657270Z Receiving objects:  36% (93413/259480), 114.68 MiB | 25.49 MiB/s
2022-05-19T18:49:30.8989162Z Receiving objects:  37% (96008/259480), 114.68 MiB | 25.49 MiB/s
2022-05-19T18:49:30.9294333Z Receiving objects:  38% (98603/259480), 114.68 MiB | 25.49 MiB/s
2022-05-19T18:49:30.9430498Z Receiving objects:  39% (101198/259480), 114.68 MiB | 25.49 MiB/s
2022-05-19T18:49:30.9698789Z Receiving objects:  40% (103792/259480), 114.68 MiB | 25.49 MiB/s
2022-05-19T18:49:31.0879086Z Receiving objects:  41% (106387/259480), 114.68 MiB | 25.49 MiB/s
2022-05-19T18:49:31.1347483Z Receiving objects:  42% (108982/259480), 114.68 MiB | 25.49 MiB/s
2022-05-19T18:49:31.1905989Z Receiving objects:  43% (111577/259480), 114.68 MiB | 25.49 MiB/s
2022-05-19T18:49:31.1940700Z Receiving objects:  44% (114172/259480), 114.68 MiB | 25.49 MiB/s
2022-05-19T18:49:31.2483291Z Receiving objects:  44% (114416/259480), 114.68 MiB | 25.49 MiB/s
2022-05-19T18:49:31.2804094Z Receiving objects:  45% (116766/259480), 128.80 MiB | 26.62 MiB/s
2022-05-19T18:49:31.3201686Z Receiving objects:  46% (119361/259480), 128.80 MiB | 26.62 MiB/s
2022-05-19T18:49:31.3564855Z Receiving objects:  47% (121956/259480), 128.80 MiB | 26.62 MiB/s
2022-05-19T18:49:31.4746015Z Receiving objects:  48% (124551/259480), 128.80 MiB | 26.62 MiB/s
2022-05-19T18:49:31.6214284Z Receiving objects:  49% (127146/259480), 128.80 MiB | 26.62 MiB/s
2022-05-19T18:49:31.6921686Z Receiving objects:  50% (129740/259480), 128.80 MiB | 26.62 MiB/s
2022-05-19T18:49:31.7909089Z Receiving objects:  51% (132335/259480), 128.80 MiB | 26.62 MiB/s
2022-05-19T18:49:31.9647243Z Receiving objects:  52% (134930/259480), 142.39 MiB | 27.20 MiB/s
2022-05-19T18:49:32.0947283Z Receiving objects:  53% (137525/259480), 142.39 MiB | 27.20 MiB/s
2022-05-19T18:49:32.1132493Z Receiving objects:  54% (140120/259480), 142.39 MiB | 27.20 MiB/s
2022-05-19T18:49:32.1743576Z Receiving objects:  55% (142714/259480), 142.39 MiB | 27.20 MiB/s
2022-05-19T18:49:32.1938984Z Receiving objects:  56% (145309/259480), 142.39 MiB | 27.20 MiB/s
2022-05-19T18:49:32.2424187Z Receiving objects:  56% (147043/259480), 142.39 MiB | 27.20 MiB/s
2022-05-19T18:49:32.3287604Z Receiving objects:  57% (147904/259480), 156.23 MiB | 27.74 MiB/s
2022-05-19T18:49:32.3605110Z Receiving objects:  58% (150499/259480), 156.23 MiB | 27.74 MiB/s
2022-05-19T18:49:32.3720204Z Receiving objects:  59% (153094/259480), 156.23 MiB | 27.74 MiB/s
2022-05-19T18:49:32.4301917Z Receiving objects:  60% (155688/259480), 156.23 MiB | 27.74 MiB/s
2022-05-19T18:49:32.4578318Z Receiving objects:  61% (158283/259480), 156.23 MiB | 27.74 MiB/s
2022-05-19T18:49:32.5125742Z Receiving objects:  62% (160878/259480), 156.23 MiB | 27.74 MiB/s
2022-05-19T18:49:32.5331380Z Receiving objects:  63% (163473/259480), 156.23 MiB | 27.74 MiB/s
2022-05-19T18:49:32.5516007Z Receiving objects:  64% (166068/259480), 156.23 MiB | 27.74 MiB/s
2022-05-19T18:49:32.5680963Z Receiving objects:  65% (168662/259480), 156.23 MiB | 27.74 MiB/s
2022-05-19T18:49:32.5892490Z Receiving objects:  66% (171257/259480), 156.23 MiB | 27.74 MiB/s
2022-05-19T18:49:32.6350147Z Receiving objects:  67% (173852/259480), 156.23 MiB | 27.74 MiB/s
2022-05-19T18:49:32.6489611Z Receiving objects:  68% (176447/259480), 156.23 MiB | 27.74 MiB/s
2022-05-19T18:49:32.6721403Z Receiving objects:  69% (179042/259480), 156.23 MiB | 27.74 MiB/s
2022-05-19T18:49:32.6908869Z Receiving objects:  70% (181636/259480), 156.23 MiB | 27.74 MiB/s
2022-05-19T18:49:32.7210742Z Receiving objects:  71% (184231/259480), 156.23 MiB | 27.74 MiB/s
2022-05-19T18:49:32.7339825Z Receiving objects:  72% (186826/259480), 172.23 MiB | 28.63 MiB/s
2022-05-19T18:49:32.7466485Z Receiving objects:  73% (189421/259480), 172.23 MiB | 28.63 MiB/s
2022-05-19T18:49:32.7647150Z Receiving objects:  74% (192016/259480), 172.23 MiB | 28.63 MiB/s
2022-05-19T18:49:32.7790711Z Receiving objects:  75% (194610/259480), 172.23 MiB | 28.63 MiB/s
2022-05-19T18:49:32.7957009Z Receiving objects:  76% (197205/259480), 172.23 MiB | 28.63 MiB/s
2022-05-19T18:49:32.8097242Z Receiving objects:  77% (199800/259480), 172.23 MiB | 28.63 MiB/s
2022-05-19T18:49:32.8325601Z Receiving objects:  78% (202395/259480), 172.23 MiB | 28.63 MiB/s
2022-05-19T18:49:32.8568779Z Receiving objects:  79% (204990/259480), 172.23 MiB | 28.63 MiB/s
2022-05-19T18:49:32.8753709Z Receiving objects:  80% (207584/259480), 172.23 MiB | 28.63 MiB/s
2022-05-19T18:49:32.8836916Z Receiving objects:  81% (210179/259480), 172.23 MiB | 28.63 MiB/s
2022-05-19T18:49:32.8940634Z Receiving objects:  82% (212774/259480), 172.23 MiB | 28.63 MiB/s
2022-05-19T18:49:32.9014005Z Receiving objects:  83% (215369/259480), 172.23 MiB | 28.63 MiB/s
2022-05-19T18:49:32.9131554Z Receiving objects:  84% (217964/259480), 172.23 MiB | 28.63 MiB/s
2022-05-19T18:49:32.9234412Z Receiving objects:  85% (220558/259480), 172.23 MiB | 28.63 MiB/s
2022-05-19T18:49:33.0867604Z Receiving objects:  86% (223153/259480), 172.23 MiB | 28.63 MiB/s
2022-05-19T18:49:33.0972664Z Receiving objects:  87% (225748/259480), 172.23 MiB | 28.63 MiB/s
2022-05-19T18:49:33.1058281Z Receiving objects:  88% (228343/259480), 172.23 MiB | 28.63 MiB/s
2022-05-19T18:49:33.1163694Z Receiving objects:  89% (230938/259480), 172.23 MiB | 28.63 MiB/s
2022-05-19T18:49:33.1267404Z Receiving objects:  90% (233532/259480), 172.23 MiB | 28.63 MiB/s
2022-05-19T18:49:33.1346459Z Receiving objects:  91% (236127/259480), 172.23 MiB | 28.63 MiB/s
2022-05-19T18:49:33.1949060Z Receiving objects:  92% (238722/259480), 172.23 MiB | 28.63 MiB/s
2022-05-19T18:49:33.2079826Z Receiving objects:  92% (240771/259480), 172.23 MiB | 28.63 MiB/s
2022-05-19T18:49:33.3384431Z Receiving objects:  93% (241317/259480), 189.53 MiB | 29.28 MiB/s
2022-05-19T18:49:33.3563330Z Receiving objects:  94% (243912/259480), 189.53 MiB | 29.28 MiB/s
2022-05-19T18:49:33.5657368Z Receiving objects:  95% (246506/259480), 189.53 MiB | 29.28 MiB/s
2022-05-19T18:49:33.8070885Z Receiving objects:  96% (249101/259480), 189.53 MiB | 29.28 MiB/s
2022-05-19T18:49:34.1943235Z Receiving objects:  97% (251696/259480), 206.10 MiB | 30.32 MiB/s
2022-05-19T18:49:34.2900768Z Receiving objects:  97% (253715/259480), 206.10 MiB | 30.32 MiB/s
2022-05-19T18:49:34.5690961Z Receiving objects:  98% (254291/259480), 216.64 MiB | 27.95 MiB/s
2022-05-19T18:49:34.6559628Z Receiving objects:  99% (256886/259480), 216.64 MiB | 27.95 MiB/s
2022-05-19T18:49:34.6563132Z remote: Total 259480 (delta 349), reused 434 (delta 299), pack-reused 258976        
2022-05-19T18:49:34.6592118Z Receiving objects: 100% (259480/259480), 216.64 MiB | 27.95 MiB/s
2022-05-19T18:49:34.6592990Z Receiving objects: 100% (259480/259480), 227.43 MiB | 26.87 MiB/s, done.
2022-05-19T18:49:34.7367024Z Resolving deltas:   0% (0/161182)
2022-05-19T18:49:34.7996228Z Resolving deltas:   1% (1612/161182)
2022-05-19T18:49:34.9093474Z Resolving deltas:   2% (3224/161182)
2022-05-19T18:49:34.9627325Z Resolving deltas:   3% (4836/161182)
2022-05-19T18:49:35.1531035Z Resolving deltas:   4% (6448/161182)
2022-05-19T18:49:35.2774668Z Resolving deltas:   5% (8060/161182)
2022-05-19T18:49:35.3212578Z Resolving deltas:   6% (9671/161182)
2022-05-19T18:49:35.3868631Z Resolving deltas:   7% (11283/161182)
2022-05-19T18:49:35.4470152Z Resolving deltas:   8% (12895/161182)
2022-05-19T18:49:35.5047914Z Resolving deltas:   9% (14507/161182)
2022-05-19T18:49:35.6687151Z Resolving deltas:  10% (16119/161182)
2022-05-19T18:49:35.6870922Z Resolving deltas:  11% (17731/161182)
2022-05-19T18:49:35.7258771Z Resolving deltas:  11% (18269/161182)
2022-05-19T18:49:35.8745236Z Resolving deltas:  12% (19342/161182)
2022-05-19T18:49:35.9892994Z Resolving deltas:  13% (20955/161182)
2022-05-19T18:49:36.0324686Z Resolving deltas:  14% (22566/161182)
2022-05-19T18:49:36.0765693Z Resolving deltas:  15% (24178/161182)
2022-05-19T18:49:36.2822524Z Resolving deltas:  16% (25790/161182)
2022-05-19T18:49:36.3300649Z Resolving deltas:  17% (27401/161182)
2022-05-19T18:49:36.3891182Z Resolving deltas:  18% (29013/161182)
2022-05-19T18:49:36.4892550Z Resolving deltas:  19% (30625/161182)
2022-05-19T18:49:36.5675588Z Resolving deltas:  20% (32237/161182)
2022-05-19T18:49:36.6884301Z Resolving deltas:  21% (33849/161182)
2022-05-19T18:49:36.9975161Z Resolving deltas:  21% (34484/161182)
2022-05-19T18:49:37.0512057Z Resolving deltas:  22% (35461/161182)
2022-05-19T18:49:37.0939573Z Resolving deltas:  23% (37072/161182)
2022-05-19T18:49:37.1346109Z Resolving deltas:  24% (38684/161182)
2022-05-19T18:49:37.1938845Z Resolving deltas:  25% (40296/161182)
2022-05-19T18:49:37.2465614Z Resolving deltas:  26% (41908/161182)
2022-05-19T18:49:37.4501554Z Resolving deltas:  27% (43520/161182)
2022-05-19T18:49:37.5529352Z Resolving deltas:  28% (45131/161182)
2022-05-19T18:49:37.5990262Z Resolving deltas:  29% (46743/161182)
2022-05-19T18:49:37.6411255Z Resolving deltas:  30% (48355/161182)
2022-05-19T18:49:37.6871267Z Resolving deltas:  31% (49967/161182)
2022-05-19T18:49:37.7109992Z Resolving deltas:  31% (50453/161182)
2022-05-19T18:49:37.7494514Z Resolving deltas:  32% (51579/161182)
2022-05-19T18:49:37.7759186Z Resolving deltas:  33% (53191/161182)
2022-05-19T18:49:38.1557664Z Resolving deltas:  34% (54802/161182)
2022-05-19T18:49:38.2166747Z Resolving deltas:  35% (56414/161182)
2022-05-19T18:49:38.3451399Z Resolving deltas:  36% (58026/161182)
2022-05-19T18:49:38.5740720Z Resolving deltas:  37% (59638/161182)
2022-05-19T18:49:38.6194105Z Resolving deltas:  38% (61250/161182)
2022-05-19T18:49:38.6871466Z Resolving deltas:  39% (62861/161182)
2022-05-19T18:49:38.6902895Z Resolving deltas:  39% (64402/161182)
2022-05-19T18:49:38.8082526Z Resolving deltas:  40% (64473/161182)
2022-05-19T18:49:38.8971742Z Resolving deltas:  41% (66085/161182)
2022-05-19T18:49:38.9650176Z Resolving deltas:  42% (67697/161182)
2022-05-19T18:49:39.1092227Z Resolving deltas:  43% (69309/161182)
2022-05-19T18:49:39.1802535Z Resolving deltas:  44% (70921/161182)
2022-05-19T18:49:39.6512669Z Resolving deltas:  45% (72532/161182)
2022-05-19T18:49:39.6876284Z Resolving deltas:  46% (74145/161182)
2022-05-19T18:49:39.7698839Z Resolving deltas:  46% (74841/161182)
2022-05-19T18:49:39.8546090Z Resolving deltas:  47% (75756/161182)
2022-05-19T18:49:39.8709640Z Resolving deltas:  48% (77368/161182)
2022-05-19T18:49:40.0868784Z Resolving deltas:  49% (78980/161182)
2022-05-19T18:49:40.3796856Z Resolving deltas:  50% (80591/161182)
2022-05-19T18:49:40.4161717Z Resolving deltas:  51% (82203/161182)
2022-05-19T18:49:40.4287566Z Resolving deltas:  52% (83816/161182)
2022-05-19T18:49:40.4487292Z Resolving deltas:  53% (85427/161182)
2022-05-19T18:49:40.4747978Z Resolving deltas:  54% (87039/161182)
2022-05-19T18:49:40.6121469Z Resolving deltas:  55% (88651/161182)
2022-05-19T18:49:40.6871614Z Resolving deltas:  56% (90262/161182)
2022-05-19T18:49:40.7023151Z Resolving deltas:  56% (91439/161182)
2022-05-19T18:49:40.7305428Z Resolving deltas:  57% (91874/161182)
2022-05-19T18:49:40.7576937Z Resolving deltas:  58% (93486/161182)
2022-05-19T18:49:40.8103521Z Resolving deltas:  59% (95098/161182)
2022-05-19T18:49:40.8422194Z Resolving deltas:  60% (96710/161182)
2022-05-19T18:49:40.8599641Z Resolving deltas:  61% (98322/161182)
2022-05-19T18:49:40.8789833Z Resolving deltas:  62% (99933/161182)
2022-05-19T18:49:40.8931494Z Resolving deltas:  63% (101545/161182)
2022-05-19T18:49:40.9588073Z Resolving deltas:  64% (103157/161182)
2022-05-19T18:49:41.0378038Z Resolving deltas:  65% (104769/161182)
2022-05-19T18:49:41.1404341Z Resolving deltas:  66% (106381/161182)
2022-05-19T18:49:41.1662230Z Resolving deltas:  67% (107992/161182)
2022-05-19T18:49:41.1836951Z Resolving deltas:  68% (109604/161182)
2022-05-19T18:49:41.2120295Z Resolving deltas:  69% (111216/161182)
2022-05-19T18:49:41.2339471Z Resolving deltas:  70% (112828/161182)
2022-05-19T18:49:41.3183518Z Resolving deltas:  71% (114440/161182)
2022-05-19T18:49:41.3321835Z Resolving deltas:  72% (116052/161182)
2022-05-19T18:49:41.3453645Z Resolving deltas:  73% (117663/161182)
2022-05-19T18:49:41.4067481Z Resolving deltas:  74% (119275/161182)
2022-05-19T18:49:41.4204717Z Resolving deltas:  75% (120887/161182)
2022-05-19T18:49:41.4512346Z Resolving deltas:  76% (122499/161182)
2022-05-19T18:49:41.4685142Z Resolving deltas:  77% (124111/161182)
2022-05-19T18:49:41.4931300Z Resolving deltas:  78% (125722/161182)
2022-05-19T18:49:41.5196472Z Resolving deltas:  79% (127334/161182)
2022-05-19T18:49:41.5478067Z Resolving deltas:  80% (128946/161182)
2022-05-19T18:49:41.6405242Z Resolving deltas:  81% (130558/161182)
2022-05-19T18:49:41.6805176Z Resolving deltas:  82% (132170/161182)
2022-05-19T18:49:41.6870237Z Resolving deltas:  83% (133782/161182)
2022-05-19T18:49:41.7002110Z Resolving deltas:  83% (134354/161182)
2022-05-19T18:49:41.7187771Z Resolving deltas:  84% (135393/161182)
2022-05-19T18:49:41.7331702Z Resolving deltas:  85% (137005/161182)
2022-05-19T18:49:41.7440503Z Resolving deltas:  86% (138617/161182)
2022-05-19T18:49:41.7533123Z Resolving deltas:  87% (140229/161182)
2022-05-19T18:49:41.7718651Z Resolving deltas:  88% (141841/161182)
2022-05-19T18:49:41.7886611Z Resolving deltas:  89% (143452/161182)
2022-05-19T18:49:41.8082257Z Resolving deltas:  90% (145064/161182)
2022-05-19T18:49:41.8199645Z Resolving deltas:  91% (146676/161182)
2022-05-19T18:49:41.8365308Z Resolving deltas:  92% (148288/161182)
2022-05-19T18:49:41.8477730Z Resolving deltas:  93% (149900/161182)
2022-05-19T18:49:41.8618149Z Resolving deltas:  94% (151512/161182)
2022-05-19T18:49:41.8759411Z Resolving deltas:  95% (153124/161182)
2022-05-19T18:49:41.8862899Z Resolving deltas:  96% (154735/161182)
2022-05-19T18:49:41.8958315Z Resolving deltas:  97% (156347/161182)
2022-05-19T18:49:41.9180031Z Resolving deltas:  98% (157959/161182)
2022-05-19T18:49:42.1222865Z Resolving deltas:  99% (159571/161182)
2022-05-19T18:49:42.1228329Z Resolving deltas: 100% (161182/161182)
2022-05-19T18:49:42.1229125Z Resolving deltas: 100% (161182/161182), done.
2022-05-19T18:49:44.3853893Z From https://github.com/hashicorp/terraform
2022-05-19T18:49:44.3854670Z  * [new branch]          0.15.3                  -> origin/0.15.3
2022-05-19T18:49:44.3855424Z  * [new branch]          26258                   -> origin/26258
2022-05-19T18:49:44.3876253Z  * [new branch]          Incident16886           -> origin/Incident16886
2022-05-19T18:49:44.3876906Z  * [new branch]          add-learn-callout-moved-blocks -> origin/add-learn-callout-moved-blocks
2022-05-19T18:49:44.3877622Z  * [new branch]          add-new-intro-docs      -> origin/add-new-intro-docs
2022-05-19T18:49:44.3878310Z  * [new branch]          add-note-about-spaces   -> origin/add-note-about-spaces
2022-05-19T18:49:44.3878800Z  * [new branch]          add-page-metadata       -> origin/add-page-metadata
2022-05-19T18:49:44.3879536Z  * [new branch]          add-tutorial-custom-conditions -> origin/add-tutorial-custom-conditions
2022-05-19T18:49:44.3880195Z  * [new branch]          alisdair/alpine-latest  -> origin/alisdair/alpine-latest
2022-05-19T18:49:44.3880885Z  * [new branch]          alisdair/are-consul-tests-running -> origin/alisdair/are-consul-tests-running
2022-05-19T18:49:44.3881707Z  * [new branch]          alisdair/backend-config-override-fix-remote-test -> origin/alisdair/backend-config-override-fix-remote-test
2022-05-19T18:49:44.3882487Z  * [new branch]          alisdair/concise-diff-experiment -> origin/alisdair/concise-diff-experiment
2022-05-19T18:49:44.3889323Z  * [new branch]          alisdair/disable-preconditions-postconditions -> origin/alisdair/disable-preconditions-postconditions
2022-05-19T18:49:44.3894254Z  * [new branch]          alisdair/duplicate-no-color -> origin/alisdair/duplicate-no-color
2022-05-19T18:49:44.3898357Z  * [new branch]          alisdair/fix-configload-snapshot-panic -> origin/alisdair/fix-configload-snapshot-panic
2022-05-19T18:49:44.3902925Z  * [new branch]          alisdair/fix-remote-backend-migrate-version-check -> origin/alisdair/fix-remote-backend-migrate-version-check
2022-05-19T18:49:44.3906974Z  * [new branch]          alisdair/getproviders-retries-bad-branch-do-not-use -> origin/alisdair/getproviders-retries-bad-branch-do-not-use
2022-05-19T18:49:44.3911626Z  * [new branch]          alisdair/metadata-functions-command -> origin/alisdair/metadata-functions-command
2022-05-19T18:49:44.3916669Z  * [new branch]          alisdair/mildwonkey/type-func -> origin/alisdair/mildwonkey/type-func
2022-05-19T18:49:44.3921079Z  * [new branch]          alisdair/module-variable-optional-default -> origin/alisdair/module-variable-optional-default
2022-05-19T18:49:44.3925392Z  * [new branch]          alisdair/plan-summary-after-changes -> origin/alisdair/plan-summary-after-changes
2022-05-19T18:49:44.3929466Z  * [new branch]          alisdair/prototype-moved-actions -> origin/alisdair/prototype-moved-actions
2022-05-19T18:49:44.3933734Z  * [new branch]          alisdair/providers-list -> origin/alisdair/providers-list
2022-05-19T18:49:44.3937924Z  * [new branch]          alisdair/remote-input-variable-unset -> origin/alisdair/remote-input-variable-unset
2022-05-19T18:49:44.3941805Z  * [new branch]          alisdair/resource-instance-object-dependencies -> origin/alisdair/resource-instance-object-dependencies
2022-05-19T18:49:44.3946685Z  * [new branch]          alisdair/still-applying-consolidation -> origin/alisdair/still-applying-consolidation
2022-05-19T18:49:44.3950655Z  * [new branch]          alisdair/var-flag-spaces-error -> origin/alisdair/var-flag-spaces-error
2022-05-19T18:49:44.3954968Z  * [new branch]          alisdair/version-should-include-prerelease -> origin/alisdair/version-should-include-prerelease
2022-05-19T18:49:44.3966492Z  * [new branch]          allthingsclowd-patch-1  -> origin/allthingsclowd-patch-1
2022-05-19T18:49:44.3967115Z  * [new branch]          azurerm-backend-proxy   -> origin/azurerm-backend-proxy
2022-05-19T18:49:44.3969187Z  * [new branch]          b-1.1-module-source-git -> origin/b-1.1-module-source-git
2022-05-19T18:49:44.3973934Z  * [new branch]          b-dev-overrides-plan-warning -> origin/b-dev-overrides-plan-warning
2022-05-19T18:49:44.3977035Z  * [new branch]          b-diags-sensitive-value -> origin/b-diags-sensitive-value
2022-05-19T18:49:44.3979954Z  * [new branch]          b-miekg-dns-upgrade     -> origin/b-miekg-dns-upgrade
2022-05-19T18:49:44.3983683Z  * [new branch]          b-module-instance-resource-deps -> origin/b-module-instance-resource-deps
2022-05-19T18:49:44.3986406Z  * [new branch]          b-move-implied-cross-package -> origin/b-move-implied-cross-package
2022-05-19T18:49:44.3987281Z  * [new branch]          b-nested-set-unknown    -> origin/b-nested-set-unknown
2022-05-19T18:49:44.3988355Z  * [new branch]          b-sdk-import-verify-test -> origin/b-sdk-import-verify-test
2022-05-19T18:49:44.3989055Z  * [new branch]          b-sdk-nested-id         -> origin/b-sdk-nested-id
2022-05-19T18:49:44.3991723Z  * [new branch]          b-tf-builtin-provider-parser-fix -> origin/b-tf-builtin-provider-parser-fix
2022-05-19T18:49:44.3992775Z  * [new branch]          backport/add-learn-callout-moved-blocks/multiply-awaited-cub -> origin/backport/add-learn-callout-moved-blocks/multiply-awaited-cub
2022-05-19T18:49:44.3997687Z  * [new branch]          backport/add-new-intro-docs/strangely-lucky-bluegill -> origin/backport/add-new-intro-docs/strangely-lucky-bluegill
2022-05-19T18:49:44.3999758Z  * [new branch]          backport/add-powershell-warning/certainly-amazing-lemur -> origin/backport/add-powershell-warning/certainly-amazing-lemur
2022-05-19T18:49:44.4004109Z  * [new branch]          backport/alisdair/cty-1.8.3/seriously-tidy-foal -> origin/backport/alisdair/cty-1.8.3/seriously-tidy-foal
2022-05-19T18:49:44.4005391Z  * [new branch]          backport/alisdair/fix-30641/firmly-musical-lemming -> origin/backport/alisdair/fix-30641/firmly-musical-lemming
2022-05-19T18:49:44.4009146Z  * [new branch]          backport/alisdair/fix-show-plan-against-non-default-state/blatantly-balanced-porpoise -> origin/backport/alisdair/fix-show-plan-against-non-default-state/blatantly-balanced-porpoise
2022-05-19T18:49:44.4014621Z  * [new branch]          backport/alisdair/fix-stuck-lock-when-applying-state-plan/enormously-refined-sheepdog -> origin/backport/alisdair/fix-stuck-lock-when-applying-state-plan/enormously-refined-sheepdog
2022-05-19T18:49:44.4015981Z  * [new branch]          backport/alisdair/json-ui-resource-drift/broadly-careful-rooster -> origin/backport/alisdair/json-ui-resource-drift/broadly-careful-rooster
2022-05-19T18:49:44.4020479Z  * [new branch]          backport/alisdair/redact-sensitive-values-from-function-errors/definitely-assured-mantis -> origin/backport/alisdair/redact-sensitive-values-from-function-errors/definitely-assured-mantis
2022-05-19T18:49:44.4022101Z  * [new branch]          backport/alisdair/sensitive-attribute-forces-replacement/mildly-optimal-platypus -> origin/backport/alisdair/sensitive-attribute-forces-replacement/mildly-optimal-platypus
2022-05-19T18:49:44.4027037Z  * [new branch]          backport/barrettclark/update-go-slug/severely-destined-crow -> origin/backport/barrettclark/update-go-slug/severely-destined-crow
2022-05-19T18:49:44.4028124Z  * [new branch]          backport/consul-size-limit/amazingly-innocent-python -> origin/backport/consul-size-limit/amazingly-innocent-python
2022-05-19T18:49:44.4032377Z  * [new branch]          backport/description-metadata-language-docs/frankly-desired-penguin -> origin/backport/description-metadata-language-docs/frankly-desired-penguin
2022-05-19T18:49:44.4033608Z  * [new branch]          backport/doc-provisioner-scp/definitely-capital-bug -> origin/backport/doc-provisioner-scp/definitely-capital-bug
2022-05-19T18:49:44.4034591Z  * [new branch]          backport/doc-refactoring-nav-link/honestly-sweet-sawfly -> origin/backport/doc-refactoring-nav-link/honestly-sweet-sawfly
2022-05-19T18:49:44.4039081Z  * [new branch]          backport/f-cty-funcs-marks/poorly-mutual-walleye -> origin/backport/f-cty-funcs-marks/poorly-mutual-walleye
2022-05-19T18:49:44.4040270Z  * [new branch]          backport/f-non-existing-module-instance-crash/neatly-perfect-kiwi -> origin/backport/f-non-existing-module-instance-crash/neatly-perfect-kiwi
2022-05-19T18:49:44.4044235Z  * [new branch]          backport/f-plan-action-reason/incredibly-concrete-jackal -> origin/backport/f-plan-action-reason/incredibly-concrete-jackal
2022-05-19T18:49:44.4045444Z  * [new branch]          backport/f-plan-refresh-only-and-replace/really-absolute-silkworm -> origin/backport/f-plan-refresh-only-and-replace/really-absolute-silkworm
2022-05-19T18:49:44.4049561Z  * [new branch]          backport/file-provisioner-powershell-warning/noticeably-adequate-mullet -> origin/backport/file-provisioner-powershell-warning/noticeably-adequate-mullet
2022-05-19T18:49:44.4053430Z  * [new branch]          backport/fix-broken-link/certainly-measured-chipmunk -> origin/backport/fix-broken-link/certainly-measured-chipmunk
2022-05-19T18:49:44.4054509Z  * [new branch]          backport/fix-broken-links-1-10/firmly-equal-rabbit -> origin/backport/fix-broken-links-1-10/firmly-equal-rabbit
2022-05-19T18:49:44.4058578Z  * [new branch]          backport/fix-intro-page-images/constantly-capable-shiner -> origin/backport/fix-intro-page-images/constantly-capable-shiner
2022-05-19T18:49:44.4059637Z  * [new branch]          backport/fix-last-intro-nits/infinitely-workable-redfish -> origin/backport/fix-last-intro-nits/infinitely-workable-redfish
2022-05-19T18:49:44.4064552Z  * [new branch]          backport/fix-links-release/seemingly-living-dinosaur -> origin/backport/fix-links-release/seemingly-living-dinosaur
2022-05-19T18:49:44.4070043Z  * [new branch]          backport/fix-remote-backend-references/primarily-tops-mite -> origin/backport/fix-remote-backend-references/primarily-tops-mite
2022-05-19T18:49:44.4070974Z  * [new branch]          backport/fix-workspace-name-docs/ideally-uncommon-pheasant -> origin/backport/fix-workspace-name-docs/ideally-uncommon-pheasant
2022-05-19T18:49:44.4076664Z  * [new branch]          backport/jbardin/cancel-auto-approve/extremely-brave-bear -> origin/backport/jbardin/cancel-auto-approve/extremely-brave-bear
2022-05-19T18:49:44.4077592Z  * [new branch]          backport/jbardin/coerce-value-nested-types/certainly-rested-chigger -> origin/backport/jbardin/coerce-value-nested-types/certainly-rested-chigger
2022-05-19T18:49:44.4082027Z  * [new branch]          backport/jbardin/format-empty-nested-attrs/rightly-uncommon-bluegill -> origin/backport/jbardin/format-empty-nested-attrs/rightly-uncommon-bluegill
2022-05-19T18:49:44.4117182Z  * [new branch]          backport/jbardin/format-id-name-marks/perfectly-boss-bass -> origin/backport/jbardin/format-id-name-marks/perfectly-boss-bass
2022-05-19T18:49:44.4118494Z  * [new branch]          backport/jbardin/ignore-changes-marks/formerly-new-insect -> origin/backport/jbardin/ignore-changes-marks/formerly-new-insect
2022-05-19T18:49:44.4120852Z  * [new branch]          backport/jbardin/k8s-mod-update/likely-probable-falcon -> origin/backport/jbardin/k8s-mod-update/likely-probable-falcon
2022-05-19T18:49:44.4124296Z  * [new branch]          backport/jbardin/optional-attrs/obviously-growing-duck -> origin/backport/jbardin/optional-attrs/obviously-growing-duck
2022-05-19T18:49:44.4127486Z  * [new branch]          backport/k8s-backend-credentials/radically-decent-mite -> origin/backport/k8s-backend-credentials/radically-decent-mite
2022-05-19T18:49:44.4128377Z  * [new branch]          backport/laura-add-mrui-to-sidebar/highly-resolved-blowfish -> origin/backport/laura-add-mrui-to-sidebar/highly-resolved-blowfish
2022-05-19T18:49:44.4129142Z  * [new branch]          backport/main/absolutely-sterling-whippet -> origin/backport/main/absolutely-sterling-whippet
2022-05-19T18:49:44.4131310Z  * [new branch]          backport/rar-docs-update-add-anchor/cheaply-sincere-escargot -> origin/backport/rar-docs-update-add-anchor/cheaply-sincere-escargot
2022-05-19T18:49:44.4132213Z  * [new branch]          backport/replace-flag-clarifications/definitely-saved-elf -> origin/backport/replace-flag-clarifications/definitely-saved-elf
2022-05-19T18:49:44.4134174Z  * [new branch]          backport/replace-flag-updates/nominally-assured-weevil -> origin/backport/replace-flag-updates/nominally-assured-weevil
2022-05-19T18:49:44.4135132Z  * [new branch]          backport/tf-integration-program-guide/briefly-certain-quail -> origin/backport/tf-integration-program-guide/briefly-certain-quail
2022-05-19T18:49:44.4136070Z  * [new branch]          backport/tweak-multi-to-multi-migration-tfc/suddenly-real-duckling -> origin/backport/tweak-multi-to-multi-migration-tfc/suddenly-real-duckling
2022-05-19T18:49:44.4138084Z  * [new branch]          backport/update-console-docs/closely-genuine-javelin -> origin/backport/update-console-docs/closely-genuine-javelin
2022-05-19T18:49:44.4139005Z  * [new branch]          backport/update-for-each-example/early-crucial-piranha -> origin/backport/update-for-each-example/early-crucial-piranha
2022-05-19T18:49:44.4139925Z  * [new branch]          barrettclark/fix-state-outputs-read-permissions -> origin/barrettclark/fix-state-outputs-read-permissions
2022-05-19T18:49:44.4141720Z  * [new branch]          before-sdk-extraction   -> origin/before-sdk-extraction
2022-05-19T18:49:44.4142239Z  * [new branch]          brandonc/cloud_upgrade_013 -> origin/brandonc/cloud_upgrade_013
2022-05-19T18:49:44.4142772Z  * [new branch]          brandonc/output_cloud_reads -> origin/brandonc/output_cloud_reads
2022-05-19T18:49:44.4145083Z  * [new branch]          brandonc/run_variables_types -> origin/brandonc/run_variables_types
2022-05-19T18:49:44.4149654Z  * [new branch]          brandonc/scheme_override_cloud -> origin/brandonc/scheme_override_cloud
2022-05-19T18:49:44.4152362Z  * [new branch]          brandonc/variable_parsing_refactor -> origin/brandonc/variable_parsing_refactor
2022-05-19T18:49:44.4157869Z  * [new branch]          build-circleci          -> origin/build-circleci
2022-05-19T18:49:44.4158972Z  * [new branch]          build-pr-checks         -> origin/build-pr-checks
2022-05-19T18:49:44.4165956Z  * [new branch]          build-workflow-dev/cgo-enabled -> origin/build-workflow-dev/cgo-enabled
2022-05-19T18:49:44.4170385Z  * [new branch]          cd/deprecate-in-docs    -> origin/cd/deprecate-in-docs
2022-05-19T18:49:44.4171086Z  * [new branch]          cgriggs01-stable-pdp    -> origin/cgriggs01-stable-pdp
2022-05-19T18:49:44.4181529Z  * [new branch]          cgriggs01-tpdp-default  -> origin/cgriggs01-tpdp-default
2022-05-19T18:49:44.4303288Z  * [new branch]          cloud-e2e-fix           -> origin/cloud-e2e-fix
2022-05-19T18:49:44.4304143Z  * [new branch]          cloud-integration-changelog-entry -> origin/cloud-integration-changelog-entry
2022-05-19T18:49:44.4304723Z  * [new branch]          cmd-fmt-parens-error    -> origin/cmd-fmt-parens-error
2022-05-19T18:49:44.4305405Z  * [new branch]          dependabot/go_modules/github.com/bmatcuk/doublestar-1.3.4 -> origin/dependabot/go_modules/github.com/bmatcuk/doublestar-1.3.4
2022-05-19T18:49:44.4306312Z  * [new branch]          dependabot/go_modules/github.com/hashicorp/go-getter-1.5.11 -> origin/dependabot/go_modules/github.com/hashicorp/go-getter-1.5.11
2022-05-19T18:49:44.4307067Z  * [new branch]          dependabot/go_modules/github.com/mattn/go-shellwords-1.0.12 -> origin/dependabot/go_modules/github.com/mattn/go-shellwords-1.0.12
2022-05-19T18:49:44.4307649Z  * [new branch]          doc-config-refactoring  -> origin/doc-config-refactoring
2022-05-19T18:49:44.4308148Z  * [new branch]          doc-provisioner-scp     -> origin/doc-provisioner-scp
2022-05-19T18:49:44.4308655Z  * [new branch]          doc-refactoring-nav-link -> origin/doc-refactoring-nav-link
2022-05-19T18:49:44.4309200Z  * [new branch]          doc-s3-backend-dynamodb-locks -> origin/doc-s3-backend-dynamodb-locks
2022-05-19T18:49:44.4309850Z  * [new branch]          docs/top-pages-gloss    -> origin/docs/top-pages-gloss
2022-05-19T18:49:44.4310351Z  * [new branch]          ds.submodule-nav-main   -> origin/ds.submodule-nav-main
2022-05-19T18:49:44.4310852Z  * [new branch]          f-cliconfig-hcl2api     -> origin/f-cliconfig-hcl2api
2022-05-19T18:49:44.4311317Z  * [new branch]          f-cmd-output-raw        -> origin/f-cmd-output-raw
2022-05-19T18:49:44.4311790Z  * [new branch]          f-cmd-show-config       -> origin/f-cmd-show-config
2022-05-19T18:49:44.4312252Z  * [new branch]          f-cmdline-funcs         -> origin/f-cmdline-funcs
2022-05-19T18:49:44.4312684Z  * [new branch]          f-core-rpc              -> origin/f-core-rpc
2022-05-19T18:49:44.4313132Z  * [new branch]          f-cty-funcs-marks       -> origin/f-cty-funcs-marks
2022-05-19T18:49:44.4313575Z  * [new branch]          f-debugger              -> origin/f-debugger
2022-05-19T18:49:44.4314004Z  * [new branch]          f-decode-moved          -> origin/f-decode-moved
2022-05-19T18:49:44.4314519Z  * [new branch]          f-depfile-pkg           -> origin/f-depfile-pkg
2022-05-19T18:49:44.4315233Z  * [new branch]          f-derived-values-tracking -> origin/f-derived-values-tracking
2022-05-19T18:49:44.4315797Z  * [new branch]          f-diagnostics-cli-reorg -> origin/f-diagnostics-cli-reorg
2022-05-19T18:49:44.4316312Z  * [new branch]          f-e2etest-deps-forbidden -> origin/f-e2etest-deps-forbidden
2022-05-19T18:49:44.4316828Z  * [new branch]          f-experiments-alpha     -> origin/f-experiments-alpha
2022-05-19T18:49:44.4317294Z  * [new branch]          f-exprstress            -> origin/f-exprstress
2022-05-19T18:49:44.4317775Z  * [new branch]          f-fewer-apply-updates   -> origin/f-fewer-apply-updates
2022-05-19T18:49:44.4318260Z  * [new branch]          f-fileexists-errmsg     -> origin/f-fileexists-errmsg
2022-05-19T18:49:44.4318892Z  * [new branch]          f-func-cidrsubnets      -> origin/f-func-cidrsubnets
2022-05-19T18:49:44.4319364Z  * [new branch]          f-func-expandnull       -> origin/f-func-expandnull
2022-05-19T18:49:44.4319850Z  * [new branch]          f-gen-integration-tests -> origin/f-gen-integration-tests
2022-05-19T18:49:44.4320507Z  * [new branch]          f-hcl2-context-old      -> origin/f-hcl2-context-old
2022-05-19T18:49:44.4320947Z  * [new branch]          f-hcl2-planstate        -> origin/f-hcl2-planstate
2022-05-19T18:49:44.4321451Z  * [new branch]          f-implied-move-module-call -> origin/f-implied-move-module-call
2022-05-19T18:49:44.4322039Z  * [new branch]          f-init-provider-source-feedback -> origin/f-init-provider-source-feedback
2022-05-19T18:49:44.4323026Z  * [new branch]          f-langserver            -> origin/f-langserver
2022-05-19T18:49:44.4323463Z  * [new branch]          f-moved-again           -> origin/f-moved-again
2022-05-19T18:49:44.4323962Z  * [new branch]          f-new-build-pipeline    -> origin/f-new-build-pipeline
2022-05-19T18:49:44.4324464Z  * [new branch]          f-new-plan-modes        -> origin/f-new-plan-modes
2022-05-19T18:49:44.4324918Z  * [new branch]          f-ng-workflow           -> origin/f-ng-workflow
2022-05-19T18:49:44.4325874Z  * [new branch]          f-nix-legacy-providers  -> origin/f-nix-legacy-providers
2022-05-19T18:49:44.4326544Z  * [new branch]          f-objchange-nulls       -> origin/f-objchange-nulls
2022-05-19T18:49:44.4327004Z  * [new branch]          f-outputs-in-plan       -> origin/f-outputs-in-plan
2022-05-19T18:49:44.4327439Z  * [new branch]          f-outputs-plan          -> origin/f-outputs-plan
2022-05-19T18:49:44.4327925Z  * [new branch]          f-partial-plan-on-error -> origin/f-partial-plan-on-error
2022-05-19T18:49:44.4328641Z  * [new branch]          f-partial-plan-on-error-ui -> origin/f-partial-plan-on-error-ui
2022-05-19T18:49:44.4329164Z  * [new branch]          f-plan-immediate-ops    -> origin/f-plan-immediate-ops
2022-05-19T18:49:44.4329635Z  * [new branch]          f-plan-reads            -> origin/f-plan-reads
2022-05-19T18:49:44.4330182Z  * [new branch]          f-plan-refresh-only-and-replace -> origin/f-plan-refresh-only-and-replace
2022-05-19T18:49:44.4330706Z  * [new branch]          f-playground            -> origin/f-playground
2022-05-19T18:49:44.4331148Z  * [new branch]          f-plugin-finder         -> origin/f-plugin-finder
2022-05-19T18:49:44.4331689Z  * [new branch]          f-possible-apply-refactoring -> origin/f-possible-apply-refactoring
2022-05-19T18:49:44.4332302Z  * [new branch]          f-preconditions-postconditions -> origin/f-preconditions-postconditions
2022-05-19T18:49:44.4332832Z  * [new branch]          f-prototype-drift       -> origin/f-prototype-drift
2022-05-19T18:49:44.4333418Z  * [new branch]          f-prototype-workspaces-are-states -> origin/f-prototype-workspaces-are-states
2022-05-19T18:49:44.4334015Z  * [new branch]          f-provider-http-mirrors -> origin/f-provider-http-mirrors
2022-05-19T18:49:44.4334545Z  * [new branch]          f-provider-schema-init  -> origin/f-provider-schema-init
2022-05-19T18:49:44.4335129Z  * [new branch]          f-provider-source-local-discovery -> origin/f-provider-source-local-discovery
2022-05-19T18:49:44.4336708Z  * [new branch]          f-provider-state-storage -> origin/f-provider-state-storage
2022-05-19T18:49:44.4337346Z  * [new branch]          f-providerinst-command-tests -> origin/f-providerinst-command-tests
2022-05-19T18:49:44.4337925Z  * [new branch]          f-providers-mirror      -> origin/f-providers-mirror
2022-05-19T18:49:44.4338450Z  * [new branch]          f-providers-mirror-2    -> origin/f-providers-mirror-2
2022-05-19T18:49:44.4339021Z  * [new branch]          f-providers-new-installer -> origin/f-providers-new-installer
2022-05-19T18:49:44.4339846Z  * [new branch]          f-refresh-plan          -> origin/f-refresh-plan
2022-05-19T18:49:44.4340571Z  * [new branch]          f-resource-for_each-and-experiments -> origin/f-resource-for_each-and-experiments
2022-05-19T18:49:44.4412404Z  * [new branch]          f-rpcplugin-interface   -> origin/f-rpcplugin-interface
2022-05-19T18:49:44.4413154Z  * [new branch]          f-skip-attrs-as-blocks  -> origin/f-skip-attrs-as-blocks
2022-05-19T18:49:44.4413768Z  * [new branch]          f-state-upgrade-always  -> origin/f-state-upgrade-always
2022-05-19T18:49:44.4414431Z  * [new branch]          f-submodule-outputs-inferred-sensitive -> origin/f-submodule-outputs-inferred-sensitive
2022-05-19T18:49:44.4415070Z  * [new branch]          f-svcauth-environment   -> origin/f-svcauth-environment
2022-05-19T18:49:44.4415571Z  * [new branch]          f-svchost-disco         -> origin/f-svchost-disco
2022-05-19T18:49:44.4416143Z  * [new branch]          f-temp-without-provider-blocks -> origin/f-temp-without-provider-blocks
2022-05-19T18:49:44.4417005Z  * [new branch]          f-template-values       -> origin/f-template-values
2022-05-19T18:49:44.4417508Z  * [new branch]          f-terraform-version-lock -> origin/f-terraform-version-lock
2022-05-19T18:49:44.4418034Z  * [new branch]          f-testing-eval-prototype -> origin/f-testing-eval-prototype
2022-05-19T18:49:44.4418563Z  * [new branch]          f-testing-with-conditions -> origin/f-testing-with-conditions
2022-05-19T18:49:44.4420821Z  * [new branch]          f-tfaddr-lib            -> origin/f-tfaddr-lib
2022-05-19T18:49:44.4421505Z  * [new branch]          f-tfaddr-minimal-api    -> origin/f-tfaddr-minimal-api
2022-05-19T18:49:44.4421952Z  * [new branch]          f-unused-attr           -> origin/f-unused-attr
2022-05-19T18:49:44.4422359Z  * [new branch]          f-v0.12-cmdvars         -> origin/f-v0.12-cmdvars
2022-05-19T18:49:44.4422994Z  * [new branch]          f-validate-lint         -> origin/f-validate-lint
2022-05-19T18:49:44.4423785Z  * [new branch]          f-workspaces2-prototype -> origin/f-workspaces2-prototype
2022-05-19T18:49:44.4426184Z  * [new branch]          f/removing-adal-auth    -> origin/f/removing-adal-auth
2022-05-19T18:49:44.4426700Z  * [new branch]          fix-broken-link         -> origin/fix-broken-link
2022-05-19T18:49:44.4427229Z  * [new branch]          fix-broken-links-1-10   -> origin/fix-broken-links-1-10
2022-05-19T18:49:44.4427904Z  * [new branch]          fix-intro-page-images   -> origin/fix-intro-page-images
2022-05-19T18:49:44.4428376Z  * [new branch]          fix-last-intro-nits     -> origin/fix-last-intro-nits
2022-05-19T18:49:44.4428846Z  * [new branch]          fix-links-release       -> origin/fix-links-release
2022-05-19T18:49:44.4429360Z  * [new branch]          fix-postconditions-example -> origin/fix-postconditions-example
2022-05-19T18:49:44.4429863Z  * [new branch]          fix-preconditions       -> origin/fix-preconditions
2022-05-19T18:49:44.4431618Z  * [new branch]          fix-provisioners-content -> origin/fix-provisioners-content
2022-05-19T18:49:44.4432167Z  * [new branch]          fix-value-assertion-errors -> origin/fix-value-assertion-errors
2022-05-19T18:49:44.4432700Z  * [new branch]          gitrgoliveira-patch-1   -> origin/gitrgoliveira-patch-1
2022-05-19T18:49:44.4433221Z  * [new branch]          go-get1.5.2             -> origin/go-get1.5.2
2022-05-19T18:49:44.4433722Z  * [new branch]          go1.11rc1-vendor-experiment -> origin/go1.11rc1-vendor-experiment
2022-05-19T18:49:44.4435573Z  * [new branch]          guide-v0.13-beta        -> origin/guide-v0.13-beta
2022-05-19T18:49:44.4436320Z  * [new branch]          jan21_language_urls     -> origin/jan21_language_urls
2022-05-19T18:49:44.4436807Z  * [new branch]          jan21_test_broken_link_check -> origin/jan21_test_broken_link_check
2022-05-19T18:49:44.4437276Z  * [new branch]          jan21_url_rfc           -> origin/jan21_url_rfc
2022-05-19T18:49:44.4437762Z  * [new branch]          jbardin/backport-29017  -> origin/jbardin/backport-29017
2022-05-19T18:49:44.4438413Z  * [new branch]          jbardin/backport-29167  -> origin/jbardin/backport-29167
2022-05-19T18:49:44.4439314Z  * [new branch]          jbardin/backport-29559  -> origin/jbardin/backport-29559
2022-05-19T18:49:44.4439812Z  * [new branch]          jbardin/call-plan-destroy -> origin/jbardin/call-plan-destroy
2022-05-19T18:49:44.4441617Z  * [new branch]          jbardin/go-getter-update -> origin/jbardin/go-getter-update
2022-05-19T18:49:44.4442107Z  * [new branch]          jbardin/lookup-objects  -> origin/jbardin/lookup-objects
2022-05-19T18:49:44.4442589Z  * [new branch]          jbardin/null-variable   -> origin/jbardin/null-variable
2022-05-19T18:49:44.4443055Z  * [new branch]          jbardin/variable-eval   -> origin/jbardin/variable-eval
2022-05-19T18:49:44.4443555Z  * [new branch]          json-schema-export-crash -> origin/json-schema-export-crash
2022-05-19T18:49:44.4445235Z  * [new branch]          july2020_pre0.13_stable-website_backup -> origin/july2020_pre0.13_stable-website_backup
2022-05-19T18:49:44.4445844Z  * [new branch]          k8s-backend-credentials -> origin/k8s-backend-credentials
2022-05-19T18:49:44.4446295Z  * [new branch]          k8sback                 -> origin/k8sback
2022-05-19T18:49:44.4446689Z  * [new branch]          kevin/preview           -> origin/kevin/preview
2022-05-19T18:49:44.4447318Z  * [new branch]          kevin/vercel-config     -> origin/kevin/vercel-config
2022-05-19T18:49:44.4448336Z  * [new branch]          kmoe/http-backend-debug-log -> origin/kmoe/http-backend-debug-log
2022-05-19T18:49:44.4450166Z  * [new branch]          kmoe/misc-help-text     -> origin/kmoe/misc-help-text
2022-05-19T18:49:44.4450746Z  * [new branch]          kmoe/unused-resource-attributes -> origin/kmoe/unused-resource-attributes
2022-05-19T18:49:44.4451346Z  * [new branch]          lafentres/autolabel-dependabot-prs -> origin/lafentres/autolabel-dependabot-prs
2022-05-19T18:49:44.4451928Z  * [new branch]          lafentres/refactor-show-command -> origin/lafentres/refactor-show-command
2022-05-19T18:49:44.4452451Z  * [new branch]          laura-fix-jsonencode-note -> origin/laura-fix-jsonencode-note
2022-05-19T18:49:44.4453012Z  * [new branch]          laura-update-docs-readme -> origin/laura-update-docs-readme
2022-05-19T18:49:44.4455195Z  * [new branch]          laura-update-pre-post-conditions -> origin/laura-update-pre-post-conditions
2022-05-19T18:49:44.4455816Z  * [new branch]          link_multicloud_tutorial_from_use_cases -> origin/link_multicloud_tutorial_from_use_cases
2022-05-19T18:49:44.4456314Z  * [new branch]          link_to_refresh_tutorial -> origin/link_to_refresh_tutorial
2022-05-19T18:49:44.4456786Z  * [new branch]          link_workflow_tutorials -> origin/link_workflow_tutorials
2022-05-19T18:49:44.4457198Z  * [new branch]          main                    -> origin/main
2022-05-19T18:49:44.4459224Z  * [new branch]          megan_invalid_creds     -> origin/megan_invalid_creds
2022-05-19T18:49:44.4459865Z  * [new branch]          megan_update_msg        -> origin/megan_update_msg
2022-05-19T18:49:44.4460345Z  * [new branch]          migrate-go-tfe-1_0      -> origin/migrate-go-tfe-1_0
2022-05-19T18:49:44.4465282Z  * [new branch]          mnomitch/varialbe-errors-on-remote-backend -> origin/mnomitch/varialbe-errors-on-remote-backend
2022-05-19T18:49:44.4469582Z  * [new branch]          nf/nov21-migrate-away-from-cloud -> origin/nf/nov21-migrate-away-from-cloud
2022-05-19T18:49:44.4472844Z  * [new branch]          non-interactive-workflows -> origin/non-interactive-workflows
2022-05-19T18:49:44.4475982Z  * [new branch]          nq.content-update       -> origin/nq.content-update
2022-05-19T18:49:44.4479057Z  * [new branch]          nq.docs-content-update  -> origin/nq.docs-content-update
2022-05-19T18:49:44.4483054Z  * [new branch]          omarismail/run-vars     -> origin/omarismail/run-vars
2022-05-19T18:49:44.4485859Z  * [new branch]          p-go-azure-helpers-0.10.0 -> origin/p-go-azure-helpers-0.10.0
2022-05-19T18:49:44.4488726Z  * [new branch]          paddy_backport_proto6_download -> origin/paddy_backport_proto6_download
2022-05-19T18:49:44.4491605Z  * [new branch]          paddy_module_attribution_tmp -> origin/paddy_module_attribution_tmp
2022-05-19T18:49:44.4494253Z  * [new branch]          paddy_paul_proto52      -> origin/paddy_paul_proto52
2022-05-19T18:49:44.4497857Z  * [new branch]          paddy_protocol_six_registry -> origin/paddy_protocol_six_registry
2022-05-19T18:49:44.4501398Z  * [new branch]          paddy_tf_log_json       -> origin/paddy_tf_log_json
2022-05-19T18:49:44.4506519Z  * [new branch]          pault/0.14-tfce-continue-on-error -> origin/pault/0.14-tfce-continue-on-error
2022-05-19T18:49:44.4509265Z  * [new branch]          pluginsdk-v0.12-early1  -> origin/pluginsdk-v0.12-early1
2022-05-19T18:49:44.4512234Z  * [new branch]          pluginsdk-v0.12-early2  -> origin/pluginsdk-v0.12-early2
2022-05-19T18:49:44.4515164Z  * [new branch]          pluginsdk-v0.12-early3  -> origin/pluginsdk-v0.12-early3
2022-05-19T18:49:44.4519355Z  * [new branch]          pluginsdk-v0.12-early4  -> origin/pluginsdk-v0.12-early4
2022-05-19T18:49:44.4521898Z  * [new branch]          pluginsdk-v0.12-early5  -> origin/pluginsdk-v0.12-early5
2022-05-19T18:49:44.4525908Z  * [new branch]          pluginsdk-v0.12-early6  -> origin/pluginsdk-v0.12-early6
2022-05-19T18:49:44.4529264Z  * [new branch]          pluginsdk-v0.12-early7  -> origin/pluginsdk-v0.12-early7
2022-05-19T18:49:44.4532094Z  * [new branch]          pluginsdk-v0.12-early8  -> origin/pluginsdk-v0.12-early8
2022-05-19T18:49:44.4535061Z  * [new branch]          preapply-runtasks-cli-output -> origin/preapply-runtasks-cli-output
2022-05-19T18:49:44.4538512Z  * [new branch]          preapply-runtasks-clioutput -> origin/preapply-runtasks-clioutput
2022-05-19T18:49:44.4541171Z  * [new branch]          proto-test-harness      -> origin/proto-test-harness
2022-05-19T18:49:44.4544358Z  * [new branch]          prototype-implicit-graph -> origin/prototype-implicit-graph
2022-05-19T18:49:44.4546958Z  * [new branch]          ps-protocol2            -> origin/ps-protocol2
2022-05-19T18:49:44.4551460Z  * [new branch]          pselle/env_delete       -> origin/pselle/env_delete
2022-05-19T18:49:44.4553971Z  * [new branch]          rar-docs-update-add-anchor -> origin/rar-docs-update-add-anchor
2022-05-19T18:49:44.4557074Z  * [new branch]          regenerate-protobufs    -> origin/regenerate-protobufs
2022-05-19T18:49:44.4561545Z  * [new branch]          registry-provider-tiers -> origin/registry-provider-tiers
2022-05-19T18:49:44.4564222Z  * [new branch]          release-notes-env-credentials -> origin/release-notes-env-credentials
2022-05-19T18:49:44.4566881Z  * [new branch]          remote-backend-refresh-alias -> origin/remote-backend-refresh-alias
2022-05-19T18:49:44.4570757Z  * [new branch]          replace-flag-updates    -> origin/replace-flag-updates
2022-05-19T18:49:44.4575051Z  * [new branch]          res-add-learn-link-debug -> origin/res-add-learn-link-debug
2022-05-19T18:49:44.4578323Z  * [new branch]          res-add-learn-link-debug-1 -> origin/res-add-learn-link-debug-1
2022-05-19T18:49:44.4581236Z  * [new branch]          res-lifecycle-tutorial  -> origin/res-lifecycle-tutorial
2022-05-19T18:49:44.4584752Z  * [new branch]          revamp-cli-config       -> origin/revamp-cli-config
2022-05-19T18:49:44.4587485Z  * [new branch]          revert-29088-minify_jsonencode -> origin/revert-29088-minify_jsonencode
2022-05-19T18:49:44.4590342Z  * [new branch]          review-1.0-docs         -> origin/review-1.0-docs
2022-05-19T18:49:44.4593524Z  * [new branch]          rln-add-versions-tutorials-links -> origin/rln-add-versions-tutorials-links
2022-05-19T18:49:44.4596981Z  * [new branch]          rln-modules-track-reference -> origin/rln-modules-track-reference
2022-05-19T18:49:44.4600368Z  * [new branch]          rt-backport-changelog   -> origin/rt-backport-changelog
2022-05-19T18:49:44.4602867Z  * [new branch]          rt-changelog-entry-1.1  -> origin/rt-changelog-entry-1.1
2022-05-19T18:49:44.4606494Z  * [new branch]          run-tasks-backport      -> origin/run-tasks-backport
2022-05-19T18:49:44.4609227Z  * [new branch]          sdk-removed             -> origin/sdk-removed
2022-05-19T18:49:44.4612412Z  * [new branch]          sdk-v0.11-with-go-modules -> origin/sdk-v0.11-with-go-modules
2022-05-19T18:49:44.4616413Z  * [new branch]          sebasslash/add-cloud-e2e-test-workflow -> origin/sebasslash/add-cloud-e2e-test-workflow
2022-05-19T18:49:44.4619119Z  * [new branch]          sebasslash/add-tf-hostname-env-var -> origin/sebasslash/add-tf-hostname-env-var
2022-05-19T18:49:44.4621849Z  * [new branch]          sebasslash/add-tf-org-env-var -> origin/sebasslash/add-tf-org-env-var
2022-05-19T18:49:44.4624676Z  * [new branch]          sebasslash/config-token-precedence -> origin/sebasslash/config-token-precedence
2022-05-19T18:49:44.4628713Z  * [new branch]          sebasslash/env-cloud-e2e-tests -> origin/sebasslash/env-cloud-e2e-tests
2022-05-19T18:49:44.4631578Z  * [new branch]          sebasslash/err-approval-input-false -> origin/sebasslash/err-approval-input-false
2022-05-19T18:49:44.4634521Z  * [new branch]          sebasslash/rename-env-vars -> origin/sebasslash/rename-env-vars
2022-05-19T18:49:44.4637566Z  * [new branch]          sebasslash/resolve-flaky-env-var-test -> origin/sebasslash/resolve-flaky-env-var-test
2022-05-19T18:49:44.4640909Z  * [new branch]          sebasslash/tf-workspace-cloud-config -> origin/sebasslash/tf-workspace-cloud-config
2022-05-19T18:49:44.4643830Z  * [new branch]          solutiongeek-patch-1    -> origin/solutiongeek-patch-1
2022-05-19T18:49:44.4647035Z  * [new branch]          stable-website          -> origin/stable-website
2022-05-19T18:49:44.4650752Z  * [new branch]          tags-reconfigure-msg    -> origin/tags-reconfigure-msg
2022-05-19T18:49:44.4654363Z  * [new branch]          taiidani/cloudScheme    -> origin/taiidani/cloudScheme
2022-05-19T18:49:44.4657919Z  * [new branch]          tchupp/override-local-vars -> origin/tchupp/override-local-vars
2022-05-19T18:49:44.4662319Z  * [new branch]          test-branch-protection-workflow -> origin/test-branch-protection-workflow
2022-05-19T18:49:44.4665472Z  * [new branch]          tf-swift-backend-swauth -> origin/tf-swift-backend-swauth
2022-05-19T18:49:44.4668341Z  * [new branch]          tfc-integration-docs    -> origin/tfc-integration-docs
2022-05-19T18:49:44.4672778Z  * [new branch]          thiskevinwang-patch-1   -> origin/thiskevinwang-patch-1
2022-05-19T18:49:44.4677020Z  * [new branch]          uk1288/backport-cloud-integration-panic-fix -> origin/uk1288/backport-cloud-integration-panic-fix
2022-05-19T18:49:44.4680296Z  * [new branch]          uk1288/fix-for-cloud-integration-panic -> origin/uk1288/fix-for-cloud-integration-panic
2022-05-19T18:49:44.4683025Z  * [new branch]          uk1288/update-changelog-md -> origin/uk1288/update-changelog-md
2022-05-19T18:49:44.4686321Z  * [new branch]          uk1288/update-changelog-md-v1-1 -> origin/uk1288/update-changelog-md-v1-1
2022-05-19T18:49:44.4689159Z  * [new branch]          update-TF-WORKSPACE-variable -> origin/update-TF-WORKSPACE-variable
2022-05-19T18:49:44.4692117Z  * [new branch]          update-cidrnetmask-docs -> origin/update-cidrnetmask-docs
2022-05-19T18:49:44.4695023Z  * [new branch]          update-depends-on-docs  -> origin/update-depends-on-docs
2022-05-19T18:49:44.4697977Z  * [new branch]          update-for-each-example -> origin/update-for-each-example
2022-05-19T18:49:44.4701036Z  * [new branch]          update-packaging-action-name -> origin/update-packaging-action-name
2022-05-19T18:49:44.4703548Z  * [new branch]          update-run-task-result  -> origin/update-run-task-result
2022-05-19T18:49:44.4706695Z  * [new branch]          update-runtasks         -> origin/update-runtasks
2022-05-19T18:49:44.4709439Z  * [new branch]          update-tfe-login-flow   -> origin/update-tfe-login-flow
2022-05-19T18:49:44.4712356Z  * [new branch]          update_gen_meta         -> origin/update_gen_meta
2022-05-19T18:49:44.4715408Z  * [new branch]          uturunku1-patch-1       -> origin/uturunku1-patch-1
2022-05-19T18:49:44.4718471Z  * [new branch]          uturunku1-patch-2       -> origin/uturunku1-patch-2
2022-05-19T18:49:44.4721247Z  * [new branch]          v0.11                   -> origin/v0.11
2022-05-19T18:49:44.4724552Z  * [new branch]          v0.12                   -> origin/v0.12
2022-05-19T18:49:44.4728396Z  * [new branch]          v0.12-alpha             -> origin/v0.12-alpha
2022-05-19T18:49:44.4731041Z  * [new branch]          v0.13                   -> origin/v0.13
2022-05-19T18:49:44.4734224Z  * [new branch]          v0.14                   -> origin/v0.14
2022-05-19T18:49:44.4736831Z  * [new branch]          v0.15                   -> origin/v0.15
2022-05-19T18:49:44.4740029Z  * [new branch]          v011                    -> origin/v011
2022-05-19T18:49:44.4742614Z  * [new branch]          v1.0                    -> origin/v1.0
2022-05-19T18:49:44.4745699Z  * [new branch]          v1.1                    -> origin/v1.1
2022-05-19T18:49:44.4748940Z  * [new branch]          v1.2                    -> origin/v1.2
2022-05-19T18:49:44.4751842Z  * [new branch]          vendor-bump-hil         -> origin/vendor-bump-hil
2022-05-19T18:49:44.4755179Z  * [new tag]             0.7.7                   -> 0.7.7
2022-05-19T18:49:44.4755552Z  * [new tag]             list                    -> list
2022-05-19T18:49:44.4759989Z  * [new tag]             v0.1.0                  -> v0.1.0
2022-05-19T18:49:44.4763983Z  * [new tag]             v0.1.1                  -> v0.1.1
2022-05-19T18:49:44.4768175Z  * [new tag]             v0.10.0                 -> v0.10.0
2022-05-19T18:49:44.4774839Z  * [new tag]             v0.10.0-beta1           -> v0.10.0-beta1
2022-05-19T18:49:44.4779562Z  * [new tag]             v0.10.0-beta2           -> v0.10.0-beta2
2022-05-19T18:49:44.4785295Z  * [new tag]             v0.10.0-rc1             -> v0.10.0-rc1
2022-05-19T18:49:44.4789438Z  * [new tag]             v0.10.1                 -> v0.10.1
2022-05-19T18:49:44.4795742Z  * [new tag]             v0.10.2                 -> v0.10.2
2022-05-19T18:49:44.4799911Z  * [new tag]             v0.10.3                 -> v0.10.3
2022-05-19T18:49:44.4804937Z  * [new tag]             v0.10.4                 -> v0.10.4
2022-05-19T18:49:44.4809675Z  * [new tag]             v0.10.5                 -> v0.10.5
2022-05-19T18:49:44.4814097Z  * [new tag]             v0.10.6                 -> v0.10.6
2022-05-19T18:49:44.4818881Z  * [new tag]             v0.10.7                 -> v0.10.7
2022-05-19T18:49:44.4841850Z  * [new tag]             v0.10.8                 -> v0.10.8
2022-05-19T18:49:44.4972755Z  * [new tag]             v0.11.0                 -> v0.11.0
2022-05-19T18:49:44.4973229Z  * [new tag]             v0.11.0-beta1           -> v0.11.0-beta1
2022-05-19T18:49:44.4973699Z  * [new tag]             v0.11.0-rc1             -> v0.11.0-rc1
2022-05-19T18:49:44.4974102Z  * [new tag]             v0.11.1                 -> v0.11.1
2022-05-19T18:49:44.4974663Z  * [new tag]             v0.11.10                -> v0.11.10
2022-05-19T18:49:44.4975162Z  * [new tag]             v0.11.11                -> v0.11.11
2022-05-19T18:49:44.4975517Z  * [new tag]             v0.11.12                -> v0.11.12
2022-05-19T18:49:44.4975874Z  * [new tag]             v0.11.12-beta1          -> v0.11.12-beta1
2022-05-19T18:49:44.4976210Z  * [new tag]             v0.11.13                -> v0.11.13
2022-05-19T18:49:44.4976547Z  * [new tag]             v0.11.14                -> v0.11.14
2022-05-19T18:49:44.4977609Z  * [new tag]             v0.11.15                -> v0.11.15
2022-05-19T18:49:44.4977941Z  * [new tag]             v0.11.2                 -> v0.11.2
2022-05-19T18:49:44.4978280Z  * [new tag]             v0.11.3                 -> v0.11.3
2022-05-19T18:49:44.4978618Z  * [new tag]             v0.11.4                 -> v0.11.4
2022-05-19T18:49:44.4978950Z  * [new tag]             v0.11.5                 -> v0.11.5
2022-05-19T18:49:44.4979841Z  * [new tag]             v0.11.6                 -> v0.11.6
2022-05-19T18:49:44.4980185Z  * [new tag]             v0.11.7                 -> v0.11.7
2022-05-19T18:49:44.4981221Z  * [new tag]             v0.11.8                 -> v0.11.8
2022-05-19T18:49:44.4982144Z  * [new tag]             v0.11.9                 -> v0.11.9
2022-05-19T18:49:44.4982636Z  * [new tag]             v0.11.9-beta1           -> v0.11.9-beta1
2022-05-19T18:49:44.4983039Z  * [new tag]             v0.12.0                 -> v0.12.0
2022-05-19T18:49:44.4983454Z  * [new tag]             v0.12.0-alpha1          -> v0.12.0-alpha1
2022-05-19T18:49:44.4983876Z  * [new tag]             v0.12.0-alpha2          -> v0.12.0-alpha2
2022-05-19T18:49:44.4984305Z  * [new tag]             v0.12.0-alpha3          -> v0.12.0-alpha3
2022-05-19T18:49:44.4984728Z  * [new tag]             v0.12.0-alpha4          -> v0.12.0-alpha4
2022-05-19T18:49:44.4985294Z  * [new tag]             v0.12.0-beta1           -> v0.12.0-beta1
2022-05-19T18:49:44.4985848Z  * [new tag]             v0.12.0-beta2           -> v0.12.0-beta2
2022-05-19T18:49:44.4986426Z  * [new tag]             v0.12.0-dev20190520H16  -> v0.12.0-dev20190520H16
2022-05-19T18:49:44.4986976Z  * [new tag]             v0.12.0-rc1             -> v0.12.0-rc1
2022-05-19T18:49:44.4987322Z  * [new tag]             v0.12.1                 -> v0.12.1
2022-05-19T18:49:44.4988308Z  * [new tag]             v0.12.10                -> v0.12.10
2022-05-19T18:49:44.4988725Z  * [new tag]             v0.12.11                -> v0.12.11
2022-05-19T18:49:44.4989043Z  * [new tag]             v0.12.12                -> v0.12.12
2022-05-19T18:49:44.4989606Z  * [new tag]             v0.12.13                -> v0.12.13
2022-05-19T18:49:44.4990504Z  * [new tag]             v0.12.14                -> v0.12.14
2022-05-19T18:49:44.4990870Z  * [new tag]             v0.12.15                -> v0.12.15
2022-05-19T18:49:44.4991729Z  * [new tag]             v0.12.16                -> v0.12.16
2022-05-19T18:49:44.4992080Z  * [new tag]             v0.12.17                -> v0.12.17
2022-05-19T18:49:44.4992414Z  * [new tag]             v0.12.18                -> v0.12.18
2022-05-19T18:49:44.4992731Z  * [new tag]             v0.12.19                -> v0.12.19
2022-05-19T18:49:44.4993078Z  * [new tag]             v0.12.2                 -> v0.12.2
2022-05-19T18:49:44.4993460Z  * [new tag]             v0.12.20                -> v0.12.20
2022-05-19T18:49:44.4993779Z  * [new tag]             v0.12.21                -> v0.12.21
2022-05-19T18:49:44.4994112Z  * [new tag]             v0.12.22                -> v0.12.22
2022-05-19T18:49:44.4994615Z  * [new tag]             v0.12.23                -> v0.12.23
2022-05-19T18:49:44.4995510Z  * [new tag]             v0.12.24                -> v0.12.24
2022-05-19T18:49:44.4996150Z  * [new tag]             v0.12.25                -> v0.12.25
2022-05-19T18:49:44.4996526Z  * [new tag]             v0.12.26                -> v0.12.26
2022-05-19T18:49:44.4996902Z  * [new tag]             v0.12.27                -> v0.12.27
2022-05-19T18:49:44.4997260Z  * [new tag]             v0.12.28                -> v0.12.28
2022-05-19T18:49:44.4997635Z  * [new tag]             v0.12.29                -> v0.12.29
2022-05-19T18:49:44.4998027Z  * [new tag]             v0.12.3                 -> v0.12.3
2022-05-19T18:49:44.4998388Z  * [new tag]             v0.12.30                -> v0.12.30
2022-05-19T18:49:44.5000000Z  * [new tag]             v0.12.31                -> v0.12.31
2022-05-19T18:49:44.5000363Z  * [new tag]             v0.12.4                 -> v0.12.4
2022-05-19T18:49:44.5000705Z  * [new tag]             v0.12.5                 -> v0.12.5
2022-05-19T18:49:44.5001729Z  * [new tag]             v0.12.6                 -> v0.12.6
2022-05-19T18:49:44.5002532Z  * [new tag]             v0.12.7                 -> v0.12.7
2022-05-19T18:49:44.5002902Z  * [new tag]             v0.12.8                 -> v0.12.8
2022-05-19T18:49:44.5003247Z  * [new tag]             v0.12.9                 -> v0.12.9
2022-05-19T18:49:44.5003615Z  * [new tag]             v0.13.0                 -> v0.13.0
2022-05-19T18:49:44.5004004Z  * [new tag]             v0.13.0-beta1           -> v0.13.0-beta1
2022-05-19T18:49:44.5004594Z  * [new tag]             v0.13.0-beta2           -> v0.13.0-beta2
2022-05-19T18:49:44.5005304Z  * [new tag]             v0.13.0-beta3           -> v0.13.0-beta3
2022-05-19T18:49:44.5005672Z  * [new tag]             v0.13.0-rc1             -> v0.13.0-rc1
2022-05-19T18:49:44.5006011Z  * [new tag]             v0.13.1                 -> v0.13.1
2022-05-19T18:49:44.5006356Z  * [new tag]             v0.13.2                 -> v0.13.2
2022-05-19T18:49:44.5006701Z  * [new tag]             v0.13.3                 -> v0.13.3
2022-05-19T18:49:44.5007041Z  * [new tag]             v0.13.4                 -> v0.13.4
2022-05-19T18:49:44.5007358Z  * [new tag]             v0.13.5                 -> v0.13.5
2022-05-19T18:49:44.5007703Z  * [new tag]             v0.13.6                 -> v0.13.6
2022-05-19T18:49:44.5008039Z  * [new tag]             v0.13.7                 -> v0.13.7
2022-05-19T18:49:44.5008355Z  * [new tag]             v0.14.0                 -> v0.14.0
2022-05-19T18:49:44.5008747Z  * [new tag]             v0.14.0-alpha20200910   -> v0.14.0-alpha20200910
2022-05-19T18:49:44.5009171Z  * [new tag]             v0.14.0-alpha20200923   -> v0.14.0-alpha20200923
2022-05-19T18:49:44.5010295Z  * [new tag]             v0.14.0-alpha20201007   -> v0.14.0-alpha20201007
2022-05-19T18:49:44.5010748Z  * [new tag]             v0.14.0-beta1           -> v0.14.0-beta1
2022-05-19T18:49:44.5011276Z  * [new tag]             v0.14.0-beta2           -> v0.14.0-beta2
2022-05-19T18:49:44.5012130Z  * [new tag]             v0.14.0-rc1             -> v0.14.0-rc1
2022-05-19T18:49:44.5012505Z  * [new tag]             v0.14.1                 -> v0.14.1
2022-05-19T18:49:44.5013274Z  * [new tag]             v0.14.10                -> v0.14.10
2022-05-19T18:49:44.5013634Z  * [new tag]             v0.14.11                -> v0.14.11
2022-05-19T18:49:44.5013960Z  * [new tag]             v0.14.2                 -> v0.14.2
2022-05-19T18:49:44.5014307Z  * [new tag]             v0.14.3                 -> v0.14.3
2022-05-19T18:49:44.5014652Z  * [new tag]             v0.14.4                 -> v0.14.4
2022-05-19T18:49:44.5015002Z  * [new tag]             v0.14.5                 -> v0.14.5
2022-05-19T18:49:44.5015326Z  * [new tag]             v0.14.6                 -> v0.14.6
2022-05-19T18:49:44.5015667Z  * [new tag]             v0.14.7                 -> v0.14.7
2022-05-19T18:49:44.5016047Z  * [new tag]             v0.14.8                 -> v0.14.8
2022-05-19T18:49:44.5016375Z  * [new tag]             v0.14.9                 -> v0.14.9
2022-05-19T18:49:44.5016715Z  * [new tag]             v0.15.0                 -> v0.15.0
2022-05-19T18:49:44.5017294Z  * [new tag]             v0.15.0-alpha20210107   -> v0.15.0-alpha20210107
2022-05-19T18:49:44.5017882Z  * [new tag]             v0.15.0-alpha20210127   -> v0.15.0-alpha20210127
2022-05-19T18:49:44.5018278Z  * [new tag]             v0.15.0-alpha20210210   -> v0.15.0-alpha20210210
2022-05-19T18:49:44.5018667Z  * [new tag]             v0.15.0-beta1           -> v0.15.0-beta1
2022-05-19T18:49:44.5019046Z  * [new tag]             v0.15.0-beta2           -> v0.15.0-beta2
2022-05-19T18:49:44.5019606Z  * [new tag]             v0.15.0-rc1             -> v0.15.0-rc1
2022-05-19T18:49:44.5020270Z  * [new tag]             v0.15.0-rc2             -> v0.15.0-rc2
2022-05-19T18:49:44.5021318Z  * [new tag]             v0.15.1                 -> v0.15.1
2022-05-19T18:49:44.5021642Z  * [new tag]             v0.15.2                 -> v0.15.2
2022-05-19T18:49:44.5021978Z  * [new tag]             v0.15.3                 -> v0.15.3
2022-05-19T18:49:44.5022685Z  * [new tag]             v0.15.4                 -> v0.15.4
2022-05-19T18:49:44.5150879Z  * [new tag]             v0.15.5                 -> v0.15.5
2022-05-19T18:49:44.5151258Z  * [new tag]             v0.2.0                  -> v0.2.0
2022-05-19T18:49:44.5151582Z  * [new tag]             v0.2.1                  -> v0.2.1
2022-05-19T18:49:44.5151917Z  * [new tag]             v0.2.2                  -> v0.2.2
2022-05-19T18:49:44.5152247Z  * [new tag]             v0.3.0                  -> v0.3.0
2022-05-19T18:49:44.5152800Z  * [new tag]             v0.3.1                  -> v0.3.1
2022-05-19T18:49:44.5153135Z  * [new tag]             v0.3.5                  -> v0.3.5
2022-05-19T18:49:44.5153465Z  * [new tag]             v0.3.6                  -> v0.3.6
2022-05-19T18:49:44.5153792Z  * [new tag]             v0.3.7                  -> v0.3.7
2022-05-19T18:49:44.5154106Z  * [new tag]             v0.4.0                  -> v0.4.0
2022-05-19T18:49:44.5154437Z  * [new tag]             v0.4.1                  -> v0.4.1
2022-05-19T18:49:44.5154765Z  * [new tag]             v0.4.2                  -> v0.4.2
2022-05-19T18:49:44.5155574Z  * [new tag]             v0.5.0                  -> v0.5.0
2022-05-19T18:49:44.5155942Z  * [new tag]             v0.5.1                  -> v0.5.1
2022-05-19T18:49:44.5156276Z  * [new tag]             v0.5.3                  -> v0.5.3
2022-05-19T18:49:44.5156775Z  * [new tag]             v0.6.0                  -> v0.6.0
2022-05-19T18:49:44.5157575Z  * [new tag]             v0.6.1                  -> v0.6.1
2022-05-19T18:49:44.5157962Z  * [new tag]             v0.6.10                 -> v0.6.10
2022-05-19T18:49:44.5158343Z  * [new tag]             v0.6.11                 -> v0.6.11
2022-05-19T18:49:44.5158871Z  * [new tag]             v0.6.12                 -> v0.6.12
2022-05-19T18:49:44.5159428Z  * [new tag]             v0.6.13                 -> v0.6.13
2022-05-19T18:49:44.5159921Z  * [new tag]             v0.6.14                 -> v0.6.14
2022-05-19T18:49:44.5160301Z  * [new tag]             v0.6.15                 -> v0.6.15
2022-05-19T18:49:44.5160844Z  * [new tag]             v0.6.16                 -> v0.6.16
2022-05-19T18:49:44.5161373Z  * [new tag]             v0.6.2                  -> v0.6.2
2022-05-19T18:49:44.5161855Z  * [new tag]             v0.6.3                  -> v0.6.3
2022-05-19T18:49:44.5162183Z  * [new tag]             v0.6.4                  -> v0.6.4
2022-05-19T18:49:44.5162512Z  * [new tag]             v0.6.5                  -> v0.6.5
2022-05-19T18:49:44.5162844Z  * [new tag]             v0.6.6                  -> v0.6.6
2022-05-19T18:49:44.5163154Z  * [new tag]             v0.6.7                  -> v0.6.7
2022-05-19T18:49:44.5163481Z  * [new tag]             v0.6.8                  -> v0.6.8
2022-05-19T18:49:44.5163807Z  * [new tag]             v0.6.9                  -> v0.6.9
2022-05-19T18:49:44.5164112Z  * [new tag]             v0.7.0                  -> v0.7.0
2022-05-19T18:49:44.5164460Z  * [new tag]             v0.7.0-rc1              -> v0.7.0-rc1
2022-05-19T18:49:44.5164812Z  * [new tag]             v0.7.0-rc2              -> v0.7.0-rc2
2022-05-19T18:49:44.5165142Z  * [new tag]             v0.7.0-rc3              -> v0.7.0-rc3
2022-05-19T18:49:44.5165488Z  * [new tag]             v0.7.0-rc4              -> v0.7.0-rc4
2022-05-19T18:49:44.5165818Z  * [new tag]             v0.7.1                  -> v0.7.1
2022-05-19T18:49:44.5166149Z  * [new tag]             v0.7.10                 -> v0.7.10
2022-05-19T18:49:44.5166467Z  * [new tag]             v0.7.11                 -> v0.7.11
2022-05-19T18:49:44.5166811Z  * [new tag]             v0.7.12                 -> v0.7.12
2022-05-19T18:49:44.5167149Z  * [new tag]             v0.7.13                 -> v0.7.13
2022-05-19T18:49:44.5167935Z  * [new tag]             v0.7.2                  -> v0.7.2
2022-05-19T18:49:44.5168302Z  * [new tag]             v0.7.3                  -> v0.7.3
2022-05-19T18:49:44.5168647Z  * [new tag]             v0.7.4                  -> v0.7.4
2022-05-19T18:49:44.5168988Z  * [new tag]             v0.7.5                  -> v0.7.5
2022-05-19T18:49:44.5169304Z  * [new tag]             v0.7.6                  -> v0.7.6
2022-05-19T18:49:44.5169638Z  * [new tag]             v0.7.7                  -> v0.7.7
2022-05-19T18:49:44.5169971Z  * [new tag]             v0.7.8                  -> v0.7.8
2022-05-19T18:49:44.5170305Z  * [new tag]             v0.7.9                  -> v0.7.9
2022-05-19T18:49:44.5170615Z  * [new tag]             v0.8.0                  -> v0.8.0
2022-05-19T18:49:44.5171111Z  * [new tag]             v0.8.0-beta1            -> v0.8.0-beta1
2022-05-19T18:49:44.5171470Z  * [new tag]             v0.8.0-beta2            -> v0.8.0-beta2
2022-05-19T18:49:44.5171808Z  * [new tag]             v0.8.0-rc1              -> v0.8.0-rc1
2022-05-19T18:49:44.5172157Z  * [new tag]             v0.8.0-rc2              -> v0.8.0-rc2
2022-05-19T18:49:44.5172503Z  * [new tag]             v0.8.0-rc3              -> v0.8.0-rc3
2022-05-19T18:49:44.5172838Z  * [new tag]             v0.8.1                  -> v0.8.1
2022-05-19T18:49:44.5173149Z  * [new tag]             v0.8.2                  -> v0.8.2
2022-05-19T18:49:44.5174380Z  * [new tag]             v0.8.3                  -> v0.8.3
2022-05-19T18:49:44.5174763Z  * [new tag]             v0.8.4                  -> v0.8.4
2022-05-19T18:49:44.5175112Z  * [new tag]             v0.8.5                  -> v0.8.5
2022-05-19T18:49:44.5175490Z  * [new tag]             v0.8.6                  -> v0.8.6
2022-05-19T18:49:44.5175869Z  * [new tag]             v0.8.7                  -> v0.8.7
2022-05-19T18:49:44.5176217Z  * [new tag]             v0.8.8                  -> v0.8.8
2022-05-19T18:49:44.5176583Z  * [new tag]             v0.9.0                  -> v0.9.0
2022-05-19T18:49:44.5177596Z  * [new tag]             v0.9.0-beta1            -> v0.9.0-beta1
2022-05-19T18:49:44.5178056Z  * [new tag]             v0.9.0-beta2            -> v0.9.0-beta2
2022-05-19T18:49:44.5178589Z  * [new tag]             v0.9.1                  -> v0.9.1
2022-05-19T18:49:44.5178968Z  * [new tag]             v0.9.10                 -> v0.9.10
2022-05-19T18:49:44.5179307Z  * [new tag]             v0.9.11                 -> v0.9.11
2022-05-19T18:49:44.5179622Z  * [new tag]             v0.9.2                  -> v0.9.2
2022-05-19T18:49:44.5179954Z  * [new tag]             v0.9.3                  -> v0.9.3
2022-05-19T18:49:44.5180286Z  * [new tag]             v0.9.4                  -> v0.9.4
2022-05-19T18:49:44.5180598Z  * [new tag]             v0.9.5                  -> v0.9.5
2022-05-19T18:49:44.5180934Z  * [new tag]             v0.9.6                  -> v0.9.6
2022-05-19T18:49:44.5181265Z  * [new tag]             v0.9.7                  -> v0.9.7
2022-05-19T18:49:44.5181593Z  * [new tag]             v0.9.8                  -> v0.9.8
2022-05-19T18:49:44.5181903Z  * [new tag]             v0.9.9                  -> v0.9.9
2022-05-19T18:49:44.5182245Z  * [new tag]             v1.0.0                  -> v1.0.0
2022-05-19T18:49:44.5182573Z  * [new tag]             v1.0.1                  -> v1.0.1
2022-05-19T18:49:44.5182887Z  * [new tag]             v1.0.10                 -> v1.0.10
2022-05-19T18:49:44.5183218Z  * [new tag]             v1.0.11                 -> v1.0.11
2022-05-19T18:49:44.5183546Z  * [new tag]             v1.0.2                  -> v1.0.2
2022-05-19T18:49:44.5183874Z  * [new tag]             v1.0.3                  -> v1.0.3
2022-05-19T18:49:44.5184185Z  * [new tag]             v1.0.4                  -> v1.0.4
2022-05-19T18:49:44.5184513Z  * [new tag]             v1.0.5                  -> v1.0.5
2022-05-19T18:49:44.5184844Z  * [new tag]             v1.0.6                  -> v1.0.6
2022-05-19T18:49:44.5185153Z  * [new tag]             v1.0.7                  -> v1.0.7
2022-05-19T18:49:44.5185480Z  * [new tag]             v1.0.8                  -> v1.0.8
2022-05-19T18:49:44.5185805Z  * [new tag]             v1.0.9                  -> v1.0.9
2022-05-19T18:49:44.5186114Z  * [new tag]             v1.1.0                  -> v1.1.0
2022-05-19T18:49:44.5186510Z  * [new tag]             v1.1.0-alpha20210616    -> v1.1.0-alpha20210616
2022-05-19T18:49:44.5186920Z  * [new tag]             v1.1.0-alpha20210630    -> v1.1.0-alpha20210630
2022-05-19T18:49:44.5187325Z  * [new tag]             v1.1.0-alpha20210714    -> v1.1.0-alpha20210714
2022-05-19T18:49:44.5187709Z  * [new tag]             v1.1.0-alpha20210728    -> v1.1.0-alpha20210728
2022-05-19T18:49:44.5188102Z  * [new tag]             v1.1.0-alpha20210811    -> v1.1.0-alpha20210811
2022-05-19T18:49:44.5188615Z  * [new tag]             v1.1.0-alpha20210908    -> v1.1.0-alpha20210908
2022-05-19T18:49:44.5189177Z  * [new tag]             v1.1.0-alpha20210922    -> v1.1.0-alpha20210922
2022-05-19T18:49:44.5189767Z  * [new tag]             v1.1.0-alpha20211006    -> v1.1.0-alpha20211006
2022-05-19T18:49:44.5190165Z  * [new tag]             v1.1.0-alpha20211020    -> v1.1.0-alpha20211020
2022-05-19T18:49:44.5190565Z  * [new tag]             v1.1.0-alpha20211029    -> v1.1.0-alpha20211029
2022-05-19T18:49:44.5190929Z  * [new tag]             v1.1.0-beta1            -> v1.1.0-beta1
2022-05-19T18:49:44.5191288Z  * [new tag]             v1.1.0-beta2            -> v1.1.0-beta2
2022-05-19T18:49:44.5191642Z  * [new tag]             v1.1.0-rc1              -> v1.1.0-rc1
2022-05-19T18:49:44.5191968Z  * [new tag]             v1.1.1                  -> v1.1.1
2022-05-19T18:49:44.5192299Z  * [new tag]             v1.1.2                  -> v1.1.2
2022-05-19T18:49:44.5192625Z  * [new tag]             v1.1.3                  -> v1.1.3
2022-05-19T18:49:44.5192942Z  * [new tag]             v1.1.4                  -> v1.1.4
2022-05-19T18:49:44.5193268Z  * [new tag]             v1.1.5                  -> v1.1.5
2022-05-19T18:49:44.5193597Z  * [new tag]             v1.1.6                  -> v1.1.6
2022-05-19T18:49:44.5193924Z  * [new tag]             v1.1.7                  -> v1.1.7
2022-05-19T18:49:44.5194231Z  * [new tag]             v1.1.8                  -> v1.1.8
2022-05-19T18:49:44.5194637Z  * [new tag]             v1.1.9                  -> v1.1.9
2022-05-19T18:49:44.5194986Z  * [new tag]             v1.2.0                  -> v1.2.0
2022-05-19T18:49:44.5195350Z  * [new tag]             v1.2.0-alpha-20220328   -> v1.2.0-alpha-20220328
2022-05-19T18:49:44.5196037Z  * [new tag]             v1.2.0-alpha20220413    -> v1.2.0-alpha20220413
2022-05-19T18:49:44.5196416Z  * [new tag]             v1.2.0-beta1            -> v1.2.0-beta1
2022-05-19T18:49:44.5196778Z  * [new tag]             v1.2.0-rc1              -> v1.2.0-rc1
2022-05-19T18:49:44.5197119Z  * [new tag]             v1.2.0-rc2              -> v1.2.0-rc2
2022-05-19T18:49:44.5197465Z  * [new tag]             v1.3.0-dev              -> v1.3.0-dev
2022-05-19T18:49:44.5270282Z [command]/usr/bin/git branch --list --remote origin/v1.2
2022-05-19T18:49:44.5339110Z   origin/v1.2
2022-05-19T18:49:44.5353639Z [command]/usr/bin/git rev-parse refs/remotes/origin/v1.2
2022-05-19T18:49:44.5383188Z 945405f6f58e78dc1ccf3d2651c6579436cfdffe
2022-05-19T18:49:44.5388969Z ##[endgroup]
2022-05-19T18:49:44.5389989Z ##[group]Determining the checkout info
2022-05-19T18:49:44.5390505Z ##[endgroup]
2022-05-19T18:49:44.5390980Z ##[group]Checking out the ref
2022-05-19T18:49:44.5395277Z [command]/usr/bin/git checkout --progress --force -B v1.2 refs/remotes/origin/v1.2
2022-05-19T18:49:44.8009509Z Switched to a new branch 'v1.2'
2022-05-19T18:49:44.8012387Z branch 'v1.2' set up to track 'origin/v1.2'.
2022-05-19T18:49:44.8024209Z ##[endgroup]
2022-05-19T18:49:44.8079998Z [command]/usr/bin/git log -1 --format='%H'
2022-05-19T18:49:44.8112350Z '945405f6f58e78dc1ccf3d2651c6579436cfdffe'
2022-05-19T18:49:44.8451990Z ##[group]Run git describe --first-parent
2022-05-19T18:49:44.8452366Z [36;1mgit describe --first-parent[0m
2022-05-19T18:49:44.8452679Z [36;1mecho "::set-output name=raw-version::$(git describe --first-parent)"[0m
2022-05-19T18:49:44.8512140Z shell: /usr/bin/bash -e {0}
2022-05-19T18:49:44.8512392Z env:
2022-05-19T18:49:44.8512591Z   PKG_NAME: terraform
2022-05-19T18:49:44.8512827Z ##[endgroup]
2022-05-19T18:49:44.8828182Z v1.2.0-17-g945405f6f
2022-05-19T18:49:44.9039035Z ##[group]Run echo "::set-output name=product-version::${RAW_VERSION#v}"
2022-05-19T18:49:44.9039442Z [36;1mecho "::set-output name=product-version::${RAW_VERSION#v}"[0m
2022-05-19T18:49:44.9089990Z shell: /usr/bin/bash --noprofile --norc -e -o pipefail {0}
2022-05-19T18:49:44.9090257Z env:
2022-05-19T18:49:44.9090461Z   PKG_NAME: terraform
2022-05-19T18:49:44.9090684Z   RAW_VERSION: v1.2.0-17-g945405f6f
2022-05-19T18:49:44.9091046Z ##[endgroup]
2022-05-19T18:49:44.9255785Z ##[group]Run [ -n "1.2.0-17-g945405f6f" ]
2022-05-19T18:49:44.9256110Z [36;1m[ -n "1.2.0-17-g945405f6f" ][0m
2022-05-19T18:49:44.9256413Z [36;1mecho "::notice title=Terraform CLI Version::1.2.0-17-g945405f6f"[0m
2022-05-19T18:49:44.9306777Z shell: /usr/bin/bash -e {0}
2022-05-19T18:49:44.9306985Z env:
2022-05-19T18:49:44.9307194Z   PKG_NAME: terraform
2022-05-19T18:49:44.9307410Z ##[endgroup]
2022-05-19T18:49:44.9406294Z ##[notice]1.2.0-17-g945405f6f
2022-05-19T18:49:44.9476704Z Post job cleanup.
2022-05-19T18:49:45.1098108Z [command]/usr/bin/git version
2022-05-19T18:49:45.1238037Z git version 2.36.1
2022-05-19T18:49:45.1361376Z Temporarily overriding HOME='/home/runner/work/_temp/f0abca4d-dd26-4b87-a2b0-fe46595d59b4' before making global git config changes
2022-05-19T18:49:45.1362224Z Adding repository directory to the temporary git global config as a safe directory
2022-05-19T18:49:45.1368524Z [command]/usr/bin/git config --global --add safe.directory /home/runner/work/terraform/terraform
2022-05-19T18:49:45.1434959Z [command]/usr/bin/git config --local --name-only --get-regexp core\.sshCommand
2022-05-19T18:49:45.1481920Z [command]/usr/bin/git submodule foreach --recursive git config --local --name-only --get-regexp 'core\.sshCommand' && git config --local --unset-all 'core.sshCommand' || :
2022-05-19T18:49:45.1782763Z [command]/usr/bin/git config --local --name-only --get-regexp http\.https\:\/\/github\.com\/\.extraheader
2022-05-19T18:49:45.1890532Z http.https://github.com/.extraheader
2022-05-19T18:49:45.1899260Z [command]/usr/bin/git config --local --unset-all http.https://github.com/.extraheader
2022-05-19T18:49:45.1936897Z [command]/usr/bin/git submodule foreach --recursive git config --local --name-only --get-regexp 'http\.https\:\/\/github\.com\/\.extraheader' && git config --local --unset-all 'http.https://github.com/.extraheader' || :
2022-05-19T18:49:45.2471086Z Evaluate and set job outputs
2022-05-19T18:49:45.2484872Z Set output 'product-version'
2022-05-19T18:49:45.2486601Z Cleaning up orphan processes
