2022-05-11T18:01:48.1868281Z Requested labels: ubuntu-latest
2022-05-11T18:01:48.1868334Z Job defined at: hashicorp/terraform/.github/workflows/checks.yml@refs/heads/main
2022-05-11T18:01:48.1868358Z Waiting for a runner to pick up this job...
2022-05-11T18:01:51.1472097Z Job is waiting for a hosted runner to come online.
2022-05-11T18:01:55.2150286Z Job is about to start running on the hosted runner: GitHub Actions 17 (hosted)
2022-05-11T18:02:00.0728044Z Current runner version: '2.291.1'
2022-05-11T18:02:00.0754022Z ##[group]Operating System
2022-05-11T18:02:00.0754582Z Ubuntu
2022-05-11T18:02:00.0754995Z 20.04.4
2022-05-11T18:02:00.0755235Z LTS
2022-05-11T18:02:00.0755552Z ##[endgroup]
2022-05-11T18:02:00.0755842Z ##[group]Virtual Environment
2022-05-11T18:02:00.0756222Z Environment: ubuntu-20.04
2022-05-11T18:02:00.0756594Z Version: 20220503.1
2022-05-11T18:02:00.0757133Z Included Software: https://github.com/actions/virtual-environments/blob/ubuntu20/20220503.1/images/linux/Ubuntu2004-Readme.md
2022-05-11T18:02:00.0757766Z Image Release: https://github.com/actions/virtual-environments/releases/tag/ubuntu20%2F20220503.1
2022-05-11T18:02:00.0758237Z ##[endgroup]
2022-05-11T18:02:00.0758600Z ##[group]Virtual Environment Provisioner
2022-05-11T18:02:00.0758960Z 1.0.0.0-main-20220421-1
2022-05-11T18:02:00.0759285Z ##[endgroup]
2022-05-11T18:02:00.0759937Z ##[group]GITHUB_TOKEN Permissions
2022-05-11T18:02:00.0760458Z Contents: read
2022-05-11T18:02:00.0760951Z Metadata: read
2022-05-11T18:02:00.0761287Z ##[endgroup]
2022-05-11T18:02:00.0764890Z Secret source: Actions
2022-05-11T18:02:00.0765391Z Prepare workflow directory
2022-05-11T18:02:00.1587477Z Prepare all required actions
2022-05-11T18:02:00.1771829Z Getting action download info
2022-05-11T18:02:00.4153532Z Download action repository 'actions/checkout@v2' (SHA:7884fcad6b5d53d10323aee724dc68d8b9096a2e)
2022-05-11T18:02:00.7231644Z Download action repository 'actions/setup-go@v2' (SHA:bfdd3570ce990073878bf10f6b2d79082de49492)
2022-05-11T18:02:00.8670519Z Download action repository 'actions/cache@v3' (SHA:48af2dc4a9e8278b89d7fa154b955c30c6aaab09)
2022-05-11T18:02:01.3584308Z ##[group]Run actions/checkout@v2
2022-05-11T18:02:01.3584669Z with:
2022-05-11T18:02:01.3584947Z   repository: hashicorp/terraform
2022-05-11T18:02:01.3585667Z   token: ***
2022-05-11T18:02:01.3585919Z   ssh-strict: true
2022-05-11T18:02:01.3586219Z   persist-credentials: true
2022-05-11T18:02:01.3586482Z   clean: true
2022-05-11T18:02:01.3586736Z   fetch-depth: 1
2022-05-11T18:02:01.3586976Z   lfs: false
2022-05-11T18:02:01.3587206Z   submodules: false
2022-05-11T18:02:01.3587482Z   set-safe-directory: true
2022-05-11T18:02:01.3587754Z ##[endgroup]
2022-05-11T18:02:01.5707513Z Syncing repository: hashicorp/terraform
2022-05-11T18:02:01.5709367Z ##[group]Getting Git version info
2022-05-11T18:02:01.5709970Z Working directory is '/home/runner/work/terraform/terraform'
2022-05-11T18:02:01.5713631Z [command]/usr/bin/git version
2022-05-11T18:02:01.5816485Z git version 2.36.0
2022-05-11T18:02:01.5839911Z ##[endgroup]
2022-05-11T18:02:01.5870976Z Temporarily overriding HOME='/home/runner/work/_temp/eaaeeea9-483a-413a-9671-2b854f361d58' before making global git config changes
2022-05-11T18:02:01.5873085Z Adding repository directory to the temporary git global config as a safe directory
2022-05-11T18:02:01.5879311Z [command]/usr/bin/git config --global --add safe.directory /home/runner/work/terraform/terraform
2022-05-11T18:02:01.5923062Z Deleting the contents of '/home/runner/work/terraform/terraform'
2022-05-11T18:02:01.5929881Z ##[group]Initializing the repository
2022-05-11T18:02:01.5935135Z [command]/usr/bin/git init /home/runner/work/terraform/terraform
2022-05-11T18:02:01.5987882Z hint: Using 'master' as the name for the initial branch. This default branch name
2022-05-11T18:02:01.5988745Z hint: is subject to change. To configure the initial branch name to use in all
2022-05-11T18:02:01.5989997Z hint: of your new repositories, which will suppress this warning, call:
2022-05-11T18:02:01.5990448Z hint: 
2022-05-11T18:02:01.5991390Z hint: 	git config --global init.defaultBranch <name>
2022-05-11T18:02:01.5991893Z hint: 
2022-05-11T18:02:01.5992693Z hint: Names commonly chosen instead of 'master' are 'main', 'trunk' and
2022-05-11T18:02:01.5993357Z hint: 'development'. The just-created branch can be renamed via this command:
2022-05-11T18:02:01.5993808Z hint: 
2022-05-11T18:02:01.5994517Z hint: 	git branch -m <name>
2022-05-11T18:02:01.6001840Z Initialized empty Git repository in /home/runner/work/terraform/terraform/.git/
2022-05-11T18:02:01.6046727Z [command]/usr/bin/git remote add origin https://github.com/hashicorp/terraform
2022-05-11T18:02:01.6089696Z ##[endgroup]
2022-05-11T18:02:01.6090892Z ##[group]Disabling automatic garbage collection
2022-05-11T18:02:01.6094734Z [command]/usr/bin/git config --local gc.auto 0
2022-05-11T18:02:01.6128233Z ##[endgroup]
2022-05-11T18:02:01.6129090Z ##[group]Setting up auth
2022-05-11T18:02:01.6132408Z [command]/usr/bin/git config --local --name-only --get-regexp core\.sshCommand
2022-05-11T18:02:01.6163756Z [command]/usr/bin/git submodule foreach --recursive git config --local --name-only --get-regexp 'core\.sshCommand' && git config --local --unset-all 'core.sshCommand' || :
2022-05-11T18:02:01.6462994Z [command]/usr/bin/git config --local --name-only --get-regexp http\.https\:\/\/github\.com\/\.extraheader
2022-05-11T18:02:01.6511762Z [command]/usr/bin/git submodule foreach --recursive git config --local --name-only --get-regexp 'http\.https\:\/\/github\.com\/\.extraheader' && git config --local --unset-all 'http.https://github.com/.extraheader' || :
2022-05-11T18:02:01.6780541Z [command]/usr/bin/git config --local http.https://github.com/.extraheader AUTHORIZATION: basic ***
2022-05-11T18:02:01.6810364Z ##[endgroup]
2022-05-11T18:02:01.6810927Z ##[group]Fetching the repository
2022-05-11T18:02:01.6821858Z [command]/usr/bin/git -c protocol.version=2 fetch --no-tags --prune --progress --no-recurse-submodules --depth=1 origin +289bb60ce10cd26a7411bbbe2a307fff994a911a:refs/remotes/origin/main
2022-05-11T18:02:01.9380333Z remote: Enumerating objects: 3917, done.        
2022-05-11T18:02:01.9381181Z remote: Counting objects:   0% (1/3917)        
2022-05-11T18:02:01.9382126Z remote: Counting objects:   1% (40/3917)        
2022-05-11T18:02:01.9382538Z remote: Counting objects:   2% (79/3917)        
2022-05-11T18:02:01.9382912Z remote: Counting objects:   3% (118/3917)        
2022-05-11T18:02:01.9383218Z remote: Counting objects:   4% (157/3917)        
2022-05-11T18:02:01.9383557Z remote: Counting objects:   5% (196/3917)        
2022-05-11T18:02:01.9383863Z remote: Counting objects:   6% (236/3917)        
2022-05-11T18:02:01.9389027Z remote: Counting objects:   7% (275/3917)        
2022-05-11T18:02:01.9389341Z remote: Counting objects:   8% (314/3917)        
2022-05-11T18:02:01.9391216Z remote: Counting objects:   9% (353/3917)        
2022-05-11T18:02:01.9391765Z remote: Counting objects:  10% (392/3917)        
2022-05-11T18:02:01.9392411Z remote: Counting objects:  11% (431/3917)        
2022-05-11T18:02:01.9392962Z remote: Counting objects:  12% (471/3917)        
2022-05-11T18:02:01.9393274Z remote: Counting objects:  13% (510/3917)        
2022-05-11T18:02:01.9393575Z remote: Counting objects:  14% (549/3917)        
2022-05-11T18:02:01.9393899Z remote: Counting objects:  15% (588/3917)        
2022-05-11T18:02:01.9394211Z remote: Counting objects:  16% (627/3917)        
2022-05-11T18:02:01.9394513Z remote: Counting objects:  17% (666/3917)        
2022-05-11T18:02:01.9394953Z remote: Counting objects:  18% (706/3917)        
2022-05-11T18:02:01.9395333Z remote: Counting objects:  19% (745/3917)        
2022-05-11T18:02:01.9395746Z remote: Counting objects:  20% (784/3917)        
2022-05-11T18:02:01.9395997Z remote: Counting objects:  21% (823/3917)        
2022-05-11T18:02:01.9396273Z remote: Counting objects:  22% (862/3917)        
2022-05-11T18:02:01.9396537Z remote: Counting objects:  23% (901/3917)        
2022-05-11T18:02:01.9396803Z remote: Counting objects:  24% (941/3917)        
2022-05-11T18:02:01.9397055Z remote: Counting objects:  25% (980/3917)        
2022-05-11T18:02:01.9397325Z remote: Counting objects:  26% (1019/3917)        
2022-05-11T18:02:01.9397599Z remote: Counting objects:  27% (1058/3917)        
2022-05-11T18:02:01.9397888Z remote: Counting objects:  28% (1097/3917)        
2022-05-11T18:02:01.9398168Z remote: Counting objects:  29% (1136/3917)        
2022-05-11T18:02:01.9398439Z remote: Counting objects:  30% (1176/3917)        
2022-05-11T18:02:01.9398923Z remote: Counting objects:  31% (1215/3917)        
2022-05-11T18:02:01.9399199Z remote: Counting objects:  32% (1254/3917)        
2022-05-11T18:02:01.9399472Z remote: Counting objects:  33% (1293/3917)        
2022-05-11T18:02:01.9399741Z remote: Counting objects:  34% (1332/3917)        
2022-05-11T18:02:01.9399994Z remote: Counting objects:  35% (1371/3917)        
2022-05-11T18:02:01.9400266Z remote: Counting objects:  36% (1411/3917)        
2022-05-11T18:02:01.9400536Z remote: Counting objects:  37% (1450/3917)        
2022-05-11T18:02:01.9400792Z remote: Counting objects:  38% (1489/3917)        
2022-05-11T18:02:01.9401064Z remote: Counting objects:  39% (1528/3917)        
2022-05-11T18:02:01.9401409Z remote: Counting objects:  40% (1567/3917)        
2022-05-11T18:02:01.9404316Z remote: Counting objects:  41% (1606/3917)        
2022-05-11T18:02:01.9406641Z remote: Counting objects:  42% (1646/3917)        
2022-05-11T18:02:01.9409049Z remote: Counting objects:  43% (1685/3917)        
2022-05-11T18:02:01.9411491Z remote: Counting objects:  44% (1724/3917)        
2022-05-11T18:02:01.9413726Z remote: Counting objects:  45% (1763/3917)        
2022-05-11T18:02:01.9416369Z remote: Counting objects:  46% (1802/3917)        
2022-05-11T18:02:01.9418928Z remote: Counting objects:  47% (1841/3917)        
2022-05-11T18:02:01.9421874Z remote: Counting objects:  48% (1881/3917)        
2022-05-11T18:02:01.9424338Z remote: Counting objects:  49% (1920/3917)        
2022-05-11T18:02:01.9426728Z remote: Counting objects:  50% (1959/3917)        
2022-05-11T18:02:01.9429277Z remote: Counting objects:  51% (1998/3917)        
2022-05-11T18:02:01.9431760Z remote: Counting objects:  52% (2037/3917)        
2022-05-11T18:02:01.9434074Z remote: Counting objects:  53% (2077/3917)        
2022-05-11T18:02:01.9436447Z remote: Counting objects:  54% (2116/3917)        
2022-05-11T18:02:01.9438800Z remote: Counting objects:  55% (2155/3917)        
2022-05-11T18:02:01.9441989Z remote: Counting objects:  56% (2194/3917)        
2022-05-11T18:02:01.9457673Z remote: Counting objects:  57% (2233/3917)        
2022-05-11T18:02:01.9458250Z remote: Counting objects:  58% (2272/3917)        
2022-05-11T18:02:01.9458716Z remote: Counting objects:  59% (2312/3917)        
2022-05-11T18:02:01.9458998Z remote: Counting objects:  60% (2351/3917)        
2022-05-11T18:02:01.9459272Z remote: Counting objects:  61% (2390/3917)        
2022-05-11T18:02:01.9459527Z remote: Counting objects:  62% (2429/3917)        
2022-05-11T18:02:01.9459797Z remote: Counting objects:  63% (2468/3917)        
2022-05-11T18:02:01.9460236Z remote: Counting objects:  64% (2507/3917)        
2022-05-11T18:02:01.9460528Z remote: Counting objects:  65% (2547/3917)        
2022-05-11T18:02:01.9460782Z remote: Counting objects:  66% (2586/3917)        
2022-05-11T18:02:01.9461050Z remote: Counting objects:  67% (2625/3917)        
2022-05-11T18:02:01.9461319Z remote: Counting objects:  68% (2664/3917)        
2022-05-11T18:02:01.9461596Z remote: Counting objects:  69% (2703/3917)        
2022-05-11T18:02:01.9461845Z remote: Counting objects:  70% (2742/3917)        
2022-05-11T18:02:01.9462110Z remote: Counting objects:  71% (2782/3917)        
2022-05-11T18:02:01.9462375Z remote: Counting objects:  72% (2821/3917)        
2022-05-11T18:02:01.9462626Z remote: Counting objects:  73% (2860/3917)        
2022-05-11T18:02:01.9462888Z remote: Counting objects:  74% (2899/3917)        
2022-05-11T18:02:01.9463151Z remote: Counting objects:  75% (2938/3917)        
2022-05-11T18:02:01.9463400Z remote: Counting objects:  76% (2977/3917)        
2022-05-11T18:02:01.9463665Z remote: Counting objects:  77% (3017/3917)        
2022-05-11T18:02:01.9463929Z remote: Counting objects:  78% (3056/3917)        
2022-05-11T18:02:01.9464191Z remote: Counting objects:  79% (3095/3917)        
2022-05-11T18:02:01.9464441Z remote: Counting objects:  80% (3134/3917)        
2022-05-11T18:02:01.9464705Z remote: Counting objects:  81% (3173/3917)        
2022-05-11T18:02:01.9465142Z remote: Counting objects:  82% (3212/3917)        
2022-05-11T18:02:01.9465393Z remote: Counting objects:  83% (3252/3917)        
2022-05-11T18:02:01.9465660Z remote: Counting objects:  84% (3291/3917)        
2022-05-11T18:02:01.9465927Z remote: Counting objects:  85% (3330/3917)        
2022-05-11T18:02:01.9466178Z remote: Counting objects:  86% (3369/3917)        
2022-05-11T18:02:01.9466446Z remote: Counting objects:  87% (3408/3917)        
2022-05-11T18:02:01.9466710Z remote: Counting objects:  88% (3447/3917)        
2022-05-11T18:02:01.9466971Z remote: Counting objects:  89% (3487/3917)        
2022-05-11T18:02:01.9467237Z remote: Counting objects:  90% (3526/3917)        
2022-05-11T18:02:01.9467746Z remote: Counting objects:  91% (3565/3917)        
2022-05-11T18:02:01.9471050Z remote: Counting objects:  92% (3604/3917)        
2022-05-11T18:02:01.9474220Z remote: Counting objects:  93% (3643/3917)        
2022-05-11T18:02:01.9477315Z remote: Counting objects:  94% (3682/3917)        
2022-05-11T18:02:01.9478702Z remote: Counting objects:  95% (3722/3917)        
2022-05-11T18:02:01.9480108Z remote: Counting objects:  96% (3761/3917)        
2022-05-11T18:02:01.9481598Z remote: Counting objects:  97% (3800/3917)        
2022-05-11T18:02:01.9482706Z remote: Counting objects:  98% (3839/3917)        
2022-05-11T18:02:01.9484171Z remote: Counting objects:  99% (3878/3917)        
2022-05-11T18:02:01.9485582Z remote: Counting objects: 100% (3917/3917)        
2022-05-11T18:02:01.9485870Z remote: Counting objects: 100% (3917/3917), done.        
2022-05-11T18:02:01.9491159Z remote: Compressing objects:   0% (1/2962)        
2022-05-11T18:02:01.9493972Z remote: Compressing objects:   1% (30/2962)        
2022-05-11T18:02:01.9496480Z remote: Compressing objects:   2% (60/2962)        
2022-05-11T18:02:01.9510182Z remote: Compressing objects:   3% (89/2962)        
2022-05-11T18:02:01.9573742Z remote: Compressing objects:   4% (119/2962)        
2022-05-11T18:02:01.9602980Z remote: Compressing objects:   5% (149/2962)        
2022-05-11T18:02:01.9629625Z remote: Compressing objects:   6% (178/2962)        
2022-05-11T18:02:01.9683258Z remote: Compressing objects:   7% (208/2962)        
2022-05-11T18:02:01.9683616Z remote: Compressing objects:   8% (237/2962)        
2022-05-11T18:02:01.9690992Z remote: Compressing objects:   9% (267/2962)        
2022-05-11T18:02:01.9717778Z remote: Compressing objects:  10% (297/2962)        
2022-05-11T18:02:01.9754455Z remote: Compressing objects:  11% (326/2962)        
2022-05-11T18:02:01.9755953Z remote: Compressing objects:  12% (356/2962)        
2022-05-11T18:02:01.9831334Z remote: Compressing objects:  13% (386/2962)        
2022-05-11T18:02:01.9900954Z remote: Compressing objects:  14% (415/2962)        
2022-05-11T18:02:01.9980360Z remote: Compressing objects:  15% (445/2962)        
2022-05-11T18:02:02.0127651Z remote: Compressing objects:  16% (474/2962)        
2022-05-11T18:02:02.0231431Z remote: Compressing objects:  17% (504/2962)        
2022-05-11T18:02:02.0319887Z remote: Compressing objects:  18% (534/2962)        
2022-05-11T18:02:02.0417193Z remote: Compressing objects:  19% (563/2962)        
2022-05-11T18:02:02.0488307Z remote: Compressing objects:  20% (593/2962)        
2022-05-11T18:02:02.0574443Z remote: Compressing objects:  21% (623/2962)        
2022-05-11T18:02:02.0719599Z remote: Compressing objects:  22% (652/2962)        
2022-05-11T18:02:02.0834605Z remote: Compressing objects:  23% (682/2962)        
2022-05-11T18:02:02.0885402Z remote: Compressing objects:  24% (711/2962)        
2022-05-11T18:02:02.1009703Z remote: Compressing objects:  25% (741/2962)        
2022-05-11T18:02:02.1122233Z remote: Compressing objects:  26% (771/2962)        
2022-05-11T18:02:02.1277164Z remote: Compressing objects:  27% (800/2962)        
2022-05-11T18:02:02.1417555Z remote: Compressing objects:  28% (830/2962)        
2022-05-11T18:02:02.1594656Z remote: Compressing objects:  29% (859/2962)        
2022-05-11T18:02:02.1635299Z remote: Compressing objects:  30% (889/2962)        
2022-05-11T18:02:02.1742162Z remote: Compressing objects:  31% (919/2962)        
2022-05-11T18:02:02.1817336Z remote: Compressing objects:  32% (948/2962)        
2022-05-11T18:02:02.1881194Z remote: Compressing objects:  33% (978/2962)        
2022-05-11T18:02:02.1932511Z remote: Compressing objects:  34% (1008/2962)        
2022-05-11T18:02:02.2007471Z remote: Compressing objects:  35% (1037/2962)        
2022-05-11T18:02:02.2130314Z remote: Compressing objects:  36% (1067/2962)        
2022-05-11T18:02:02.2199673Z remote: Compressing objects:  37% (1096/2962)        
2022-05-11T18:02:02.2273425Z remote: Compressing objects:  38% (1126/2962)        
2022-05-11T18:02:02.2405782Z remote: Compressing objects:  39% (1156/2962)        
2022-05-11T18:02:02.2479821Z remote: Compressing objects:  40% (1185/2962)        
2022-05-11T18:02:02.2547516Z remote: Compressing objects:  41% (1215/2962)        
2022-05-11T18:02:02.2576437Z remote: Compressing objects:  42% (1245/2962)        
2022-05-11T18:02:02.2599200Z remote: Compressing objects:  43% (1274/2962)        
2022-05-11T18:02:02.2674014Z remote: Compressing objects:  44% (1304/2962)        
2022-05-11T18:02:02.2824835Z remote: Compressing objects:  45% (1333/2962)        
2022-05-11T18:02:02.2951195Z remote: Compressing objects:  46% (1363/2962)        
2022-05-11T18:02:02.3082795Z remote: Compressing objects:  47% (1393/2962)        
2022-05-11T18:02:02.3186292Z remote: Compressing objects:  48% (1422/2962)        
2022-05-11T18:02:02.3286843Z remote: Compressing objects:  49% (1452/2962)        
2022-05-11T18:02:02.3346979Z remote: Compressing objects:  50% (1481/2962)        
2022-05-11T18:02:02.3347626Z remote: Compressing objects:  51% (1511/2962)        
2022-05-11T18:02:02.3492723Z remote: Compressing objects:  52% (1541/2962)        
2022-05-11T18:02:02.3493240Z remote: Compressing objects:  53% (1570/2962)        
2022-05-11T18:02:02.3520170Z remote: Compressing objects:  54% (1600/2962)        
2022-05-11T18:02:02.3520700Z remote: Compressing objects:  55% (1630/2962)        
2022-05-11T18:02:02.3551239Z remote: Compressing objects:  56% (1659/2962)        
2022-05-11T18:02:02.3551618Z remote: Compressing objects:  57% (1689/2962)        
2022-05-11T18:02:02.3551944Z remote: Compressing objects:  58% (1718/2962)        
2022-05-11T18:02:02.3552255Z remote: Compressing objects:  59% (1748/2962)        
2022-05-11T18:02:02.3552583Z remote: Compressing objects:  60% (1778/2962)        
2022-05-11T18:02:02.3552908Z remote: Compressing objects:  61% (1807/2962)        
2022-05-11T18:02:02.3553225Z remote: Compressing objects:  62% (1837/2962)        
2022-05-11T18:02:02.3553549Z remote: Compressing objects:  63% (1867/2962)        
2022-05-11T18:02:02.3553868Z remote: Compressing objects:  64% (1896/2962)        
2022-05-11T18:02:02.3554173Z remote: Compressing objects:  65% (1926/2962)        
2022-05-11T18:02:02.3554488Z remote: Compressing objects:  66% (1955/2962)        
2022-05-11T18:02:02.3555028Z remote: Compressing objects:  67% (1985/2962)        
2022-05-11T18:02:02.3555350Z remote: Compressing objects:  68% (2015/2962)        
2022-05-11T18:02:02.3555655Z remote: Compressing objects:  69% (2044/2962)        
2022-05-11T18:02:02.3556368Z remote: Compressing objects:  70% (2074/2962)        
2022-05-11T18:02:02.3556698Z remote: Compressing objects:  71% (2104/2962)        
2022-05-11T18:02:02.3557000Z remote: Compressing objects:  72% (2133/2962)        
2022-05-11T18:02:02.3557501Z remote: Compressing objects:  73% (2163/2962)        
2022-05-11T18:02:02.3558820Z remote: Compressing objects:  74% (2192/2962)        
2022-05-11T18:02:02.3559353Z remote: Compressing objects:  75% (2222/2962)        
2022-05-11T18:02:02.3560098Z remote: Compressing objects:  76% (2252/2962)        
2022-05-11T18:02:02.3560672Z remote: Compressing objects:  77% (2281/2962)        
2022-05-11T18:02:02.3561352Z remote: Compressing objects:  78% (2311/2962)        
2022-05-11T18:02:02.3620218Z remote: Compressing objects:  79% (2340/2962)        
2022-05-11T18:02:02.3622814Z remote: Compressing objects:  80% (2370/2962)        
2022-05-11T18:02:02.3623974Z remote: Compressing objects:  81% (2400/2962)        
2022-05-11T18:02:02.3626595Z remote: Compressing objects:  82% (2429/2962)        
2022-05-11T18:02:02.3627538Z remote: Compressing objects:  83% (2459/2962)        
2022-05-11T18:02:02.3628245Z remote: Compressing objects:  84% (2489/2962)        
2022-05-11T18:02:02.3653177Z remote: Compressing objects:  85% (2518/2962)        
2022-05-11T18:02:02.3653860Z remote: Compressing objects:  86% (2548/2962)        
2022-05-11T18:02:02.3654480Z remote: Compressing objects:  87% (2577/2962)        
2022-05-11T18:02:02.3655137Z remote: Compressing objects:  88% (2607/2962)        
2022-05-11T18:02:02.3656015Z remote: Compressing objects:  89% (2637/2962)        
2022-05-11T18:02:02.3656688Z remote: Compressing objects:  90% (2666/2962)        
2022-05-11T18:02:02.3657622Z remote: Compressing objects:  91% (2696/2962)        
2022-05-11T18:02:02.3658100Z remote: Compressing objects:  92% (2726/2962)        
2022-05-11T18:02:02.3658887Z remote: Compressing objects:  93% (2755/2962)        
2022-05-11T18:02:02.3659664Z remote: Compressing objects:  94% (2785/2962)        
2022-05-11T18:02:02.3660329Z remote: Compressing objects:  95% (2814/2962)        
2022-05-11T18:02:02.3661406Z remote: Compressing objects:  96% (2844/2962)        
2022-05-11T18:02:02.3662327Z remote: Compressing objects:  97% (2874/2962)        
2022-05-11T18:02:02.3663255Z remote: Compressing objects:  98% (2903/2962)        
2022-05-11T18:02:02.3664064Z remote: Compressing objects:  99% (2933/2962)        
2022-05-11T18:02:02.3664498Z remote: Compressing objects: 100% (2962/2962)        
2022-05-11T18:02:02.3665294Z remote: Compressing objects: 100% (2962/2962), done.        
2022-05-11T18:02:02.3721855Z Receiving objects:   0% (1/3917)
2022-05-11T18:02:02.3992821Z Receiving objects:   1% (40/3917)
2022-05-11T18:02:02.4022468Z Receiving objects:   2% (79/3917)
2022-05-11T18:02:02.4040150Z Receiving objects:   3% (118/3917)
2022-05-11T18:02:02.4054481Z Receiving objects:   4% (157/3917)
2022-05-11T18:02:02.4070372Z Receiving objects:   5% (196/3917)
2022-05-11T18:02:02.4105488Z Receiving objects:   6% (236/3917)
2022-05-11T18:02:02.4118751Z Receiving objects:   7% (275/3917)
2022-05-11T18:02:02.4177163Z Receiving objects:   8% (314/3917)
2022-05-11T18:02:02.4192405Z Receiving objects:   9% (353/3917)
2022-05-11T18:02:02.4224443Z Receiving objects:  10% (392/3917)
2022-05-11T18:02:02.4248709Z Receiving objects:  11% (431/3917)
2022-05-11T18:02:02.4250664Z Receiving objects:  12% (471/3917)
2022-05-11T18:02:02.4354406Z Receiving objects:  13% (510/3917)
2022-05-11T18:02:02.4439320Z Receiving objects:  14% (549/3917)
2022-05-11T18:02:02.4570767Z Receiving objects:  15% (588/3917)
2022-05-11T18:02:02.4591154Z Receiving objects:  16% (627/3917)
2022-05-11T18:02:02.4596432Z Receiving objects:  17% (666/3917)
2022-05-11T18:02:02.4599576Z Receiving objects:  18% (706/3917)
2022-05-11T18:02:02.4602942Z Receiving objects:  19% (745/3917)
2022-05-11T18:02:02.4607201Z Receiving objects:  20% (784/3917)
2022-05-11T18:02:02.4610517Z Receiving objects:  21% (823/3917)
2022-05-11T18:02:02.4614053Z Receiving objects:  22% (862/3917)
2022-05-11T18:02:02.4618209Z Receiving objects:  23% (901/3917)
2022-05-11T18:02:02.4621496Z Receiving objects:  24% (941/3917)
2022-05-11T18:02:02.4626389Z Receiving objects:  25% (980/3917)
2022-05-11T18:02:02.4630268Z Receiving objects:  26% (1019/3917)
2022-05-11T18:02:02.4633652Z Receiving objects:  27% (1058/3917)
2022-05-11T18:02:02.4641906Z Receiving objects:  28% (1097/3917)
2022-05-11T18:02:02.4718967Z Receiving objects:  29% (1136/3917)
2022-05-11T18:02:02.4737418Z Receiving objects:  30% (1176/3917)
2022-05-11T18:02:02.4766474Z Receiving objects:  31% (1215/3917)
2022-05-11T18:02:02.4773415Z Receiving objects:  32% (1254/3917)
2022-05-11T18:02:02.4802817Z Receiving objects:  33% (1293/3917)
2022-05-11T18:02:02.4869320Z Receiving objects:  34% (1332/3917)
2022-05-11T18:02:02.4873817Z Receiving objects:  35% (1371/3917)
2022-05-11T18:02:02.4878165Z Receiving objects:  36% (1411/3917)
2022-05-11T18:02:02.4882081Z Receiving objects:  37% (1450/3917)
2022-05-11T18:02:02.4886854Z Receiving objects:  38% (1489/3917)
2022-05-11T18:02:02.4892880Z Receiving objects:  39% (1528/3917)
2022-05-11T18:02:02.4896787Z Receiving objects:  40% (1567/3917)
2022-05-11T18:02:02.4909460Z Receiving objects:  41% (1606/3917)
2022-05-11T18:02:02.4929020Z Receiving objects:  42% (1646/3917)
2022-05-11T18:02:02.4997897Z Receiving objects:  43% (1685/3917)
2022-05-11T18:02:02.5005381Z Receiving objects:  44% (1724/3917)
2022-05-11T18:02:02.5046769Z Receiving objects:  45% (1763/3917)
2022-05-11T18:02:02.5093046Z Receiving objects:  46% (1802/3917)
2022-05-11T18:02:02.5149278Z Receiving objects:  47% (1841/3917)
2022-05-11T18:02:02.5168234Z Receiving objects:  48% (1881/3917)
2022-05-11T18:02:02.5345310Z Receiving objects:  49% (1920/3917)
2022-05-11T18:02:02.5458302Z Receiving objects:  50% (1959/3917)
2022-05-11T18:02:02.5502863Z Receiving objects:  51% (1998/3917)
2022-05-11T18:02:02.5569925Z Receiving objects:  52% (2037/3917)
2022-05-11T18:02:02.5607973Z Receiving objects:  53% (2077/3917)
2022-05-11T18:02:02.5677185Z Receiving objects:  54% (2116/3917)
2022-05-11T18:02:02.5697744Z Receiving objects:  55% (2155/3917)
2022-05-11T18:02:02.5716193Z Receiving objects:  56% (2194/3917)
2022-05-11T18:02:02.5741229Z Receiving objects:  57% (2233/3917)
2022-05-11T18:02:02.5779134Z Receiving objects:  58% (2272/3917)
2022-05-11T18:02:02.6029997Z Receiving objects:  59% (2312/3917)
2022-05-11T18:02:02.6072977Z Receiving objects:  60% (2351/3917)
2022-05-11T18:02:02.6211481Z Receiving objects:  61% (2390/3917)
2022-05-11T18:02:02.6217542Z Receiving objects:  62% (2429/3917)
2022-05-11T18:02:02.6218194Z Receiving objects:  63% (2468/3917)
2022-05-11T18:02:02.6218747Z Receiving objects:  64% (2507/3917)
2022-05-11T18:02:02.6221748Z Receiving objects:  65% (2547/3917)
2022-05-11T18:02:02.6222980Z Receiving objects:  66% (2586/3917)
2022-05-11T18:02:02.6225902Z Receiving objects:  67% (2625/3917)
2022-05-11T18:02:02.6226357Z Receiving objects:  68% (2664/3917)
2022-05-11T18:02:02.6229339Z Receiving objects:  69% (2703/3917)
2022-05-11T18:02:02.6229808Z Receiving objects:  70% (2742/3917)
2022-05-11T18:02:02.6230235Z Receiving objects:  71% (2782/3917)
2022-05-11T18:02:02.6233536Z Receiving objects:  72% (2821/3917)
2022-05-11T18:02:02.6233969Z Receiving objects:  73% (2860/3917)
2022-05-11T18:02:02.6234389Z Receiving objects:  74% (2899/3917)
2022-05-11T18:02:02.6237848Z Receiving objects:  75% (2938/3917)
2022-05-11T18:02:02.6238275Z Receiving objects:  76% (2977/3917)
2022-05-11T18:02:02.6238686Z Receiving objects:  77% (3017/3917)
2022-05-11T18:02:02.6242723Z Receiving objects:  78% (3056/3917)
2022-05-11T18:02:02.6243151Z Receiving objects:  79% (3095/3917)
2022-05-11T18:02:02.6243532Z Receiving objects:  80% (3134/3917)
2022-05-11T18:02:02.6243997Z Receiving objects:  81% (3173/3917)
2022-05-11T18:02:02.6247611Z Receiving objects:  82% (3212/3917)
2022-05-11T18:02:02.6270998Z Receiving objects:  83% (3252/3917)
2022-05-11T18:02:02.6271489Z Receiving objects:  84% (3291/3917)
2022-05-11T18:02:02.6272008Z Receiving objects:  85% (3330/3917)
2022-05-11T18:02:02.6289099Z Receiving objects:  86% (3369/3917)
2022-05-11T18:02:02.6311477Z Receiving objects:  87% (3408/3917)
2022-05-11T18:02:02.6387027Z Receiving objects:  88% (3447/3917)
2022-05-11T18:02:02.6400802Z Receiving objects:  89% (3487/3917)
2022-05-11T18:02:02.6422613Z Receiving objects:  90% (3526/3917)
2022-05-11T18:02:02.6450457Z Receiving objects:  91% (3565/3917)
2022-05-11T18:02:02.6487133Z Receiving objects:  92% (3604/3917)
2022-05-11T18:02:02.6520037Z Receiving objects:  93% (3643/3917)
2022-05-11T18:02:02.6583349Z Receiving objects:  94% (3682/3917)
2022-05-11T18:02:02.6592623Z Receiving objects:  95% (3722/3917)
2022-05-11T18:02:02.6612160Z Receiving objects:  96% (3761/3917)
2022-05-11T18:02:02.6643021Z Receiving objects:  97% (3800/3917)
2022-05-11T18:02:02.6682828Z Receiving objects:  98% (3839/3917)
2022-05-11T18:02:02.7132341Z Receiving objects:  99% (3878/3917)
2022-05-11T18:02:02.7133327Z remote: Total 3917 (delta 303), reused 2608 (delta 220), pack-reused 0        
2022-05-11T18:02:02.7143795Z Receiving objects: 100% (3917/3917)
2022-05-11T18:02:02.7144315Z Receiving objects: 100% (3917/3917), 5.58 MiB | 16.18 MiB/s, done.
2022-05-11T18:02:02.7150287Z Resolving deltas:   0% (0/303)
2022-05-11T18:02:02.7151940Z Resolving deltas:   1% (4/303)
2022-05-11T18:02:02.7155080Z Resolving deltas:   2% (7/303)
2022-05-11T18:02:02.7157563Z Resolving deltas:   3% (10/303)
2022-05-11T18:02:02.7162115Z Resolving deltas:   4% (13/303)
2022-05-11T18:02:02.7164919Z Resolving deltas:   5% (16/303)
2022-05-11T18:02:02.7166479Z Resolving deltas:   6% (19/303)
2022-05-11T18:02:02.7175306Z Resolving deltas:   7% (22/303)
2022-05-11T18:02:02.7185338Z Resolving deltas:   8% (25/303)
2022-05-11T18:02:02.7191814Z Resolving deltas:   9% (28/303)
2022-05-11T18:02:02.7196944Z Resolving deltas:  10% (31/303)
2022-05-11T18:02:02.7199228Z Resolving deltas:  11% (34/303)
2022-05-11T18:02:02.7199883Z Resolving deltas:  12% (37/303)
2022-05-11T18:02:02.7203597Z Resolving deltas:  13% (40/303)
2022-05-11T18:02:02.7215982Z Resolving deltas:  14% (43/303)
2022-05-11T18:02:02.7218535Z Resolving deltas:  15% (46/303)
2022-05-11T18:02:02.7219505Z Resolving deltas:  16% (49/303)
2022-05-11T18:02:02.7220331Z Resolving deltas:  17% (52/303)
2022-05-11T18:02:02.7222170Z Resolving deltas:  18% (55/303)
2022-05-11T18:02:02.7226052Z Resolving deltas:  19% (58/303)
2022-05-11T18:02:02.7229828Z Resolving deltas:  20% (61/303)
2022-05-11T18:02:02.7234401Z Resolving deltas:  21% (64/303)
2022-05-11T18:02:02.7237007Z Resolving deltas:  22% (67/303)
2022-05-11T18:02:02.7240970Z Resolving deltas:  23% (70/303)
2022-05-11T18:02:02.7250289Z Resolving deltas:  24% (73/303)
2022-05-11T18:02:02.7254894Z Resolving deltas:  25% (76/303)
2022-05-11T18:02:02.7256364Z Resolving deltas:  26% (79/303)
2022-05-11T18:02:02.7257224Z Resolving deltas:  27% (82/303)
2022-05-11T18:02:02.7258027Z Resolving deltas:  28% (85/303)
2022-05-11T18:02:02.7258663Z Resolving deltas:  29% (88/303)
2022-05-11T18:02:02.7259305Z Resolving deltas:  30% (91/303)
2022-05-11T18:02:02.7259885Z Resolving deltas:  31% (94/303)
2022-05-11T18:02:02.7260725Z Resolving deltas:  32% (97/303)
2022-05-11T18:02:02.7261676Z Resolving deltas:  33% (100/303)
2022-05-11T18:02:02.7263127Z Resolving deltas:  34% (104/303)
2022-05-11T18:02:02.7264086Z Resolving deltas:  35% (107/303)
2022-05-11T18:02:02.7264909Z Resolving deltas:  36% (110/303)
2022-05-11T18:02:02.7267293Z Resolving deltas:  37% (113/303)
2022-05-11T18:02:02.7269064Z Resolving deltas:  38% (116/303)
2022-05-11T18:02:02.7270491Z Resolving deltas:  39% (119/303)
2022-05-11T18:02:02.7271649Z Resolving deltas:  40% (122/303)
2022-05-11T18:02:02.7272698Z Resolving deltas:  41% (125/303)
2022-05-11T18:02:02.7274540Z Resolving deltas:  42% (128/303)
2022-05-11T18:02:02.7276022Z Resolving deltas:  43% (131/303)
2022-05-11T18:02:02.7277137Z Resolving deltas:  44% (134/303)
2022-05-11T18:02:02.7278236Z Resolving deltas:  45% (137/303)
2022-05-11T18:02:02.7279701Z Resolving deltas:  46% (140/303)
2022-05-11T18:02:02.7280685Z Resolving deltas:  47% (143/303)
2022-05-11T18:02:02.7281481Z Resolving deltas:  48% (146/303)
2022-05-11T18:02:02.7282157Z Resolving deltas:  49% (149/303)
2022-05-11T18:02:02.7283556Z Resolving deltas:  50% (152/303)
2022-05-11T18:02:02.7284338Z Resolving deltas:  51% (155/303)
2022-05-11T18:02:02.7285552Z Resolving deltas:  52% (158/303)
2022-05-11T18:02:02.7286556Z Resolving deltas:  53% (161/303)
2022-05-11T18:02:02.7287831Z Resolving deltas:  54% (164/303)
2022-05-11T18:02:02.7290428Z Resolving deltas:  55% (167/303)
2022-05-11T18:02:02.7291443Z Resolving deltas:  56% (170/303)
2022-05-11T18:02:02.7292199Z Resolving deltas:  57% (173/303)
2022-05-11T18:02:02.7295827Z Resolving deltas:  58% (176/303)
2022-05-11T18:02:02.7302697Z Resolving deltas:  59% (179/303)
2022-05-11T18:02:02.7308402Z Resolving deltas:  60% (182/303)
2022-05-11T18:02:02.7308955Z Resolving deltas:  61% (185/303)
2022-05-11T18:02:02.7312514Z Resolving deltas:  62% (188/303)
2022-05-11T18:02:02.7312994Z Resolving deltas:  63% (191/303)
2022-05-11T18:02:02.7313473Z Resolving deltas:  64% (194/303)
2022-05-11T18:02:02.7313742Z Resolving deltas:  65% (197/303)
2022-05-11T18:02:02.7313977Z Resolving deltas:  66% (200/303)
2022-05-11T18:02:02.7314201Z Resolving deltas:  67% (204/303)
2022-05-11T18:02:02.7314427Z Resolving deltas:  68% (207/303)
2022-05-11T18:02:02.7315832Z Resolving deltas:  69% (210/303)
2022-05-11T18:02:02.7320436Z Resolving deltas:  70% (213/303)
2022-05-11T18:02:02.7322444Z Resolving deltas:  71% (216/303)
2022-05-11T18:02:02.7325095Z Resolving deltas:  72% (219/303)
2022-05-11T18:02:02.7328663Z Resolving deltas:  73% (222/303)
2022-05-11T18:02:02.7333330Z Resolving deltas:  74% (225/303)
2022-05-11T18:02:02.7335803Z Resolving deltas:  75% (228/303)
2022-05-11T18:02:02.7338961Z Resolving deltas:  76% (231/303)
2022-05-11T18:02:02.7342418Z Resolving deltas:  77% (235/303)
2022-05-11T18:02:02.7346408Z Resolving deltas:  78% (237/303)
2022-05-11T18:02:02.7348875Z Resolving deltas:  79% (240/303)
2022-05-11T18:02:02.7359758Z Resolving deltas:  80% (243/303)
2022-05-11T18:02:02.7364470Z Resolving deltas:  81% (246/303)
2022-05-11T18:02:02.7364983Z Resolving deltas:  82% (249/303)
2022-05-11T18:02:02.7365769Z Resolving deltas:  83% (252/303)
2022-05-11T18:02:02.7366187Z Resolving deltas:  84% (255/303)
2022-05-11T18:02:02.7366544Z Resolving deltas:  85% (258/303)
2022-05-11T18:02:02.7367187Z Resolving deltas:  86% (261/303)
2022-05-11T18:02:02.7367781Z Resolving deltas:  87% (264/303)
2022-05-11T18:02:02.7371908Z Resolving deltas:  88% (267/303)
2022-05-11T18:02:02.7372317Z Resolving deltas:  89% (270/303)
2022-05-11T18:02:02.7372644Z Resolving deltas:  90% (273/303)
2022-05-11T18:02:02.7372965Z Resolving deltas:  91% (276/303)
2022-05-11T18:02:02.7377873Z Resolving deltas:  92% (279/303)
2022-05-11T18:02:02.7383636Z Resolving deltas:  93% (282/303)
2022-05-11T18:02:02.7387520Z Resolving deltas:  94% (285/303)
2022-05-11T18:02:02.7388554Z Resolving deltas:  95% (288/303)
2022-05-11T18:02:02.7389573Z Resolving deltas:  96% (291/303)
2022-05-11T18:02:02.7390879Z Resolving deltas:  97% (294/303)
2022-05-11T18:02:02.7392743Z Resolving deltas:  98% (297/303)
2022-05-11T18:02:02.7398026Z Resolving deltas:  99% (300/303)
2022-05-11T18:02:02.7398528Z Resolving deltas: 100% (303/303)
2022-05-11T18:02:02.7399146Z Resolving deltas: 100% (303/303), done.
2022-05-11T18:02:02.8768879Z From https://github.com/hashicorp/terraform
2022-05-11T18:02:02.8769793Z  * [new ref]         289bb60ce10cd26a7411bbbe2a307fff994a911a -> origin/main
2022-05-11T18:02:02.8809863Z ##[endgroup]
2022-05-11T18:02:02.8810794Z ##[group]Determining the checkout info
2022-05-11T18:02:02.8811699Z ##[endgroup]
2022-05-11T18:02:02.8812272Z ##[group]Checking out the ref
2022-05-11T18:02:02.8813246Z [command]/usr/bin/git checkout --progress --force -B main refs/remotes/origin/main
2022-05-11T18:02:03.0671421Z Switched to a new branch 'main'
2022-05-11T18:02:03.0672827Z branch 'main' set up to track 'origin/main'.
2022-05-11T18:02:03.0689226Z ##[endgroup]
2022-05-11T18:02:03.0728682Z [command]/usr/bin/git log -1 --format='%H'
2022-05-11T18:02:03.0764954Z '289bb60ce10cd26a7411bbbe2a307fff994a911a'
2022-05-11T18:02:03.1157465Z Prepare all required actions
2022-05-11T18:02:03.1185674Z ##[group]Run ./.github/actions/go-version
2022-05-11T18:02:03.1185929Z ##[endgroup]
2022-05-11T18:02:03.1461092Z ##[group]Run echo "Building with Go $(cat .go-version)"
2022-05-11T18:02:03.1461559Z [36;1mecho "Building with Go $(cat .go-version)"[0m
2022-05-11T18:02:03.1461911Z [36;1mecho "::set-output name=version::$(cat .go-version)"[0m
2022-05-11T18:02:03.1518147Z shell: /usr/bin/bash --noprofile --norc -e -o pipefail {0}
2022-05-11T18:02:03.1518471Z ##[endgroup]
2022-05-11T18:02:03.1678542Z Building with Go 1.18.1
2022-05-11T18:02:03.1842311Z ##[group]Run actions/setup-go@v2
2022-05-11T18:02:03.1842742Z with:
2022-05-11T18:02:03.1843024Z   go-version: 1.18.1
2022-05-11T18:02:03.1843314Z   check-latest: false
2022-05-11T18:02:03.1843604Z   stable: true
2022-05-11T18:02:03.1844068Z   token: ***
2022-05-11T18:02:03.1844339Z ##[endgroup]
2022-05-11T18:02:03.2330302Z Setup go stable version spec 1.18.1
2022-05-11T18:02:03.2349581Z Found in cache @ /opt/hostedtoolcache/go/1.18.1/x64
2022-05-11T18:02:03.2358234Z Added go to the path
2022-05-11T18:02:03.8597792Z Successfully setup go version 1.18.1
2022-05-11T18:02:03.8665507Z go version go1.18.1 linux/amd64
2022-05-11T18:02:03.8665935Z 
2022-05-11T18:02:03.8666540Z ##[group]go env
2022-05-11T18:02:05.0129173Z GO111MODULE=""
2022-05-11T18:02:05.0129970Z GOARCH="amd64"
2022-05-11T18:02:05.0131635Z GOBIN=""
2022-05-11T18:02:05.0132375Z GOCACHE="/home/runner/.cache/go-build"
2022-05-11T18:02:05.0132905Z GOENV="/home/runner/.config/go/env"
2022-05-11T18:02:05.0133383Z GOEXE=""
2022-05-11T18:02:05.0135498Z GOEXPERIMENT=""
2022-05-11T18:02:05.0135943Z GOFLAGS=""
2022-05-11T18:02:05.0136299Z GOHOSTARCH="amd64"
2022-05-11T18:02:05.0136652Z GOHOSTOS="linux"
2022-05-11T18:02:05.0136950Z GOINSECURE=""
2022-05-11T18:02:05.0137365Z GOMODCACHE="/home/runner/go/pkg/mod"
2022-05-11T18:02:05.0137700Z GONOPROXY=""
2022-05-11T18:02:05.0138091Z GONOSUMDB=""
2022-05-11T18:02:05.0138432Z GOOS="linux"
2022-05-11T18:02:05.0138742Z GOPATH="/home/runner/go"
2022-05-11T18:02:05.0139149Z GOPRIVATE=""
2022-05-11T18:02:05.0267658Z GOPROXY="https://proxy.golang.org,direct"
2022-05-11T18:02:05.0318560Z GOROOT="/opt/hostedtoolcache/go/1.18.1/x64"
2022-05-11T18:02:05.0319001Z GOSUMDB="sum.golang.org"
2022-05-11T18:02:05.0319537Z GOTMPDIR=""
2022-05-11T18:02:05.0319927Z GOTOOLDIR="/opt/hostedtoolcache/go/1.18.1/x64/pkg/tool/linux_amd64"
2022-05-11T18:02:05.0320204Z GOVCS=""
2022-05-11T18:02:05.0320411Z GOVERSION="go1.18.1"
2022-05-11T18:02:05.0320612Z GCCGO="gccgo"
2022-05-11T18:02:05.0320813Z GOAMD64="v1"
2022-05-11T18:02:05.0321020Z AR="ar"
2022-05-11T18:02:05.0321194Z CC="gcc"
2022-05-11T18:02:05.0321380Z CXX="g++"
2022-05-11T18:02:05.0321589Z CGO_ENABLED="1"
2022-05-11T18:02:05.0321849Z GOMOD="/home/runner/work/terraform/terraform/go.mod"
2022-05-11T18:02:05.0322106Z GOWORK=""
2022-05-11T18:02:05.0322478Z CGO_CFLAGS="-g -O2"
2022-05-11T18:02:05.0322681Z CGO_CPPFLAGS=""
2022-05-11T18:02:05.0322943Z CGO_CXXFLAGS="-g -O2"
2022-05-11T18:02:05.0323204Z CGO_FFLAGS="-g -O2"
2022-05-11T18:02:05.0323446Z CGO_LDFLAGS="-g -O2"
2022-05-11T18:02:05.0323722Z PKG_CONFIG="pkg-config"
2022-05-11T18:02:05.0324320Z GOGCCFLAGS="-fPIC -m64 -pthread -fmessage-length=0 -fdebug-prefix-map=/tmp/go-build3675885924=/tmp/go-build -gno-record-gcc-switches"
2022-05-11T18:02:05.0324637Z 
2022-05-11T18:02:05.0325002Z ##[endgroup]
2022-05-11T18:02:05.1715678Z ##[group]Run actions/cache@v3
2022-05-11T18:02:05.1715911Z with:
2022-05-11T18:02:05.1716107Z   path: ~/go/pkg
2022-05-11T18:02:05.1716400Z   key: go-mod-784d88635a556190c85c96f8a73d4666018d3829e5d6386dd44de820218e7413
2022-05-11T18:02:05.1716720Z   restore-keys: go-mod-

2022-05-11T18:02:05.1716940Z env:
2022-05-11T18:02:05.1717165Z   GOROOT: /opt/hostedtoolcache/go/1.18.1/x64
2022-05-11T18:02:05.1717414Z ##[endgroup]
2022-05-11T18:02:06.5428830Z Received 230686720 of 320524443 (72.0%), 218.9 MBs/sec
2022-05-11T18:02:06.9705895Z Received 320524443 of 320524443 (100.0%), 213.3 MBs/sec
2022-05-11T18:02:06.9706913Z Cache Size: ~306 MB (320524443 B)
2022-05-11T18:02:06.9733557Z [command]/usr/bin/tar --use-compress-program zstd -d -xf /home/runner/work/_temp/9f9a7cde-1a5e-46fe-8bb1-6a22f8bfd52b/cache.tzst -P -C /home/runner/work/terraform/terraform
2022-05-11T18:02:13.8868054Z Cache restored successfully
2022-05-11T18:02:14.4037055Z 
2022-05-11T18:02:14.4039609Z Cache restored from key: go-mod-784d88635a556190c85c96f8a73d4666018d3829e5d6386dd44de820218e7413
2022-05-11T18:02:14.4661501Z ##[group]Run go test ./...
2022-05-11T18:02:14.4661815Z [36;1mgo test ./...[0m
2022-05-11T18:02:14.4719152Z shell: /usr/bin/bash -e {0}
2022-05-11T18:02:14.4719555Z env:
2022-05-11T18:02:14.4719809Z   GOROOT: /opt/hostedtoolcache/go/1.18.1/x64
2022-05-11T18:02:14.4720066Z ##[endgroup]
2022-05-11T18:02:15.9492389Z go: downloading github.com/go-test/deep v1.0.3
2022-05-11T18:02:16.2864615Z go: downloading github.com/hashicorp/consul/sdk v0.8.0
2022-05-11T18:02:16.4684106Z go: downloading github.com/apparentlymart/go-dump v0.0.0-20190214190832-042adf3cf4a0
2022-05-11T18:02:16.4861566Z go: downloading github.com/Netflix/go-expect v0.0.0-20211003183012-e1a7c020ce25
2022-05-11T18:02:16.4899706Z go: downloading github.com/golang/mock v1.6.0
2022-05-11T18:02:16.6013797Z go: downloading github.com/dylanmei/winrmtest v0.0.0-20210303004826-fbc9ae56efb6
2022-05-11T18:02:16.7964751Z go: downloading github.com/zclconf/go-cty-debug v0.0.0-20191215020915-b22d67c1ba0b
2022-05-11T18:02:17.2768289Z go: downloading github.com/kr/pty v1.1.5
2022-05-11T18:02:17.2960488Z go: downloading github.com/antchfx/xmlquery v1.3.5
2022-05-11T18:02:17.5395527Z go: downloading github.com/antchfx/xpath v1.1.10
2022-05-11T18:04:15.1759678Z ok  	github.com/hashicorp/terraform	0.059s
2022-05-11T18:04:16.7509344Z ok  	github.com/hashicorp/terraform/internal/addrs	0.046s
2022-05-11T18:04:16.7511097Z ok  	github.com/hashicorp/terraform/internal/backend	0.024s
2022-05-11T18:04:19.5592499Z ok  	github.com/hashicorp/terraform/internal/backend/init	0.058s
2022-05-11T18:04:19.5593248Z ok  	github.com/hashicorp/terraform/internal/backend/local	0.186s
2022-05-11T18:04:21.4944201Z ok  	github.com/hashicorp/terraform/internal/backend/remote	0.533s
2022-05-11T18:04:21.4947650Z ok  	github.com/hashicorp/terraform/internal/backend/remote-state/artifactory	0.015s
2022-05-11T18:04:22.3681828Z ok  	github.com/hashicorp/terraform/internal/backend/remote-state/azure	0.017s
2022-05-11T18:04:23.2833708Z ok  	github.com/hashicorp/terraform/internal/backend/remote-state/consul	0.026s
2022-05-11T18:04:23.8037864Z ok  	github.com/hashicorp/terraform/internal/backend/remote-state/cos	0.017s
2022-05-11T18:04:24.4987199Z ok  	github.com/hashicorp/terraform/internal/backend/remote-state/etcdv2	0.025s
2022-05-11T18:04:25.2651983Z ok  	github.com/hashicorp/terraform/internal/backend/remote-state/etcdv3	0.021s
2022-05-11T18:04:25.8607746Z ok  	github.com/hashicorp/terraform/internal/backend/remote-state/gcs	0.017s
2022-05-11T18:04:30.5538300Z ok  	github.com/hashicorp/terraform/internal/backend/remote-state/http	4.025s
2022-05-11T18:04:30.5541418Z ok  	github.com/hashicorp/terraform/internal/backend/remote-state/inmem	0.015s
2022-05-11T18:04:30.5544057Z ok  	github.com/hashicorp/terraform/internal/backend/remote-state/kubernetes	0.023s
2022-05-11T18:04:30.5546640Z ok  	github.com/hashicorp/terraform/internal/backend/remote-state/manta	0.014s
2022-05-11T18:04:31.2918458Z ok  	github.com/hashicorp/terraform/internal/backend/remote-state/oss	0.016s
2022-05-11T18:04:31.8998835Z ok  	github.com/hashicorp/terraform/internal/backend/remote-state/pg	0.016s
2022-05-11T18:04:32.9212418Z ok  	github.com/hashicorp/terraform/internal/backend/remote-state/s3	0.015s
2022-05-11T18:04:33.2623120Z ok  	github.com/hashicorp/terraform/internal/backend/remote-state/swift	0.016s
2022-05-11T18:04:35.6618896Z ok  	github.com/hashicorp/terraform/internal/builtin/providers/terraform	0.034s
2022-05-11T18:04:35.6619664Z ok  	github.com/hashicorp/terraform/internal/builtin/provisioners/file	0.004s
2022-05-11T18:04:35.6620947Z ok  	github.com/hashicorp/terraform/internal/builtin/provisioners/local-exec	0.067s
2022-05-11T18:04:36.9341766Z ok  	github.com/hashicorp/terraform/internal/builtin/provisioners/remote-exec	2.006s
2022-05-11T18:04:42.2417913Z ok  	github.com/hashicorp/terraform/internal/cloud	3.581s
2022-05-11T18:04:44.7757682Z ok  	github.com/hashicorp/terraform/internal/cloud/e2e	5.852s
2022-05-11T18:05:20.6022529Z ok  	github.com/hashicorp/terraform/internal/command	28.271s
2022-05-11T18:05:20.6025876Z ok  	github.com/hashicorp/terraform/internal/command/arguments	0.054s
2022-05-11T18:05:20.6028745Z ok  	github.com/hashicorp/terraform/internal/command/cliconfig	0.020s
2022-05-11T18:05:20.6031860Z ok  	github.com/hashicorp/terraform/internal/command/clistate	0.015s
2022-05-11T18:05:20.6034682Z ok  	github.com/hashicorp/terraform/internal/command/e2etest	13.969s
2022-05-11T18:05:20.6037466Z ok  	github.com/hashicorp/terraform/internal/command/format	0.069s
2022-05-11T18:05:20.6040276Z ok  	github.com/hashicorp/terraform/internal/command/jsonconfig	0.016s
2022-05-11T18:05:20.6043087Z ok  	github.com/hashicorp/terraform/internal/command/jsonplan	0.023s
2022-05-11T18:05:20.6045872Z ok  	github.com/hashicorp/terraform/internal/command/jsonprovider	0.016s
2022-05-11T18:05:20.6048811Z ok  	github.com/hashicorp/terraform/internal/command/jsonstate	0.019s
2022-05-11T18:05:20.6051598Z ok  	github.com/hashicorp/terraform/internal/command/views	3.146s
2022-05-11T18:05:20.6054385Z ok  	github.com/hashicorp/terraform/internal/command/views/json	0.059s
2022-05-11T18:05:20.6057176Z ok  	github.com/hashicorp/terraform/internal/command/webbrowser	0.011s
2022-05-11T18:05:20.6059943Z ok  	github.com/hashicorp/terraform/internal/command/workdir	0.009s
2022-05-11T18:05:21.8398489Z ok  	github.com/hashicorp/terraform/internal/communicator	1.039s
2022-05-11T18:05:21.8399294Z ok  	github.com/hashicorp/terraform/internal/communicator/remote	0.002s [no tests to run]
2022-05-11T18:05:21.8400052Z ok  	github.com/hashicorp/terraform/internal/communicator/shared	0.004s
2022-05-11T18:05:24.0478877Z ok  	github.com/hashicorp/terraform/internal/communicator/ssh	2.373s
2022-05-11T18:05:24.0479639Z ok  	github.com/hashicorp/terraform/internal/communicator/winrm	0.016s
2022-05-11T18:05:24.4690553Z ok  	github.com/hashicorp/terraform/internal/configs	0.072s
2022-05-11T18:05:25.4112552Z ok  	github.com/hashicorp/terraform/internal/configs/configload	0.023s
2022-05-11T18:05:25.4744109Z ok  	github.com/hashicorp/terraform/internal/configs/configschema	0.007s
2022-05-11T18:05:26.2497499Z ok  	github.com/hashicorp/terraform/internal/configs/hcl2shim	0.009s
2022-05-11T18:05:26.2497945Z ok  	github.com/hashicorp/terraform/internal/copy	0.002s
2022-05-11T18:05:27.3715685Z ok  	github.com/hashicorp/terraform/internal/dag	0.926s
2022-05-11T18:05:27.4251299Z ok  	github.com/hashicorp/terraform/internal/depsfile	0.020s
2022-05-11T18:05:27.5680470Z ok  	github.com/hashicorp/terraform/internal/didyoumean	0.002s
2022-05-11T18:05:27.5681362Z ?   	github.com/hashicorp/terraform/internal/e2e	[no test files]
2022-05-11T18:05:28.4709120Z ok  	github.com/hashicorp/terraform/internal/earlyconfig	0.024s
2022-05-11T18:05:28.4709555Z ?   	github.com/hashicorp/terraform/internal/experiments	[no test files]
2022-05-11T18:05:28.4709962Z ?   	github.com/hashicorp/terraform/internal/getmodules	[no test files]
2022-05-11T18:05:33.4144528Z ok  	github.com/hashicorp/terraform/internal/getproviders	4.077s
2022-05-11T18:05:33.4249048Z ?   	github.com/hashicorp/terraform/internal/grpcwrap	[no test files]
2022-05-11T18:05:33.4250612Z ok  	github.com/hashicorp/terraform/internal/helper/slowmessage	0.108s
2022-05-11T18:05:33.4251936Z ok  	github.com/hashicorp/terraform/internal/httpclient	0.005s
2022-05-11T18:05:33.4253282Z ok  	github.com/hashicorp/terraform/internal/initwd	0.024s
2022-05-11T18:05:33.4254544Z ok  	github.com/hashicorp/terraform/internal/instances	0.016s
2022-05-11T18:05:33.4255819Z ok  	github.com/hashicorp/terraform/internal/ipaddr	0.002s
2022-05-11T18:05:33.4257093Z ok  	github.com/hashicorp/terraform/internal/lang	0.038s
2022-05-11T18:05:33.4258391Z ok  	github.com/hashicorp/terraform/internal/lang/blocktoattr	0.005s
2022-05-11T18:05:34.7879756Z ok  	github.com/hashicorp/terraform/internal/lang/funcs	0.181s
2022-05-11T18:05:34.8502795Z ok  	github.com/hashicorp/terraform/internal/lang/globalref	0.038s
2022-05-11T18:05:34.8503240Z ?   	github.com/hashicorp/terraform/internal/lang/marks	[no test files]
2022-05-11T18:05:34.8503836Z ?   	github.com/hashicorp/terraform/internal/lang/types	[no test files]
2022-05-11T18:05:35.1103691Z ok  	github.com/hashicorp/terraform/internal/legacy/helper/acctest	0.013s
2022-05-11T18:05:35.1104380Z ok  	github.com/hashicorp/terraform/internal/legacy/helper/hashcode	0.008s
2022-05-11T18:05:38.5313587Z ok  	github.com/hashicorp/terraform/internal/legacy/helper/schema	0.100s
2022-05-11T18:05:38.5314299Z ok  	github.com/hashicorp/terraform/internal/legacy/terraform	0.039s
2022-05-11T18:05:38.5314764Z ok  	github.com/hashicorp/terraform/internal/logging	0.026s
2022-05-11T18:05:38.5315218Z ?   	github.com/hashicorp/terraform/internal/modsdir	[no test files]
2022-05-11T18:05:39.1969365Z ok  	github.com/hashicorp/terraform/internal/moduledeps	0.013s
2022-05-11T18:05:39.6252193Z ok  	github.com/hashicorp/terraform/internal/moduletest	0.015s
2022-05-11T18:05:40.6277130Z ok  	github.com/hashicorp/terraform/internal/plans	0.041s
2022-05-11T18:05:40.6279117Z ?   	github.com/hashicorp/terraform/internal/plans/internal/planproto	[no test files]
2022-05-11T18:05:42.0546786Z ok  	github.com/hashicorp/terraform/internal/plans/objchange	0.048s
2022-05-11T18:05:42.0710347Z ok  	github.com/hashicorp/terraform/internal/plans/planfile	0.061s
2022-05-11T18:05:43.6648548Z ok  	github.com/hashicorp/terraform/internal/plugin	0.018s
2022-05-11T18:05:43.6648990Z ok  	github.com/hashicorp/terraform/internal/plugin/convert	0.035s
2022-05-11T18:05:43.6649387Z ok  	github.com/hashicorp/terraform/internal/plugin/discovery	0.003s
2022-05-11T18:05:43.6649958Z ?   	github.com/hashicorp/terraform/internal/plugin/mock_proto	[no test files]
2022-05-11T18:05:44.8471602Z ok  	github.com/hashicorp/terraform/internal/plugin6	0.016s
2022-05-11T18:05:44.8472291Z ok  	github.com/hashicorp/terraform/internal/plugin6/convert	0.019s
2022-05-11T18:05:44.8472790Z ?   	github.com/hashicorp/terraform/internal/plugin6/mock_proto	[no test files]
2022-05-11T18:05:44.8473641Z ?   	github.com/hashicorp/terraform/internal/provider-simple	[no test files]
2022-05-11T18:05:44.9140737Z ?   	github.com/hashicorp/terraform/internal/provider-simple/main	[no test files]
2022-05-11T18:05:44.9141649Z ?   	github.com/hashicorp/terraform/internal/provider-simple-v6	[no test files]
2022-05-11T18:05:44.9142384Z ?   	github.com/hashicorp/terraform/internal/provider-simple-v6/main	[no test files]
2022-05-11T18:05:44.9704236Z ?   	github.com/hashicorp/terraform/internal/provider-terraform/main	[no test files]
2022-05-11T18:05:46.2510042Z ok  	github.com/hashicorp/terraform/internal/providercache	0.045s
2022-05-11T18:05:46.2511661Z ok  	github.com/hashicorp/terraform/internal/providers	0.029s
2022-05-11T18:05:46.2513371Z ?   	github.com/hashicorp/terraform/internal/provisioner-local-exec/main	[no test files]
2022-05-11T18:05:46.2514719Z ?   	github.com/hashicorp/terraform/internal/provisioners	[no test files]
2022-05-11T18:05:47.4286618Z ok  	github.com/hashicorp/terraform/internal/refactoring	0.024s
2022-05-11T18:05:49.3927584Z ok  	github.com/hashicorp/terraform/internal/registry	2.021s
2022-05-11T18:05:49.3928099Z ok  	github.com/hashicorp/terraform/internal/registry/regsrc	0.013s
2022-05-11T18:05:49.3928739Z ok  	github.com/hashicorp/terraform/internal/registry/response	0.002s
2022-05-11T18:05:49.3929304Z ?   	github.com/hashicorp/terraform/internal/registry/test	[no test files]
2022-05-11T18:05:49.3929817Z ok  	github.com/hashicorp/terraform/internal/repl	0.032s
2022-05-11T18:05:49.3930328Z ?   	github.com/hashicorp/terraform/internal/replacefile	[no test files]
2022-05-11T18:05:50.6158501Z ok  	github.com/hashicorp/terraform/internal/states	0.016s
2022-05-11T18:05:50.6158936Z ok  	github.com/hashicorp/terraform/internal/states/remote	0.018s
2022-05-11T18:05:51.8694323Z ok  	github.com/hashicorp/terraform/internal/states/statefile	0.027s
2022-05-11T18:05:54.6581640Z ok  	github.com/hashicorp/terraform/internal/states/statemgr	2.733s
2022-05-11T18:05:54.6582225Z ok  	github.com/hashicorp/terraform/internal/terminal	0.002s
2022-05-11T18:06:04.0409301Z ok  	github.com/hashicorp/terraform/internal/terraform	4.333s
2022-05-11T18:06:04.0409956Z ok  	github.com/hashicorp/terraform/internal/tfdiags	0.015s
2022-05-11T18:06:04.0410420Z ?   	github.com/hashicorp/terraform/internal/tfplugin5	[no test files]
2022-05-11T18:06:04.0411022Z ?   	github.com/hashicorp/terraform/internal/tfplugin6	[no test files]
2022-05-11T18:06:04.0411467Z ok  	github.com/hashicorp/terraform/internal/typeexpr	0.019s
2022-05-11T18:06:04.0411846Z ?   	github.com/hashicorp/terraform/tools/loggraphdiff	[no test files]
2022-05-11T18:06:04.0412567Z ?   	github.com/hashicorp/terraform/tools/protobuf-compile	[no test files]
2022-05-11T18:06:04.0412943Z ?   	github.com/hashicorp/terraform/version	[no test files]
2022-05-11T18:06:04.2954513Z Post job cleanup.
2022-05-11T18:06:04.4416107Z Cache hit occurred on the primary key go-mod-784d88635a556190c85c96f8a73d4666018d3829e5d6386dd44de820218e7413, not saving cache.
2022-05-11T18:06:04.4517065Z Post job cleanup.
2022-05-11T18:06:04.5771128Z [command]/usr/bin/git version
2022-05-11T18:06:04.5821622Z git version 2.36.0
2022-05-11T18:06:04.5867458Z Temporarily overriding HOME='/home/runner/work/_temp/e1f8056b-26e8-4609-b779-4d4fd549db76' before making global git config changes
2022-05-11T18:06:04.5869754Z Adding repository directory to the temporary git global config as a safe directory
2022-05-11T18:06:04.5876113Z [command]/usr/bin/git config --global --add safe.directory /home/runner/work/terraform/terraform
2022-05-11T18:06:04.5921624Z [command]/usr/bin/git config --local --name-only --get-regexp core\.sshCommand
2022-05-11T18:06:04.5958728Z [command]/usr/bin/git submodule foreach --recursive git config --local --name-only --get-regexp 'core\.sshCommand' && git config --local --unset-all 'core.sshCommand' || :
2022-05-11T18:06:04.6233637Z [command]/usr/bin/git config --local --name-only --get-regexp http\.https\:\/\/github\.com\/\.extraheader
2022-05-11T18:06:04.6262137Z http.https://github.com/.extraheader
2022-05-11T18:06:04.6271086Z [command]/usr/bin/git config --local --unset-all http.https://github.com/.extraheader
2022-05-11T18:06:04.6306697Z [command]/usr/bin/git submodule foreach --recursive git config --local --name-only --get-regexp 'http\.https\:\/\/github\.com\/\.extraheader' && git config --local --unset-all 'http.https://github.com/.extraheader' || :
2022-05-11T18:06:04.6806952Z Cleaning up orphan processes
