2022-05-11T19:01:35.4083668Z Requested labels: ubuntu-latest
2022-05-11T19:01:35.4083717Z Job defined at: hashicorp/terraform/.github/workflows/build.yml@refs/tags/v1.2.0-rc2
2022-05-11T19:01:35.4083735Z Waiting for a runner to pick up this job...
2022-05-11T19:01:38.8844770Z Job is waiting for a hosted runner to come online.
2022-05-11T19:01:42.8867120Z Job is about to start running on the hosted runner: GitHub Actions 17 (hosted)
2022-05-11T19:01:47.7722182Z Current runner version: '2.291.1'
2022-05-11T19:01:47.7757130Z ##[group]Operating System
2022-05-11T19:01:47.7757839Z Ubuntu
2022-05-11T19:01:47.7758346Z 20.04.4
2022-05-11T19:01:47.7758654Z LTS
2022-05-11T19:01:47.7759111Z ##[endgroup]
2022-05-11T19:01:47.7759482Z ##[group]Virtual Environment
2022-05-11T19:01:47.7759943Z Environment: ubuntu-20.04
2022-05-11T19:01:47.7760257Z Version: 20220503.1
2022-05-11T19:01:47.7760822Z Included Software: https://github.com/actions/virtual-environments/blob/ubuntu20/20220503.1/images/linux/Ubuntu2004-Readme.md
2022-05-11T19:01:47.7761556Z Image Release: https://github.com/actions/virtual-environments/releases/tag/ubuntu20%2F20220503.1
2022-05-11T19:01:47.7762094Z ##[endgroup]
2022-05-11T19:01:47.7762434Z ##[group]Virtual Environment Provisioner
2022-05-11T19:01:47.7762836Z 1.0.0.0-main-20220421-1
2022-05-11T19:01:47.7763194Z ##[endgroup]
2022-05-11T19:01:47.7763875Z ##[group]GITHUB_TOKEN Permissions
2022-05-11T19:01:47.7764530Z Contents: read
2022-05-11T19:01:47.7765058Z Metadata: read
2022-05-11T19:01:47.7765425Z Statuses: write
2022-05-11T19:01:47.7766165Z ##[endgroup]
2022-05-11T19:01:47.7771228Z Secret source: Actions
2022-05-11T19:01:47.7771735Z Prepare workflow directory
2022-05-11T19:01:47.9282678Z Prepare all required actions
2022-05-11T19:01:47.9524800Z Getting action download info
2022-05-11T19:01:48.2098943Z Download action repository 'actions/checkout@v2' (SHA:7884fcad6b5d53d10323aee724dc68d8b9096a2e)
2022-05-11T19:01:48.8979304Z Download action repository 'hashicorp/actions-docker-build@v1' (SHA:05c370a26e61b06be46c5095d6e914c9f0ea4f3d)
2022-05-11T19:01:49.5217533Z Getting action download info
2022-05-11T19:01:49.7316077Z Download action repository 'actions/download-artifact@v2' (SHA:f023be2c48cc18debc3bacd34cb396e0295e2869)
2022-05-11T19:01:50.1522854Z Download action repository 'actions/upload-artifact@v2' (SHA:82c141cc518b40d92cc801eee768e7aafc9c2fa2)
2022-05-11T19:01:50.7945170Z ##[group]Run actions/checkout@v2
2022-05-11T19:01:50.7945534Z with:
2022-05-11T19:01:50.7945990Z   repository: hashicorp/terraform
2022-05-11T19:01:50.7946584Z   token: ***
2022-05-11T19:01:50.7946848Z   ssh-strict: true
2022-05-11T19:01:50.7947118Z   persist-credentials: true
2022-05-11T19:01:50.7947387Z   clean: true
2022-05-11T19:01:50.7947616Z   fetch-depth: 1
2022-05-11T19:01:50.7947852Z   lfs: false
2022-05-11T19:01:50.7948103Z   submodules: false
2022-05-11T19:01:50.7948354Z   set-safe-directory: true
2022-05-11T19:01:50.7948611Z env:
2022-05-11T19:01:50.7948844Z   PKG_NAME: terraform
2022-05-11T19:01:50.7949238Z   repo: terraform
2022-05-11T19:01:50.7949493Z   version: 1.2.0-rc1-8-gbe7d90144
2022-05-11T19:01:50.7949739Z ##[endgroup]
2022-05-11T19:01:51.1377090Z Syncing repository: hashicorp/terraform
2022-05-11T19:01:51.1379703Z ##[group]Getting Git version info
2022-05-11T19:01:51.1380624Z Working directory is '/home/runner/work/terraform/terraform'
2022-05-11T19:01:51.1381543Z [command]/usr/bin/git version
2022-05-11T19:01:51.1735400Z git version 2.36.0
2022-05-11T19:01:51.1770306Z ##[endgroup]
2022-05-11T19:01:51.1805576Z Temporarily overriding HOME='/home/runner/work/_temp/8916f8f7-ccc2-44fa-adc1-9c090ae0c3bf' before making global git config changes
2022-05-11T19:01:51.1806284Z Adding repository directory to the temporary git global config as a safe directory
2022-05-11T19:01:51.1809963Z [command]/usr/bin/git config --global --add safe.directory /home/runner/work/terraform/terraform
2022-05-11T19:01:51.1860468Z Deleting the contents of '/home/runner/work/terraform/terraform'
2022-05-11T19:01:51.1867612Z ##[group]Initializing the repository
2022-05-11T19:01:51.1872364Z [command]/usr/bin/git init /home/runner/work/terraform/terraform
2022-05-11T19:01:51.1946143Z hint: Using 'master' as the name for the initial branch. This default branch name
2022-05-11T19:01:51.1947211Z hint: is subject to change. To configure the initial branch name to use in all
2022-05-11T19:01:51.1947725Z hint: of your new repositories, which will suppress this warning, call:
2022-05-11T19:01:51.2024446Z hint: 
2022-05-11T19:01:51.2051821Z hint: 	git config --global init.defaultBranch <name>
2022-05-11T19:01:51.2052147Z hint: 
2022-05-11T19:01:51.2052600Z hint: Names commonly chosen instead of 'master' are 'main', 'trunk' and
2022-05-11T19:01:51.2053107Z hint: 'development'. The just-created branch can be renamed via this command:
2022-05-11T19:01:51.2053576Z hint: 
2022-05-11T19:01:51.2053857Z hint: 	git branch -m <name>
2022-05-11T19:01:51.2054192Z Initialized empty Git repository in /home/runner/work/terraform/terraform/.git/
2022-05-11T19:01:51.2066287Z [command]/usr/bin/git remote add origin https://github.com/hashicorp/terraform
2022-05-11T19:01:51.2123852Z ##[endgroup]
2022-05-11T19:01:51.2124730Z ##[group]Disabling automatic garbage collection
2022-05-11T19:01:51.2131444Z [command]/usr/bin/git config --local gc.auto 0
2022-05-11T19:01:51.2170017Z ##[endgroup]
2022-05-11T19:01:51.2170926Z ##[group]Setting up auth
2022-05-11T19:01:51.2183030Z [command]/usr/bin/git config --local --name-only --get-regexp core\.sshCommand
2022-05-11T19:01:51.2223960Z [command]/usr/bin/git submodule foreach --recursive git config --local --name-only --get-regexp 'core\.sshCommand' && git config --local --unset-all 'core.sshCommand' || :
2022-05-11T19:01:51.2636706Z [command]/usr/bin/git config --local --name-only --get-regexp http\.https\:\/\/github\.com\/\.extraheader
2022-05-11T19:01:51.2682784Z [command]/usr/bin/git submodule foreach --recursive git config --local --name-only --get-regexp 'http\.https\:\/\/github\.com\/\.extraheader' && git config --local --unset-all 'http.https://github.com/.extraheader' || :
2022-05-11T19:01:51.2979161Z [command]/usr/bin/git config --local http.https://github.com/.extraheader AUTHORIZATION: basic ***
2022-05-11T19:01:51.3021979Z ##[endgroup]
2022-05-11T19:01:51.3024945Z ##[group]Fetching the repository
2022-05-11T19:01:51.3037521Z [command]/usr/bin/git -c protocol.version=2 fetch --no-tags --prune --progress --no-recurse-submodules --depth=1 origin +be7d90144bf462198bf7b8a9eb688ee8f5be0121:refs/tags/v1.2.0-rc2
2022-05-11T19:01:51.7524329Z remote: Enumerating objects: 3913, done.        
2022-05-11T19:01:51.7524768Z remote: Counting objects:   0% (1/3913)        
2022-05-11T19:01:51.7525086Z remote: Counting objects:   1% (40/3913)        
2022-05-11T19:01:51.7525402Z remote: Counting objects:   2% (79/3913)        
2022-05-11T19:01:51.7525715Z remote: Counting objects:   3% (118/3913)        
2022-05-11T19:01:51.7526031Z remote: Counting objects:   4% (157/3913)        
2022-05-11T19:01:51.7526326Z remote: Counting objects:   5% (196/3913)        
2022-05-11T19:01:51.7526638Z remote: Counting objects:   6% (235/3913)        
2022-05-11T19:01:51.7526940Z remote: Counting objects:   7% (274/3913)        
2022-05-11T19:01:51.7527226Z remote: Counting objects:   8% (314/3913)        
2022-05-11T19:01:51.7527527Z remote: Counting objects:   9% (353/3913)        
2022-05-11T19:01:51.7527884Z remote: Counting objects:  10% (392/3913)        
2022-05-11T19:01:51.7528170Z remote: Counting objects:  11% (431/3913)        
2022-05-11T19:01:51.7528481Z remote: Counting objects:  12% (470/3913)        
2022-05-11T19:01:51.7528778Z remote: Counting objects:  13% (509/3913)        
2022-05-11T19:01:51.7529061Z remote: Counting objects:  14% (548/3913)        
2022-05-11T19:01:51.7529366Z remote: Counting objects:  15% (587/3913)        
2022-05-11T19:01:51.7529662Z remote: Counting objects:  16% (627/3913)        
2022-05-11T19:01:51.7529957Z remote: Counting objects:  17% (666/3913)        
2022-05-11T19:01:51.7530248Z remote: Counting objects:  18% (705/3913)        
2022-05-11T19:01:51.7530547Z remote: Counting objects:  19% (744/3913)        
2022-05-11T19:01:51.7530910Z remote: Counting objects:  20% (783/3913)        
2022-05-11T19:01:51.7531194Z remote: Counting objects:  21% (822/3913)        
2022-05-11T19:01:51.7531490Z remote: Counting objects:  22% (861/3913)        
2022-05-11T19:01:51.7531787Z remote: Counting objects:  23% (900/3913)        
2022-05-11T19:01:51.7532073Z remote: Counting objects:  24% (940/3913)        
2022-05-11T19:01:51.7532716Z remote: Counting objects:  25% (979/3913)        
2022-05-11T19:01:51.7533019Z remote: Counting objects:  26% (1018/3913)        
2022-05-11T19:01:51.7533331Z remote: Counting objects:  27% (1057/3913)        
2022-05-11T19:01:51.7533640Z remote: Counting objects:  28% (1096/3913)        
2022-05-11T19:01:51.7533952Z remote: Counting objects:  29% (1135/3913)        
2022-05-11T19:01:51.7534259Z remote: Counting objects:  30% (1174/3913)        
2022-05-11T19:01:51.7534548Z remote: Counting objects:  31% (1214/3913)        
2022-05-11T19:01:51.7534853Z remote: Counting objects:  32% (1253/3913)        
2022-05-11T19:01:51.7535157Z remote: Counting objects:  33% (1292/3913)        
2022-05-11T19:01:51.7535444Z remote: Counting objects:  34% (1331/3913)        
2022-05-11T19:01:51.7535746Z remote: Counting objects:  35% (1370/3913)        
2022-05-11T19:01:51.7536053Z remote: Counting objects:  36% (1409/3913)        
2022-05-11T19:01:51.7536540Z remote: Counting objects:  37% (1448/3913)        
2022-05-11T19:01:51.7536821Z remote: Counting objects:  38% (1487/3913)        
2022-05-11T19:01:51.7537295Z remote: Counting objects:  39% (1527/3913)        
2022-05-11T19:01:51.7537600Z remote: Counting objects:  40% (1566/3913)        
2022-05-11T19:01:51.7537887Z remote: Counting objects:  41% (1605/3913)        
2022-05-11T19:01:51.7538187Z remote: Counting objects:  42% (1644/3913)        
2022-05-11T19:01:51.7538488Z remote: Counting objects:  43% (1683/3913)        
2022-05-11T19:01:51.7538773Z remote: Counting objects:  44% (1722/3913)        
2022-05-11T19:01:51.7539074Z remote: Counting objects:  45% (1761/3913)        
2022-05-11T19:01:51.7539372Z remote: Counting objects:  46% (1800/3913)        
2022-05-11T19:01:51.7539657Z remote: Counting objects:  47% (1840/3913)        
2022-05-11T19:01:51.7539959Z remote: Counting objects:  48% (1879/3913)        
2022-05-11T19:01:51.7540375Z remote: Counting objects:  49% (1918/3913)        
2022-05-11T19:01:51.7540692Z remote: Counting objects:  50% (1957/3913)        
2022-05-11T19:01:51.7540982Z remote: Counting objects:  51% (1996/3913)        
2022-05-11T19:01:51.7541282Z remote: Counting objects:  52% (2035/3913)        
2022-05-11T19:01:51.7541582Z remote: Counting objects:  53% (2074/3913)        
2022-05-11T19:01:51.7541868Z remote: Counting objects:  54% (2114/3913)        
2022-05-11T19:01:51.7542166Z remote: Counting objects:  55% (2153/3913)        
2022-05-11T19:01:51.7542463Z remote: Counting objects:  56% (2192/3913)        
2022-05-11T19:01:51.7543338Z remote: Counting objects:  57% (2231/3913)        
2022-05-11T19:01:51.7543620Z remote: Counting objects:  58% (2270/3913)        
2022-05-11T19:01:51.7543900Z remote: Counting objects:  59% (2309/3913)        
2022-05-11T19:01:51.7544361Z remote: Counting objects:  60% (2348/3913)        
2022-05-11T19:01:51.7544821Z remote: Counting objects:  61% (2387/3913)        
2022-05-11T19:01:51.7545119Z remote: Counting objects:  62% (2427/3913)        
2022-05-11T19:01:51.7545421Z remote: Counting objects:  63% (2466/3913)        
2022-05-11T19:01:51.7545809Z remote: Counting objects:  64% (2505/3913)        
2022-05-11T19:01:51.7546095Z remote: Counting objects:  65% (2544/3913)        
2022-05-11T19:01:51.7546396Z remote: Counting objects:  66% (2583/3913)        
2022-05-11T19:01:51.7546696Z remote: Counting objects:  67% (2622/3913)        
2022-05-11T19:01:51.7546982Z remote: Counting objects:  68% (2661/3913)        
2022-05-11T19:01:51.7547281Z remote: Counting objects:  69% (2700/3913)        
2022-05-11T19:01:51.7547582Z remote: Counting objects:  70% (2740/3913)        
2022-05-11T19:01:51.7547867Z remote: Counting objects:  71% (2779/3913)        
2022-05-11T19:01:51.7548167Z remote: Counting objects:  72% (2818/3913)        
2022-05-11T19:01:51.7548466Z remote: Counting objects:  73% (2857/3913)        
2022-05-11T19:01:51.7548773Z remote: Counting objects:  74% (2896/3913)        
2022-05-11T19:01:51.7549063Z remote: Counting objects:  75% (2935/3913)        
2022-05-11T19:01:51.7549482Z remote: Counting objects:  76% (2974/3913)        
2022-05-11T19:01:51.7549783Z remote: Counting objects:  77% (3014/3913)        
2022-05-11T19:01:51.7550070Z remote: Counting objects:  78% (3053/3913)        
2022-05-11T19:01:51.7550371Z remote: Counting objects:  79% (3092/3913)        
2022-05-11T19:01:51.7550713Z remote: Counting objects:  80% (3131/3913)        
2022-05-11T19:01:51.7550997Z remote: Counting objects:  81% (3170/3913)        
2022-05-11T19:01:51.7551295Z remote: Counting objects:  82% (3209/3913)        
2022-05-11T19:01:51.7551596Z remote: Counting objects:  83% (3248/3913)        
2022-05-11T19:01:51.7551896Z remote: Counting objects:  84% (3287/3913)        
2022-05-11T19:01:51.7552182Z remote: Counting objects:  85% (3327/3913)        
2022-05-11T19:01:51.7552483Z remote: Counting objects:  86% (3366/3913)        
2022-05-11T19:01:51.7552786Z remote: Counting objects:  87% (3405/3913)        
2022-05-11T19:01:51.7553075Z remote: Counting objects:  88% (3444/3913)        
2022-05-11T19:01:51.7553375Z remote: Counting objects:  89% (3483/3913)        
2022-05-11T19:01:51.7553676Z remote: Counting objects:  90% (3522/3913)        
2022-05-11T19:01:51.7554014Z remote: Counting objects:  91% (3561/3913)        
2022-05-11T19:01:51.7554322Z remote: Counting objects:  92% (3600/3913)        
2022-05-11T19:01:51.7554625Z remote: Counting objects:  93% (3640/3913)        
2022-05-11T19:01:51.7554911Z remote: Counting objects:  94% (3679/3913)        
2022-05-11T19:01:51.7555336Z remote: Counting objects:  95% (3718/3913)        
2022-05-11T19:01:51.7555638Z remote: Counting objects:  96% (3757/3913)        
2022-05-11T19:01:51.7555938Z remote: Counting objects:  97% (3796/3913)        
2022-05-11T19:01:51.7556223Z remote: Counting objects:  98% (3835/3913)        
2022-05-11T19:01:51.7556523Z remote: Counting objects:  99% (3874/3913)        
2022-05-11T19:01:51.7556917Z remote: Counting objects: 100% (3913/3913)        
2022-05-11T19:01:51.7557241Z remote: Counting objects: 100% (3913/3913), done.        
2022-05-11T19:01:51.7557580Z remote: Compressing objects:   0% (1/2958)        
2022-05-11T19:01:51.7579289Z remote: Compressing objects:   1% (30/2958)        
2022-05-11T19:01:51.7579610Z remote: Compressing objects:   2% (60/2958)        
2022-05-11T19:01:51.7579934Z remote: Compressing objects:   3% (89/2958)        
2022-05-11T19:01:51.7649447Z remote: Compressing objects:   4% (119/2958)        
2022-05-11T19:01:51.7733591Z remote: Compressing objects:   5% (148/2958)        
2022-05-11T19:01:51.7734017Z remote: Compressing objects:   6% (178/2958)        
2022-05-11T19:01:51.7734353Z remote: Compressing objects:   7% (208/2958)        
2022-05-11T19:01:51.7809132Z remote: Compressing objects:   8% (237/2958)        
2022-05-11T19:01:51.7809531Z remote: Compressing objects:   9% (267/2958)        
2022-05-11T19:01:51.7809860Z remote: Compressing objects:  10% (296/2958)        
2022-05-11T19:01:51.7834841Z remote: Compressing objects:  11% (326/2958)        
2022-05-11T19:01:51.7835496Z remote: Compressing objects:  12% (355/2958)        
2022-05-11T19:01:51.7884090Z remote: Compressing objects:  13% (385/2958)        
2022-05-11T19:01:51.7943104Z remote: Compressing objects:  14% (415/2958)        
2022-05-11T19:01:51.8147600Z remote: Compressing objects:  15% (444/2958)        
2022-05-11T19:01:51.8220914Z remote: Compressing objects:  16% (474/2958)        
2022-05-11T19:01:51.8289212Z remote: Compressing objects:  17% (503/2958)        
2022-05-11T19:01:51.8371808Z remote: Compressing objects:  18% (533/2958)        
2022-05-11T19:01:51.8463699Z remote: Compressing objects:  19% (563/2958)        
2022-05-11T19:01:51.8541805Z remote: Compressing objects:  20% (592/2958)        
2022-05-11T19:01:51.8628934Z remote: Compressing objects:  21% (622/2958)        
2022-05-11T19:01:51.8795960Z remote: Compressing objects:  22% (651/2958)        
2022-05-11T19:01:51.8919056Z remote: Compressing objects:  23% (681/2958)        
2022-05-11T19:01:51.8946716Z remote: Compressing objects:  24% (710/2958)        
2022-05-11T19:01:51.9089667Z remote: Compressing objects:  25% (740/2958)        
2022-05-11T19:01:51.9198585Z remote: Compressing objects:  26% (770/2958)        
2022-05-11T19:01:51.9412713Z remote: Compressing objects:  27% (799/2958)        
2022-05-11T19:01:51.9485840Z remote: Compressing objects:  28% (829/2958)        
2022-05-11T19:01:51.9689001Z remote: Compressing objects:  29% (858/2958)        
2022-05-11T19:01:51.9715644Z remote: Compressing objects:  30% (888/2958)        
2022-05-11T19:01:51.9828220Z remote: Compressing objects:  31% (917/2958)        
2022-05-11T19:01:51.9865163Z remote: Compressing objects:  32% (947/2958)        
2022-05-11T19:01:51.9938949Z remote: Compressing objects:  33% (977/2958)        
2022-05-11T19:01:52.0008314Z remote: Compressing objects:  34% (1006/2958)        
2022-05-11T19:01:52.0056732Z remote: Compressing objects:  35% (1036/2958)        
2022-05-11T19:01:52.0174062Z remote: Compressing objects:  36% (1065/2958)        
2022-05-11T19:01:52.0266467Z remote: Compressing objects:  37% (1095/2958)        
2022-05-11T19:01:52.0311826Z remote: Compressing objects:  38% (1125/2958)        
2022-05-11T19:01:52.0483375Z remote: Compressing objects:  39% (1154/2958)        
2022-05-11T19:01:52.0594686Z remote: Compressing objects:  40% (1184/2958)        
2022-05-11T19:01:52.0595177Z remote: Compressing objects:  41% (1213/2958)        
2022-05-11T19:01:52.0630321Z remote: Compressing objects:  42% (1243/2958)        
2022-05-11T19:01:52.0672926Z remote: Compressing objects:  43% (1272/2958)        
2022-05-11T19:01:52.0744093Z remote: Compressing objects:  44% (1302/2958)        
2022-05-11T19:01:52.0887839Z remote: Compressing objects:  45% (1332/2958)        
2022-05-11T19:01:52.0970401Z remote: Compressing objects:  46% (1361/2958)        
2022-05-11T19:01:52.1121493Z remote: Compressing objects:  47% (1391/2958)        
2022-05-11T19:01:52.1286839Z remote: Compressing objects:  48% (1420/2958)        
2022-05-11T19:01:52.1448458Z remote: Compressing objects:  49% (1450/2958)        
2022-05-11T19:01:52.1449317Z remote: Compressing objects:  50% (1479/2958)        
2022-05-11T19:01:52.1451865Z remote: Compressing objects:  51% (1509/2958)        
2022-05-11T19:01:52.1554354Z remote: Compressing objects:  52% (1539/2958)        
2022-05-11T19:01:52.1556840Z remote: Compressing objects:  53% (1568/2958)        
2022-05-11T19:01:52.1580740Z remote: Compressing objects:  54% (1598/2958)        
2022-05-11T19:01:52.1583604Z remote: Compressing objects:  55% (1627/2958)        
2022-05-11T19:01:52.1588984Z remote: Compressing objects:  56% (1657/2958)        
2022-05-11T19:01:52.1597673Z remote: Compressing objects:  57% (1687/2958)        
2022-05-11T19:01:52.1598302Z remote: Compressing objects:  58% (1716/2958)        
2022-05-11T19:01:52.1602529Z remote: Compressing objects:  59% (1746/2958)        
2022-05-11T19:01:52.1603260Z remote: Compressing objects:  60% (1775/2958)        
2022-05-11T19:01:52.1603992Z remote: Compressing objects:  61% (1805/2958)        
2022-05-11T19:01:52.1604372Z remote: Compressing objects:  62% (1834/2958)        
2022-05-11T19:01:52.1604668Z remote: Compressing objects:  63% (1864/2958)        
2022-05-11T19:01:52.1605134Z remote: Compressing objects:  64% (1894/2958)        
2022-05-11T19:01:52.1605410Z remote: Compressing objects:  65% (1923/2958)        
2022-05-11T19:01:52.1605707Z remote: Compressing objects:  66% (1953/2958)        
2022-05-11T19:01:52.1606159Z remote: Compressing objects:  67% (1982/2958)        
2022-05-11T19:01:52.1606443Z remote: Compressing objects:  68% (2012/2958)        
2022-05-11T19:01:52.1606732Z remote: Compressing objects:  69% (2042/2958)        
2022-05-11T19:01:52.1607020Z remote: Compressing objects:  70% (2071/2958)        
2022-05-11T19:01:52.1607465Z remote: Compressing objects:  71% (2101/2958)        
2022-05-11T19:01:52.1607734Z remote: Compressing objects:  72% (2130/2958)        
2022-05-11T19:01:52.1614052Z remote: Compressing objects:  73% (2160/2958)        
2022-05-11T19:01:52.1614901Z remote: Compressing objects:  74% (2189/2958)        
2022-05-11T19:01:52.1615583Z remote: Compressing objects:  75% (2219/2958)        
2022-05-11T19:01:52.1621751Z remote: Compressing objects:  76% (2249/2958)        
2022-05-11T19:01:52.1622504Z remote: Compressing objects:  77% (2278/2958)        
2022-05-11T19:01:52.1623333Z remote: Compressing objects:  78% (2308/2958)        
2022-05-11T19:01:52.1706326Z remote: Compressing objects:  79% (2337/2958)        
2022-05-11T19:01:52.1707064Z remote: Compressing objects:  80% (2367/2958)        
2022-05-11T19:01:52.1721805Z remote: Compressing objects:  81% (2396/2958)        
2022-05-11T19:01:52.1722382Z remote: Compressing objects:  82% (2426/2958)        
2022-05-11T19:01:52.1723412Z remote: Compressing objects:  83% (2456/2958)        
2022-05-11T19:01:52.1723886Z remote: Compressing objects:  84% (2485/2958)        
2022-05-11T19:01:52.1724806Z remote: Compressing objects:  85% (2515/2958)        
2022-05-11T19:01:52.1725291Z remote: Compressing objects:  86% (2544/2958)        
2022-05-11T19:01:52.1726173Z remote: Compressing objects:  87% (2574/2958)        
2022-05-11T19:01:52.1726632Z remote: Compressing objects:  88% (2604/2958)        
2022-05-11T19:01:52.1769648Z remote: Compressing objects:  89% (2633/2958)        
2022-05-11T19:01:52.1774375Z remote: Compressing objects:  90% (2663/2958)        
2022-05-11T19:01:52.1774842Z remote: Compressing objects:  91% (2692/2958)        
2022-05-11T19:01:52.1776730Z remote: Compressing objects:  92% (2722/2958)        
2022-05-11T19:01:52.1777833Z remote: Compressing objects:  93% (2751/2958)        
2022-05-11T19:01:52.1778680Z remote: Compressing objects:  94% (2781/2958)        
2022-05-11T19:01:52.1779135Z remote: Compressing objects:  95% (2811/2958)        
2022-05-11T19:01:52.1780158Z remote: Compressing objects:  96% (2840/2958)        
2022-05-11T19:01:52.1782156Z remote: Compressing objects:  97% (2870/2958)        
2022-05-11T19:01:52.1782662Z remote: Compressing objects:  98% (2899/2958)        
2022-05-11T19:01:52.1785261Z remote: Compressing objects:  99% (2929/2958)        
2022-05-11T19:01:52.1786163Z remote: Compressing objects: 100% (2958/2958)        
2022-05-11T19:01:52.1787188Z remote: Compressing objects: 100% (2958/2958), done.        
2022-05-11T19:01:52.1827790Z Receiving objects:   0% (1/3913)
2022-05-11T19:01:52.1832376Z Receiving objects:   1% (40/3913)
2022-05-11T19:01:52.1835561Z Receiving objects:   2% (79/3913)
2022-05-11T19:01:52.1896995Z Receiving objects:   3% (118/3913)
2022-05-11T19:01:52.1961025Z Receiving objects:   4% (157/3913)
2022-05-11T19:01:52.1961594Z Receiving objects:   5% (196/3913)
2022-05-11T19:01:52.1965979Z Receiving objects:   6% (235/3913)
2022-05-11T19:01:52.1971012Z Receiving objects:   7% (274/3913)
2022-05-11T19:01:52.1974854Z Receiving objects:   8% (314/3913)
2022-05-11T19:01:52.1978767Z Receiving objects:   9% (353/3913)
2022-05-11T19:01:52.1981348Z Receiving objects:  10% (392/3913)
2022-05-11T19:01:52.1984994Z Receiving objects:  11% (431/3913)
2022-05-11T19:01:52.2005557Z Receiving objects:  12% (470/3913)
2022-05-11T19:01:52.2009168Z Receiving objects:  13% (509/3913)
2022-05-11T19:01:52.2011839Z Receiving objects:  14% (548/3913)
2022-05-11T19:01:52.2015377Z Receiving objects:  15% (587/3913)
2022-05-11T19:01:52.2106243Z Receiving objects:  16% (627/3913)
2022-05-11T19:01:52.2147736Z Receiving objects:  17% (666/3913)
2022-05-11T19:01:52.2149856Z Receiving objects:  18% (705/3913)
2022-05-11T19:01:52.2153124Z Receiving objects:  19% (744/3913)
2022-05-11T19:01:52.2155529Z Receiving objects:  20% (783/3913)
2022-05-11T19:01:52.2163170Z Receiving objects:  21% (822/3913)
2022-05-11T19:01:52.2163766Z Receiving objects:  22% (861/3913)
2022-05-11T19:01:52.2165116Z Receiving objects:  23% (900/3913)
2022-05-11T19:01:52.2165706Z Receiving objects:  24% (940/3913)
2022-05-11T19:01:52.2166762Z Receiving objects:  25% (979/3913)
2022-05-11T19:01:52.2167255Z Receiving objects:  26% (1018/3913)
2022-05-11T19:01:52.2170910Z Receiving objects:  27% (1057/3913)
2022-05-11T19:01:52.2174482Z Receiving objects:  28% (1096/3913)
2022-05-11T19:01:52.2180129Z Receiving objects:  29% (1135/3913)
2022-05-11T19:01:52.2203619Z Receiving objects:  30% (1174/3913)
2022-05-11T19:01:52.2587727Z Receiving objects:  31% (1214/3913)
2022-05-11T19:01:52.2624928Z Receiving objects:  32% (1253/3913)
2022-05-11T19:01:52.2644222Z Receiving objects:  33% (1292/3913)
2022-05-11T19:01:52.2669475Z Receiving objects:  34% (1331/3913)
2022-05-11T19:01:52.2705905Z Receiving objects:  35% (1370/3913)
2022-05-11T19:01:52.2728223Z Receiving objects:  36% (1409/3913)
2022-05-11T19:01:52.2757288Z Receiving objects:  37% (1448/3913)
2022-05-11T19:01:52.2785899Z Receiving objects:  38% (1487/3913)
2022-05-11T19:01:52.2807438Z Receiving objects:  39% (1527/3913)
2022-05-11T19:01:52.2817107Z Receiving objects:  40% (1566/3913)
2022-05-11T19:01:52.2917788Z Receiving objects:  41% (1605/3913)
2022-05-11T19:01:52.2970022Z Receiving objects:  42% (1644/3913)
2022-05-11T19:01:52.3003836Z Receiving objects:  43% (1683/3913)
2022-05-11T19:01:52.3004690Z Receiving objects:  44% (1722/3913)
2022-05-11T19:01:52.3008096Z Receiving objects:  45% (1761/3913)
2022-05-11T19:01:52.3011813Z Receiving objects:  46% (1800/3913)
2022-05-11T19:01:52.3016766Z Receiving objects:  47% (1840/3913)
2022-05-11T19:01:52.3019653Z Receiving objects:  48% (1879/3913)
2022-05-11T19:01:52.3023744Z Receiving objects:  49% (1918/3913)
2022-05-11T19:01:52.3040359Z Receiving objects:  50% (1957/3913)
2022-05-11T19:01:52.3065344Z Receiving objects:  51% (1996/3913)
2022-05-11T19:01:52.3094189Z Receiving objects:  52% (2035/3913)
2022-05-11T19:01:52.3107825Z Receiving objects:  53% (2074/3913)
2022-05-11T19:01:52.3136576Z Receiving objects:  54% (2114/3913)
2022-05-11T19:01:52.3161934Z Receiving objects:  55% (2153/3913)
2022-05-11T19:01:52.3166684Z Receiving objects:  56% (2192/3913)
2022-05-11T19:01:52.3171695Z Receiving objects:  57% (2231/3913)
2022-05-11T19:01:52.3173656Z Receiving objects:  58% (2270/3913)
2022-05-11T19:01:52.3177770Z Receiving objects:  59% (2309/3913)
2022-05-11T19:01:52.3197186Z Receiving objects:  60% (2348/3913)
2022-05-11T19:01:52.3243200Z Receiving objects:  61% (2387/3913)
2022-05-11T19:01:52.3266013Z Receiving objects:  62% (2427/3913)
2022-05-11T19:01:52.3301781Z Receiving objects:  63% (2466/3913)
2022-05-11T19:01:52.3349240Z Receiving objects:  64% (2505/3913)
2022-05-11T19:01:52.3449790Z Receiving objects:  65% (2544/3913)
2022-05-11T19:01:52.3644966Z Receiving objects:  66% (2583/3913)
2022-05-11T19:01:52.3658417Z Receiving objects:  67% (2622/3913)
2022-05-11T19:01:52.3692526Z Receiving objects:  68% (2661/3913)
2022-05-11T19:01:52.3708534Z Receiving objects:  69% (2700/3913)
2022-05-11T19:01:52.3771637Z Receiving objects:  70% (2740/3913)
2022-05-11T19:01:52.3798849Z Receiving objects:  71% (2779/3913)
2022-05-11T19:01:52.3840927Z Receiving objects:  72% (2818/3913)
2022-05-11T19:01:52.4086593Z Receiving objects:  73% (2857/3913)
2022-05-11T19:01:52.4130073Z Receiving objects:  74% (2896/3913)
2022-05-11T19:01:52.4191392Z Receiving objects:  75% (2935/3913)
2022-05-11T19:01:52.4194986Z Receiving objects:  76% (2974/3913)
2022-05-11T19:01:52.4195965Z Receiving objects:  77% (3014/3913)
2022-05-11T19:01:52.4199674Z Receiving objects:  78% (3053/3913)
2022-05-11T19:01:52.4200345Z Receiving objects:  79% (3092/3913)
2022-05-11T19:01:52.4202933Z Receiving objects:  80% (3131/3913)
2022-05-11T19:01:52.4205616Z Receiving objects:  81% (3170/3913)
2022-05-11T19:01:52.4208521Z Receiving objects:  82% (3209/3913)
2022-05-11T19:01:52.4212635Z Receiving objects:  83% (3248/3913)
2022-05-11T19:01:52.4215168Z Receiving objects:  84% (3287/3913)
2022-05-11T19:01:52.4218688Z Receiving objects:  85% (3327/3913)
2022-05-11T19:01:52.4224566Z Receiving objects:  86% (3366/3913)
2022-05-11T19:01:52.4226353Z Receiving objects:  87% (3405/3913)
2022-05-11T19:01:52.4250864Z Receiving objects:  88% (3444/3913)
2022-05-11T19:01:52.4317636Z Receiving objects:  89% (3483/3913)
2022-05-11T19:01:52.4340398Z Receiving objects:  90% (3522/3913)
2022-05-11T19:01:52.4389423Z Receiving objects:  91% (3561/3913)
2022-05-11T19:01:52.4420459Z Receiving objects:  92% (3600/3913)
2022-05-11T19:01:52.4465190Z Receiving objects:  93% (3640/3913)
2022-05-11T19:01:52.4487406Z Receiving objects:  94% (3679/3913)
2022-05-11T19:01:52.4496571Z Receiving objects:  95% (3718/3913)
2022-05-11T19:01:52.4508807Z Receiving objects:  96% (3757/3913)
2022-05-11T19:01:52.4543381Z Receiving objects:  97% (3796/3913)
2022-05-11T19:01:52.4573930Z Receiving objects:  98% (3835/3913)
2022-05-11T19:01:52.5277616Z Receiving objects:  99% (3874/3913)
2022-05-11T19:01:52.5279228Z remote: Total 3913 (delta 303), reused 2613 (delta 220), pack-reused 0        
2022-05-11T19:01:52.5289426Z Receiving objects: 100% (3913/3913)
2022-05-11T19:01:52.5289995Z Receiving objects: 100% (3913/3913), 5.40 MiB | 15.58 MiB/s, done.
2022-05-11T19:01:52.5295452Z Resolving deltas:   0% (0/303)
2022-05-11T19:01:52.5296003Z Resolving deltas:   1% (4/303)
2022-05-11T19:01:52.5300130Z Resolving deltas:   2% (7/303)
2022-05-11T19:01:52.5300610Z Resolving deltas:   3% (10/303)
2022-05-11T19:01:52.5305363Z Resolving deltas:   4% (13/303)
2022-05-11T19:01:52.5306107Z Resolving deltas:   5% (16/303)
2022-05-11T19:01:52.5306572Z Resolving deltas:   6% (19/303)
2022-05-11T19:01:52.5311977Z Resolving deltas:   7% (22/303)
2022-05-11T19:01:52.5312411Z Resolving deltas:   8% (25/303)
2022-05-11T19:01:52.5312841Z Resolving deltas:   9% (28/303)
2022-05-11T19:01:52.5323856Z Resolving deltas:  10% (31/303)
2022-05-11T19:01:52.5329292Z Resolving deltas:  11% (34/303)
2022-05-11T19:01:52.5336435Z Resolving deltas:  12% (37/303)
2022-05-11T19:01:52.5341939Z Resolving deltas:  13% (40/303)
2022-05-11T19:01:52.5342416Z Resolving deltas:  14% (43/303)
2022-05-11T19:01:52.5343359Z Resolving deltas:  15% (46/303)
2022-05-11T19:01:52.5360845Z Resolving deltas:  16% (49/303)
2022-05-11T19:01:52.5361601Z Resolving deltas:  17% (52/303)
2022-05-11T19:01:52.5362135Z Resolving deltas:  18% (55/303)
2022-05-11T19:01:52.5362589Z Resolving deltas:  19% (58/303)
2022-05-11T19:01:52.5369038Z Resolving deltas:  20% (61/303)
2022-05-11T19:01:52.5369517Z Resolving deltas:  21% (64/303)
2022-05-11T19:01:52.5374398Z Resolving deltas:  22% (67/303)
2022-05-11T19:01:52.5374835Z Resolving deltas:  23% (70/303)
2022-05-11T19:01:52.5375231Z Resolving deltas:  24% (73/303)
2022-05-11T19:01:52.5386971Z Resolving deltas:  25% (76/303)
2022-05-11T19:01:52.5390804Z Resolving deltas:  26% (79/303)
2022-05-11T19:01:52.5398337Z Resolving deltas:  27% (82/303)
2022-05-11T19:01:52.5399090Z Resolving deltas:  28% (85/303)
2022-05-11T19:01:52.5399501Z Resolving deltas:  29% (88/303)
2022-05-11T19:01:52.5400174Z Resolving deltas:  30% (91/303)
2022-05-11T19:01:52.5524185Z Resolving deltas:  31% (94/303)
2022-05-11T19:01:52.5524480Z Resolving deltas:  32% (97/303)
2022-05-11T19:01:52.5524733Z Resolving deltas:  33% (100/303)
2022-05-11T19:01:52.5525016Z Resolving deltas:  34% (104/303)
2022-05-11T19:01:52.5525279Z Resolving deltas:  35% (107/303)
2022-05-11T19:01:52.5531407Z Resolving deltas:  36% (110/303)
2022-05-11T19:01:52.5531703Z Resolving deltas:  37% (113/303)
2022-05-11T19:01:52.5531975Z Resolving deltas:  38% (116/303)
2022-05-11T19:01:52.5532249Z Resolving deltas:  39% (119/303)
2022-05-11T19:01:52.5532502Z Resolving deltas:  40% (122/303)
2022-05-11T19:01:52.5532771Z Resolving deltas:  41% (125/303)
2022-05-11T19:01:52.5533044Z Resolving deltas:  42% (128/303)
2022-05-11T19:01:52.5533297Z Resolving deltas:  43% (131/303)
2022-05-11T19:01:52.5533562Z Resolving deltas:  44% (134/303)
2022-05-11T19:01:52.5533910Z Resolving deltas:  45% (137/303)
2022-05-11T19:01:52.5534162Z Resolving deltas:  46% (140/303)
2022-05-11T19:01:52.5534431Z Resolving deltas:  47% (143/303)
2022-05-11T19:01:52.5534700Z Resolving deltas:  48% (146/303)
2022-05-11T19:01:52.5534950Z Resolving deltas:  49% (149/303)
2022-05-11T19:01:52.5535221Z Resolving deltas:  50% (152/303)
2022-05-11T19:01:52.5535488Z Resolving deltas:  51% (155/303)
2022-05-11T19:01:52.5535737Z Resolving deltas:  52% (158/303)
2022-05-11T19:01:52.5536226Z Resolving deltas:  53% (161/303)
2022-05-11T19:01:52.5536495Z Resolving deltas:  54% (164/303)
2022-05-11T19:01:52.5536743Z Resolving deltas:  55% (167/303)
2022-05-11T19:01:52.5537015Z Resolving deltas:  56% (170/303)
2022-05-11T19:01:52.5537288Z Resolving deltas:  57% (173/303)
2022-05-11T19:01:52.5537538Z Resolving deltas:  58% (176/303)
2022-05-11T19:01:52.5537806Z Resolving deltas:  59% (179/303)
2022-05-11T19:01:52.5538072Z Resolving deltas:  60% (182/303)
2022-05-11T19:01:52.5538497Z Resolving deltas:  61% (185/303)
2022-05-11T19:01:52.5538739Z Resolving deltas:  62% (188/303)
2022-05-11T19:01:52.5538997Z Resolving deltas:  63% (191/303)
2022-05-11T19:01:52.5539255Z Resolving deltas:  64% (194/303)
2022-05-11T19:01:52.5539498Z Resolving deltas:  65% (197/303)
2022-05-11T19:01:52.5539760Z Resolving deltas:  66% (200/303)
2022-05-11T19:01:52.5540027Z Resolving deltas:  67% (204/303)
2022-05-11T19:01:52.5540272Z Resolving deltas:  68% (207/303)
2022-05-11T19:01:52.5540533Z Resolving deltas:  69% (210/303)
2022-05-11T19:01:52.5540794Z Resolving deltas:  70% (213/303)
2022-05-11T19:01:52.5541034Z Resolving deltas:  71% (216/303)
2022-05-11T19:01:52.5541287Z Resolving deltas:  72% (219/303)
2022-05-11T19:01:52.5541547Z Resolving deltas:  73% (222/303)
2022-05-11T19:01:52.5541790Z Resolving deltas:  74% (225/303)
2022-05-11T19:01:52.5542049Z Resolving deltas:  75% (228/303)
2022-05-11T19:01:52.5542308Z Resolving deltas:  76% (231/303)
2022-05-11T19:01:52.5542549Z Resolving deltas:  77% (234/303)
2022-05-11T19:01:52.5542987Z Resolving deltas:  78% (237/303)
2022-05-11T19:01:52.5543263Z Resolving deltas:  79% (240/303)
2022-05-11T19:01:52.5543506Z Resolving deltas:  80% (243/303)
2022-05-11T19:01:52.5543766Z Resolving deltas:  81% (246/303)
2022-05-11T19:01:52.5544024Z Resolving deltas:  82% (249/303)
2022-05-11T19:01:52.5544399Z Resolving deltas:  83% (252/303)
2022-05-11T19:01:52.5544658Z Resolving deltas:  84% (255/303)
2022-05-11T19:01:52.5544920Z Resolving deltas:  85% (258/303)
2022-05-11T19:01:52.5545186Z Resolving deltas:  86% (261/303)
2022-05-11T19:01:52.5545429Z Resolving deltas:  87% (264/303)
2022-05-11T19:01:52.5545687Z Resolving deltas:  88% (267/303)
2022-05-11T19:01:52.5545964Z Resolving deltas:  89% (270/303)
2022-05-11T19:01:52.5546445Z Resolving deltas:  90% (273/303)
2022-05-11T19:01:52.5546795Z Resolving deltas:  91% (276/303)
2022-05-11T19:01:52.5547060Z Resolving deltas:  92% (279/303)
2022-05-11T19:01:52.5547306Z Resolving deltas:  93% (282/303)
2022-05-11T19:01:52.5547578Z Resolving deltas:  94% (285/303)
2022-05-11T19:01:52.5547845Z Resolving deltas:  95% (288/303)
2022-05-11T19:01:52.5548093Z Resolving deltas:  96% (291/303)
2022-05-11T19:01:52.5548356Z Resolving deltas:  97% (294/303)
2022-05-11T19:01:52.5548626Z Resolving deltas:  98% (297/303)
2022-05-11T19:01:52.5548935Z Resolving deltas:  99% (300/303)
2022-05-11T19:01:52.5549211Z Resolving deltas: 100% (303/303)
2022-05-11T19:01:52.5549507Z Resolving deltas: 100% (303/303), done.
2022-05-11T19:01:52.5804368Z From https://github.com/hashicorp/terraform
2022-05-11T19:01:52.5805196Z  * [new ref]         be7d90144bf462198bf7b8a9eb688ee8f5be0121 -> v1.2.0-rc2
2022-05-11T19:01:52.5834473Z ##[endgroup]
2022-05-11T19:01:52.5837658Z ##[group]Determining the checkout info
2022-05-11T19:01:52.5840115Z ##[endgroup]
2022-05-11T19:01:52.5842838Z ##[group]Checking out the ref
2022-05-11T19:01:52.5845386Z [command]/usr/bin/git checkout --progress --force refs/tags/v1.2.0-rc2
2022-05-11T19:01:52.8359234Z Note: switching to 'refs/tags/v1.2.0-rc2'.
2022-05-11T19:01:52.8360253Z 
2022-05-11T19:01:52.8364942Z You are in 'detached HEAD' state. You can look around, make experimental
2022-05-11T19:01:52.8365986Z changes and commit them, and you can discard any commits you make in this
2022-05-11T19:01:52.8367353Z state without impacting any branches by switching back to a branch.
2022-05-11T19:01:52.8368521Z 
2022-05-11T19:01:52.8369039Z If you want to create a new branch to retain commits you create, you may
2022-05-11T19:01:52.8369988Z do so (now or later) by using -c with the switch command. Example:
2022-05-11T19:01:52.8416979Z 
2022-05-11T19:01:52.8417318Z   git switch -c <new-branch-name>
2022-05-11T19:01:52.8417521Z 
2022-05-11T19:01:52.8417648Z Or undo this operation with:
2022-05-11T19:01:52.8417823Z 
2022-05-11T19:01:52.8417923Z   git switch -
2022-05-11T19:01:52.8418054Z 
2022-05-11T19:01:52.8454260Z Turn off this advice by setting config variable advice.detachedHead to false
2022-05-11T19:01:52.8454582Z 
2022-05-11T19:01:52.8454887Z HEAD is now at be7d901 Release v1.2.0-rc2
2022-05-11T19:01:52.8468023Z ##[endgroup]
2022-05-11T19:01:52.8468622Z [command]/usr/bin/git log -1 --format='%H'
2022-05-11T19:01:52.8477866Z 'be7d90144bf462198bf7b8a9eb688ee8f5be0121'
2022-05-11T19:01:52.8934191Z ##[group]Run hashicorp/actions-docker-build@v1
2022-05-11T19:01:52.8934540Z with:
2022-05-11T19:01:52.8934770Z   version: 1.2.0-rc1-8-gbe7d90144
2022-05-11T19:01:52.8935083Z   target: default
2022-05-11T19:01:52.8935327Z   arch: amd64
2022-05-11T19:01:52.8935694Z   dockerfile: .github/workflows/build-Dockerfile
2022-05-11T19:01:52.8936197Z   tags: docker.io/hashicorp/terraform:1.2.0-rc1-8-gbe7d90144
986891699432.dkr.ecr.us-east-1.amazonaws.com/hashicorp/terraform:1.2.0-rc1-8-gbe7d90144

2022-05-11T19:01:52.8936622Z   arm_version: 6
2022-05-11T19:01:52.8936833Z   workdir: .
2022-05-11T19:01:52.8937045Z env:
2022-05-11T19:01:52.8937270Z   PKG_NAME: terraform
2022-05-11T19:01:52.8937501Z   repo: terraform
2022-05-11T19:01:52.8937758Z   version: 1.2.0-rc1-8-gbe7d90144
2022-05-11T19:01:52.8938011Z ##[endgroup]
2022-05-11T19:01:52.9258089Z ##[group]Run echo "REPO_NAME=$(echo hashicorp/terraform | cut -f2 -d "/")" >> $GITHUB_ENV
2022-05-11T19:01:52.9259166Z [36;1mecho "REPO_NAME=$(echo hashicorp/terraform | cut -f2 -d "/")" >> $GITHUB_ENV[0m
2022-05-11T19:01:52.9324890Z shell: /usr/bin/bash --noprofile --norc -e -o pipefail {0}
2022-05-11T19:01:52.9325211Z env:
2022-05-11T19:01:52.9325449Z   PKG_NAME: terraform
2022-05-11T19:01:52.9325694Z   repo: terraform
2022-05-11T19:01:52.9325957Z   version: 1.2.0-rc1-8-gbe7d90144
2022-05-11T19:01:52.9326215Z ##[endgroup]
2022-05-11T19:01:52.9595960Z ##[group]Run /home/runner/work/_actions/hashicorp/actions-docker-build/v1/scripts/digest_inputs
2022-05-11T19:01:52.9596459Z [36;1m/home/runner/work/_actions/hashicorp/actions-docker-build/v1/scripts/digest_inputs[0m
2022-05-11T19:01:52.9723940Z shell: /usr/bin/bash --noprofile --norc -e -o pipefail {0}
2022-05-11T19:01:52.9724233Z env:
2022-05-11T19:01:52.9724455Z   PKG_NAME: 
2022-05-11T19:01:52.9724696Z   repo: terraform
2022-05-11T19:01:52.9724942Z   version: 1.2.0-rc1-8-gbe7d90144
2022-05-11T19:01:52.9725211Z   REPO_NAME: terraform
2022-05-11T19:01:52.9725559Z   REVISION: be7d90144bf462198bf7b8a9eb688ee8f5be0121
2022-05-11T19:01:52.9725980Z   VERSION: 1.2.0-rc1-8-gbe7d90144
2022-05-11T19:01:52.9726236Z   ARCH: amd64
2022-05-11T19:01:52.9726678Z   TAGS: docker.io/hashicorp/terraform:1.2.0-rc1-8-gbe7d90144
986891699432.dkr.ecr.us-east-1.amazonaws.com/hashicorp/terraform:1.2.0-rc1-8-gbe7d90144

2022-05-11T19:01:52.9727109Z   REDHAT_TAG: 
2022-05-11T19:01:52.9727327Z   TARGET: default
2022-05-11T19:01:52.9727556Z   DEV_TAGS: 
2022-05-11T19:01:52.9727784Z   ARM_VERSION: 6
2022-05-11T19:01:52.9727997Z   WORKDIR: .
2022-05-11T19:01:52.9728217Z   ZIP_NAME: 
2022-05-11T19:01:52.9728438Z   BIN_NAME: 
2022-05-11T19:01:52.9728705Z   DOCKERFILE: .github/workflows/build-Dockerfile
2022-05-11T19:01:52.9728989Z ##[endgroup]
2022-05-11T19:01:52.9883778Z --> Set TAGS to 'docker.io/hashicorp/terraform:1.2.0-rc1-8-gbe7d90144
2022-05-11T19:01:52.9884996Z 986891699432.dkr.ecr.us-east-1.amazonaws.com/hashicorp/terraform:1.2.0-rc1-8-gbe7d90144
2022-05-11T19:01:52.9885978Z '
2022-05-11T19:01:52.9887410Z --> Set REDHAT_TAG to ''
2022-05-11T19:01:52.9892807Z --> Set DEV_TAGS to ''
2022-05-11T19:01:52.9893455Z --> Set WORKDIR to '.'
2022-05-11T19:01:52.9894080Z --> Set DOCKERFILE to '.github/workflows/build-Dockerfile'
2022-05-11T19:01:52.9895054Z --> Set REPO_NAME to 'terraform'
2022-05-11T19:01:52.9896952Z --> Set REPO_NAME_MINUS_ENTERPRISE to 'terraform'
2022-05-11T19:01:52.9897403Z --> Set ENTERPRISE_DETECTED to 'false'
2022-05-11T19:01:52.9897754Z --> Set TARGET to 'default'
2022-05-11T19:01:52.9898067Z --> Set OS to 'linux'
2022-05-11T19:01:52.9898357Z --> Set ARCH to 'amd64'
2022-05-11T19:01:52.9899064Z --> Set VERSION to '1.2.0-rc1-8-gbe7d90144'
2022-05-11T19:01:52.9899692Z --> Set REVISION to 'be7d90144bf462198bf7b8a9eb688ee8f5be0121'
2022-05-11T19:01:52.9900115Z --> Set PKG_NAME to 'terraform_1.2.0-rc1-8-gbe7d90144'
2022-05-11T19:01:52.9900572Z --> Set PKG_NAME_GUESSED to 'false'
2022-05-11T19:01:52.9903263Z --> Set ZIP_LOCATION to './dist/linux/amd64'
2022-05-11T19:01:52.9905819Z --> Set ZIP_NAME to 'terraform_1.2.0-rc1-8-gbe7d90144_linux_amd64.zip'
2022-05-11T19:01:52.9912784Z --> Set ZIP_NAME_GUESSED to 'true'
2022-05-11T19:01:52.9916857Z --> Set TARBALL_NAME to 'terraform_default_linux_amd64_1.2.0-rc1-8-gbe7d90144_be7d90144bf462198bf7b8a9eb688ee8f5be0121.docker.tar'
2022-05-11T19:01:52.9929480Z --> Set DEV_TARBALL_NAME to 'terraform_default_linux_amd64_1.2.0-rc1-8-gbe7d90144_be7d90144bf462198bf7b8a9eb688ee8f5be0121.docker.dev.tar'
2022-05-11T19:01:52.9938321Z --> Set REDHAT_TARBALL_NAME to 'terraform_default_linux_amd64_1.2.0-rc1-8-gbe7d90144_be7d90144bf462198bf7b8a9eb688ee8f5be0121.docker.redhat.tar'
2022-05-11T19:01:52.9940079Z --> Set AUTO_TAG to 'terraform/default/linux/amd64:1.2.0-rc1-8-gbe7d90144_be7d90144bf462198bf7b8a9eb688ee8f5be0121'
2022-05-11T19:01:52.9940567Z --> Set BIN_NAME to 'terraform'
2022-05-11T19:01:52.9940923Z --> Set BIN_NAME_GUESSED to 'true'
2022-05-11T19:01:52.9941249Z --> Set PLATFORM to 'linux/amd64'
2022-05-11T19:01:52.9966730Z ##[group]Run /home/runner/work/_actions/hashicorp/actions-docker-build/v1/scripts/register_qemu_binfmt
2022-05-11T19:01:52.9967403Z [36;1m/home/runner/work/_actions/hashicorp/actions-docker-build/v1/scripts/register_qemu_binfmt[0m
2022-05-11T19:01:53.0033900Z shell: /usr/bin/bash --noprofile --norc -e -o pipefail {0}
2022-05-11T19:01:53.0034665Z env:
2022-05-11T19:01:53.0038184Z   PKG_NAME: terraform
2022-05-11T19:01:53.0038480Z   repo: terraform
2022-05-11T19:01:53.0038742Z   version: 1.2.0-rc1-8-gbe7d90144
2022-05-11T19:01:53.0038994Z   REPO_NAME: terraform
2022-05-11T19:01:53.0039449Z   TAGS: docker.io/hashicorp/terraform:1.2.0-rc1-8-gbe7d90144
986891699432.dkr.ecr.us-east-1.amazonaws.com/hashicorp/terraform:1.2.0-rc1-8-gbe7d90144

2022-05-11T19:01:53.0039875Z   REDHAT_TAG: 
2022-05-11T19:01:53.0040086Z   DEV_TAGS: 
2022-05-11T19:01:53.0040309Z   WORKDIR: .
2022-05-11T19:01:53.0040591Z   DOCKERFILE: .github/workflows/build-Dockerfile
2022-05-11T19:01:53.0040898Z   REPO_NAME_MINUS_ENTERPRISE: terraform
2022-05-11T19:01:53.0041195Z   ENTERPRISE_DETECTED: false
2022-05-11T19:01:53.0041462Z   TARGET: default
2022-05-11T19:01:53.0041674Z   OS: linux
2022-05-11T19:01:53.0041894Z   ARCH: amd64
2022-05-11T19:01:53.0042142Z   VERSION: 1.2.0-rc1-8-gbe7d90144
2022-05-11T19:01:53.0042455Z   REVISION: be7d90144bf462198bf7b8a9eb688ee8f5be0121
2022-05-11T19:01:53.0042748Z   PKG_NAME_GUESSED: false
2022-05-11T19:01:53.0043020Z   ZIP_LOCATION: ./dist/linux/amd64
2022-05-11T19:01:53.0043345Z   ZIP_NAME: terraform_1.2.0-rc1-8-gbe7d90144_linux_amd64.zip
2022-05-11T19:01:53.0043635Z   ZIP_NAME_GUESSED: true
2022-05-11T19:01:53.0044037Z   TARBALL_NAME: terraform_default_linux_amd64_1.2.0-rc1-8-gbe7d90144_be7d90144bf462198bf7b8a9eb688ee8f5be0121.docker.tar
2022-05-11T19:01:53.0044582Z   DEV_TARBALL_NAME: terraform_default_linux_amd64_1.2.0-rc1-8-gbe7d90144_be7d90144bf462198bf7b8a9eb688ee8f5be0121.docker.dev.tar
2022-05-11T19:01:53.0045152Z   REDHAT_TARBALL_NAME: terraform_default_linux_amd64_1.2.0-rc1-8-gbe7d90144_be7d90144bf462198bf7b8a9eb688ee8f5be0121.docker.redhat.tar
2022-05-11T19:01:53.0045671Z   AUTO_TAG: terraform/default/linux/amd64:1.2.0-rc1-8-gbe7d90144_be7d90144bf462198bf7b8a9eb688ee8f5be0121
2022-05-11T19:01:53.0046029Z   BIN_NAME: terraform
2022-05-11T19:01:53.0046280Z   BIN_NAME_GUESSED: true
2022-05-11T19:01:53.0046521Z   PLATFORM: linux/amd64
2022-05-11T19:01:53.0047022Z ##[endgroup]
2022-05-11T19:01:53.0170320Z ==> Registering qemu into /proc/sys/fs/binfmt_misc
2022-05-11T19:01:53.9953079Z docker.mirror.hashicorp.services/tonistiigi/binfmt@sha256:5540f38542290735d17da57d7084f684c62336105d018c605058daf03e4c8256: Pulling from tonistiigi/binfmt
2022-05-11T19:01:53.9953908Z 2a625f6055a5: Pulling fs layer
2022-05-11T19:01:53.9954187Z 71d6c64c6702: Pulling fs layer
2022-05-11T19:01:54.5911163Z 71d6c64c6702: Verifying Checksum
2022-05-11T19:01:54.5911744Z 71d6c64c6702: Download complete
2022-05-11T19:01:54.6709648Z 2a625f6055a5: Verifying Checksum
2022-05-11T19:01:54.6710133Z 2a625f6055a5: Download complete
2022-05-11T19:01:55.0783094Z 2a625f6055a5: Pull complete
2022-05-11T19:01:55.4070141Z 71d6c64c6702: Pull complete
2022-05-11T19:01:55.4150397Z Digest: sha256:5540f38542290735d17da57d7084f684c62336105d018c605058daf03e4c8256
2022-05-11T19:01:55.4163455Z Status: Downloaded newer image for docker.mirror.hashicorp.services/tonistiigi/binfmt@sha256:5540f38542290735d17da57d7084f684c62336105d018c605058daf03e4c8256
2022-05-11T19:01:55.8230800Z installing: arm64 OK
2022-05-11T19:01:55.8263620Z installing: arm OK
2022-05-11T19:01:55.8264632Z installing: s390x OK
2022-05-11T19:01:55.8264933Z installing: riscv64 OK
2022-05-11T19:01:55.8265192Z installing: mips64le OK
2022-05-11T19:01:55.8265445Z installing: ppc64le OK
2022-05-11T19:01:55.8265671Z installing: mips64 OK
2022-05-11T19:01:55.8518255Z {
2022-05-11T19:01:55.8518817Z   "supported": [
2022-05-11T19:01:55.8519050Z     "linux/amd64",
2022-05-11T19:01:55.8519282Z     "linux/arm64",
2022-05-11T19:01:55.8519509Z     "linux/riscv64",
2022-05-11T19:01:55.8519731Z     "linux/ppc64le",
2022-05-11T19:01:55.8519959Z     "linux/s390x",
2022-05-11T19:01:55.8520206Z     "linux/386",
2022-05-11T19:01:55.8520418Z     "linux/mips64le",
2022-05-11T19:01:55.8520651Z     "linux/mips64",
2022-05-11T19:01:55.8520875Z     "linux/arm/v7",
2022-05-11T19:01:55.8521081Z     "linux/arm/v6"
2022-05-11T19:01:55.8521302Z   ],
2022-05-11T19:01:55.8521508Z   "emulators": [
2022-05-11T19:01:55.8521709Z     "cli",
2022-05-11T19:01:55.8522264Z     "llvm-10-runtime.binfmt",
2022-05-11T19:01:55.8522596Z     "llvm-11-runtime.binfmt",
2022-05-11T19:01:55.8522907Z     "llvm-12-runtime.binfmt",
2022-05-11T19:01:55.8523157Z     "python2.7",
2022-05-11T19:01:55.8523380Z     "python3.8",
2022-05-11T19:01:55.8523643Z     "qemu-aarch64",
2022-05-11T19:01:55.8523916Z     "qemu-arm",
2022-05-11T19:01:55.8524189Z     "qemu-mips64",
2022-05-11T19:01:55.8524455Z     "qemu-mips64el",
2022-05-11T19:01:55.8524745Z     "qemu-ppc64le",
2022-05-11T19:01:55.8525038Z     "qemu-riscv64",
2022-05-11T19:01:55.8525313Z     "qemu-s390x"
2022-05-11T19:01:55.8525509Z   ]
2022-05-11T19:01:55.8525701Z }
2022-05-11T19:01:55.9988987Z ##[group]Run actions/download-artifact@v2
2022-05-11T19:01:55.9989270Z with:
2022-05-11T19:01:55.9989529Z   name: terraform_1.2.0-rc1-8-gbe7d90144_linux_amd64.zip
2022-05-11T19:01:55.9990137Z   path: ./dist/linux/amd64
2022-05-11T19:01:55.9990365Z env:
2022-05-11T19:01:55.9990552Z   PKG_NAME: terraform
2022-05-11T19:01:55.9990875Z   repo: terraform
2022-05-11T19:01:55.9991110Z   version: 1.2.0-rc1-8-gbe7d90144
2022-05-11T19:01:55.9991337Z   REPO_NAME: terraform
2022-05-11T19:01:55.9991744Z   TAGS: docker.io/hashicorp/terraform:1.2.0-rc1-8-gbe7d90144
986891699432.dkr.ecr.us-east-1.amazonaws.com/hashicorp/terraform:1.2.0-rc1-8-gbe7d90144

2022-05-11T19:01:55.9992129Z   REDHAT_TAG: 
2022-05-11T19:01:55.9992379Z   DEV_TAGS: 
2022-05-11T19:01:55.9992565Z   WORKDIR: .
2022-05-11T19:01:55.9992820Z   DOCKERFILE: .github/workflows/build-Dockerfile
2022-05-11T19:01:55.9993112Z   REPO_NAME_MINUS_ENTERPRISE: terraform
2022-05-11T19:01:55.9993362Z   ENTERPRISE_DETECTED: false
2022-05-11T19:01:55.9993603Z   TARGET: default
2022-05-11T19:01:55.9993810Z   OS: linux
2022-05-11T19:01:55.9993994Z   ARCH: amd64
2022-05-11T19:01:55.9994214Z   VERSION: 1.2.0-rc1-8-gbe7d90144
2022-05-11T19:01:55.9994498Z   REVISION: be7d90144bf462198bf7b8a9eb688ee8f5be0121
2022-05-11T19:01:55.9994943Z   PKG_NAME_GUESSED: false
2022-05-11T19:01:55.9995197Z   ZIP_LOCATION: ./dist/linux/amd64
2022-05-11T19:01:55.9995524Z   ZIP_NAME: terraform_1.2.0-rc1-8-gbe7d90144_linux_amd64.zip
2022-05-11T19:01:55.9995787Z   ZIP_NAME_GUESSED: true
2022-05-11T19:01:55.9996221Z   TARBALL_NAME: terraform_default_linux_amd64_1.2.0-rc1-8-gbe7d90144_be7d90144bf462198bf7b8a9eb688ee8f5be0121.docker.tar
2022-05-11T19:01:55.9997081Z   DEV_TARBALL_NAME: terraform_default_linux_amd64_1.2.0-rc1-8-gbe7d90144_be7d90144bf462198bf7b8a9eb688ee8f5be0121.docker.dev.tar
2022-05-11T19:01:55.9997636Z   REDHAT_TARBALL_NAME: terraform_default_linux_amd64_1.2.0-rc1-8-gbe7d90144_be7d90144bf462198bf7b8a9eb688ee8f5be0121.docker.redhat.tar
2022-05-11T19:01:55.9998235Z   AUTO_TAG: terraform/default/linux/amd64:1.2.0-rc1-8-gbe7d90144_be7d90144bf462198bf7b8a9eb688ee8f5be0121
2022-05-11T19:01:55.9998598Z   BIN_NAME: terraform
2022-05-11T19:01:55.9998840Z   BIN_NAME_GUESSED: true
2022-05-11T19:01:55.9999092Z   PLATFORM: linux/amd64
2022-05-11T19:01:55.9999317Z ##[endgroup]
2022-05-11T19:01:56.0647031Z Starting download for terraform_1.2.0-rc1-8-gbe7d90144_linux_amd64.zip
2022-05-11T19:01:56.2732897Z Directory structure has been setup for the artifact
2022-05-11T19:01:56.2735149Z Total number of files that will be downloaded: 1
2022-05-11T19:01:57.2744348Z Total file count: 1 ---- Processed file #0 (0.0%)
2022-05-11T19:01:58.1352954Z Artifact terraform_1.2.0-rc1-8-gbe7d90144_linux_amd64.zip was downloaded to /home/runner/work/terraform/terraform/dist/linux/amd64
2022-05-11T19:01:58.1359701Z Artifact download has finished successfully
2022-05-11T19:01:58.1485287Z ##[group]Run /home/runner/work/_actions/hashicorp/actions-docker-build/v1/scripts/extract_product_zip
2022-05-11T19:01:58.1485850Z [36;1m/home/runner/work/_actions/hashicorp/actions-docker-build/v1/scripts/extract_product_zip[0m
2022-05-11T19:01:58.1553148Z shell: /usr/bin/bash --noprofile --norc -e -o pipefail {0}
2022-05-11T19:01:58.1553465Z env:
2022-05-11T19:01:58.1553702Z   PKG_NAME: terraform
2022-05-11T19:01:58.1553960Z   repo: terraform
2022-05-11T19:01:58.1554372Z   version: 1.2.0-rc1-8-gbe7d90144
2022-05-11T19:01:58.1554616Z   REPO_NAME: terraform
2022-05-11T19:01:58.1555290Z   TAGS: docker.io/hashicorp/terraform:1.2.0-rc1-8-gbe7d90144
986891699432.dkr.ecr.us-east-1.amazonaws.com/hashicorp/terraform:1.2.0-rc1-8-gbe7d90144

2022-05-11T19:01:58.1555962Z   REDHAT_TAG: 
2022-05-11T19:01:58.1556170Z   DEV_TAGS: 
2022-05-11T19:01:58.1556397Z   WORKDIR: .
2022-05-11T19:01:58.1556685Z   DOCKERFILE: .github/workflows/build-Dockerfile
2022-05-11T19:01:58.1556992Z   REPO_NAME_MINUS_ENTERPRISE: terraform
2022-05-11T19:01:58.1557287Z   ENTERPRISE_DETECTED: false
2022-05-11T19:01:58.1557547Z   TARGET: default
2022-05-11T19:01:58.1557763Z   OS: linux
2022-05-11T19:01:58.1558028Z   ARCH: amd64
2022-05-11T19:01:58.1558405Z   VERSION: 1.2.0-rc1-8-gbe7d90144
2022-05-11T19:01:58.1558703Z   REVISION: be7d90144bf462198bf7b8a9eb688ee8f5be0121
2022-05-11T19:01:58.1559014Z   PKG_NAME_GUESSED: false
2022-05-11T19:01:58.1559295Z   ZIP_LOCATION: ./dist/linux/amd64
2022-05-11T19:01:58.1559628Z   ZIP_NAME: terraform_1.2.0-rc1-8-gbe7d90144_linux_amd64.zip
2022-05-11T19:01:58.1559919Z   ZIP_NAME_GUESSED: true
2022-05-11T19:01:58.1560324Z   TARBALL_NAME: terraform_default_linux_amd64_1.2.0-rc1-8-gbe7d90144_be7d90144bf462198bf7b8a9eb688ee8f5be0121.docker.tar
2022-05-11T19:01:58.1560973Z   DEV_TARBALL_NAME: terraform_default_linux_amd64_1.2.0-rc1-8-gbe7d90144_be7d90144bf462198bf7b8a9eb688ee8f5be0121.docker.dev.tar
2022-05-11T19:01:58.1561541Z   REDHAT_TARBALL_NAME: terraform_default_linux_amd64_1.2.0-rc1-8-gbe7d90144_be7d90144bf462198bf7b8a9eb688ee8f5be0121.docker.redhat.tar
2022-05-11T19:01:58.1562057Z   AUTO_TAG: terraform/default/linux/amd64:1.2.0-rc1-8-gbe7d90144_be7d90144bf462198bf7b8a9eb688ee8f5be0121
2022-05-11T19:01:58.1562414Z   BIN_NAME: terraform
2022-05-11T19:01:58.1562665Z   BIN_NAME_GUESSED: true
2022-05-11T19:01:58.1562902Z   PLATFORM: linux/amd64
2022-05-11T19:01:58.1563145Z ##[endgroup]
2022-05-11T19:01:58.1720939Z Archive:  terraform_1.2.0-rc1-8-gbe7d90144_linux_amd64.zip
2022-05-11T19:01:58.8133840Z   inflating: terraform               
2022-05-11T19:01:58.8139615Z ==> Success! Extracted needed binary terraform
2022-05-11T19:01:58.8168828Z ##[group]Run /home/runner/work/_actions/hashicorp/actions-docker-build/v1/scripts/docker_build
2022-05-11T19:01:58.8169362Z [36;1m/home/runner/work/_actions/hashicorp/actions-docker-build/v1/scripts/docker_build[0m
2022-05-11T19:01:58.8232834Z shell: /usr/bin/bash --noprofile --norc -e -o pipefail {0}
2022-05-11T19:01:58.8233177Z env:
2022-05-11T19:01:58.8233615Z   PKG_NAME: terraform
2022-05-11T19:01:58.8233984Z   repo: terraform
2022-05-11T19:01:58.8234271Z   version: 1.2.0-rc1-8-gbe7d90144
2022-05-11T19:01:58.8234825Z   REPO_NAME: terraform
2022-05-11T19:01:58.8235518Z   TAGS: docker.io/hashicorp/terraform:1.2.0-rc1-8-gbe7d90144
986891699432.dkr.ecr.us-east-1.amazonaws.com/hashicorp/terraform:1.2.0-rc1-8-gbe7d90144

2022-05-11T19:01:58.8236030Z   REDHAT_TAG: 
2022-05-11T19:01:58.8236387Z   DEV_TAGS: 
2022-05-11T19:01:58.8236690Z   WORKDIR: .
2022-05-11T19:01:58.8236998Z   DOCKERFILE: .github/workflows/build-Dockerfile
2022-05-11T19:01:58.8237405Z   REPO_NAME_MINUS_ENTERPRISE: terraform
2022-05-11T19:01:58.8237857Z   ENTERPRISE_DETECTED: false
2022-05-11T19:01:58.8238205Z   TARGET: default
2022-05-11T19:01:58.8238454Z   OS: linux
2022-05-11T19:01:58.8238757Z   ARCH: amd64
2022-05-11T19:01:58.8239156Z   VERSION: 1.2.0-rc1-8-gbe7d90144
2022-05-11T19:01:58.8239506Z   REVISION: be7d90144bf462198bf7b8a9eb688ee8f5be0121
2022-05-11T19:01:58.8239894Z   PKG_NAME_GUESSED: false
2022-05-11T19:01:58.8240251Z   ZIP_LOCATION: ./dist/linux/amd64
2022-05-11T19:01:58.8240611Z   ZIP_NAME: terraform_1.2.0-rc1-8-gbe7d90144_linux_amd64.zip
2022-05-11T19:01:58.8241061Z   ZIP_NAME_GUESSED: true
2022-05-11T19:01:58.8241555Z   TARBALL_NAME: terraform_default_linux_amd64_1.2.0-rc1-8-gbe7d90144_be7d90144bf462198bf7b8a9eb688ee8f5be0121.docker.tar
2022-05-11T19:01:58.8242188Z   DEV_TARBALL_NAME: terraform_default_linux_amd64_1.2.0-rc1-8-gbe7d90144_be7d90144bf462198bf7b8a9eb688ee8f5be0121.docker.dev.tar
2022-05-11T19:01:58.8242796Z   REDHAT_TARBALL_NAME: terraform_default_linux_amd64_1.2.0-rc1-8-gbe7d90144_be7d90144bf462198bf7b8a9eb688ee8f5be0121.docker.redhat.tar
2022-05-11T19:01:58.8243418Z   AUTO_TAG: terraform/default/linux/amd64:1.2.0-rc1-8-gbe7d90144_be7d90144bf462198bf7b8a9eb688ee8f5be0121
2022-05-11T19:01:58.8244011Z   BIN_NAME: terraform
2022-05-11T19:01:58.8244293Z   BIN_NAME_GUESSED: true
2022-05-11T19:01:58.8244625Z   PLATFORM: linux/amd64
2022-05-11T19:01:58.8244960Z ##[endgroup]
2022-05-11T19:01:58.8448291Z ALL_TAGS: terraform/default/linux/amd64:1.2.0-rc1-8-gbe7d90144_be7d90144bf462198bf7b8a9eb688ee8f5be0121 docker.io/hashicorp/terraform:1.2.0-rc1-8-gbe7d90144 986891699432.dkr.ecr.us-east-1.amazonaws.com/hashicorp/terraform:1.2.0-rc1-8-gbe7d90144
2022-05-11T19:01:59.1650488Z epic_hamilton
2022-05-11T19:01:59.1710890Z ==> Building image with tags:
2022-05-11T19:01:59.1714365Z     - terraform/default/linux/amd64:1.2.0-rc1-8-gbe7d90144_be7d90144bf462198bf7b8a9eb688ee8f5be0121
2022-05-11T19:01:59.1715507Z     - docker.io/hashicorp/terraform:1.2.0-rc1-8-gbe7d90144
2022-05-11T19:01:59.1716821Z     - 986891699432.dkr.ecr.us-east-1.amazonaws.com/hashicorp/terraform:1.2.0-rc1-8-gbe7d90144
2022-05-11T19:01:59.2989407Z #1 [internal] booting buildkit
2022-05-11T19:01:59.4485533Z #1 pulling image moby/buildkit:buildx-stable-1
2022-05-11T19:02:03.8128186Z #1 pulling image moby/buildkit:buildx-stable-1 4.4s done
2022-05-11T19:02:03.8128694Z #1 creating container buildx_buildkit_epic_hamilton0
2022-05-11T19:02:04.5664887Z #1 creating container buildx_buildkit_epic_hamilton0 0.8s done
2022-05-11T19:02:04.5665517Z #1 DONE 5.2s
2022-05-11T19:02:04.6698484Z 
2022-05-11T19:02:04.6703572Z #2 [internal] load build definition from build-Dockerfile
2022-05-11T19:02:04.6704206Z #2 transferring dockerfile:
2022-05-11T19:02:04.8212934Z #2 transferring dockerfile: 1.74kB done
2022-05-11T19:02:04.8213351Z #2 DONE 0.0s
2022-05-11T19:02:04.8214432Z 
2022-05-11T19:02:04.8214601Z #3 [internal] load .dockerignore
2022-05-11T19:02:04.8214944Z #3 transferring context: 2B done
2022-05-11T19:02:04.8217641Z #3 DONE 0.0s
2022-05-11T19:02:04.8223990Z 
2022-05-11T19:02:04.8226590Z #4 [internal] load metadata for docker.mirror.hashicorp.services/alpine:latest
2022-05-11T19:02:05.8270499Z #4 DONE 1.1s
2022-05-11T19:02:05.8271423Z 
2022-05-11T19:02:05.8275410Z #5 [1/3] FROM docker.mirror.hashicorp.services/alpine:latest@sha256:4edbd2beb5f78b1014028f4fbb99f3237d9561100b6881aabbf5acce2c4f9454
2022-05-11T19:02:05.8276647Z #5 resolve docker.mirror.hashicorp.services/alpine:latest@sha256:4edbd2beb5f78b1014028f4fbb99f3237d9561100b6881aabbf5acce2c4f9454 0.0s done
2022-05-11T19:02:05.8277614Z #5 DONE 0.0s
2022-05-11T19:02:05.8278127Z 
2022-05-11T19:02:05.8278803Z #6 [internal] load build context
2022-05-11T19:02:05.9808682Z #6 transferring context: 3.61MB 0.1s done
2022-05-11T19:02:05.9809594Z #6 CANCELED
2022-05-11T19:02:05.9809933Z 
2022-05-11T19:02:05.9812117Z #5 [1/3] FROM docker.mirror.hashicorp.services/alpine:latest@sha256:4edbd2beb5f78b1014028f4fbb99f3237d9561100b6881aabbf5acce2c4f9454
2022-05-11T19:02:05.9812779Z #5 sha256:df9b9388f04ad6279a7410b85cedfdcb2208c0a003da7ab5613af71079148139 0B / 2.81MB 0.1s
2022-05-11T19:02:05.9813313Z #5 ...
2022-05-11T19:02:05.9813488Z 
2022-05-11T19:02:05.9814057Z #7 [2/3] RUN apk add --no-cache git openssh
2022-05-11T19:02:05.9816559Z #7 ERROR: failed to copy: httpReadSeeker: failed open: could not fetch content descriptor sha256:df9b9388f04ad6279a7410b85cedfdcb2208c0a003da7ab5613af71079148139 (application/vnd.docker.image.rootfs.diff.tar.gzip) from remote: not found
2022-05-11T19:02:05.9817292Z ------
2022-05-11T19:02:05.9817753Z  > [2/3] RUN apk add --no-cache git openssh:
2022-05-11T19:02:05.9818147Z ------
2022-05-11T19:02:05.9881461Z build-Dockerfile:32
2022-05-11T19:02:05.9884183Z --------------------
2022-05-11T19:02:05.9884931Z   30 |     LABEL "com.hashicorp.terraform.version"="${VERSION}"
2022-05-11T19:02:05.9888109Z   31 |     
2022-05-11T19:02:05.9888719Z   32 | >>> RUN apk add --no-cache git openssh
2022-05-11T19:02:05.9890773Z   33 |     
2022-05-11T19:02:05.9891484Z   34 |     # The hashicorp/actions-docker-build GitHub Action extracts the appropriate
2022-05-11T19:02:05.9892216Z --------------------
2022-05-11T19:02:05.9901125Z error: failed to solve: failed to compute cache key: failed to copy: httpReadSeeker: failed open: could not fetch content descriptor sha256:df9b9388f04ad6279a7410b85cedfdcb2208c0a003da7ab5613af71079148139 (application/vnd.docker.image.rootfs.diff.tar.gzip) from remote: not found
2022-05-11T19:02:06.0012450Z ##[error]Process completed with exit code 1.
2022-05-11T19:02:06.0167099Z Post job cleanup.
2022-05-11T19:02:06.1779503Z [command]/usr/bin/git version
2022-05-11T19:02:06.1846577Z git version 2.36.0
2022-05-11T19:02:06.1917568Z Temporarily overriding HOME='/home/runner/work/_temp/1e44b283-f3e8-47ac-8635-3f1815e2665f' before making global git config changes
2022-05-11T19:02:06.1921329Z Adding repository directory to the temporary git global config as a safe directory
2022-05-11T19:02:06.1931349Z [command]/usr/bin/git config --global --add safe.directory /home/runner/work/terraform/terraform
2022-05-11T19:02:06.1994046Z [command]/usr/bin/git config --local --name-only --get-regexp core\.sshCommand
2022-05-11T19:02:06.2075170Z [command]/usr/bin/git submodule foreach --recursive git config --local --name-only --get-regexp 'core\.sshCommand' && git config --local --unset-all 'core.sshCommand' || :
2022-05-11T19:02:06.2609401Z [command]/usr/bin/git config --local --name-only --get-regexp http\.https\:\/\/github\.com\/\.extraheader
2022-05-11T19:02:06.2633888Z http.https://github.com/.extraheader
2022-05-11T19:02:06.2648032Z [command]/usr/bin/git config --local --unset-all http.https://github.com/.extraheader
2022-05-11T19:02:06.2697001Z [command]/usr/bin/git submodule foreach --recursive git config --local --name-only --get-regexp 'http\.https\:\/\/github\.com\/\.extraheader' && git config --local --unset-all 'http.https://github.com/.extraheader' || :
2022-05-11T19:02:06.3444554Z Cleaning up orphan processes
