2022-05-11T18:19:42.6595098Z Requested labels: ubuntu-latest
2022-05-11T18:19:42.6595169Z Job defined at: hashicorp/terraform/.github/workflows/build.yml@refs/heads/v1.2
2022-05-11T18:19:42.6595223Z Waiting for a runner to pick up this job...
2022-05-11T18:19:44.6944921Z Job is waiting for a hosted runner to come online.
2022-05-11T18:19:48.0064503Z Job is about to start running on the hosted runner: GitHub Actions 21 (hosted)
2022-05-11T18:19:53.0193194Z Current runner version: '2.291.1'
2022-05-11T18:19:53.0224472Z ##[group]Operating System
2022-05-11T18:19:53.0225135Z Ubuntu
2022-05-11T18:19:53.0225556Z 20.04.4
2022-05-11T18:19:53.0225806Z LTS
2022-05-11T18:19:53.0226124Z ##[endgroup]
2022-05-11T18:19:53.0226490Z ##[group]Virtual Environment
2022-05-11T18:19:53.0226856Z Environment: ubuntu-20.04
2022-05-11T18:19:53.0227275Z Version: 20220503.1
2022-05-11T18:19:53.0227839Z Included Software: https://github.com/actions/virtual-environments/blob/ubuntu20/20220503.1/images/linux/Ubuntu2004-Readme.md
2022-05-11T18:19:53.0228515Z Image Release: https://github.com/actions/virtual-environments/releases/tag/ubuntu20%2F20220503.1
2022-05-11T18:19:53.0229020Z ##[endgroup]
2022-05-11T18:19:53.0229444Z ##[group]Virtual Environment Provisioner
2022-05-11T18:19:53.0229847Z 1.0.0.0-main-20220421-1
2022-05-11T18:19:53.0230160Z ##[endgroup]
2022-05-11T18:19:53.0230927Z ##[group]GITHUB_TOKEN Permissions
2022-05-11T18:19:53.0231636Z Contents: read
2022-05-11T18:19:53.0232142Z Metadata: read
2022-05-11T18:19:53.0232520Z Statuses: write
2022-05-11T18:19:53.0232864Z ##[endgroup]
2022-05-11T18:19:53.0236773Z Secret source: Actions
2022-05-11T18:19:53.0237346Z Prepare workflow directory
2022-05-11T18:19:53.1580924Z Prepare all required actions
2022-05-11T18:19:53.1786755Z Getting action download info
2022-05-11T18:19:53.4257956Z Download action repository 'actions/checkout@v2' (SHA:7884fcad6b5d53d10323aee724dc68d8b9096a2e)
2022-05-11T18:19:54.0748241Z Download action repository 'hashicorp/actions-docker-build@v1' (SHA:05c370a26e61b06be46c5095d6e914c9f0ea4f3d)
2022-05-11T18:19:54.6580934Z Getting action download info
2022-05-11T18:19:54.9073346Z Download action repository 'actions/download-artifact@v2' (SHA:f023be2c48cc18debc3bacd34cb396e0295e2869)
2022-05-11T18:19:55.3935204Z Download action repository 'actions/upload-artifact@v2' (SHA:82c141cc518b40d92cc801eee768e7aafc9c2fa2)
2022-05-11T18:19:55.9353984Z ##[group]Run actions/checkout@v2
2022-05-11T18:19:55.9354545Z with:
2022-05-11T18:19:55.9354907Z   repository: hashicorp/terraform
2022-05-11T18:19:55.9355447Z   token: ***
2022-05-11T18:19:55.9355762Z   ssh-strict: true
2022-05-11T18:19:55.9356036Z   persist-credentials: true
2022-05-11T18:19:55.9356549Z   clean: true
2022-05-11T18:19:55.9356876Z   fetch-depth: 1
2022-05-11T18:19:55.9357169Z   lfs: false
2022-05-11T18:19:55.9357480Z   submodules: false
2022-05-11T18:19:55.9357867Z   set-safe-directory: true
2022-05-11T18:19:55.9358155Z env:
2022-05-11T18:19:55.9358456Z   PKG_NAME: terraform
2022-05-11T18:19:55.9358767Z   repo: terraform
2022-05-11T18:19:55.9359036Z   version: 1.2.0-rc1-7-gc21e3436a
2022-05-11T18:19:55.9359410Z ##[endgroup]
2022-05-11T18:19:56.2373767Z Syncing repository: hashicorp/terraform
2022-05-11T18:19:56.2376597Z ##[group]Getting Git version info
2022-05-11T18:19:56.2377321Z Working directory is '/home/runner/work/terraform/terraform'
2022-05-11T18:19:56.2378205Z [command]/usr/bin/git version
2022-05-11T18:19:56.2506715Z git version 2.36.0
2022-05-11T18:19:56.2520289Z ##[endgroup]
2022-05-11T18:19:56.2545278Z Temporarily overriding HOME='/home/runner/work/_temp/feaeb727-3ea8-48a2-8ee8-47ec61586c54' before making global git config changes
2022-05-11T18:19:56.2545955Z Adding repository directory to the temporary git global config as a safe directory
2022-05-11T18:19:56.2547409Z [command]/usr/bin/git config --global --add safe.directory /home/runner/work/terraform/terraform
2022-05-11T18:19:56.2593252Z Deleting the contents of '/home/runner/work/terraform/terraform'
2022-05-11T18:19:56.2598579Z ##[group]Initializing the repository
2022-05-11T18:19:56.2602492Z [command]/usr/bin/git init /home/runner/work/terraform/terraform
2022-05-11T18:19:56.2679735Z hint: Using 'master' as the name for the initial branch. This default branch name
2022-05-11T18:19:56.2680678Z hint: is subject to change. To configure the initial branch name to use in all
2022-05-11T18:19:56.2682100Z hint: of your new repositories, which will suppress this warning, call:
2022-05-11T18:19:56.2682641Z hint: 
2022-05-11T18:19:56.2683667Z hint: 	git config --global init.defaultBranch <name>
2022-05-11T18:19:56.2684467Z hint: 
2022-05-11T18:19:56.2685434Z hint: Names commonly chosen instead of 'master' are 'main', 'trunk' and
2022-05-11T18:19:56.2686178Z hint: 'development'. The just-created branch can be renamed via this command:
2022-05-11T18:19:56.2687020Z hint: 
2022-05-11T18:19:56.2688238Z hint: 	git branch -m <name>
2022-05-11T18:19:56.2702980Z Initialized empty Git repository in /home/runner/work/terraform/terraform/.git/
2022-05-11T18:19:56.2715941Z [command]/usr/bin/git remote add origin https://github.com/hashicorp/terraform
2022-05-11T18:19:56.2764653Z ##[endgroup]
2022-05-11T18:19:56.2766043Z ##[group]Disabling automatic garbage collection
2022-05-11T18:19:56.2816990Z [command]/usr/bin/git config --local gc.auto 0
2022-05-11T18:19:56.2855299Z ##[endgroup]
2022-05-11T18:19:56.2856291Z ##[group]Setting up auth
2022-05-11T18:19:56.2866295Z [command]/usr/bin/git config --local --name-only --get-regexp core\.sshCommand
2022-05-11T18:19:56.2902473Z [command]/usr/bin/git submodule foreach --recursive git config --local --name-only --get-regexp 'core\.sshCommand' && git config --local --unset-all 'core.sshCommand' || :
2022-05-11T18:19:56.3314181Z [command]/usr/bin/git config --local --name-only --get-regexp http\.https\:\/\/github\.com\/\.extraheader
2022-05-11T18:19:56.3342645Z [command]/usr/bin/git submodule foreach --recursive git config --local --name-only --get-regexp 'http\.https\:\/\/github\.com\/\.extraheader' && git config --local --unset-all 'http.https://github.com/.extraheader' || :
2022-05-11T18:19:56.3601749Z [command]/usr/bin/git config --local http.https://github.com/.extraheader AUTHORIZATION: basic ***
2022-05-11T18:19:56.3641498Z ##[endgroup]
2022-05-11T18:19:56.3644637Z ##[group]Fetching the repository
2022-05-11T18:19:56.3658045Z [command]/usr/bin/git -c protocol.version=2 fetch --no-tags --prune --progress --no-recurse-submodules --depth=1 origin +c21e3436a45a471f6c4b980e6713a560005c7d9d:refs/remotes/origin/v1.2
2022-05-11T18:19:56.7849021Z remote: Enumerating objects: 3913, done.        
2022-05-11T18:19:56.7865704Z remote: Counting objects:   0% (1/3913)        
2022-05-11T18:19:56.7866855Z remote: Counting objects:   1% (40/3913)        
2022-05-11T18:19:56.7867480Z remote: Counting objects:   2% (79/3913)        
2022-05-11T18:19:56.7868372Z remote: Counting objects:   3% (118/3913)        
2022-05-11T18:19:56.7891734Z remote: Counting objects:   4% (157/3913)        
2022-05-11T18:19:56.7893937Z remote: Counting objects:   5% (196/3913)        
2022-05-11T18:19:56.7896528Z remote: Counting objects:   6% (235/3913)        
2022-05-11T18:19:56.7898621Z remote: Counting objects:   7% (274/3913)        
2022-05-11T18:19:56.7900925Z remote: Counting objects:   8% (314/3913)        
2022-05-11T18:19:56.7904600Z remote: Counting objects:   9% (353/3913)        
2022-05-11T18:19:56.7906889Z remote: Counting objects:  10% (392/3913)        
2022-05-11T18:19:56.7908922Z remote: Counting objects:  11% (431/3913)        
2022-05-11T18:19:56.7911371Z remote: Counting objects:  12% (470/3913)        
2022-05-11T18:19:56.7913456Z remote: Counting objects:  13% (509/3913)        
2022-05-11T18:19:56.7915569Z remote: Counting objects:  14% (548/3913)        
2022-05-11T18:19:56.7917526Z remote: Counting objects:  15% (587/3913)        
2022-05-11T18:19:56.7923171Z remote: Counting objects:  16% (627/3913)        
2022-05-11T18:19:56.7923526Z remote: Counting objects:  17% (666/3913)        
2022-05-11T18:19:56.7923813Z remote: Counting objects:  18% (705/3913)        
2022-05-11T18:19:56.7924328Z remote: Counting objects:  19% (744/3913)        
2022-05-11T18:19:56.7924723Z remote: Counting objects:  20% (783/3913)        
2022-05-11T18:19:56.7925015Z remote: Counting objects:  21% (822/3913)        
2022-05-11T18:19:56.7925349Z remote: Counting objects:  22% (861/3913)        
2022-05-11T18:19:56.7925695Z remote: Counting objects:  23% (900/3913)        
2022-05-11T18:19:56.7926016Z remote: Counting objects:  24% (940/3913)        
2022-05-11T18:19:56.7926558Z remote: Counting objects:  25% (979/3913)        
2022-05-11T18:19:56.7926891Z remote: Counting objects:  26% (1018/3913)        
2022-05-11T18:19:56.7927256Z remote: Counting objects:  27% (1057/3913)        
2022-05-11T18:19:56.7927545Z remote: Counting objects:  28% (1096/3913)        
2022-05-11T18:19:56.7927878Z remote: Counting objects:  29% (1135/3913)        
2022-05-11T18:19:56.7928277Z remote: Counting objects:  30% (1174/3913)        
2022-05-11T18:19:56.7928564Z remote: Counting objects:  31% (1214/3913)        
2022-05-11T18:19:56.7928907Z remote: Counting objects:  32% (1253/3913)        
2022-05-11T18:19:56.7929366Z remote: Counting objects:  33% (1292/3913)        
2022-05-11T18:19:56.7929758Z remote: Counting objects:  34% (1331/3913)        
2022-05-11T18:19:56.7930042Z remote: Counting objects:  35% (1370/3913)        
2022-05-11T18:19:56.7930388Z remote: Counting objects:  36% (1409/3913)        
2022-05-11T18:19:56.7930717Z remote: Counting objects:  37% (1448/3913)        
2022-05-11T18:19:56.7931000Z remote: Counting objects:  38% (1487/3913)        
2022-05-11T18:19:56.7931363Z remote: Counting objects:  39% (1527/3913)        
2022-05-11T18:19:56.7931709Z remote: Counting objects:  40% (1566/3913)        
2022-05-11T18:19:56.7932037Z remote: Counting objects:  41% (1605/3913)        
2022-05-11T18:19:56.7932315Z remote: Counting objects:  42% (1644/3913)        
2022-05-11T18:19:56.7932770Z remote: Counting objects:  43% (1683/3913)        
2022-05-11T18:19:56.7933172Z remote: Counting objects:  44% (1722/3913)        
2022-05-11T18:19:56.7933471Z remote: Counting objects:  45% (1761/3913)        
2022-05-11T18:19:56.7933817Z remote: Counting objects:  46% (1800/3913)        
2022-05-11T18:19:56.7934164Z remote: Counting objects:  47% (1840/3913)        
2022-05-11T18:19:56.7934584Z remote: Counting objects:  48% (1879/3913)        
2022-05-11T18:19:56.8051100Z remote: Counting objects:  49% (1918/3913)        
2022-05-11T18:19:56.8051456Z remote: Counting objects:  50% (1957/3913)        
2022-05-11T18:19:56.8051714Z remote: Counting objects:  51% (1996/3913)        
2022-05-11T18:19:56.8051982Z remote: Counting objects:  52% (2035/3913)        
2022-05-11T18:19:56.8052244Z remote: Counting objects:  53% (2074/3913)        
2022-05-11T18:19:56.8052491Z remote: Counting objects:  54% (2114/3913)        
2022-05-11T18:19:56.8052748Z remote: Counting objects:  55% (2153/3913)        
2022-05-11T18:19:56.8053003Z remote: Counting objects:  56% (2192/3913)        
2022-05-11T18:19:56.8053246Z remote: Counting objects:  57% (2231/3913)        
2022-05-11T18:19:56.8053502Z remote: Counting objects:  58% (2270/3913)        
2022-05-11T18:19:56.8053759Z remote: Counting objects:  59% (2309/3913)        
2022-05-11T18:19:56.8054019Z remote: Counting objects:  60% (2348/3913)        
2022-05-11T18:19:56.8054267Z remote: Counting objects:  61% (2387/3913)        
2022-05-11T18:19:56.8054522Z remote: Counting objects:  62% (2427/3913)        
2022-05-11T18:19:56.8054783Z remote: Counting objects:  63% (2466/3913)        
2022-05-11T18:19:56.8055025Z remote: Counting objects:  64% (2505/3913)        
2022-05-11T18:19:56.8055273Z remote: Counting objects:  65% (2544/3913)        
2022-05-11T18:19:56.8055520Z remote: Counting objects:  66% (2583/3913)        
2022-05-11T18:19:56.8055760Z remote: Counting objects:  67% (2622/3913)        
2022-05-11T18:19:56.8056152Z remote: Counting objects:  68% (2661/3913)        
2022-05-11T18:19:56.8056559Z remote: Counting objects:  69% (2700/3913)        
2022-05-11T18:19:56.8056836Z remote: Counting objects:  70% (2740/3913)        
2022-05-11T18:19:56.8057125Z remote: Counting objects:  71% (2779/3913)        
2022-05-11T18:19:56.8057416Z remote: Counting objects:  72% (2818/3913)        
2022-05-11T18:19:56.8057709Z remote: Counting objects:  73% (2857/3913)        
2022-05-11T18:19:56.8057991Z remote: Counting objects:  74% (2896/3913)        
2022-05-11T18:19:56.8058283Z remote: Counting objects:  75% (2935/3913)        
2022-05-11T18:19:56.8058818Z remote: Counting objects:  76% (2974/3913)        
2022-05-11T18:19:56.8059095Z remote: Counting objects:  77% (3014/3913)        
2022-05-11T18:19:56.8059505Z remote: Counting objects:  78% (3053/3913)        
2022-05-11T18:19:56.8059779Z remote: Counting objects:  79% (3092/3913)        
2022-05-11T18:19:56.8060040Z remote: Counting objects:  80% (3131/3913)        
2022-05-11T18:19:56.8060313Z remote: Counting objects:  81% (3170/3913)        
2022-05-11T18:19:56.8060585Z remote: Counting objects:  82% (3209/3913)        
2022-05-11T18:19:56.8060857Z remote: Counting objects:  83% (3248/3913)        
2022-05-11T18:19:56.8061116Z remote: Counting objects:  84% (3287/3913)        
2022-05-11T18:19:56.8061390Z remote: Counting objects:  85% (3327/3913)        
2022-05-11T18:19:56.8061660Z remote: Counting objects:  86% (3366/3913)        
2022-05-11T18:19:56.8061921Z remote: Counting objects:  87% (3405/3913)        
2022-05-11T18:19:56.8062326Z remote: Counting objects:  88% (3444/3913)        
2022-05-11T18:19:56.8062728Z remote: Counting objects:  89% (3483/3913)        
2022-05-11T18:19:56.8074531Z remote: Counting objects:  90% (3522/3913)        
2022-05-11T18:19:56.8074842Z remote: Counting objects:  91% (3561/3913)        
2022-05-11T18:19:56.8103076Z remote: Counting objects:  92% (3600/3913)        
2022-05-11T18:19:56.8105422Z remote: Counting objects:  93% (3640/3913)        
2022-05-11T18:19:56.8107066Z remote: Counting objects:  94% (3679/3913)        
2022-05-11T18:19:56.8107519Z remote: Counting objects:  95% (3718/3913)        
2022-05-11T18:19:56.8107808Z remote: Counting objects:  96% (3757/3913)        
2022-05-11T18:19:56.8108113Z remote: Counting objects:  97% (3796/3913)        
2022-05-11T18:19:56.8108386Z remote: Counting objects:  98% (3835/3913)        
2022-05-11T18:19:56.8108669Z remote: Counting objects:  99% (3874/3913)        
2022-05-11T18:19:56.8109158Z remote: Counting objects: 100% (3913/3913)        
2022-05-11T18:19:56.8109667Z remote: Counting objects: 100% (3913/3913), done.        
2022-05-11T18:19:56.8109976Z remote: Compressing objects:   0% (1/2957)        
2022-05-11T18:19:56.8110281Z remote: Compressing objects:   1% (30/2957)        
2022-05-11T18:19:56.8110586Z remote: Compressing objects:   2% (60/2957)        
2022-05-11T18:19:56.8110877Z remote: Compressing objects:   3% (89/2957)        
2022-05-11T18:19:56.8111407Z remote: Compressing objects:   4% (119/2957)        
2022-05-11T18:19:56.8112326Z remote: Compressing objects:   5% (148/2957)        
2022-05-11T18:19:56.8134258Z remote: Compressing objects:   6% (178/2957)        
2022-05-11T18:19:56.8348189Z remote: Compressing objects:   7% (207/2957)        
2022-05-11T18:19:56.8348671Z remote: Compressing objects:   8% (237/2957)        
2022-05-11T18:19:56.8349425Z remote: Compressing objects:   9% (267/2957)        
2022-05-11T18:19:56.8350441Z remote: Compressing objects:  10% (296/2957)        
2022-05-11T18:19:56.8350933Z remote: Compressing objects:  11% (326/2957)        
2022-05-11T18:19:56.8351555Z remote: Compressing objects:  12% (355/2957)        
2022-05-11T18:19:56.8351957Z remote: Compressing objects:  13% (385/2957)        
2022-05-11T18:19:56.8372083Z remote: Compressing objects:  14% (414/2957)        
2022-05-11T18:19:56.8483940Z remote: Compressing objects:  15% (444/2957)        
2022-05-11T18:19:56.8612105Z remote: Compressing objects:  16% (474/2957)        
2022-05-11T18:19:56.8700373Z remote: Compressing objects:  17% (503/2957)        
2022-05-11T18:19:56.8799281Z remote: Compressing objects:  18% (533/2957)        
2022-05-11T18:19:56.8897868Z remote: Compressing objects:  19% (562/2957)        
2022-05-11T18:19:56.9000638Z remote: Compressing objects:  20% (592/2957)        
2022-05-11T18:19:56.9064801Z remote: Compressing objects:  21% (621/2957)        
2022-05-11T18:19:56.9218841Z remote: Compressing objects:  22% (651/2957)        
2022-05-11T18:19:56.9320742Z remote: Compressing objects:  23% (681/2957)        
2022-05-11T18:19:56.9413147Z remote: Compressing objects:  24% (710/2957)        
2022-05-11T18:19:56.9523333Z remote: Compressing objects:  25% (740/2957)        
2022-05-11T18:19:56.9643909Z remote: Compressing objects:  26% (769/2957)        
2022-05-11T18:19:56.9807881Z remote: Compressing objects:  27% (799/2957)        
2022-05-11T18:19:56.9940483Z remote: Compressing objects:  28% (828/2957)        
2022-05-11T18:19:57.0118298Z remote: Compressing objects:  29% (858/2957)        
2022-05-11T18:19:57.0155966Z remote: Compressing objects:  30% (888/2957)        
2022-05-11T18:19:57.0259943Z remote: Compressing objects:  31% (917/2957)        
2022-05-11T18:19:57.0320786Z remote: Compressing objects:  32% (947/2957)        
2022-05-11T18:19:57.0401086Z remote: Compressing objects:  33% (976/2957)        
2022-05-11T18:19:57.0440582Z remote: Compressing objects:  34% (1006/2957)        
2022-05-11T18:19:57.0512392Z remote: Compressing objects:  35% (1035/2957)        
2022-05-11T18:19:57.0636137Z remote: Compressing objects:  36% (1065/2957)        
2022-05-11T18:19:57.0712368Z remote: Compressing objects:  37% (1095/2957)        
2022-05-11T18:19:57.0775122Z remote: Compressing objects:  38% (1124/2957)        
2022-05-11T18:19:57.0929061Z remote: Compressing objects:  39% (1154/2957)        
2022-05-11T18:19:57.0989242Z remote: Compressing objects:  40% (1183/2957)        
2022-05-11T18:19:57.1048880Z remote: Compressing objects:  41% (1213/2957)        
2022-05-11T18:19:57.1081978Z remote: Compressing objects:  42% (1242/2957)        
2022-05-11T18:19:57.1119286Z remote: Compressing objects:  43% (1272/2957)        
2022-05-11T18:19:57.1188883Z remote: Compressing objects:  44% (1302/2957)        
2022-05-11T18:19:57.1332336Z remote: Compressing objects:  45% (1331/2957)        
2022-05-11T18:19:57.1425314Z remote: Compressing objects:  46% (1361/2957)        
2022-05-11T18:19:57.1579206Z remote: Compressing objects:  47% (1390/2957)        
2022-05-11T18:19:57.1696741Z remote: Compressing objects:  48% (1420/2957)        
2022-05-11T18:19:57.1812717Z remote: Compressing objects:  49% (1449/2957)        
2022-05-11T18:19:57.2218542Z remote: Compressing objects:  50% (1479/2957)        
2022-05-11T18:19:57.2219644Z remote: Compressing objects:  51% (1509/2957)        
2022-05-11T18:19:57.2227897Z remote: Compressing objects:  52% (1538/2957)        
2022-05-11T18:19:57.2230414Z remote: Compressing objects:  53% (1568/2957)        
2022-05-11T18:19:57.2232896Z remote: Compressing objects:  54% (1597/2957)        
2022-05-11T18:19:57.2235868Z remote: Compressing objects:  55% (1627/2957)        
2022-05-11T18:19:57.2236396Z remote: Compressing objects:  56% (1656/2957)        
2022-05-11T18:19:57.2238829Z remote: Compressing objects:  57% (1686/2957)        
2022-05-11T18:19:57.2239579Z remote: Compressing objects:  58% (1716/2957)        
2022-05-11T18:19:57.2240515Z remote: Compressing objects:  59% (1745/2957)        
2022-05-11T18:19:57.2241358Z remote: Compressing objects:  60% (1775/2957)        
2022-05-11T18:19:57.2243141Z remote: Compressing objects:  61% (1804/2957)        
2022-05-11T18:19:57.2243923Z remote: Compressing objects:  62% (1834/2957)        
2022-05-11T18:19:57.2245001Z remote: Compressing objects:  63% (1863/2957)        
2022-05-11T18:19:57.2246026Z remote: Compressing objects:  64% (1893/2957)        
2022-05-11T18:19:57.2246905Z remote: Compressing objects:  65% (1923/2957)        
2022-05-11T18:19:57.2247628Z remote: Compressing objects:  66% (1952/2957)        
2022-05-11T18:19:57.2248350Z remote: Compressing objects:  67% (1982/2957)        
2022-05-11T18:19:57.2249057Z remote: Compressing objects:  68% (2011/2957)        
2022-05-11T18:19:57.2249805Z remote: Compressing objects:  69% (2041/2957)        
2022-05-11T18:19:57.2250566Z remote: Compressing objects:  70% (2070/2957)        
2022-05-11T18:19:57.2251290Z remote: Compressing objects:  71% (2100/2957)        
2022-05-11T18:19:57.2252038Z remote: Compressing objects:  72% (2130/2957)        
2022-05-11T18:19:57.2252766Z remote: Compressing objects:  73% (2159/2957)        
2022-05-11T18:19:57.2253534Z remote: Compressing objects:  74% (2189/2957)        
2022-05-11T18:19:57.2254250Z remote: Compressing objects:  75% (2218/2957)        
2022-05-11T18:19:57.2254881Z remote: Compressing objects:  76% (2248/2957)        
2022-05-11T18:19:57.2255164Z remote: Compressing objects:  77% (2277/2957)        
2022-05-11T18:19:57.2262489Z remote: Compressing objects:  78% (2307/2957)        
2022-05-11T18:19:57.2263265Z remote: Compressing objects:  79% (2337/2957)        
2022-05-11T18:19:57.2263567Z remote: Compressing objects:  80% (2366/2957)        
2022-05-11T18:19:57.2263871Z remote: Compressing objects:  81% (2396/2957)        
2022-05-11T18:19:57.2264165Z remote: Compressing objects:  82% (2425/2957)        
2022-05-11T18:19:57.2264438Z remote: Compressing objects:  83% (2455/2957)        
2022-05-11T18:19:57.2264742Z remote: Compressing objects:  84% (2484/2957)        
2022-05-11T18:19:57.2265034Z remote: Compressing objects:  85% (2514/2957)        
2022-05-11T18:19:57.2265312Z remote: Compressing objects:  86% (2544/2957)        
2022-05-11T18:19:57.2265610Z remote: Compressing objects:  87% (2573/2957)        
2022-05-11T18:19:57.2266025Z remote: Compressing objects:  88% (2603/2957)        
2022-05-11T18:19:57.2266587Z remote: Compressing objects:  89% (2632/2957)        
2022-05-11T18:19:57.2266870Z remote: Compressing objects:  90% (2662/2957)        
2022-05-11T18:19:57.2267176Z remote: Compressing objects:  91% (2691/2957)        
2022-05-11T18:19:57.2267477Z remote: Compressing objects:  92% (2721/2957)        
2022-05-11T18:19:57.2267758Z remote: Compressing objects:  93% (2751/2957)        
2022-05-11T18:19:57.2268061Z remote: Compressing objects:  94% (2780/2957)        
2022-05-11T18:19:57.2268498Z remote: Compressing objects:  95% (2810/2957)        
2022-05-11T18:19:57.2268795Z remote: Compressing objects:  96% (2839/2957)        
2022-05-11T18:19:57.2269276Z remote: Compressing objects:  97% (2869/2957)        
2022-05-11T18:19:57.2269599Z remote: Compressing objects:  98% (2898/2957)        
2022-05-11T18:19:57.2269906Z remote: Compressing objects:  99% (2928/2957)        
2022-05-11T18:19:57.2270186Z remote: Compressing objects: 100% (2957/2957)        
2022-05-11T18:19:57.2270506Z remote: Compressing objects: 100% (2957/2957), done.        
2022-05-11T18:19:57.2426027Z Receiving objects:   0% (1/3913)
2022-05-11T18:19:57.3247798Z Receiving objects:   1% (40/3913)
2022-05-11T18:19:57.3278828Z Receiving objects:   2% (79/3913)
2022-05-11T18:19:57.3296078Z Receiving objects:   3% (118/3913)
2022-05-11T18:19:57.3312891Z Receiving objects:   4% (157/3913)
2022-05-11T18:19:57.3334256Z Receiving objects:   5% (196/3913)
2022-05-11T18:19:57.3376709Z Receiving objects:   6% (235/3913)
2022-05-11T18:19:57.3389307Z Receiving objects:   7% (274/3913)
2022-05-11T18:19:57.3406485Z Receiving objects:   8% (314/3913)
2022-05-11T18:19:57.3438001Z Receiving objects:   9% (353/3913)
2022-05-11T18:19:57.3459721Z Receiving objects:  10% (392/3913)
2022-05-11T18:19:57.3478172Z Receiving objects:  11% (431/3913)
2022-05-11T18:19:57.3480061Z Receiving objects:  12% (470/3913)
2022-05-11T18:19:57.3509486Z Receiving objects:  13% (509/3913)
2022-05-11T18:19:57.3551730Z Receiving objects:  14% (548/3913)
2022-05-11T18:19:57.3601214Z Receiving objects:  15% (587/3913)
2022-05-11T18:19:57.3615253Z Receiving objects:  16% (627/3913)
2022-05-11T18:19:57.3618656Z Receiving objects:  17% (666/3913)
2022-05-11T18:19:57.3619205Z Receiving objects:  18% (705/3913)
2022-05-11T18:19:57.3623352Z Receiving objects:  19% (744/3913)
2022-05-11T18:19:57.3624101Z Receiving objects:  20% (783/3913)
2022-05-11T18:19:57.3633467Z Receiving objects:  21% (822/3913)
2022-05-11T18:19:57.3634106Z Receiving objects:  22% (861/3913)
2022-05-11T18:19:57.3634479Z Receiving objects:  23% (900/3913)
2022-05-11T18:19:57.3639989Z Receiving objects:  24% (940/3913)
2022-05-11T18:19:57.3640444Z Receiving objects:  25% (979/3913)
2022-05-11T18:19:57.3640809Z Receiving objects:  26% (1018/3913)
2022-05-11T18:19:57.3646010Z Receiving objects:  27% (1057/3913)
2022-05-11T18:19:57.3649370Z Receiving objects:  28% (1096/3913)
2022-05-11T18:19:57.3669307Z Receiving objects:  29% (1135/3913)
2022-05-11T18:19:57.3689839Z Receiving objects:  30% (1174/3913)
2022-05-11T18:19:57.3714316Z Receiving objects:  31% (1214/3913)
2022-05-11T18:19:57.3719274Z Receiving objects:  32% (1253/3913)
2022-05-11T18:19:57.3741361Z Receiving objects:  33% (1292/3913)
2022-05-11T18:19:57.3797503Z Receiving objects:  34% (1331/3913)
2022-05-11T18:19:57.3800570Z Receiving objects:  35% (1370/3913)
2022-05-11T18:19:57.3801078Z Receiving objects:  36% (1409/3913)
2022-05-11T18:19:57.3805190Z Receiving objects:  37% (1448/3913)
2022-05-11T18:19:57.3805710Z Receiving objects:  38% (1487/3913)
2022-05-11T18:19:57.3807571Z Receiving objects:  39% (1527/3913)
2022-05-11T18:19:57.3809970Z Receiving objects:  40% (1566/3913)
2022-05-11T18:19:57.3819036Z Receiving objects:  41% (1605/3913)
2022-05-11T18:19:57.3832299Z Receiving objects:  42% (1644/3913)
2022-05-11T18:19:57.3868639Z Receiving objects:  43% (1683/3913)
2022-05-11T18:19:57.3870217Z Receiving objects:  44% (1722/3913)
2022-05-11T18:19:57.3885864Z Receiving objects:  45% (1761/3913)
2022-05-11T18:19:57.3901188Z Receiving objects:  46% (1800/3913)
2022-05-11T18:19:57.3931202Z Receiving objects:  47% (1840/3913)
2022-05-11T18:19:57.3939490Z Receiving objects:  48% (1879/3913)
2022-05-11T18:19:57.3992986Z Receiving objects:  49% (1918/3913)
2022-05-11T18:19:57.4032645Z Receiving objects:  50% (1957/3913)
2022-05-11T18:19:57.4046005Z Receiving objects:  51% (1996/3913)
2022-05-11T18:19:57.4077068Z Receiving objects:  52% (2035/3913)
2022-05-11T18:19:57.4112529Z Receiving objects:  53% (2074/3913)
2022-05-11T18:19:57.4143588Z Receiving objects:  54% (2114/3913)
2022-05-11T18:19:57.4198799Z Receiving objects:  55% (2153/3913)
2022-05-11T18:19:57.4211097Z Receiving objects:  56% (2192/3913)
2022-05-11T18:19:57.4254304Z Receiving objects:  57% (2231/3913)
2022-05-11T18:19:57.4280885Z Receiving objects:  58% (2270/3913)
2022-05-11T18:19:57.4441460Z Receiving objects:  59% (2309/3913)
2022-05-11T18:19:57.4482283Z Receiving objects:  60% (2348/3913)
2022-05-11T18:19:57.4546580Z Receiving objects:  61% (2387/3913)
2022-05-11T18:19:57.4556438Z Receiving objects:  62% (2427/3913)
2022-05-11T18:19:57.4560977Z Receiving objects:  63% (2466/3913)
2022-05-11T18:19:57.4565122Z Receiving objects:  64% (2505/3913)
2022-05-11T18:19:57.4565871Z Receiving objects:  65% (2544/3913)
2022-05-11T18:19:57.4569387Z Receiving objects:  66% (2583/3913)
2022-05-11T18:19:57.4571864Z Receiving objects:  67% (2622/3913)
2022-05-11T18:19:57.4572462Z Receiving objects:  68% (2661/3913)
2022-05-11T18:19:57.4619627Z Receiving objects:  69% (2700/3913)
2022-05-11T18:19:57.4620357Z Receiving objects:  70% (2740/3913)
2022-05-11T18:19:57.4624713Z Receiving objects:  71% (2779/3913)
2022-05-11T18:19:57.4625147Z Receiving objects:  72% (2818/3913)
2022-05-11T18:19:57.4629125Z Receiving objects:  73% (2857/3913)
2022-05-11T18:19:57.4631664Z Receiving objects:  74% (2896/3913)
2022-05-11T18:19:57.4634268Z Receiving objects:  75% (2935/3913)
2022-05-11T18:19:57.4634894Z Receiving objects:  76% (2974/3913)
2022-05-11T18:19:57.4638925Z Receiving objects:  77% (3014/3913)
2022-05-11T18:19:57.4641523Z Receiving objects:  78% (3053/3913)
2022-05-11T18:19:57.4642188Z Receiving objects:  79% (3092/3913)
2022-05-11T18:19:57.4645369Z Receiving objects:  80% (3131/3913)
2022-05-11T18:19:57.4645995Z Receiving objects:  81% (3170/3913)
2022-05-11T18:19:57.4649770Z Receiving objects:  82% (3209/3913)
2022-05-11T18:19:57.4650440Z Receiving objects:  83% (3248/3913)
2022-05-11T18:19:57.4652609Z Receiving objects:  84% (3287/3913)
2022-05-11T18:19:57.4653265Z Receiving objects:  85% (3327/3913)
2022-05-11T18:19:57.4665969Z Receiving objects:  86% (3366/3913)
2022-05-11T18:19:57.4689190Z Receiving objects:  87% (3405/3913)
2022-05-11T18:19:57.4743442Z Receiving objects:  88% (3444/3913)
2022-05-11T18:19:57.4761283Z Receiving objects:  89% (3483/3913)
2022-05-11T18:19:57.4853715Z Receiving objects:  90% (3522/3913)
2022-05-11T18:19:57.4869075Z Receiving objects:  91% (3561/3913)
2022-05-11T18:19:57.4901852Z Receiving objects:  92% (3600/3913)
2022-05-11T18:19:57.4936399Z Receiving objects:  93% (3640/3913)
2022-05-11T18:19:57.4945384Z Receiving objects:  94% (3679/3913)
2022-05-11T18:19:57.4956170Z Receiving objects:  95% (3718/3913)
2022-05-11T18:19:57.4969417Z Receiving objects:  96% (3757/3913)
2022-05-11T18:19:57.5000288Z Receiving objects:  97% (3796/3913)
2022-05-11T18:19:57.5037406Z Receiving objects:  98% (3835/3913)
2022-05-11T18:19:57.5489293Z Receiving objects:  99% (3874/3913)
2022-05-11T18:19:57.5490280Z remote: Total 3913 (delta 304), reused 2613 (delta 221), pack-reused 0        
2022-05-11T18:19:57.5500580Z Receiving objects: 100% (3913/3913)
2022-05-11T18:19:57.5501130Z Receiving objects: 100% (3913/3913), 5.40 MiB | 16.71 MiB/s, done.
2022-05-11T18:19:57.5505775Z Resolving deltas:   0% (0/304)
2022-05-11T18:19:57.5508941Z Resolving deltas:   1% (4/304)
2022-05-11T18:19:57.5509523Z Resolving deltas:   2% (7/304)
2022-05-11T18:19:57.5511530Z Resolving deltas:   3% (10/304)
2022-05-11T18:19:57.5514379Z Resolving deltas:   4% (13/304)
2022-05-11T18:19:57.5517042Z Resolving deltas:   5% (16/304)
2022-05-11T18:19:57.5517570Z Resolving deltas:   6% (19/304)
2022-05-11T18:19:57.5525677Z Resolving deltas:   7% (22/304)
2022-05-11T18:19:57.5533595Z Resolving deltas:   8% (25/304)
2022-05-11T18:19:57.5540254Z Resolving deltas:   9% (28/304)
2022-05-11T18:19:57.5544883Z Resolving deltas:  10% (31/304)
2022-05-11T18:19:57.5545413Z Resolving deltas:  11% (34/304)
2022-05-11T18:19:57.5548490Z Resolving deltas:  12% (37/304)
2022-05-11T18:19:57.5549050Z Resolving deltas:  13% (40/304)
2022-05-11T18:19:57.5563726Z Resolving deltas:  14% (43/304)
2022-05-11T18:19:57.5564392Z Resolving deltas:  15% (46/304)
2022-05-11T18:19:57.5564938Z Resolving deltas:  16% (49/304)
2022-05-11T18:19:57.5565377Z Resolving deltas:  17% (52/304)
2022-05-11T18:19:57.5570415Z Resolving deltas:  18% (55/304)
2022-05-11T18:19:57.5576382Z Resolving deltas:  19% (58/304)
2022-05-11T18:19:57.5580105Z Resolving deltas:  20% (61/304)
2022-05-11T18:19:57.5581704Z Resolving deltas:  21% (64/304)
2022-05-11T18:19:57.5584048Z Resolving deltas:  22% (67/304)
2022-05-11T18:19:57.5588972Z Resolving deltas:  23% (70/304)
2022-05-11T18:19:57.5594793Z Resolving deltas:  24% (73/304)
2022-05-11T18:19:57.5603313Z Resolving deltas:  25% (76/304)
2022-05-11T18:19:57.5603834Z Resolving deltas:  26% (80/304)
2022-05-11T18:19:57.5606502Z Resolving deltas:  27% (83/304)
2022-05-11T18:19:57.5606746Z Resolving deltas:  28% (86/304)
2022-05-11T18:19:57.5606997Z Resolving deltas:  29% (89/304)
2022-05-11T18:19:57.5607242Z Resolving deltas:  30% (92/304)
2022-05-11T18:19:57.5607490Z Resolving deltas:  31% (95/304)
2022-05-11T18:19:57.5607723Z Resolving deltas:  32% (98/304)
2022-05-11T18:19:57.5612554Z Resolving deltas:  33% (101/304)
2022-05-11T18:19:57.5613023Z Resolving deltas:  34% (104/304)
2022-05-11T18:19:57.5613421Z Resolving deltas:  35% (107/304)
2022-05-11T18:19:57.5613774Z Resolving deltas:  36% (110/304)
2022-05-11T18:19:57.5614095Z Resolving deltas:  37% (113/304)
2022-05-11T18:19:57.5614401Z Resolving deltas:  38% (116/304)
2022-05-11T18:19:57.5614751Z Resolving deltas:  39% (119/304)
2022-05-11T18:19:57.5615072Z Resolving deltas:  40% (122/304)
2022-05-11T18:19:57.5615374Z Resolving deltas:  41% (125/304)
2022-05-11T18:19:57.5621160Z Resolving deltas:  42% (128/304)
2022-05-11T18:19:57.5621617Z Resolving deltas:  43% (131/304)
2022-05-11T18:19:57.5622001Z Resolving deltas:  44% (134/304)
2022-05-11T18:19:57.5622499Z Resolving deltas:  45% (137/304)
2022-05-11T18:19:57.5622978Z Resolving deltas:  46% (140/304)
2022-05-11T18:19:57.5623319Z Resolving deltas:  47% (143/304)
2022-05-11T18:19:57.5623646Z Resolving deltas:  48% (146/304)
2022-05-11T18:19:57.5623981Z Resolving deltas:  49% (149/304)
2022-05-11T18:19:57.5624324Z Resolving deltas:  50% (152/304)
2022-05-11T18:19:57.5624667Z Resolving deltas:  51% (156/304)
2022-05-11T18:19:57.5625258Z Resolving deltas:  52% (159/304)
2022-05-11T18:19:57.5625721Z Resolving deltas:  53% (162/304)
2022-05-11T18:19:57.5626038Z Resolving deltas:  54% (165/304)
2022-05-11T18:19:57.5631873Z Resolving deltas:  55% (168/304)
2022-05-11T18:19:57.5632304Z Resolving deltas:  56% (171/304)
2022-05-11T18:19:57.5632641Z Resolving deltas:  57% (174/304)
2022-05-11T18:19:57.5632952Z Resolving deltas:  58% (177/304)
2022-05-11T18:19:57.5639659Z Resolving deltas:  59% (180/304)
2022-05-11T18:19:57.5640089Z Resolving deltas:  60% (183/304)
2022-05-11T18:19:57.5640447Z Resolving deltas:  61% (186/304)
2022-05-11T18:19:57.5640754Z Resolving deltas:  62% (189/304)
2022-05-11T18:19:57.5641084Z Resolving deltas:  63% (192/304)
2022-05-11T18:19:57.5641387Z Resolving deltas:  64% (195/304)
2022-05-11T18:19:57.5641689Z Resolving deltas:  65% (198/304)
2022-05-11T18:19:57.5647569Z Resolving deltas:  66% (201/304)
2022-05-11T18:19:57.5648011Z Resolving deltas:  67% (204/304)
2022-05-11T18:19:57.5648356Z Resolving deltas:  68% (207/304)
2022-05-11T18:19:57.5648691Z Resolving deltas:  69% (210/304)
2022-05-11T18:19:57.5649016Z Resolving deltas:  70% (213/304)
2022-05-11T18:19:57.5649323Z Resolving deltas:  71% (216/304)
2022-05-11T18:19:57.5655078Z Resolving deltas:  72% (219/304)
2022-05-11T18:19:57.5655523Z Resolving deltas:  73% (222/304)
2022-05-11T18:19:57.5659941Z Resolving deltas:  74% (225/304)
2022-05-11T18:19:57.5660401Z Resolving deltas:  75% (228/304)
2022-05-11T18:19:57.5660765Z Resolving deltas:  76% (232/304)
2022-05-11T18:19:57.5676810Z Resolving deltas:  77% (235/304)
2022-05-11T18:19:57.5682905Z Resolving deltas:  78% (238/304)
2022-05-11T18:19:57.5683362Z Resolving deltas:  79% (241/304)
2022-05-11T18:19:57.5683731Z Resolving deltas:  80% (244/304)
2022-05-11T18:19:57.5684292Z Resolving deltas:  81% (247/304)
2022-05-11T18:19:57.5684624Z Resolving deltas:  82% (250/304)
2022-05-11T18:19:57.5685097Z Resolving deltas:  83% (253/304)
2022-05-11T18:19:57.5685452Z Resolving deltas:  84% (256/304)
2022-05-11T18:19:57.5685735Z Resolving deltas:  85% (259/304)
2022-05-11T18:19:57.5690244Z Resolving deltas:  86% (262/304)
2022-05-11T18:19:57.5690703Z Resolving deltas:  87% (265/304)
2022-05-11T18:19:57.5691094Z Resolving deltas:  88% (268/304)
2022-05-11T18:19:57.5691444Z Resolving deltas:  89% (271/304)
2022-05-11T18:19:57.5692359Z Resolving deltas:  90% (274/304)
2022-05-11T18:19:57.5692740Z Resolving deltas:  91% (277/304)
2022-05-11T18:19:57.5699189Z Resolving deltas:  92% (280/304)
2022-05-11T18:19:57.5706873Z Resolving deltas:  93% (283/304)
2022-05-11T18:19:57.5710801Z Resolving deltas:  94% (286/304)
2022-05-11T18:19:57.5711258Z Resolving deltas:  95% (289/304)
2022-05-11T18:19:57.5711631Z Resolving deltas:  96% (292/304)
2022-05-11T18:19:57.5715951Z Resolving deltas:  97% (295/304)
2022-05-11T18:19:57.5716213Z Resolving deltas:  98% (298/304)
2022-05-11T18:19:57.5716443Z Resolving deltas:  99% (301/304)
2022-05-11T18:19:57.5733414Z Resolving deltas: 100% (304/304)
2022-05-11T18:19:57.5733909Z Resolving deltas: 100% (304/304), done.
2022-05-11T18:19:57.7259469Z From https://github.com/hashicorp/terraform
2022-05-11T18:19:57.7283472Z  * [new ref]         c21e3436a45a471f6c4b980e6713a560005c7d9d -> origin/v1.2
2022-05-11T18:19:57.7309927Z ##[endgroup]
2022-05-11T18:19:57.7310357Z ##[group]Determining the checkout info
2022-05-11T18:19:57.7310732Z ##[endgroup]
2022-05-11T18:19:57.7311100Z ##[group]Checking out the ref
2022-05-11T18:19:57.7311596Z [command]/usr/bin/git checkout --progress --force -B v1.2 refs/remotes/origin/v1.2
2022-05-11T18:19:57.9497249Z Switched to a new branch 'v1.2'
2022-05-11T18:19:57.9498181Z branch 'v1.2' set up to track 'origin/v1.2'.
2022-05-11T18:19:57.9508364Z ##[endgroup]
2022-05-11T18:19:57.9555639Z [command]/usr/bin/git log -1 --format='%H'
2022-05-11T18:19:57.9583128Z 'c21e3436a45a471f6c4b980e6713a560005c7d9d'
2022-05-11T18:19:57.9982168Z ##[group]Run hashicorp/actions-docker-build@v1
2022-05-11T18:19:57.9982705Z with:
2022-05-11T18:19:57.9982898Z   version: 1.2.0-rc1-7-gc21e3436a
2022-05-11T18:19:57.9983275Z   target: default
2022-05-11T18:19:57.9983474Z   arch: amd64
2022-05-11T18:19:57.9983706Z   dockerfile: .github/workflows/build-Dockerfile
2022-05-11T18:19:57.9984130Z   tags: docker.io/hashicorp/terraform:1.2.0-rc1-7-gc21e3436a
986891699432.dkr.ecr.us-east-1.amazonaws.com/hashicorp/terraform:1.2.0-rc1-7-gc21e3436a

2022-05-11T18:19:57.9984492Z   arm_version: 6
2022-05-11T18:19:57.9984673Z   workdir: .
2022-05-11T18:19:57.9984855Z env:
2022-05-11T18:19:57.9985046Z   PKG_NAME: terraform
2022-05-11T18:19:57.9985239Z   repo: terraform
2022-05-11T18:19:57.9985454Z   version: 1.2.0-rc1-7-gc21e3436a
2022-05-11T18:19:57.9985672Z ##[endgroup]
2022-05-11T18:19:58.0293797Z ##[group]Run echo "REPO_NAME=$(echo hashicorp/terraform | cut -f2 -d "/")" >> $GITHUB_ENV
2022-05-11T18:19:58.0294391Z [36;1mecho "REPO_NAME=$(echo hashicorp/terraform | cut -f2 -d "/")" >> $GITHUB_ENV[0m
2022-05-11T18:19:58.0350573Z shell: /usr/bin/bash --noprofile --norc -e -o pipefail {0}
2022-05-11T18:19:58.0350849Z env:
2022-05-11T18:19:58.0351046Z   PKG_NAME: terraform
2022-05-11T18:19:58.0351258Z   repo: terraform
2022-05-11T18:19:58.0351478Z   version: 1.2.0-rc1-7-gc21e3436a
2022-05-11T18:19:58.0351687Z ##[endgroup]
2022-05-11T18:19:58.0561068Z ##[group]Run /home/runner/work/_actions/hashicorp/actions-docker-build/v1/scripts/digest_inputs
2022-05-11T18:19:58.0561483Z [36;1m/home/runner/work/_actions/hashicorp/actions-docker-build/v1/scripts/digest_inputs[0m
2022-05-11T18:19:58.0606055Z shell: /usr/bin/bash --noprofile --norc -e -o pipefail {0}
2022-05-11T18:19:58.0606297Z env:
2022-05-11T18:19:58.0606486Z   PKG_NAME: 
2022-05-11T18:19:58.0606688Z   repo: terraform
2022-05-11T18:19:58.0606895Z   version: 1.2.0-rc1-7-gc21e3436a
2022-05-11T18:19:58.0607120Z   REPO_NAME: terraform
2022-05-11T18:19:58.0607376Z   REVISION: c21e3436a45a471f6c4b980e6713a560005c7d9d
2022-05-11T18:19:58.0607617Z   VERSION: 1.2.0-rc1-7-gc21e3436a
2022-05-11T18:19:58.0607832Z   ARCH: amd64
2022-05-11T18:19:58.0608203Z   TAGS: docker.io/hashicorp/terraform:1.2.0-rc1-7-gc21e3436a
986891699432.dkr.ecr.us-east-1.amazonaws.com/hashicorp/terraform:1.2.0-rc1-7-gc21e3436a

2022-05-11T18:19:58.0608574Z   REDHAT_TAG: 
2022-05-11T18:19:58.0608757Z   TARGET: default
2022-05-11T18:19:58.0608951Z   DEV_TAGS: 
2022-05-11T18:19:58.0609145Z   ARM_VERSION: 6
2022-05-11T18:19:58.0609323Z   WORKDIR: .
2022-05-11T18:19:58.0609508Z   ZIP_NAME: 
2022-05-11T18:19:58.0609692Z   BIN_NAME: 
2022-05-11T18:19:58.0609919Z   DOCKERFILE: .github/workflows/build-Dockerfile
2022-05-11T18:19:58.0610162Z ##[endgroup]
2022-05-11T18:19:58.0726131Z --> Set TAGS to 'docker.io/hashicorp/terraform:1.2.0-rc1-7-gc21e3436a
2022-05-11T18:19:58.0726939Z 986891699432.dkr.ecr.us-east-1.amazonaws.com/hashicorp/terraform:1.2.0-rc1-7-gc21e3436a
2022-05-11T18:19:58.0727354Z '
2022-05-11T18:19:58.0727736Z --> Set REDHAT_TAG to ''
2022-05-11T18:19:58.0728091Z --> Set DEV_TAGS to ''
2022-05-11T18:19:58.0728426Z --> Set WORKDIR to '.'
2022-05-11T18:19:58.0728843Z --> Set DOCKERFILE to '.github/workflows/build-Dockerfile'
2022-05-11T18:19:58.0729302Z --> Set REPO_NAME to 'terraform'
2022-05-11T18:19:58.0729716Z --> Set REPO_NAME_MINUS_ENTERPRISE to 'terraform'
2022-05-11T18:19:58.0730154Z --> Set ENTERPRISE_DETECTED to 'false'
2022-05-11T18:19:58.0731632Z --> Set TARGET to 'default'
2022-05-11T18:19:58.0733727Z --> Set OS to 'linux'
2022-05-11T18:19:58.0734344Z --> Set ARCH to 'amd64'
2022-05-11T18:19:58.0734934Z --> Set VERSION to '1.2.0-rc1-7-gc21e3436a'
2022-05-11T18:19:58.0735485Z --> Set REVISION to 'c21e3436a45a471f6c4b980e6713a560005c7d9d'
2022-05-11T18:19:58.0736051Z --> Set PKG_NAME to 'terraform_1.2.0-rc1-7-gc21e3436a'
2022-05-11T18:19:58.0736586Z --> Set PKG_NAME_GUESSED to 'false'
2022-05-11T18:19:58.0737254Z --> Set ZIP_LOCATION to './dist/linux/amd64'
2022-05-11T18:19:58.0738067Z --> Set ZIP_NAME to 'terraform_1.2.0-rc1-7-gc21e3436a_linux_amd64.zip'
2022-05-11T18:19:58.0738588Z --> Set ZIP_NAME_GUESSED to 'true'
2022-05-11T18:19:58.0739707Z --> Set TARBALL_NAME to 'terraform_default_linux_amd64_1.2.0-rc1-7-gc21e3436a_c21e3436a45a471f6c4b980e6713a560005c7d9d.docker.tar'
2022-05-11T18:19:58.0740638Z --> Set DEV_TARBALL_NAME to 'terraform_default_linux_amd64_1.2.0-rc1-7-gc21e3436a_c21e3436a45a471f6c4b980e6713a560005c7d9d.docker.dev.tar'
2022-05-11T18:19:58.0741753Z --> Set REDHAT_TARBALL_NAME to 'terraform_default_linux_amd64_1.2.0-rc1-7-gc21e3436a_c21e3436a45a471f6c4b980e6713a560005c7d9d.docker.redhat.tar'
2022-05-11T18:19:58.0742551Z --> Set AUTO_TAG to 'terraform/default/linux/amd64:1.2.0-rc1-7-gc21e3436a_c21e3436a45a471f6c4b980e6713a560005c7d9d'
2022-05-11T18:19:58.0743703Z --> Set BIN_NAME to 'terraform'
2022-05-11T18:19:58.0744554Z --> Set BIN_NAME_GUESSED to 'true'
2022-05-11T18:19:58.0745889Z --> Set PLATFORM to 'linux/amd64'
2022-05-11T18:19:58.0767901Z ##[group]Run /home/runner/work/_actions/hashicorp/actions-docker-build/v1/scripts/register_qemu_binfmt
2022-05-11T18:19:58.0768382Z [36;1m/home/runner/work/_actions/hashicorp/actions-docker-build/v1/scripts/register_qemu_binfmt[0m
2022-05-11T18:19:58.0810314Z shell: /usr/bin/bash --noprofile --norc -e -o pipefail {0}
2022-05-11T18:19:58.0810571Z env:
2022-05-11T18:19:58.0810766Z   PKG_NAME: terraform
2022-05-11T18:19:58.0810963Z   repo: terraform
2022-05-11T18:19:58.0811176Z   version: 1.2.0-rc1-7-gc21e3436a
2022-05-11T18:19:58.0811402Z   REPO_NAME: terraform
2022-05-11T18:19:58.0811772Z   TAGS: docker.io/hashicorp/terraform:1.2.0-rc1-7-gc21e3436a
986891699432.dkr.ecr.us-east-1.amazonaws.com/hashicorp/terraform:1.2.0-rc1-7-gc21e3436a

2022-05-11T18:19:58.0812128Z   REDHAT_TAG: 
2022-05-11T18:19:58.0812319Z   DEV_TAGS: 
2022-05-11T18:19:58.0812505Z   WORKDIR: .
2022-05-11T18:19:58.0812731Z   DOCKERFILE: .github/workflows/build-Dockerfile
2022-05-11T18:19:58.0813005Z   REPO_NAME_MINUS_ENTERPRISE: terraform
2022-05-11T18:19:58.0813251Z   ENTERPRISE_DETECTED: false
2022-05-11T18:19:58.0813460Z   TARGET: default
2022-05-11T18:19:58.0813650Z   OS: linux
2022-05-11T18:19:58.0813833Z   ARCH: amd64
2022-05-11T18:19:58.0814026Z   VERSION: 1.2.0-rc1-7-gc21e3436a
2022-05-11T18:19:58.0814284Z   REVISION: c21e3436a45a471f6c4b980e6713a560005c7d9d
2022-05-11T18:19:58.0814530Z   PKG_NAME_GUESSED: false
2022-05-11T18:19:58.0814746Z   ZIP_LOCATION: ./dist/linux/amd64
2022-05-11T18:19:58.0815020Z   ZIP_NAME: terraform_1.2.0-rc1-7-gc21e3436a_linux_amd64.zip
2022-05-11T18:19:58.0815277Z   ZIP_NAME_GUESSED: true
2022-05-11T18:19:58.0816555Z   TARBALL_NAME: terraform_default_linux_amd64_1.2.0-rc1-7-gc21e3436a_c21e3436a45a471f6c4b980e6713a560005c7d9d.docker.tar
2022-05-11T18:19:58.0817532Z   DEV_TARBALL_NAME: terraform_default_linux_amd64_1.2.0-rc1-7-gc21e3436a_c21e3436a45a471f6c4b980e6713a560005c7d9d.docker.dev.tar
2022-05-11T18:19:58.0818078Z   REDHAT_TARBALL_NAME: terraform_default_linux_amd64_1.2.0-rc1-7-gc21e3436a_c21e3436a45a471f6c4b980e6713a560005c7d9d.docker.redhat.tar
2022-05-11T18:19:58.0818579Z   AUTO_TAG: terraform/default/linux/amd64:1.2.0-rc1-7-gc21e3436a_c21e3436a45a471f6c4b980e6713a560005c7d9d
2022-05-11T18:19:58.0818916Z   BIN_NAME: terraform
2022-05-11T18:19:58.0819312Z   BIN_NAME_GUESSED: true
2022-05-11T18:19:58.0819680Z   PLATFORM: linux/amd64
2022-05-11T18:19:58.0819900Z ##[endgroup]
2022-05-11T18:19:58.0905571Z ==> Registering qemu into /proc/sys/fs/binfmt_misc
2022-05-11T18:19:59.0457828Z docker.mirror.hashicorp.services/tonistiigi/binfmt@sha256:5540f38542290735d17da57d7084f684c62336105d018c605058daf03e4c8256: Pulling from tonistiigi/binfmt
2022-05-11T18:19:59.0469703Z 2a625f6055a5: Pulling fs layer
2022-05-11T18:19:59.0470023Z 71d6c64c6702: Pulling fs layer
2022-05-11T18:19:59.6238152Z 71d6c64c6702: Verifying Checksum
2022-05-11T18:19:59.6238517Z 71d6c64c6702: Download complete
2022-05-11T18:19:59.7040341Z 2a625f6055a5: Verifying Checksum
2022-05-11T18:19:59.7040665Z 2a625f6055a5: Download complete
2022-05-11T18:20:00.0425866Z 2a625f6055a5: Pull complete
2022-05-11T18:20:00.4831379Z 71d6c64c6702: Pull complete
2022-05-11T18:20:00.5078277Z Digest: sha256:5540f38542290735d17da57d7084f684c62336105d018c605058daf03e4c8256
2022-05-11T18:20:00.5090015Z Status: Downloaded newer image for docker.mirror.hashicorp.services/tonistiigi/binfmt@sha256:5540f38542290735d17da57d7084f684c62336105d018c605058daf03e4c8256
2022-05-11T18:20:00.8324445Z installing: arm64 OK
2022-05-11T18:20:00.8324740Z installing: s390x OK
2022-05-11T18:20:00.8328273Z installing: ppc64le OK
2022-05-11T18:20:00.8329001Z installing: mips64 OK
2022-05-11T18:20:00.8329490Z installing: arm OK
2022-05-11T18:20:00.8431052Z installing: riscv64 OK
2022-05-11T18:20:00.8431599Z installing: mips64le OK
2022-05-11T18:20:00.8649982Z {
2022-05-11T18:20:00.8650224Z   "supported": [
2022-05-11T18:20:00.8650451Z     "linux/amd64",
2022-05-11T18:20:00.8650671Z     "linux/arm64",
2022-05-11T18:20:00.8650876Z     "linux/riscv64",
2022-05-11T18:20:00.8651104Z     "linux/ppc64le",
2022-05-11T18:20:00.8651324Z     "linux/s390x",
2022-05-11T18:20:00.8651545Z     "linux/386",
2022-05-11T18:20:00.8651767Z     "linux/mips64le",
2022-05-11T18:20:00.8651992Z     "linux/mips64",
2022-05-11T18:20:00.8652194Z     "linux/arm/v7",
2022-05-11T18:20:00.8652418Z     "linux/arm/v6"
2022-05-11T18:20:00.8652618Z   ],
2022-05-11T18:20:00.8652802Z   "emulators": [
2022-05-11T18:20:00.8653010Z     "cli",
2022-05-11T18:20:00.8653645Z     "llvm-10-runtime.binfmt",
2022-05-11T18:20:00.8654070Z     "llvm-11-runtime.binfmt",
2022-05-11T18:20:00.8654508Z     "llvm-12-runtime.binfmt",
2022-05-11T18:20:00.8654756Z     "python2.7",
2022-05-11T18:20:00.8654967Z     "python3.8",
2022-05-11T18:20:00.8655238Z     "qemu-aarch64",
2022-05-11T18:20:00.8655503Z     "qemu-arm",
2022-05-11T18:20:00.8655754Z     "qemu-mips64",
2022-05-11T18:20:00.8656030Z     "qemu-mips64el",
2022-05-11T18:20:00.8656310Z     "qemu-ppc64le",
2022-05-11T18:20:00.8656570Z     "qemu-riscv64",
2022-05-11T18:20:00.8656838Z     "qemu-s390x"
2022-05-11T18:20:00.8657049Z   ]
2022-05-11T18:20:00.8657225Z }
2022-05-11T18:20:00.9911088Z ##[group]Run actions/download-artifact@v2
2022-05-11T18:20:00.9911350Z with:
2022-05-11T18:20:00.9911592Z   name: terraform_1.2.0-rc1-7-gc21e3436a_linux_amd64.zip
2022-05-11T18:20:00.9911874Z   path: ./dist/linux/amd64
2022-05-11T18:20:00.9912199Z env:
2022-05-11T18:20:00.9912388Z   PKG_NAME: terraform
2022-05-11T18:20:00.9912610Z   repo: terraform
2022-05-11T18:20:00.9912842Z   version: 1.2.0-rc1-7-gc21e3436a
2022-05-11T18:20:00.9913069Z   REPO_NAME: terraform
2022-05-11T18:20:00.9913484Z   TAGS: docker.io/hashicorp/terraform:1.2.0-rc1-7-gc21e3436a
986891699432.dkr.ecr.us-east-1.amazonaws.com/hashicorp/terraform:1.2.0-rc1-7-gc21e3436a

2022-05-11T18:20:00.9913874Z   REDHAT_TAG: 
2022-05-11T18:20:00.9914201Z   DEV_TAGS: 
2022-05-11T18:20:00.9914393Z   WORKDIR: .
2022-05-11T18:20:00.9914882Z   DOCKERFILE: .github/workflows/build-Dockerfile
2022-05-11T18:20:00.9915458Z   REPO_NAME_MINUS_ENTERPRISE: terraform
2022-05-11T18:20:00.9915723Z   ENTERPRISE_DETECTED: false
2022-05-11T18:20:00.9915969Z   TARGET: default
2022-05-11T18:20:00.9916180Z   OS: linux
2022-05-11T18:20:00.9916372Z   ARCH: amd64
2022-05-11T18:20:00.9916602Z   VERSION: 1.2.0-rc1-7-gc21e3436a
2022-05-11T18:20:00.9916996Z   REVISION: c21e3436a45a471f6c4b980e6713a560005c7d9d
2022-05-11T18:20:00.9917350Z   PKG_NAME_GUESSED: false
2022-05-11T18:20:00.9917805Z   ZIP_LOCATION: ./dist/linux/amd64
2022-05-11T18:20:00.9918197Z   ZIP_NAME: terraform_1.2.0-rc1-7-gc21e3436a_linux_amd64.zip
2022-05-11T18:20:00.9918761Z   ZIP_NAME_GUESSED: true
2022-05-11T18:20:00.9919175Z   TARBALL_NAME: terraform_default_linux_amd64_1.2.0-rc1-7-gc21e3436a_c21e3436a45a471f6c4b980e6713a560005c7d9d.docker.tar
2022-05-11T18:20:00.9919803Z   DEV_TARBALL_NAME: terraform_default_linux_amd64_1.2.0-rc1-7-gc21e3436a_c21e3436a45a471f6c4b980e6713a560005c7d9d.docker.dev.tar
2022-05-11T18:20:00.9920343Z   REDHAT_TARBALL_NAME: terraform_default_linux_amd64_1.2.0-rc1-7-gc21e3436a_c21e3436a45a471f6c4b980e6713a560005c7d9d.docker.redhat.tar
2022-05-11T18:20:00.9920934Z   AUTO_TAG: terraform/default/linux/amd64:1.2.0-rc1-7-gc21e3436a_c21e3436a45a471f6c4b980e6713a560005c7d9d
2022-05-11T18:20:00.9921335Z   BIN_NAME: terraform
2022-05-11T18:20:00.9921669Z   BIN_NAME_GUESSED: true
2022-05-11T18:20:00.9922009Z   PLATFORM: linux/amd64
2022-05-11T18:20:00.9922284Z ##[endgroup]
2022-05-11T18:20:01.0543171Z Starting download for terraform_1.2.0-rc1-7-gc21e3436a_linux_amd64.zip
2022-05-11T18:20:01.2627159Z Directory structure has been setup for the artifact
2022-05-11T18:20:01.2634087Z Total number of files that will be downloaded: 1
2022-05-11T18:20:02.2644172Z Total file count: 1 ---- Processed file #0 (0.0%)
2022-05-11T18:20:03.2021727Z Artifact terraform_1.2.0-rc1-7-gc21e3436a_linux_amd64.zip was downloaded to /home/runner/work/terraform/terraform/dist/linux/amd64
2022-05-11T18:20:03.2028875Z Artifact download has finished successfully
2022-05-11T18:20:03.2147019Z ##[group]Run /home/runner/work/_actions/hashicorp/actions-docker-build/v1/scripts/extract_product_zip
2022-05-11T18:20:03.2147536Z [36;1m/home/runner/work/_actions/hashicorp/actions-docker-build/v1/scripts/extract_product_zip[0m
2022-05-11T18:20:03.2223598Z shell: /usr/bin/bash --noprofile --norc -e -o pipefail {0}
2022-05-11T18:20:03.2223846Z env:
2022-05-11T18:20:03.2224040Z   PKG_NAME: terraform
2022-05-11T18:20:03.2224242Z   repo: terraform
2022-05-11T18:20:03.2224445Z   version: 1.2.0-rc1-7-gc21e3436a
2022-05-11T18:20:03.2224666Z   REPO_NAME: terraform
2022-05-11T18:20:03.2225044Z   TAGS: docker.io/hashicorp/terraform:1.2.0-rc1-7-gc21e3436a
986891699432.dkr.ecr.us-east-1.amazonaws.com/hashicorp/terraform:1.2.0-rc1-7-gc21e3436a

2022-05-11T18:20:03.2225389Z   REDHAT_TAG: 
2022-05-11T18:20:03.2225578Z   DEV_TAGS: 
2022-05-11T18:20:03.2225761Z   WORKDIR: .
2022-05-11T18:20:03.2225997Z   DOCKERFILE: .github/workflows/build-Dockerfile
2022-05-11T18:20:03.2226254Z   REPO_NAME_MINUS_ENTERPRISE: terraform
2022-05-11T18:20:03.2226498Z   ENTERPRISE_DETECTED: false
2022-05-11T18:20:03.2226710Z   TARGET: default
2022-05-11T18:20:03.2226887Z   OS: linux
2022-05-11T18:20:03.2227068Z   ARCH: amd64
2022-05-11T18:20:03.2227273Z   VERSION: 1.2.0-rc1-7-gc21e3436a
2022-05-11T18:20:03.2227511Z   REVISION: c21e3436a45a471f6c4b980e6713a560005c7d9d
2022-05-11T18:20:03.2227761Z   PKG_NAME_GUESSED: false
2022-05-11T18:20:03.2227988Z   ZIP_LOCATION: ./dist/linux/amd64
2022-05-11T18:20:03.2228247Z   ZIP_NAME: terraform_1.2.0-rc1-7-gc21e3436a_linux_amd64.zip
2022-05-11T18:20:03.2228503Z   ZIP_NAME_GUESSED: true
2022-05-11T18:20:03.2228833Z   TARBALL_NAME: terraform_default_linux_amd64_1.2.0-rc1-7-gc21e3436a_c21e3436a45a471f6c4b980e6713a560005c7d9d.docker.tar
2022-05-11T18:20:03.2229278Z   DEV_TARBALL_NAME: terraform_default_linux_amd64_1.2.0-rc1-7-gc21e3436a_c21e3436a45a471f6c4b980e6713a560005c7d9d.docker.dev.tar
2022-05-11T18:20:03.2229733Z   REDHAT_TARBALL_NAME: terraform_default_linux_amd64_1.2.0-rc1-7-gc21e3436a_c21e3436a45a471f6c4b980e6713a560005c7d9d.docker.redhat.tar
2022-05-11T18:20:03.2230162Z   AUTO_TAG: terraform/default/linux/amd64:1.2.0-rc1-7-gc21e3436a_c21e3436a45a471f6c4b980e6713a560005c7d9d
2022-05-11T18:20:03.2230447Z   BIN_NAME: terraform
2022-05-11T18:20:03.2230640Z   BIN_NAME_GUESSED: true
2022-05-11T18:20:03.2230852Z   PLATFORM: linux/amd64
2022-05-11T18:20:03.2231059Z ##[endgroup]
2022-05-11T18:20:03.2348699Z Archive:  terraform_1.2.0-rc1-7-gc21e3436a_linux_amd64.zip
2022-05-11T18:20:03.8080853Z   inflating: terraform               
2022-05-11T18:20:03.8086837Z ==> Success! Extracted needed binary terraform
2022-05-11T18:20:03.8109202Z ##[group]Run /home/runner/work/_actions/hashicorp/actions-docker-build/v1/scripts/docker_build
2022-05-11T18:20:03.8109689Z [36;1m/home/runner/work/_actions/hashicorp/actions-docker-build/v1/scripts/docker_build[0m
2022-05-11T18:20:03.8159936Z shell: /usr/bin/bash --noprofile --norc -e -o pipefail {0}
2022-05-11T18:20:03.8160207Z env:
2022-05-11T18:20:03.8160396Z   PKG_NAME: terraform
2022-05-11T18:20:03.8160616Z   repo: terraform
2022-05-11T18:20:03.8160951Z   version: 1.2.0-rc1-7-gc21e3436a
2022-05-11T18:20:03.8161294Z   REPO_NAME: terraform
2022-05-11T18:20:03.8161744Z   TAGS: docker.io/hashicorp/terraform:1.2.0-rc1-7-gc21e3436a
986891699432.dkr.ecr.us-east-1.amazonaws.com/hashicorp/terraform:1.2.0-rc1-7-gc21e3436a

2022-05-11T18:20:03.8162213Z   REDHAT_TAG: 
2022-05-11T18:20:03.8162407Z   DEV_TAGS: 
2022-05-11T18:20:03.8162579Z   WORKDIR: .
2022-05-11T18:20:03.8162851Z   DOCKERFILE: .github/workflows/build-Dockerfile
2022-05-11T18:20:03.8163180Z   REPO_NAME_MINUS_ENTERPRISE: terraform
2022-05-11T18:20:03.8163414Z   ENTERPRISE_DETECTED: false
2022-05-11T18:20:03.8163630Z   TARGET: default
2022-05-11T18:20:03.8163826Z   OS: linux
2022-05-11T18:20:03.8164437Z   ARCH: amd64
2022-05-11T18:20:03.8164687Z   VERSION: 1.2.0-rc1-7-gc21e3436a
2022-05-11T18:20:03.8164965Z   REVISION: c21e3436a45a471f6c4b980e6713a560005c7d9d
2022-05-11T18:20:03.8165223Z   PKG_NAME_GUESSED: false
2022-05-11T18:20:03.8165476Z   ZIP_LOCATION: ./dist/linux/amd64
2022-05-11T18:20:03.8165790Z   ZIP_NAME: terraform_1.2.0-rc1-7-gc21e3436a_linux_amd64.zip
2022-05-11T18:20:03.8166075Z   ZIP_NAME_GUESSED: true
2022-05-11T18:20:03.8166429Z   TARBALL_NAME: terraform_default_linux_amd64_1.2.0-rc1-7-gc21e3436a_c21e3436a45a471f6c4b980e6713a560005c7d9d.docker.tar
2022-05-11T18:20:03.8166923Z   DEV_TARBALL_NAME: terraform_default_linux_amd64_1.2.0-rc1-7-gc21e3436a_c21e3436a45a471f6c4b980e6713a560005c7d9d.docker.dev.tar
2022-05-11T18:20:03.8167565Z   REDHAT_TARBALL_NAME: terraform_default_linux_amd64_1.2.0-rc1-7-gc21e3436a_c21e3436a45a471f6c4b980e6713a560005c7d9d.docker.redhat.tar
2022-05-11T18:20:03.8168128Z   AUTO_TAG: terraform/default/linux/amd64:1.2.0-rc1-7-gc21e3436a_c21e3436a45a471f6c4b980e6713a560005c7d9d
2022-05-11T18:20:03.8168409Z   BIN_NAME: terraform
2022-05-11T18:20:03.8168682Z   BIN_NAME_GUESSED: true
2022-05-11T18:20:03.8169020Z   PLATFORM: linux/amd64
2022-05-11T18:20:03.8169229Z ##[endgroup]
2022-05-11T18:20:03.8367824Z ALL_TAGS: terraform/default/linux/amd64:1.2.0-rc1-7-gc21e3436a_c21e3436a45a471f6c4b980e6713a560005c7d9d docker.io/hashicorp/terraform:1.2.0-rc1-7-gc21e3436a 986891699432.dkr.ecr.us-east-1.amazonaws.com/hashicorp/terraform:1.2.0-rc1-7-gc21e3436a
2022-05-11T18:20:04.1165256Z vigorous_swanson
2022-05-11T18:20:04.1220795Z ==> Building image with tags:
2022-05-11T18:20:04.1221985Z     - terraform/default/linux/amd64:1.2.0-rc1-7-gc21e3436a_c21e3436a45a471f6c4b980e6713a560005c7d9d
2022-05-11T18:20:04.1222832Z     - docker.io/hashicorp/terraform:1.2.0-rc1-7-gc21e3436a
2022-05-11T18:20:04.1223815Z     - 986891699432.dkr.ecr.us-east-1.amazonaws.com/hashicorp/terraform:1.2.0-rc1-7-gc21e3436a
2022-05-11T18:20:04.2266314Z #1 [internal] booting buildkit
2022-05-11T18:20:04.3775933Z #1 pulling image moby/buildkit:buildx-stable-1
2022-05-11T18:20:09.4963509Z #1 pulling image moby/buildkit:buildx-stable-1 5.2s done
2022-05-11T18:20:09.4963887Z #1 creating container buildx_buildkit_vigorous_swanson0
2022-05-11T18:20:10.0508009Z #1 creating container buildx_buildkit_vigorous_swanson0 0.7s done
2022-05-11T18:20:10.1901429Z #1 DONE 5.8s
2022-05-11T18:20:10.3406481Z 
2022-05-11T18:20:10.3406755Z #2 [internal] load .dockerignore
2022-05-11T18:20:10.3407058Z #2 transferring context: 2B done
2022-05-11T18:20:10.3407292Z #2 DONE 0.0s
2022-05-11T18:20:10.3407532Z 
2022-05-11T18:20:10.3407965Z #3 [internal] load build definition from build-Dockerfile
2022-05-11T18:20:10.3408254Z #3 transferring dockerfile: 1.74kB done
2022-05-11T18:20:10.3408477Z #3 DONE 0.0s
2022-05-11T18:20:10.3408594Z 
2022-05-11T18:20:10.3408789Z #4 [internal] load metadata for docker.mirror.hashicorp.services/alpine:latest
2022-05-11T18:20:11.6714881Z #4 DONE 1.5s
2022-05-11T18:20:11.7860153Z 
2022-05-11T18:20:11.7862655Z #5 [1/3] FROM docker.mirror.hashicorp.services/alpine:latest@sha256:4edbd2beb5f78b1014028f4fbb99f3237d9561100b6881aabbf5acce2c4f9454
2022-05-11T18:20:11.7867881Z #5 resolve docker.mirror.hashicorp.services/alpine:latest@sha256:4edbd2beb5f78b1014028f4fbb99f3237d9561100b6881aabbf5acce2c4f9454 0.0s done
2022-05-11T18:20:11.8885716Z #5 sha256:df9b9388f04ad6279a7410b85cedfdcb2208c0a003da7ab5613af71079148139 0B / 2.81MB 0.2s
2022-05-11T18:20:12.1041606Z #5 sha256:df9b9388f04ad6279a7410b85cedfdcb2208c0a003da7ab5613af71079148139 2.81MB / 2.81MB 0.3s done
2022-05-11T18:20:12.1042826Z #5 extracting sha256:df9b9388f04ad6279a7410b85cedfdcb2208c0a003da7ab5613af71079148139
2022-05-11T18:20:12.2392528Z #5 extracting sha256:df9b9388f04ad6279a7410b85cedfdcb2208c0a003da7ab5613af71079148139 0.2s done
2022-05-11T18:20:12.2393269Z #5 DONE 0.5s
2022-05-11T18:20:12.2394152Z 
2022-05-11T18:20:12.2394399Z #6 [internal] load build context
2022-05-11T18:20:13.6300716Z #6 ...
2022-05-11T18:20:13.6302433Z 
2022-05-11T18:20:13.6310701Z #7 [2/3] RUN apk add --no-cache git openssh
2022-05-11T18:20:13.6311242Z #0 0.090 fetch https://dl-cdn.alpinelinux.org/alpine/v3.15/main/x86_64/APKINDEX.tar.gz
2022-05-11T18:20:13.6311815Z #0 0.234 fetch https://dl-cdn.alpinelinux.org/alpine/v3.15/community/x86_64/APKINDEX.tar.gz
2022-05-11T18:20:13.6312277Z #0 0.538 (1/17) Installing ca-certificates (20211220-r0)
2022-05-11T18:20:13.6312658Z #0 0.555 (2/17) Installing brotli-libs (1.0.9-r5)
2022-05-11T18:20:13.6313033Z #0 0.568 (3/17) Installing nghttp2-libs (1.46.0-r0)
2022-05-11T18:20:13.6313569Z #0 0.571 (4/17) Installing libcurl (7.80.0-r1)
2022-05-11T18:20:13.6314163Z #0 0.580 (5/17) Installing expat (2.4.7-r0)
2022-05-11T18:20:13.6314604Z #0 0.594 (6/17) Installing pcre2 (10.39-r0)
2022-05-11T18:20:13.6315048Z #0 0.614 (7/17) Installing git (2.34.2-r0)
2022-05-11T18:20:13.6315517Z #0 0.789 (8/17) Installing openssh-keygen (8.8_p1-r1)
2022-05-11T18:20:13.6316047Z #0 0.791 (9/17) Installing ncurses-terminfo-base (6.3_p20211120-r0)
2022-05-11T18:20:13.6316569Z #0 0.819 (10/17) Installing ncurses-libs (6.3_p20211120-r0)
2022-05-11T18:20:13.6317325Z #0 0.826 (11/17) Installing libedit (20210910.3.1-r0)
2022-05-11T18:20:13.6317858Z #0 0.839 (12/17) Installing openssh-client-common (8.8_p1-r1)
2022-05-11T18:20:13.6318412Z #0 0.872 (13/17) Installing openssh-client-default (8.8_p1-r1)
2022-05-11T18:20:13.6318975Z #0 0.892 (14/17) Installing openssh-sftp-server (8.8_p1-r1)
2022-05-11T18:20:13.6319541Z #0 0.896 (15/17) Installing openssh-server-common (8.8_p1-r1)
2022-05-11T18:20:13.6320084Z #0 0.899 (16/17) Installing openssh-server (8.8_p1-r1)
2022-05-11T18:20:13.6320687Z #0 0.913 (17/17) Installing openssh (8.8_p1-r1)
2022-05-11T18:20:13.6321149Z #0 0.930 Executing busybox-1.34.1-r5.trigger
2022-05-11T18:20:13.6321646Z #0 0.943 Executing ca-certificates-20211220-r0.trigger
2022-05-11T18:20:13.6322032Z #0 1.069 OK: 25 MiB in 31 packages
2022-05-11T18:20:13.6322319Z #7 DONE 1.3s
2022-05-11T18:20:13.6322464Z 
2022-05-11T18:20:13.6322573Z #6 [internal] load build context
2022-05-11T18:20:13.8852664Z #6 transferring context: 62.95MB 2.1s done
2022-05-11T18:20:13.8852979Z #6 DONE 2.1s
2022-05-11T18:20:13.8853113Z 
2022-05-11T18:20:13.8853264Z #8 [3/3] COPY [dist/linux/amd64/terraform, /bin/terraform]
2022-05-11T18:20:14.0354910Z #8 DONE 0.2s
2022-05-11T18:20:14.0355111Z 
2022-05-11T18:20:14.0355237Z #9 exporting to oci image format
2022-05-11T18:20:14.0355517Z #9 exporting layers
2022-05-11T18:20:17.1899202Z #9 exporting layers 3.2s done
2022-05-11T18:20:17.1899693Z #9 exporting manifest sha256:244ccb792804f6ae6d2858335e274c8bbf24c5914e065e58d5d3286c0908c079
2022-05-11T18:20:17.3445379Z #9 exporting manifest sha256:244ccb792804f6ae6d2858335e274c8bbf24c5914e065e58d5d3286c0908c079 done
2022-05-11T18:20:17.3445865Z #9 exporting config sha256:19fe09d345ce106fd0f1711353f22e1339305501c872844d0f9b6f61f106a574 done
2022-05-11T18:20:17.3446176Z #9 sending tarball
2022-05-11T18:20:19.0005624Z #9 ...
2022-05-11T18:20:19.0007481Z 
2022-05-11T18:20:19.0009186Z #10 importing to docker
2022-05-11T18:20:19.0009490Z #10 DONE 1.1s
2022-05-11T18:20:19.0051874Z 
2022-05-11T18:20:19.0052205Z #9 exporting to oci image format
2022-05-11T18:20:19.0057211Z #9 sending tarball 1.8s done
2022-05-11T18:20:19.0057435Z #9 DONE 5.1s
2022-05-11T18:20:19.0159601Z ==> Saving prod tags in '/home/runner/work/terraform/terraform/terraform_default_linux_amd64_1.2.0-rc1-7-gc21e3436a_c21e3436a45a471f6c4b980e6713a560005c7d9d.docker.tar'
2022-05-11T18:20:19.9883569Z ==> Tarball created.
2022-05-11T18:20:19.9902615Z -rw------- 1 runner docker 85M May 11 18:20 /home/runner/work/terraform/terraform/terraform_default_linux_amd64_1.2.0-rc1-7-gc21e3436a_c21e3436a45a471f6c4b980e6713a560005c7d9d.docker.tar
2022-05-11T18:20:19.9905970Z ==> No dev tags specified, skipping export.
2022-05-11T18:20:19.9906546Z ==> No Redhat tag specified, skipping export.
2022-05-11T18:20:19.9957939Z ##[group]Run /home/runner/work/_actions/hashicorp/actions-docker-build/v1/scripts/create_metadata
2022-05-11T18:20:19.9958372Z [36;1m/home/runner/work/_actions/hashicorp/actions-docker-build/v1/scripts/create_metadata[0m
2022-05-11T18:20:20.0006926Z shell: /usr/bin/bash --noprofile --norc -e -o pipefail {0}
2022-05-11T18:20:20.0007164Z env:
2022-05-11T18:20:20.0007360Z   PKG_NAME: terraform
2022-05-11T18:20:20.0007570Z   repo: terraform
2022-05-11T18:20:20.0007774Z   version: 1.2.0-rc1-7-gc21e3436a
2022-05-11T18:20:20.0008008Z   REPO_NAME: terraform
2022-05-11T18:20:20.0008391Z   TAGS: docker.io/hashicorp/terraform:1.2.0-rc1-7-gc21e3436a
986891699432.dkr.ecr.us-east-1.amazonaws.com/hashicorp/terraform:1.2.0-rc1-7-gc21e3436a

2022-05-11T18:20:20.0008739Z   REDHAT_TAG: 
2022-05-11T18:20:20.0008930Z   DEV_TAGS: 
2022-05-11T18:20:20.0009118Z   WORKDIR: .
2022-05-11T18:20:20.0009358Z   DOCKERFILE: .github/workflows/build-Dockerfile
2022-05-11T18:20:20.0009619Z   REPO_NAME_MINUS_ENTERPRISE: terraform
2022-05-11T18:20:20.0009865Z   ENTERPRISE_DETECTED: false
2022-05-11T18:20:20.0010206Z   TARGET: default
2022-05-11T18:20:20.0010393Z   OS: linux
2022-05-11T18:20:20.0010710Z   ARCH: amd64
2022-05-11T18:20:20.0011058Z   VERSION: 1.2.0-rc1-7-gc21e3436a
2022-05-11T18:20:20.0011334Z   REVISION: c21e3436a45a471f6c4b980e6713a560005c7d9d
2022-05-11T18:20:20.0011616Z   PKG_NAME_GUESSED: false
2022-05-11T18:20:20.0011878Z   ZIP_LOCATION: ./dist/linux/amd64
2022-05-11T18:20:20.0012178Z   ZIP_NAME: terraform_1.2.0-rc1-7-gc21e3436a_linux_amd64.zip
2022-05-11T18:20:20.0012476Z   ZIP_NAME_GUESSED: true
2022-05-11T18:20:20.0012857Z   TARBALL_NAME: terraform_default_linux_amd64_1.2.0-rc1-7-gc21e3436a_c21e3436a45a471f6c4b980e6713a560005c7d9d.docker.tar
2022-05-11T18:20:20.0013368Z   DEV_TARBALL_NAME: terraform_default_linux_amd64_1.2.0-rc1-7-gc21e3436a_c21e3436a45a471f6c4b980e6713a560005c7d9d.docker.dev.tar
2022-05-11T18:20:20.0013888Z   REDHAT_TARBALL_NAME: terraform_default_linux_amd64_1.2.0-rc1-7-gc21e3436a_c21e3436a45a471f6c4b980e6713a560005c7d9d.docker.redhat.tar
2022-05-11T18:20:20.0014379Z   AUTO_TAG: terraform/default/linux/amd64:1.2.0-rc1-7-gc21e3436a_c21e3436a45a471f6c4b980e6713a560005c7d9d
2022-05-11T18:20:20.0014870Z   BIN_NAME: terraform
2022-05-11T18:20:20.0015077Z   BIN_NAME_GUESSED: true
2022-05-11T18:20:20.0015307Z   PLATFORM: linux/amd64
2022-05-11T18:20:20.0015528Z ##[endgroup]
2022-05-11T18:20:20.0585810Z ##[group]Run actions/upload-artifact@v2
2022-05-11T18:20:20.0586051Z with:
2022-05-11T18:20:20.0586286Z   name: docker_tag_list_default.json
2022-05-11T18:20:20.0586679Z   path: docker_tag_list_default.json
2022-05-11T18:20:20.0586920Z   if-no-files-found: error
2022-05-11T18:20:20.0587133Z env:
2022-05-11T18:20:20.0587326Z   PKG_NAME: terraform
2022-05-11T18:20:20.0587537Z   repo: terraform
2022-05-11T18:20:20.0587760Z   version: 1.2.0-rc1-7-gc21e3436a
2022-05-11T18:20:20.0587993Z   REPO_NAME: terraform
2022-05-11T18:20:20.0588391Z   TAGS: docker.io/hashicorp/terraform:1.2.0-rc1-7-gc21e3436a
986891699432.dkr.ecr.us-east-1.amazonaws.com/hashicorp/terraform:1.2.0-rc1-7-gc21e3436a

2022-05-11T18:20:20.0588760Z   REDHAT_TAG: 
2022-05-11T18:20:20.0588959Z   DEV_TAGS: 
2022-05-11T18:20:20.0589153Z   WORKDIR: .
2022-05-11T18:20:20.0589391Z   DOCKERFILE: .github/workflows/build-Dockerfile
2022-05-11T18:20:20.0589679Z   REPO_NAME_MINUS_ENTERPRISE: terraform
2022-05-11T18:20:20.0589937Z   ENTERPRISE_DETECTED: false
2022-05-11T18:20:20.0590149Z   TARGET: default
2022-05-11T18:20:20.0590345Z   OS: linux
2022-05-11T18:20:20.0590537Z   ARCH: amd64
2022-05-11T18:20:20.0590899Z   VERSION: 1.2.0-rc1-7-gc21e3436a
2022-05-11T18:20:20.0591190Z   REVISION: c21e3436a45a471f6c4b980e6713a560005c7d9d
2022-05-11T18:20:20.0591450Z   PKG_NAME_GUESSED: false
2022-05-11T18:20:20.0591758Z   ZIP_LOCATION: ./dist/linux/amd64
2022-05-11T18:20:20.0592045Z   ZIP_NAME: terraform_1.2.0-rc1-7-gc21e3436a_linux_amd64.zip
2022-05-11T18:20:20.0592437Z   ZIP_NAME_GUESSED: true
2022-05-11T18:20:20.0592798Z   TARBALL_NAME: terraform_default_linux_amd64_1.2.0-rc1-7-gc21e3436a_c21e3436a45a471f6c4b980e6713a560005c7d9d.docker.tar
2022-05-11T18:20:20.0593269Z   DEV_TARBALL_NAME: terraform_default_linux_amd64_1.2.0-rc1-7-gc21e3436a_c21e3436a45a471f6c4b980e6713a560005c7d9d.docker.dev.tar
2022-05-11T18:20:20.0593784Z   REDHAT_TARBALL_NAME: terraform_default_linux_amd64_1.2.0-rc1-7-gc21e3436a_c21e3436a45a471f6c4b980e6713a560005c7d9d.docker.redhat.tar
2022-05-11T18:20:20.0594388Z   AUTO_TAG: terraform/default/linux/amd64:1.2.0-rc1-7-gc21e3436a_c21e3436a45a471f6c4b980e6713a560005c7d9d
2022-05-11T18:20:20.0594723Z   BIN_NAME: terraform
2022-05-11T18:20:20.0594948Z   BIN_NAME_GUESSED: true
2022-05-11T18:20:20.0595188Z   PLATFORM: linux/amd64
2022-05-11T18:20:20.0595520Z   REDHAT_SUFFIX: 
2022-05-11T18:20:20.0595724Z ##[endgroup]
2022-05-11T18:20:20.1285500Z With the provided path, there will be 1 file uploaded
2022-05-11T18:20:20.1288331Z Starting artifact upload
2022-05-11T18:20:20.1289350Z For more detailed logs during the artifact upload process, enable step-debugging: https://docs.github.com/actions/monitoring-and-troubleshooting-workflows/enabling-debug-logging#enabling-step-debug-logging
2022-05-11T18:20:20.1289890Z Artifact name is valid!
2022-05-11T18:20:20.2464971Z Container for artifact "docker_tag_list_default.json" successfully created. Starting upload of file(s)
2022-05-11T18:20:20.4212812Z Total size of all the files uploaded is 155 bytes
2022-05-11T18:20:20.4213779Z File upload process has finished. Finalizing the artifact upload
2022-05-11T18:20:20.7259473Z Artifact has been finalized. All files have been successfully uploaded!
2022-05-11T18:20:20.7260813Z 
2022-05-11T18:20:20.7261159Z The raw size of all the files that were specified for upload is 212 bytes
2022-05-11T18:20:20.7261826Z The size of all the files that were uploaded is 155 bytes. This takes into account any gzip compression used to reduce the upload size, time and storage
2022-05-11T18:20:20.7262246Z 
2022-05-11T18:20:20.7263122Z Note: The size of downloaded zips can differ significantly from the reported size. For more information see: https://github.com/actions/upload-artifact#zipped-artifact-downloads 
2022-05-11T18:20:20.7263653Z 
2022-05-11T18:20:20.7264027Z Artifact docker_tag_list_default.json has been successfully uploaded!
2022-05-11T18:20:20.7333444Z ##[group]Run actions/upload-artifact@v2
2022-05-11T18:20:20.7333674Z with:
2022-05-11T18:20:20.7334107Z   name: terraform_default_linux_amd64_1.2.0-rc1-7-gc21e3436a_c21e3436a45a471f6c4b980e6713a560005c7d9d.docker.tar
2022-05-11T18:20:20.7334541Z   path: terraform_default_linux_amd64_1.2.0-rc1-7-gc21e3436a_c21e3436a45a471f6c4b980e6713a560005c7d9d.docker.tar
2022-05-11T18:20:20.7334862Z   if-no-files-found: error
2022-05-11T18:20:20.7335050Z env:
2022-05-11T18:20:20.7335244Z   PKG_NAME: terraform
2022-05-11T18:20:20.7335447Z   repo: terraform
2022-05-11T18:20:20.7335646Z   version: 1.2.0-rc1-7-gc21e3436a
2022-05-11T18:20:20.7335869Z   REPO_NAME: terraform
2022-05-11T18:20:20.7336245Z   TAGS: docker.io/hashicorp/terraform:1.2.0-rc1-7-gc21e3436a
986891699432.dkr.ecr.us-east-1.amazonaws.com/hashicorp/terraform:1.2.0-rc1-7-gc21e3436a

2022-05-11T18:20:20.7336588Z   REDHAT_TAG: 
2022-05-11T18:20:20.7336781Z   DEV_TAGS: 
2022-05-11T18:20:20.7336969Z   WORKDIR: .
2022-05-11T18:20:20.7337209Z   DOCKERFILE: .github/workflows/build-Dockerfile
2022-05-11T18:20:20.7337468Z   REPO_NAME_MINUS_ENTERPRISE: terraform
2022-05-11T18:20:20.7337714Z   ENTERPRISE_DETECTED: false
2022-05-11T18:20:20.7337929Z   TARGET: default
2022-05-11T18:20:20.7338106Z   OS: linux
2022-05-11T18:20:20.7338439Z   ARCH: amd64
2022-05-11T18:20:20.7338667Z   VERSION: 1.2.0-rc1-7-gc21e3436a
2022-05-11T18:20:20.7339038Z   REVISION: c21e3436a45a471f6c4b980e6713a560005c7d9d
2022-05-11T18:20:20.7339299Z   PKG_NAME_GUESSED: false
2022-05-11T18:20:20.7339638Z   ZIP_LOCATION: ./dist/linux/amd64
2022-05-11T18:20:20.7339915Z   ZIP_NAME: terraform_1.2.0-rc1-7-gc21e3436a_linux_amd64.zip
2022-05-11T18:20:20.7340187Z   ZIP_NAME_GUESSED: true
2022-05-11T18:20:20.7340538Z   TARBALL_NAME: terraform_default_linux_amd64_1.2.0-rc1-7-gc21e3436a_c21e3436a45a471f6c4b980e6713a560005c7d9d.docker.tar
2022-05-11T18:20:20.7341008Z   DEV_TARBALL_NAME: terraform_default_linux_amd64_1.2.0-rc1-7-gc21e3436a_c21e3436a45a471f6c4b980e6713a560005c7d9d.docker.dev.tar
2022-05-11T18:20:20.7341491Z   REDHAT_TARBALL_NAME: terraform_default_linux_amd64_1.2.0-rc1-7-gc21e3436a_c21e3436a45a471f6c4b980e6713a560005c7d9d.docker.redhat.tar
2022-05-11T18:20:20.7342815Z   AUTO_TAG: terraform/default/linux/amd64:1.2.0-rc1-7-gc21e3436a_c21e3436a45a471f6c4b980e6713a560005c7d9d
2022-05-11T18:20:20.7343167Z   BIN_NAME: terraform
2022-05-11T18:20:20.7343407Z   BIN_NAME_GUESSED: true
2022-05-11T18:20:20.7343639Z   PLATFORM: linux/amd64
2022-05-11T18:20:20.7343869Z ##[endgroup]
2022-05-11T18:20:20.7995740Z With the provided path, there will be 1 file uploaded
2022-05-11T18:20:20.7999863Z Starting artifact upload
2022-05-11T18:20:20.8000904Z For more detailed logs during the artifact upload process, enable step-debugging: https://docs.github.com/actions/monitoring-and-troubleshooting-workflows/enabling-debug-logging#enabling-step-debug-logging
2022-05-11T18:20:20.8001734Z Artifact name is valid!
2022-05-11T18:20:20.9248011Z Container for artifact "terraform_default_linux_amd64_1.2.0-rc1-7-gc21e3436a_c21e3436a45a471f6c4b980e6713a560005c7d9d.docker.tar" successfully created. Starting upload of file(s)
2022-05-11T18:20:26.2659617Z Uploaded /home/runner/work/terraform/terraform/terraform_default_linux_amd64_1.2.0-rc1-7-gc21e3436a_c21e3436a45a471f6c4b980e6713a560005c7d9d.docker.tar (26.4%) bytes 0:8388607
2022-05-11T18:20:26.9586811Z Uploaded /home/runner/work/terraform/terraform/terraform_default_linux_amd64_1.2.0-rc1-7-gc21e3436a_c21e3436a45a471f6c4b980e6713a560005c7d9d.docker.tar (52.8%) bytes 8388608:16777215
2022-05-11T18:20:27.6142460Z Uploaded /home/runner/work/terraform/terraform/terraform_default_linux_amd64_1.2.0-rc1-7-gc21e3436a_c21e3436a45a471f6c4b980e6713a560005c7d9d.docker.tar (79.2%) bytes 16777216:25165823
2022-05-11T18:20:28.5430053Z Uploaded /home/runner/work/terraform/terraform/terraform_default_linux_amd64_1.2.0-rc1-7-gc21e3436a_c21e3436a45a471f6c4b980e6713a560005c7d9d.docker.tar (100.0%) bytes 25165824:31746107
2022-05-11T18:20:28.5447684Z Total size of all the files uploaded is 31746108 bytes
2022-05-11T18:20:28.5448082Z File upload process has finished. Finalizing the artifact upload
2022-05-11T18:20:28.6351860Z Artifact has been finalized. All files have been successfully uploaded!
2022-05-11T18:20:28.6352243Z 
2022-05-11T18:20:28.6352456Z The raw size of all the files that were specified for upload is 89022464 bytes
2022-05-11T18:20:28.6353259Z The size of all the files that were uploaded is 31746108 bytes. This takes into account any gzip compression used to reduce the upload size, time and storage
2022-05-11T18:20:28.6353649Z 
2022-05-11T18:20:28.6354294Z Note: The size of downloaded zips can differ significantly from the reported size. For more information see: https://github.com/actions/upload-artifact#zipped-artifact-downloads 
2022-05-11T18:20:28.6354689Z 
2022-05-11T18:20:28.6355174Z Artifact terraform_default_linux_amd64_1.2.0-rc1-7-gc21e3436a_c21e3436a45a471f6c4b980e6713a560005c7d9d.docker.tar has been successfully uploaded!
2022-05-11T18:20:28.6549881Z Post job cleanup.
2022-05-11T18:20:28.7916822Z [command]/usr/bin/git version
2022-05-11T18:20:28.7968481Z git version 2.36.0
2022-05-11T18:20:28.8024003Z Temporarily overriding HOME='/home/runner/work/_temp/d05f0519-0e75-48ec-a041-10bd4ff8fdba' before making global git config changes
2022-05-11T18:20:28.8026464Z Adding repository directory to the temporary git global config as a safe directory
2022-05-11T18:20:28.8035497Z [command]/usr/bin/git config --global --add safe.directory /home/runner/work/terraform/terraform
2022-05-11T18:20:28.8081933Z [command]/usr/bin/git config --local --name-only --get-regexp core\.sshCommand
2022-05-11T18:20:28.8121588Z [command]/usr/bin/git submodule foreach --recursive git config --local --name-only --get-regexp 'core\.sshCommand' && git config --local --unset-all 'core.sshCommand' || :
2022-05-11T18:20:28.8436235Z [command]/usr/bin/git config --local --name-only --get-regexp http\.https\:\/\/github\.com\/\.extraheader
2022-05-11T18:20:28.8457423Z http.https://github.com/.extraheader
2022-05-11T18:20:28.8468839Z [command]/usr/bin/git config --local --unset-all http.https://github.com/.extraheader
2022-05-11T18:20:28.8535968Z [command]/usr/bin/git submodule foreach --recursive git config --local --name-only --get-regexp 'http\.https\:\/\/github\.com\/\.extraheader' && git config --local --unset-all 'http.https://github.com/.extraheader' || :
2022-05-11T18:20:28.9093333Z Cleaning up orphan processes
