2022-05-20T17:58:26.2510043Z Requested labels: ubuntu-latest
2022-05-20T17:58:26.2510091Z Job defined at: hashicorp/terraform/.github/workflows/checks.yml@refs/pull/31097/merge
2022-05-20T17:58:26.2510113Z Waiting for a runner to pick up this job...
2022-05-20T18:02:17.6503404Z Job is waiting for a hosted runner to come online.
2022-05-20T18:02:26.2745130Z Job is about to start running on the hosted runner: GitHub Actions 71 (hosted)
2022-05-20T18:02:30.5662800Z Current runner version: '2.291.1'
2022-05-20T18:02:30.5698341Z ##[group]Operating System
2022-05-20T18:02:30.5699005Z Ubuntu
2022-05-20T18:02:30.5699343Z 20.04.4
2022-05-20T18:02:30.5699606Z LTS
2022-05-20T18:02:30.5700070Z ##[endgroup]
2022-05-20T18:02:30.5700464Z ##[group]Virtual Environment
2022-05-20T18:02:30.5701184Z Environment: ubuntu-20.04
2022-05-20T18:02:30.5701730Z Version: 20220515.1
2022-05-20T18:02:30.5702312Z Included Software: https://github.com/actions/virtual-environments/blob/ubuntu20/20220515.1/images/linux/Ubuntu2004-Readme.md
2022-05-20T18:02:30.5703070Z Image Release: https://github.com/actions/virtual-environments/releases/tag/ubuntu20%2F20220515.1
2022-05-20T18:02:30.5703589Z ##[endgroup]
2022-05-20T18:02:30.5703988Z ##[group]Virtual Environment Provisioner
2022-05-20T18:02:30.5704352Z 1.0.0.0-main-20220421-1
2022-05-20T18:02:30.5704712Z ##[endgroup]
2022-05-20T18:02:30.5705900Z ##[group]GITHUB_TOKEN Permissions
2022-05-20T18:02:30.5706636Z Contents: read
2022-05-20T18:02:30.5707337Z Metadata: read
2022-05-20T18:02:30.5707807Z ##[endgroup]
2022-05-20T18:02:30.5713892Z Secret source: Actions
2022-05-20T18:02:30.5714775Z Prepare workflow directory
2022-05-20T18:02:30.6924736Z Prepare all required actions
2022-05-20T18:02:30.7163570Z Getting action download info
2022-05-20T18:02:30.9836382Z Download action repository 'actions/checkout@v2' (SHA:7884fcad6b5d53d10323aee724dc68d8b9096a2e)
2022-05-20T18:02:32.1826549Z Download action repository 'actions/setup-go@v2' (SHA:bfdd3570ce990073878bf10f6b2d79082de49492)
2022-05-20T18:02:32.6185482Z Download action repository 'actions/cache@v3' (SHA:48af2dc4a9e8278b89d7fa154b955c30c6aaab09)
2022-05-20T18:02:33.5949231Z ##[group]Run actions/checkout@v2
2022-05-20T18:02:33.5949590Z with:
2022-05-20T18:02:33.5949874Z   repository: hashicorp/terraform
2022-05-20T18:02:33.5950456Z   token: ***
2022-05-20T18:02:33.5950678Z   ssh-strict: true
2022-05-20T18:02:33.5950942Z   persist-credentials: true
2022-05-20T18:02:33.5951475Z   clean: true
2022-05-20T18:02:33.5951707Z   fetch-depth: 1
2022-05-20T18:02:33.5951936Z   lfs: false
2022-05-20T18:02:33.5952160Z   submodules: false
2022-05-20T18:02:33.5952415Z   set-safe-directory: true
2022-05-20T18:02:33.5952685Z ##[endgroup]
2022-05-20T18:02:35.4892275Z Syncing repository: hashicorp/terraform
2022-05-20T18:02:35.4894720Z ##[group]Getting Git version info
2022-05-20T18:02:35.4895402Z Working directory is '/home/runner/work/terraform/terraform'
2022-05-20T18:02:35.4900591Z [command]/usr/bin/git version
2022-05-20T18:02:35.6350920Z git version 2.36.1
2022-05-20T18:02:35.6383920Z ##[endgroup]
2022-05-20T18:02:35.6421807Z Temporarily overriding HOME='/home/runner/work/_temp/6eacbd44-a32d-4a9d-a59f-4342d5261fcd' before making global git config changes
2022-05-20T18:02:35.6422701Z Adding repository directory to the temporary git global config as a safe directory
2022-05-20T18:02:35.6477831Z [command]/usr/bin/git config --global --add safe.directory /home/runner/work/terraform/terraform
2022-05-20T18:02:35.6478973Z Deleting the contents of '/home/runner/work/terraform/terraform'
2022-05-20T18:02:35.6479875Z ##[group]Initializing the repository
2022-05-20T18:02:35.6539908Z [command]/usr/bin/git init /home/runner/work/terraform/terraform
2022-05-20T18:02:35.6806725Z hint: Using 'master' as the name for the initial branch. This default branch name
2022-05-20T18:02:35.6807690Z hint: is subject to change. To configure the initial branch name to use in all
2022-05-20T18:02:35.6808914Z hint: of your new repositories, which will suppress this warning, call:
2022-05-20T18:02:35.6809673Z hint: 
2022-05-20T18:02:35.6810434Z hint: 	git config --global init.defaultBranch <name>
2022-05-20T18:02:35.6810741Z hint: 
2022-05-20T18:02:35.6811171Z hint: Names commonly chosen instead of 'master' are 'main', 'trunk' and
2022-05-20T18:02:35.6811855Z hint: 'development'. The just-created branch can be renamed via this command:
2022-05-20T18:02:35.6812156Z hint: 
2022-05-20T18:02:35.6812447Z hint: 	git branch -m <name>
2022-05-20T18:02:35.6819046Z Initialized empty Git repository in /home/runner/work/terraform/terraform/.git/
2022-05-20T18:02:35.6833861Z [command]/usr/bin/git remote add origin https://github.com/hashicorp/terraform
2022-05-20T18:02:35.6969623Z ##[endgroup]
2022-05-20T18:02:35.6970666Z ##[group]Disabling automatic garbage collection
2022-05-20T18:02:35.6975711Z [command]/usr/bin/git config --local gc.auto 0
2022-05-20T18:02:35.7013221Z ##[endgroup]
2022-05-20T18:02:35.7014164Z ##[group]Setting up auth
2022-05-20T18:02:35.7025643Z [command]/usr/bin/git config --local --name-only --get-regexp core\.sshCommand
2022-05-20T18:02:35.7083656Z [command]/usr/bin/git submodule foreach --recursive git config --local --name-only --get-regexp 'core\.sshCommand' && git config --local --unset-all 'core.sshCommand' || :
2022-05-20T18:02:35.9172437Z [command]/usr/bin/git config --local --name-only --get-regexp http\.https\:\/\/github\.com\/\.extraheader
2022-05-20T18:02:35.9225445Z [command]/usr/bin/git submodule foreach --recursive git config --local --name-only --get-regexp 'http\.https\:\/\/github\.com\/\.extraheader' && git config --local --unset-all 'http.https://github.com/.extraheader' || :
2022-05-20T18:02:35.9497501Z [command]/usr/bin/git config --local http.https://github.com/.extraheader AUTHORIZATION: basic ***
2022-05-20T18:02:35.9565616Z ##[endgroup]
2022-05-20T18:02:35.9566041Z ##[group]Fetching the repository
2022-05-20T18:02:35.9566904Z [command]/usr/bin/git -c protocol.version=2 fetch --no-tags --prune --progress --no-recurse-submodules --depth=1 origin +93ebf0835e77a351ea2e280e61d9c1fc79b7a20d:refs/remotes/pull/31097/merge
2022-05-20T18:02:36.4378449Z remote: Enumerating objects: 3931, done.        
2022-05-20T18:02:36.4379844Z remote: Counting objects:   0% (1/3931)        
2022-05-20T18:02:36.4381004Z remote: Counting objects:   1% (40/3931)        
2022-05-20T18:02:36.4381357Z remote: Counting objects:   2% (79/3931)        
2022-05-20T18:02:36.4381662Z remote: Counting objects:   3% (118/3931)        
2022-05-20T18:02:36.4381986Z remote: Counting objects:   4% (158/3931)        
2022-05-20T18:02:36.4383552Z remote: Counting objects:   5% (197/3931)        
2022-05-20T18:02:36.4385649Z remote: Counting objects:   6% (236/3931)        
2022-05-20T18:02:36.4386670Z remote: Counting objects:   7% (276/3931)        
2022-05-20T18:02:36.4388396Z remote: Counting objects:   8% (315/3931)        
2022-05-20T18:02:36.4389255Z remote: Counting objects:   9% (354/3931)        
2022-05-20T18:02:36.4390931Z remote: Counting objects:  10% (394/3931)        
2022-05-20T18:02:36.4392136Z remote: Counting objects:  11% (433/3931)        
2022-05-20T18:02:36.4393725Z remote: Counting objects:  12% (472/3931)        
2022-05-20T18:02:36.4395190Z remote: Counting objects:  13% (512/3931)        
2022-05-20T18:02:36.4396336Z remote: Counting objects:  14% (551/3931)        
2022-05-20T18:02:36.4397609Z remote: Counting objects:  15% (590/3931)        
2022-05-20T18:02:36.4399718Z remote: Counting objects:  16% (629/3931)        
2022-05-20T18:02:36.4401204Z remote: Counting objects:  17% (669/3931)        
2022-05-20T18:02:36.4401945Z remote: Counting objects:  18% (708/3931)        
2022-05-20T18:02:36.4402574Z remote: Counting objects:  19% (747/3931)        
2022-05-20T18:02:36.4403228Z remote: Counting objects:  20% (787/3931)        
2022-05-20T18:02:36.4403858Z remote: Counting objects:  21% (826/3931)        
2022-05-20T18:02:36.4404546Z remote: Counting objects:  22% (865/3931)        
2022-05-20T18:02:36.4405169Z remote: Counting objects:  23% (905/3931)        
2022-05-20T18:02:36.4405843Z remote: Counting objects:  24% (944/3931)        
2022-05-20T18:02:36.4406431Z remote: Counting objects:  25% (983/3931)        
2022-05-20T18:02:36.4407072Z remote: Counting objects:  26% (1023/3931)        
2022-05-20T18:02:36.4407728Z remote: Counting objects:  27% (1062/3931)        
2022-05-20T18:02:36.4408351Z remote: Counting objects:  28% (1101/3931)        
2022-05-20T18:02:36.4408956Z remote: Counting objects:  29% (1140/3931)        
2022-05-20T18:02:36.4410826Z remote: Counting objects:  30% (1180/3931)        
2022-05-20T18:02:36.4412450Z remote: Counting objects:  31% (1219/3931)        
2022-05-20T18:02:36.4414003Z remote: Counting objects:  32% (1258/3931)        
2022-05-20T18:02:36.4417553Z remote: Counting objects:  33% (1298/3931)        
2022-05-20T18:02:36.4418022Z remote: Counting objects:  34% (1337/3931)        
2022-05-20T18:02:36.4421368Z remote: Counting objects:  35% (1376/3931)        
2022-05-20T18:02:36.4421836Z remote: Counting objects:  36% (1416/3931)        
2022-05-20T18:02:36.4425252Z remote: Counting objects:  37% (1455/3931)        
2022-05-20T18:02:36.4426789Z remote: Counting objects:  38% (1494/3931)        
2022-05-20T18:02:36.4429094Z remote: Counting objects:  39% (1534/3931)        
2022-05-20T18:02:36.4429662Z remote: Counting objects:  40% (1573/3931)        
2022-05-20T18:02:36.4430231Z remote: Counting objects:  41% (1612/3931)        
2022-05-20T18:02:36.4430850Z remote: Counting objects:  42% (1652/3931)        
2022-05-20T18:02:36.4431872Z remote: Counting objects:  43% (1691/3931)        
2022-05-20T18:02:36.4477900Z remote: Counting objects:  44% (1730/3931)        
2022-05-20T18:02:36.4478212Z remote: Counting objects:  45% (1769/3931)        
2022-05-20T18:02:36.4478519Z remote: Counting objects:  46% (1809/3931)        
2022-05-20T18:02:36.4478825Z remote: Counting objects:  47% (1848/3931)        
2022-05-20T18:02:36.4479128Z remote: Counting objects:  48% (1887/3931)        
2022-05-20T18:02:36.4479415Z remote: Counting objects:  49% (1927/3931)        
2022-05-20T18:02:36.4479717Z remote: Counting objects:  50% (1966/3931)        
2022-05-20T18:02:36.4480201Z remote: Counting objects:  51% (2005/3931)        
2022-05-20T18:02:36.4480512Z remote: Counting objects:  52% (2045/3931)        
2022-05-20T18:02:36.4480813Z remote: Counting objects:  53% (2084/3931)        
2022-05-20T18:02:36.4481110Z remote: Counting objects:  54% (2123/3931)        
2022-05-20T18:02:36.4481392Z remote: Counting objects:  55% (2163/3931)        
2022-05-20T18:02:36.4481701Z remote: Counting objects:  56% (2202/3931)        
2022-05-20T18:02:36.4481999Z remote: Counting objects:  57% (2241/3931)        
2022-05-20T18:02:36.4482281Z remote: Counting objects:  58% (2280/3931)        
2022-05-20T18:02:36.4482727Z remote: Counting objects:  59% (2320/3931)        
2022-05-20T18:02:36.4483015Z remote: Counting objects:  60% (2359/3931)        
2022-05-20T18:02:36.4483302Z remote: Counting objects:  61% (2398/3931)        
2022-05-20T18:02:36.4483572Z remote: Counting objects:  62% (2438/3931)        
2022-05-20T18:02:36.4483862Z remote: Counting objects:  63% (2477/3931)        
2022-05-20T18:02:36.4484152Z remote: Counting objects:  64% (2516/3931)        
2022-05-20T18:02:36.4484424Z remote: Counting objects:  65% (2556/3931)        
2022-05-20T18:02:36.4484708Z remote: Counting objects:  66% (2595/3931)        
2022-05-20T18:02:36.4484994Z remote: Counting objects:  67% (2634/3931)        
2022-05-20T18:02:36.4485264Z remote: Counting objects:  68% (2674/3931)        
2022-05-20T18:02:36.4485555Z remote: Counting objects:  69% (2713/3931)        
2022-05-20T18:02:36.4485841Z remote: Counting objects:  70% (2752/3931)        
2022-05-20T18:02:36.4486127Z remote: Counting objects:  71% (2792/3931)        
2022-05-20T18:02:36.4486397Z remote: Counting objects:  72% (2831/3931)        
2022-05-20T18:02:36.4486683Z remote: Counting objects:  73% (2870/3931)        
2022-05-20T18:02:36.4486968Z remote: Counting objects:  74% (2909/3931)        
2022-05-20T18:02:36.4487239Z remote: Counting objects:  75% (2949/3931)        
2022-05-20T18:02:36.4487528Z remote: Counting objects:  76% (2988/3931)        
2022-05-20T18:02:36.4487812Z remote: Counting objects:  77% (3027/3931)        
2022-05-20T18:02:36.4488084Z remote: Counting objects:  78% (3067/3931)        
2022-05-20T18:02:36.4488369Z remote: Counting objects:  79% (3106/3931)        
2022-05-20T18:02:36.4488657Z remote: Counting objects:  80% (3145/3931)        
2022-05-20T18:02:36.4488944Z remote: Counting objects:  81% (3185/3931)        
2022-05-20T18:02:36.4489332Z remote: Counting objects:  82% (3224/3931)        
2022-05-20T18:02:36.4489617Z remote: Counting objects:  83% (3263/3931)        
2022-05-20T18:02:36.4489903Z remote: Counting objects:  84% (3303/3931)        
2022-05-20T18:02:36.4490173Z remote: Counting objects:  85% (3342/3931)        
2022-05-20T18:02:36.4490457Z remote: Counting objects:  86% (3381/3931)        
2022-05-20T18:02:36.4490743Z remote: Counting objects:  87% (3420/3931)        
2022-05-20T18:02:36.4491012Z remote: Counting objects:  88% (3460/3931)        
2022-05-20T18:02:36.4491300Z remote: Counting objects:  89% (3499/3931)        
2022-05-20T18:02:36.4491587Z remote: Counting objects:  90% (3538/3931)        
2022-05-20T18:02:36.4491858Z remote: Counting objects:  91% (3578/3931)        
2022-05-20T18:02:36.4492371Z remote: Counting objects:  92% (3617/3931)        
2022-05-20T18:02:36.4492671Z remote: Counting objects:  93% (3656/3931)        
2022-05-20T18:02:36.4709441Z remote: Counting objects:  94% (3696/3931)        
2022-05-20T18:02:36.4713124Z remote: Counting objects:  95% (3735/3931)        
2022-05-20T18:02:36.4714240Z remote: Counting objects:  96% (3774/3931)        
2022-05-20T18:02:36.4714715Z remote: Counting objects:  97% (3814/3931)        
2022-05-20T18:02:36.4715383Z remote: Counting objects:  98% (3853/3931)        
2022-05-20T18:02:36.4715967Z remote: Counting objects:  99% (3892/3931)        
2022-05-20T18:02:36.4716913Z remote: Counting objects: 100% (3931/3931)        
2022-05-20T18:02:36.4717457Z remote: Counting objects: 100% (3931/3931), done.        
2022-05-20T18:02:36.4718512Z remote: Compressing objects:   0% (1/2970)        
2022-05-20T18:02:36.4719076Z remote: Compressing objects:   1% (30/2970)        
2022-05-20T18:02:36.4720151Z remote: Compressing objects:   2% (60/2970)        
2022-05-20T18:02:36.4720620Z remote: Compressing objects:   3% (90/2970)        
2022-05-20T18:02:36.4721591Z remote: Compressing objects:   4% (119/2970)        
2022-05-20T18:02:36.4722542Z remote: Compressing objects:   5% (149/2970)        
2022-05-20T18:02:36.4723263Z remote: Compressing objects:   6% (179/2970)        
2022-05-20T18:02:36.4724208Z remote: Compressing objects:   7% (208/2970)        
2022-05-20T18:02:36.4725406Z remote: Compressing objects:   8% (238/2970)        
2022-05-20T18:02:36.4764937Z remote: Compressing objects:   9% (268/2970)        
2022-05-20T18:02:36.4765672Z remote: Compressing objects:  10% (297/2970)        
2022-05-20T18:02:36.4803731Z remote: Compressing objects:  11% (327/2970)        
2022-05-20T18:02:36.4812922Z remote: Compressing objects:  12% (357/2970)        
2022-05-20T18:02:36.4871531Z remote: Compressing objects:  13% (387/2970)        
2022-05-20T18:02:36.4967926Z remote: Compressing objects:  14% (416/2970)        
2022-05-20T18:02:36.5040418Z remote: Compressing objects:  15% (446/2970)        
2022-05-20T18:02:36.5169457Z remote: Compressing objects:  16% (476/2970)        
2022-05-20T18:02:36.5279737Z remote: Compressing objects:  17% (505/2970)        
2022-05-20T18:02:36.5374176Z remote: Compressing objects:  18% (535/2970)        
2022-05-20T18:02:36.5488002Z remote: Compressing objects:  19% (565/2970)        
2022-05-20T18:02:36.5651632Z remote: Compressing objects:  20% (594/2970)        
2022-05-20T18:02:36.5652158Z remote: Compressing objects:  21% (624/2970)        
2022-05-20T18:02:36.5903511Z remote: Compressing objects:  22% (654/2970)        
2022-05-20T18:02:36.5934682Z remote: Compressing objects:  23% (684/2970)        
2022-05-20T18:02:36.5971142Z remote: Compressing objects:  24% (713/2970)        
2022-05-20T18:02:36.6126891Z remote: Compressing objects:  25% (743/2970)        
2022-05-20T18:02:36.6261359Z remote: Compressing objects:  26% (773/2970)        
2022-05-20T18:02:36.6402187Z remote: Compressing objects:  27% (802/2970)        
2022-05-20T18:02:36.6572204Z remote: Compressing objects:  28% (832/2970)        
2022-05-20T18:02:36.6758446Z remote: Compressing objects:  29% (862/2970)        
2022-05-20T18:02:36.6800089Z remote: Compressing objects:  30% (891/2970)        
2022-05-20T18:02:36.6915833Z remote: Compressing objects:  31% (921/2970)        
2022-05-20T18:02:36.6974978Z remote: Compressing objects:  32% (951/2970)        
2022-05-20T18:02:36.7045422Z remote: Compressing objects:  33% (981/2970)        
2022-05-20T18:02:36.7146275Z remote: Compressing objects:  34% (1010/2970)        
2022-05-20T18:02:36.7179019Z remote: Compressing objects:  35% (1040/2970)        
2022-05-20T18:02:36.7320698Z remote: Compressing objects:  36% (1070/2970)        
2022-05-20T18:02:36.7439713Z remote: Compressing objects:  37% (1099/2970)        
2022-05-20T18:02:36.7471833Z remote: Compressing objects:  38% (1129/2970)        
2022-05-20T18:02:36.7638744Z remote: Compressing objects:  39% (1159/2970)        
2022-05-20T18:02:36.7706105Z remote: Compressing objects:  40% (1188/2970)        
2022-05-20T18:02:36.7802163Z remote: Compressing objects:  41% (1218/2970)        
2022-05-20T18:02:36.7813201Z remote: Compressing objects:  42% (1248/2970)        
2022-05-20T18:02:36.7836415Z remote: Compressing objects:  43% (1278/2970)        
2022-05-20T18:02:36.7936579Z remote: Compressing objects:  44% (1307/2970)        
2022-05-20T18:02:36.8115401Z remote: Compressing objects:  45% (1337/2970)        
2022-05-20T18:02:36.8192293Z remote: Compressing objects:  46% (1367/2970)        
2022-05-20T18:02:36.8365089Z remote: Compressing objects:  47% (1396/2970)        
2022-05-20T18:02:36.8510316Z remote: Compressing objects:  48% (1426/2970)        
2022-05-20T18:02:36.8610675Z remote: Compressing objects:  49% (1456/2970)        
2022-05-20T18:02:36.8691151Z remote: Compressing objects:  50% (1485/2970)        
2022-05-20T18:02:36.8691761Z remote: Compressing objects:  51% (1515/2970)        
2022-05-20T18:02:36.8877201Z remote: Compressing objects:  52% (1545/2970)        
2022-05-20T18:02:36.8877912Z remote: Compressing objects:  53% (1575/2970)        
2022-05-20T18:02:36.8905501Z remote: Compressing objects:  54% (1604/2970)        
2022-05-20T18:02:36.8905883Z remote: Compressing objects:  55% (1634/2970)        
2022-05-20T18:02:36.8906200Z remote: Compressing objects:  56% (1664/2970)        
2022-05-20T18:02:36.8906536Z remote: Compressing objects:  57% (1693/2970)        
2022-05-20T18:02:36.8906863Z remote: Compressing objects:  58% (1723/2970)        
2022-05-20T18:02:36.8907171Z remote: Compressing objects:  59% (1753/2970)        
2022-05-20T18:02:36.8907502Z remote: Compressing objects:  60% (1782/2970)        
2022-05-20T18:02:36.8907830Z remote: Compressing objects:  61% (1812/2970)        
2022-05-20T18:02:36.8908150Z remote: Compressing objects:  62% (1842/2970)        
2022-05-20T18:02:36.8908622Z remote: Compressing objects:  63% (1872/2970)        
2022-05-20T18:02:36.8908925Z remote: Compressing objects:  64% (1901/2970)        
2022-05-20T18:02:36.8909230Z remote: Compressing objects:  65% (1931/2970)        
2022-05-20T18:02:36.8909516Z remote: Compressing objects:  66% (1961/2970)        
2022-05-20T18:02:36.8909830Z remote: Compressing objects:  67% (1990/2970)        
2022-05-20T18:02:36.8916635Z remote: Compressing objects:  68% (2020/2970)        
2022-05-20T18:02:36.8917024Z remote: Compressing objects:  69% (2050/2970)        
2022-05-20T18:02:36.8917345Z remote: Compressing objects:  70% (2079/2970)        
2022-05-20T18:02:36.8917664Z remote: Compressing objects:  71% (2109/2970)        
2022-05-20T18:02:36.8917961Z remote: Compressing objects:  72% (2139/2970)        
2022-05-20T18:02:36.8918268Z remote: Compressing objects:  73% (2169/2970)        
2022-05-20T18:02:36.8918594Z remote: Compressing objects:  74% (2198/2970)        
2022-05-20T18:02:36.8918912Z remote: Compressing objects:  75% (2228/2970)        
2022-05-20T18:02:36.8919205Z remote: Compressing objects:  76% (2258/2970)        
2022-05-20T18:02:36.8919520Z remote: Compressing objects:  77% (2287/2970)        
2022-05-20T18:02:36.8919836Z remote: Compressing objects:  78% (2317/2970)        
2022-05-20T18:02:36.8967366Z remote: Compressing objects:  79% (2347/2970)        
2022-05-20T18:02:36.8968076Z remote: Compressing objects:  80% (2376/2970)        
2022-05-20T18:02:36.8969308Z remote: Compressing objects:  81% (2406/2970)        
2022-05-20T18:02:36.8970351Z remote: Compressing objects:  82% (2436/2970)        
2022-05-20T18:02:36.8970656Z remote: Compressing objects:  83% (2466/2970)        
2022-05-20T18:02:36.8974402Z remote: Compressing objects:  84% (2495/2970)        
2022-05-20T18:02:36.8975092Z remote: Compressing objects:  85% (2525/2970)        
2022-05-20T18:02:36.8982011Z remote: Compressing objects:  86% (2555/2970)        
2022-05-20T18:02:36.8991796Z remote: Compressing objects:  87% (2584/2970)        
2022-05-20T18:02:36.8992321Z remote: Compressing objects:  88% (2614/2970)        
2022-05-20T18:02:36.8992657Z remote: Compressing objects:  89% (2644/2970)        
2022-05-20T18:02:36.8994524Z remote: Compressing objects:  90% (2673/2970)        
2022-05-20T18:02:36.8995683Z remote: Compressing objects:  91% (2703/2970)        
2022-05-20T18:02:36.8996199Z remote: Compressing objects:  92% (2733/2970)        
2022-05-20T18:02:36.8996945Z remote: Compressing objects:  93% (2763/2970)        
2022-05-20T18:02:36.8998252Z remote: Compressing objects:  94% (2792/2970)        
2022-05-20T18:02:36.9000911Z remote: Compressing objects:  95% (2822/2970)        
2022-05-20T18:02:36.9001380Z remote: Compressing objects:  96% (2852/2970)        
2022-05-20T18:02:36.9002100Z remote: Compressing objects:  97% (2881/2970)        
2022-05-20T18:02:36.9002841Z remote: Compressing objects:  98% (2911/2970)        
2022-05-20T18:02:36.9003832Z remote: Compressing objects:  99% (2941/2970)        
2022-05-20T18:02:36.9004330Z remote: Compressing objects: 100% (2970/2970)        
2022-05-20T18:02:36.9005092Z remote: Compressing objects: 100% (2970/2970), done.        
2022-05-20T18:02:36.9317722Z Receiving objects:   0% (1/3931)
2022-05-20T18:02:37.0494884Z Receiving objects:   1% (40/3931)
2022-05-20T18:02:37.0537193Z Receiving objects:   2% (79/3931)
2022-05-20T18:02:37.0558995Z Receiving objects:   3% (118/3931)
2022-05-20T18:02:37.0578942Z Receiving objects:   4% (158/3931)
2022-05-20T18:02:37.0599907Z Receiving objects:   5% (197/3931)
2022-05-20T18:02:37.0647054Z Receiving objects:   6% (236/3931)
2022-05-20T18:02:37.0663850Z Receiving objects:   7% (276/3931)
2022-05-20T18:02:37.0682920Z Receiving objects:   8% (315/3931)
2022-05-20T18:02:37.0712397Z Receiving objects:   9% (354/3931)
2022-05-20T18:02:37.0734913Z Receiving objects:  10% (394/3931)
2022-05-20T18:02:37.0755982Z Receiving objects:  11% (433/3931)
2022-05-20T18:02:37.0756748Z Receiving objects:  12% (472/3931)
2022-05-20T18:02:37.0792443Z Receiving objects:  13% (512/3931)
2022-05-20T18:02:37.0870071Z Receiving objects:  14% (551/3931)
2022-05-20T18:02:37.0904978Z Receiving objects:  15% (590/3931)
2022-05-20T18:02:37.0965840Z Receiving objects:  16% (629/3931)
2022-05-20T18:02:37.0973917Z Receiving objects:  17% (669/3931)
2022-05-20T18:02:37.0979791Z Receiving objects:  18% (708/3931)
2022-05-20T18:02:37.0985705Z Receiving objects:  19% (747/3931)
2022-05-20T18:02:37.0992807Z Receiving objects:  20% (787/3931)
2022-05-20T18:02:37.0998315Z Receiving objects:  21% (826/3931)
2022-05-20T18:02:37.1005641Z Receiving objects:  22% (865/3931)
2022-05-20T18:02:37.1012361Z Receiving objects:  23% (905/3931)
2022-05-20T18:02:37.1017653Z Receiving objects:  24% (944/3931)
2022-05-20T18:02:37.1024724Z Receiving objects:  25% (983/3931)
2022-05-20T18:02:37.1034990Z Receiving objects:  26% (1023/3931)
2022-05-20T18:02:37.1042556Z Receiving objects:  27% (1062/3931)
2022-05-20T18:02:37.1056907Z Receiving objects:  28% (1101/3931)
2022-05-20T18:02:37.1088636Z Receiving objects:  29% (1140/3931)
2022-05-20T18:02:37.1113093Z Receiving objects:  30% (1180/3931)
2022-05-20T18:02:37.1152628Z Receiving objects:  31% (1219/3931)
2022-05-20T18:02:37.1158147Z Receiving objects:  32% (1258/3931)
2022-05-20T18:02:37.1181251Z Receiving objects:  33% (1298/3931)
2022-05-20T18:02:37.1228509Z Receiving objects:  34% (1337/3931)
2022-05-20T18:02:37.1240769Z Receiving objects:  35% (1376/3931)
2022-05-20T18:02:37.1247371Z Receiving objects:  36% (1416/3931)
2022-05-20T18:02:37.1253576Z Receiving objects:  37% (1455/3931)
2022-05-20T18:02:37.1258602Z Receiving objects:  38% (1494/3931)
2022-05-20T18:02:37.1265326Z Receiving objects:  39% (1534/3931)
2022-05-20T18:02:37.1270488Z Receiving objects:  40% (1573/3931)
2022-05-20T18:02:37.1281469Z Receiving objects:  41% (1612/3931)
2022-05-20T18:02:37.1304655Z Receiving objects:  42% (1652/3931)
2022-05-20T18:02:37.1354877Z Receiving objects:  43% (1691/3931)
2022-05-20T18:02:37.1362431Z Receiving objects:  44% (1730/3931)
2022-05-20T18:02:37.1388982Z Receiving objects:  45% (1769/3931)
2022-05-20T18:02:37.1413264Z Receiving objects:  46% (1809/3931)
2022-05-20T18:02:37.1463364Z Receiving objects:  47% (1848/3931)
2022-05-20T18:02:37.1484059Z Receiving objects:  48% (1887/3931)
2022-05-20T18:02:37.1534700Z Receiving objects:  49% (1927/3931)
2022-05-20T18:02:37.1607641Z Receiving objects:  50% (1966/3931)
2022-05-20T18:02:37.1645521Z Receiving objects:  51% (2005/3931)
2022-05-20T18:02:37.1682968Z Receiving objects:  52% (2045/3931)
2022-05-20T18:02:37.1705867Z Receiving objects:  53% (2084/3931)
2022-05-20T18:02:37.1721328Z Receiving objects:  54% (2123/3931)
2022-05-20T18:02:37.1749998Z Receiving objects:  55% (2163/3931)
2022-05-20T18:02:37.1767522Z Receiving objects:  56% (2202/3931)
2022-05-20T18:02:37.1792200Z Receiving objects:  57% (2241/3931)
2022-05-20T18:02:37.1810936Z Receiving objects:  58% (2280/3931)
2022-05-20T18:02:37.1928193Z Receiving objects:  59% (2320/3931)
2022-05-20T18:02:37.1962712Z Receiving objects:  60% (2359/3931)
2022-05-20T18:02:37.2153884Z Receiving objects:  61% (2398/3931)
2022-05-20T18:02:37.2192301Z Receiving objects:  62% (2438/3931)
2022-05-20T18:02:37.2193204Z Receiving objects:  63% (2477/3931)
2022-05-20T18:02:37.2197601Z Receiving objects:  64% (2516/3931)
2022-05-20T18:02:37.2198135Z Receiving objects:  65% (2556/3931)
2022-05-20T18:02:37.2198725Z Receiving objects:  66% (2595/3931)
2022-05-20T18:02:37.2201553Z Receiving objects:  67% (2634/3931)
2022-05-20T18:02:37.2202015Z Receiving objects:  68% (2674/3931)
2022-05-20T18:02:37.2202489Z Receiving objects:  69% (2713/3931)
2022-05-20T18:02:37.2202929Z Receiving objects:  70% (2752/3931)
2022-05-20T18:02:37.2203666Z Receiving objects:  71% (2792/3931)
2022-05-20T18:02:37.2204221Z Receiving objects:  72% (2831/3931)
2022-05-20T18:02:37.2204841Z Receiving objects:  73% (2870/3931)
2022-05-20T18:02:37.2207293Z Receiving objects:  74% (2909/3931)
2022-05-20T18:02:37.2207781Z Receiving objects:  75% (2949/3931)
2022-05-20T18:02:37.2209181Z Receiving objects:  76% (2988/3931)
2022-05-20T18:02:37.2210094Z Receiving objects:  77% (3027/3931)
2022-05-20T18:02:37.2210818Z Receiving objects:  78% (3067/3931)
2022-05-20T18:02:37.2211578Z Receiving objects:  79% (3106/3931)
2022-05-20T18:02:37.2212333Z Receiving objects:  80% (3145/3931)
2022-05-20T18:02:37.2213546Z Receiving objects:  81% (3185/3931)
2022-05-20T18:02:37.2214116Z Receiving objects:  82% (3224/3931)
2022-05-20T18:02:37.2214869Z Receiving objects:  83% (3263/3931)
2022-05-20T18:02:37.2215191Z Receiving objects:  84% (3303/3931)
2022-05-20T18:02:37.2215742Z Receiving objects:  85% (3342/3931)
2022-05-20T18:02:37.2216010Z Receiving objects:  86% (3381/3931)
2022-05-20T18:02:37.2237128Z Receiving objects:  87% (3420/3931)
2022-05-20T18:02:37.2280581Z Receiving objects:  88% (3460/3931)
2022-05-20T18:02:37.2292813Z Receiving objects:  89% (3499/3931)
2022-05-20T18:02:37.2316842Z Receiving objects:  90% (3538/3931)
2022-05-20T18:02:37.2332399Z Receiving objects:  91% (3578/3931)
2022-05-20T18:02:37.2373334Z Receiving objects:  92% (3617/3931)
2022-05-20T18:02:37.2410458Z Receiving objects:  93% (3656/3931)
2022-05-20T18:02:37.2422320Z Receiving objects:  94% (3696/3931)
2022-05-20T18:02:37.2435948Z Receiving objects:  95% (3735/3931)
2022-05-20T18:02:37.2451008Z Receiving objects:  96% (3774/3931)
2022-05-20T18:02:37.2484229Z Receiving objects:  97% (3814/3931)
2022-05-20T18:02:37.2523214Z Receiving objects:  98% (3853/3931)
2022-05-20T18:02:37.2982987Z Receiving objects:  99% (3892/3931)
2022-05-20T18:02:37.2984154Z remote: Total 3931 (delta 307), reused 2628 (delta 222), pack-reused 0        
2022-05-20T18:02:37.2995337Z Receiving objects: 100% (3931/3931)
2022-05-20T18:02:37.2995946Z Receiving objects: 100% (3931/3931), 5.58 MiB | 14.65 MiB/s, done.
2022-05-20T18:02:37.3000814Z Resolving deltas:   0% (0/307)
2022-05-20T18:02:37.3004219Z Resolving deltas:   1% (4/307)
2022-05-20T18:02:37.3004745Z Resolving deltas:   2% (7/307)
2022-05-20T18:02:37.3008780Z Resolving deltas:   3% (10/307)
2022-05-20T18:02:37.3009270Z Resolving deltas:   4% (13/307)
2022-05-20T18:02:37.3012934Z Resolving deltas:   5% (16/307)
2022-05-20T18:02:37.3013387Z Resolving deltas:   6% (19/307)
2022-05-20T18:02:37.3019952Z Resolving deltas:   7% (22/307)
2022-05-20T18:02:37.3028814Z Resolving deltas:   8% (25/307)
2022-05-20T18:02:37.3036692Z Resolving deltas:   9% (28/307)
2022-05-20T18:02:37.3041952Z Resolving deltas:  10% (31/307)
2022-05-20T18:02:37.3042622Z Resolving deltas:  11% (34/307)
2022-05-20T18:02:37.3046546Z Resolving deltas:  12% (37/307)
2022-05-20T18:02:37.3047003Z Resolving deltas:  13% (40/307)
2022-05-20T18:02:37.3066047Z Resolving deltas:  14% (43/307)
2022-05-20T18:02:37.3066579Z Resolving deltas:  15% (47/307)
2022-05-20T18:02:37.3067034Z Resolving deltas:  16% (50/307)
2022-05-20T18:02:37.3067492Z Resolving deltas:  17% (53/307)
2022-05-20T18:02:37.3074556Z Resolving deltas:  18% (56/307)
2022-05-20T18:02:37.3075074Z Resolving deltas:  19% (59/307)
2022-05-20T18:02:37.3082152Z Resolving deltas:  20% (62/307)
2022-05-20T18:02:37.3082739Z Resolving deltas:  21% (65/307)
2022-05-20T18:02:37.3083165Z Resolving deltas:  22% (68/307)
2022-05-20T18:02:37.3091619Z Resolving deltas:  23% (71/307)
2022-05-20T18:02:37.3098534Z Resolving deltas:  24% (74/307)
2022-05-20T18:02:37.3107171Z Resolving deltas:  25% (77/307)
2022-05-20T18:02:37.3107662Z Resolving deltas:  26% (80/307)
2022-05-20T18:02:37.3107921Z Resolving deltas:  27% (83/307)
2022-05-20T18:02:37.3108179Z Resolving deltas:  28% (86/307)
2022-05-20T18:02:37.3109208Z Resolving deltas:  29% (90/307)
2022-05-20T18:02:37.3109464Z Resolving deltas:  30% (93/307)
2022-05-20T18:02:37.3109698Z Resolving deltas:  31% (96/307)
2022-05-20T18:02:37.3109946Z Resolving deltas:  32% (99/307)
2022-05-20T18:02:37.3110208Z Resolving deltas:  33% (102/307)
2022-05-20T18:02:37.3116415Z Resolving deltas:  34% (105/307)
2022-05-20T18:02:37.3116867Z Resolving deltas:  35% (108/307)
2022-05-20T18:02:37.3117127Z Resolving deltas:  36% (111/307)
2022-05-20T18:02:37.3121600Z Resolving deltas:  37% (114/307)
2022-05-20T18:02:37.3125804Z Resolving deltas:  38% (117/307)
2022-05-20T18:02:37.3126501Z Resolving deltas:  39% (120/307)
2022-05-20T18:02:37.3127002Z Resolving deltas:  40% (123/307)
2022-05-20T18:02:37.3127278Z Resolving deltas:  41% (126/307)
2022-05-20T18:02:37.3130281Z Resolving deltas:  42% (129/307)
2022-05-20T18:02:37.3133924Z Resolving deltas:  43% (133/307)
2022-05-20T18:02:37.3134420Z Resolving deltas:  44% (136/307)
2022-05-20T18:02:37.3138100Z Resolving deltas:  45% (139/307)
2022-05-20T18:02:37.3138389Z Resolving deltas:  46% (142/307)
2022-05-20T18:02:37.3138816Z Resolving deltas:  47% (145/307)
2022-05-20T18:02:37.3139177Z Resolving deltas:  48% (148/307)
2022-05-20T18:02:37.3144177Z Resolving deltas:  49% (151/307)
2022-05-20T18:02:37.3144476Z Resolving deltas:  50% (154/307)
2022-05-20T18:02:37.3144745Z Resolving deltas:  51% (157/307)
2022-05-20T18:02:37.3148307Z Resolving deltas:  52% (160/307)
2022-05-20T18:02:37.3148916Z Resolving deltas:  53% (163/307)
2022-05-20T18:02:37.3153873Z Resolving deltas:  54% (166/307)
2022-05-20T18:02:37.3154509Z Resolving deltas:  55% (169/307)
2022-05-20T18:02:37.3154992Z Resolving deltas:  56% (172/307)
2022-05-20T18:02:37.3162309Z Resolving deltas:  57% (175/307)
2022-05-20T18:02:37.3173647Z Resolving deltas:  58% (179/307)
2022-05-20T18:02:37.3178308Z Resolving deltas:  59% (182/307)
2022-05-20T18:02:37.3179154Z Resolving deltas:  60% (185/307)
2022-05-20T18:02:37.3179694Z Resolving deltas:  61% (188/307)
2022-05-20T18:02:37.3183323Z Resolving deltas:  62% (191/307)
2022-05-20T18:02:37.3187365Z Resolving deltas:  63% (194/307)
2022-05-20T18:02:37.3187942Z Resolving deltas:  64% (197/307)
2022-05-20T18:02:37.3188542Z Resolving deltas:  65% (200/307)
2022-05-20T18:02:37.3188997Z Resolving deltas:  66% (203/307)
2022-05-20T18:02:37.3189263Z Resolving deltas:  67% (206/307)
2022-05-20T18:02:37.3189665Z Resolving deltas:  68% (209/307)
2022-05-20T18:02:37.3189918Z Resolving deltas:  69% (212/307)
2022-05-20T18:02:37.3191629Z Resolving deltas:  70% (215/307)
2022-05-20T18:02:37.3199850Z Resolving deltas:  71% (218/307)
2022-05-20T18:02:37.3203702Z Resolving deltas:  72% (222/307)
2022-05-20T18:02:37.3209563Z Resolving deltas:  73% (225/307)
2022-05-20T18:02:37.3214262Z Resolving deltas:  74% (228/307)
2022-05-20T18:02:37.3216265Z Resolving deltas:  75% (231/307)
2022-05-20T18:02:37.3218023Z Resolving deltas:  76% (234/307)
2022-05-20T18:02:37.3243651Z Resolving deltas:  77% (237/307)
2022-05-20T18:02:37.3248901Z Resolving deltas:  78% (240/307)
2022-05-20T18:02:37.3252082Z Resolving deltas:  79% (243/307)
2022-05-20T18:02:37.3274622Z Resolving deltas:  80% (246/307)
2022-05-20T18:02:37.3276254Z Resolving deltas:  81% (249/307)
2022-05-20T18:02:37.3276555Z Resolving deltas:  82% (252/307)
2022-05-20T18:02:37.3276837Z Resolving deltas:  83% (255/307)
2022-05-20T18:02:37.3283857Z Resolving deltas:  84% (258/307)
2022-05-20T18:02:37.3285536Z Resolving deltas:  85% (261/307)
2022-05-20T18:02:37.3287320Z Resolving deltas:  86% (265/307)
2022-05-20T18:02:37.3289002Z Resolving deltas:  87% (268/307)
2022-05-20T18:02:37.3290542Z Resolving deltas:  88% (271/307)
2022-05-20T18:02:37.3292080Z Resolving deltas:  89% (274/307)
2022-05-20T18:02:37.3293626Z Resolving deltas:  90% (277/307)
2022-05-20T18:02:37.3296246Z Resolving deltas:  91% (280/307)
2022-05-20T18:02:37.3305964Z Resolving deltas:  92% (283/307)
2022-05-20T18:02:37.3309795Z Resolving deltas:  93% (286/307)
2022-05-20T18:02:37.3311725Z Resolving deltas:  94% (289/307)
2022-05-20T18:02:37.3313333Z Resolving deltas:  95% (292/307)
2022-05-20T18:02:37.3314981Z Resolving deltas:  96% (295/307)
2022-05-20T18:02:37.3317808Z Resolving deltas:  97% (298/307)
2022-05-20T18:02:37.3319403Z Resolving deltas:  98% (301/307)
2022-05-20T18:02:37.3320944Z Resolving deltas:  99% (304/307)
2022-05-20T18:02:37.3322481Z Resolving deltas: 100% (307/307)
2022-05-20T18:02:37.3324037Z Resolving deltas: 100% (307/307), done.
2022-05-20T18:02:37.4387798Z From https://github.com/hashicorp/terraform
2022-05-20T18:02:37.4388869Z  * [new ref]         93ebf0835e77a351ea2e280e61d9c1fc79b7a20d -> pull/31097/merge
2022-05-20T18:02:37.4435114Z ##[endgroup]
2022-05-20T18:02:37.4436239Z ##[group]Determining the checkout info
2022-05-20T18:02:37.4437617Z ##[endgroup]
2022-05-20T18:02:37.4438281Z ##[group]Checking out the ref
2022-05-20T18:02:37.4439124Z [command]/usr/bin/git checkout --progress --force refs/remotes/pull/31097/merge
2022-05-20T18:02:37.6866037Z Note: switching to 'refs/remotes/pull/31097/merge'.
2022-05-20T18:02:37.6866701Z 
2022-05-20T18:02:37.6868223Z You are in 'detached HEAD' state. You can look around, make experimental
2022-05-20T18:02:37.6869015Z changes and commit them, and you can discard any commits you make in this
2022-05-20T18:02:37.6869861Z state without impacting any branches by switching back to a branch.
2022-05-20T18:02:37.6870114Z 
2022-05-20T18:02:37.6870316Z If you want to create a new branch to retain commits you create, you may
2022-05-20T18:02:37.6870959Z do so (now or later) by using -c with the switch command. Example:
2022-05-20T18:02:37.6871428Z 
2022-05-20T18:02:37.6871663Z   git switch -c <new-branch-name>
2022-05-20T18:02:37.6871854Z 
2022-05-20T18:02:37.6871964Z Or undo this operation with:
2022-05-20T18:02:37.6872136Z 
2022-05-20T18:02:37.6872236Z   git switch -
2022-05-20T18:02:37.6872381Z 
2022-05-20T18:02:37.6872592Z Turn off this advice by setting config variable advice.detachedHead to false
2022-05-20T18:02:37.6873110Z 
2022-05-20T18:02:37.6873371Z HEAD is now at 93ebf08 Merge 99948bdc47c43c7c80c92283c489ef47ddf5e6ca into be7f46a1ad9120ac1e2f0da090815cf7ad7c3332
2022-05-20T18:02:37.6895859Z ##[endgroup]
2022-05-20T18:02:37.6985706Z [command]/usr/bin/git log -1 --format='%H'
2022-05-20T18:02:37.7021608Z '93ebf0835e77a351ea2e280e61d9c1fc79b7a20d'
2022-05-20T18:02:37.7535570Z Prepare all required actions
2022-05-20T18:02:37.7571111Z ##[group]Run ./.github/actions/go-version
2022-05-20T18:02:37.7571392Z ##[endgroup]
2022-05-20T18:02:37.7940763Z ##[group]Run echo "Building with Go $(cat .go-version)"
2022-05-20T18:02:37.7941201Z [36;1mecho "Building with Go $(cat .go-version)"[0m
2022-05-20T18:02:37.7941558Z [36;1mecho "::set-output name=version::$(cat .go-version)"[0m
2022-05-20T18:02:37.8002467Z shell: /usr/bin/bash --noprofile --norc -e -o pipefail {0}
2022-05-20T18:02:37.8002773Z ##[endgroup]
2022-05-20T18:02:37.8218222Z Building with Go 1.18.1
2022-05-20T18:02:37.8428159Z ##[group]Run actions/setup-go@v2
2022-05-20T18:02:37.8428562Z with:
2022-05-20T18:02:37.8428786Z   go-version: 1.18.1
2022-05-20T18:02:37.8429036Z   check-latest: false
2022-05-20T18:02:37.8429258Z   stable: true
2022-05-20T18:02:37.8429677Z   token: ***
2022-05-20T18:02:37.8429903Z ##[endgroup]
2022-05-20T18:02:37.9062173Z Setup go stable version spec 1.18.1
2022-05-20T18:02:37.9087613Z Attempting to download 1.18.1...
2022-05-20T18:02:38.5113772Z matching 1.18.1...
2022-05-20T18:02:38.5178931Z Acquiring 1.18.1 from https://github.com/actions/go-versions/releases/download/1.18.1-2171178401/go-1.18.1-linux-x64.tar.gz
2022-05-20T18:02:39.9660288Z Extracting Go...
2022-05-20T18:02:39.9807579Z [command]/usr/bin/tar xz --warning=no-unknown-keyword -C /home/runner/work/_temp/ff3f01ab-4e80-4fc5-b617-231d7556f434 -f /home/runner/work/_temp/995b0857-76c6-4aa2-83e1-5a54cbb0270d
2022-05-20T18:02:43.8919841Z Successfully extracted go to /home/runner/work/_temp/ff3f01ab-4e80-4fc5-b617-231d7556f434
2022-05-20T18:02:43.8920771Z Adding to the cache ...
2022-05-20T18:02:56.2879898Z Successfully cached go to /opt/hostedtoolcache/go/1.18.1/x64
2022-05-20T18:02:56.2884910Z Added go to the path
2022-05-20T18:02:56.3036607Z Successfully setup go version 1.18.1
2022-05-20T18:02:56.3172937Z go version go1.18.1 linux/amd64
2022-05-20T18:02:56.3173178Z 
2022-05-20T18:02:56.3173616Z ##[group]go env
2022-05-20T18:02:57.3994550Z GO111MODULE=""
2022-05-20T18:02:57.3995234Z GOARCH="amd64"
2022-05-20T18:02:57.3996194Z GOBIN=""
2022-05-20T18:02:57.3997079Z GOCACHE="/home/runner/.cache/go-build"
2022-05-20T18:02:57.3998280Z GOENV="/home/runner/.config/go/env"
2022-05-20T18:02:57.3998819Z GOEXE=""
2022-05-20T18:02:57.3999262Z GOEXPERIMENT=""
2022-05-20T18:02:57.3999612Z GOFLAGS=""
2022-05-20T18:02:57.3999944Z GOHOSTARCH="amd64"
2022-05-20T18:02:57.4000274Z GOHOSTOS="linux"
2022-05-20T18:02:57.4000586Z GOINSECURE=""
2022-05-20T18:02:57.4001139Z GOMODCACHE="/home/runner/go/pkg/mod"
2022-05-20T18:02:57.4001884Z GONOPROXY=""
2022-05-20T18:02:57.4002347Z GONOSUMDB=""
2022-05-20T18:02:57.4002630Z GOOS="linux"
2022-05-20T18:02:57.4003184Z GOPATH="/home/runner/go"
2022-05-20T18:02:57.4003517Z GOPRIVATE=""
2022-05-20T18:02:57.4003941Z GOPROXY="https://proxy.golang.org,direct"
2022-05-20T18:02:57.4004394Z GOROOT="/opt/hostedtoolcache/go/1.18.1/x64"
2022-05-20T18:02:57.4004767Z GOSUMDB="sum.golang.org"
2022-05-20T18:02:57.4005110Z GOTMPDIR=""
2022-05-20T18:02:57.4005685Z GOTOOLDIR="/opt/hostedtoolcache/go/1.18.1/x64/pkg/tool/linux_amd64"
2022-05-20T18:02:57.4006070Z GOVCS=""
2022-05-20T18:02:57.4006359Z GOVERSION="go1.18.1"
2022-05-20T18:02:57.4006680Z GCCGO="gccgo"
2022-05-20T18:02:57.4006984Z GOAMD64="v1"
2022-05-20T18:02:57.4007282Z AR="ar"
2022-05-20T18:02:57.4007568Z CC="gcc"
2022-05-20T18:02:57.4007859Z CXX="g++"
2022-05-20T18:02:57.4008281Z CGO_ENABLED="1"
2022-05-20T18:02:57.4012967Z GOMOD="/home/runner/work/terraform/terraform/go.mod"
2022-05-20T18:02:57.4013421Z GOWORK=""
2022-05-20T18:02:57.4013891Z CGO_CFLAGS="-g -O2"
2022-05-20T18:02:57.4014718Z CGO_CPPFLAGS=""
2022-05-20T18:02:57.4015124Z CGO_CXXFLAGS="-g -O2"
2022-05-20T18:02:57.4015545Z CGO_FFLAGS="-g -O2"
2022-05-20T18:02:57.4015944Z CGO_LDFLAGS="-g -O2"
2022-05-20T18:02:57.4016357Z PKG_CONFIG="pkg-config"
2022-05-20T18:02:57.4017122Z GOGCCFLAGS="-fPIC -m64 -pthread -fmessage-length=0 -fdebug-prefix-map=/tmp/go-build305809670=/tmp/go-build -gno-record-gcc-switches"
2022-05-20T18:02:57.4017557Z 
2022-05-20T18:02:57.4019834Z ##[endgroup]
2022-05-20T18:02:59.0552414Z ##[group]Run actions/cache@v3
2022-05-20T18:02:59.0552720Z with:
2022-05-20T18:02:59.0552952Z   path: ~/go/pkg
2022-05-20T18:02:59.0553309Z   key: go-mod-9e4c6952fe63b8ab89993af48e92b894fc83e80dd3ade8422a799cc7d01c3ad0
2022-05-20T18:02:59.0553695Z   restore-keys: go-mod-

2022-05-20T18:02:59.0553967Z env:
2022-05-20T18:02:59.0554246Z   GOROOT: /opt/hostedtoolcache/go/1.18.1/x64
2022-05-20T18:02:59.0554513Z ##[endgroup]
2022-05-20T18:03:00.9010010Z Received 41943040 of 322704600 (13.0%), 39.8 MBs/sec
2022-05-20T18:03:01.9009770Z Received 171966464 of 322704600 (53.3%), 81.8 MBs/sec
2022-05-20T18:03:02.9021074Z Received 281018368 of 322704600 (87.1%), 89.2 MBs/sec
2022-05-20T18:03:03.5479083Z Received 322704600 of 322704600 (100.0%), 84.3 MBs/sec
2022-05-20T18:03:03.5487383Z Cache Size: ~308 MB (322704600 B)
2022-05-20T18:03:03.5552140Z [command]/usr/bin/tar --use-compress-program zstd -d -xf /home/runner/work/_temp/26bcacba-3ae6-4aef-8ed0-889f8acd05bf/cache.tzst -P -C /home/runner/work/terraform/terraform
2022-05-20T18:03:15.1922324Z Cache restored successfully
2022-05-20T18:03:15.8715048Z 
2022-05-20T18:03:15.8718159Z Cache restored from key: go-mod-9e4c6952fe63b8ab89993af48e92b894fc83e80dd3ade8422a799cc7d01c3ad0
2022-05-20T18:03:15.9264249Z ##[group]Run go test ./...
2022-05-20T18:03:15.9264607Z [36;1mgo test ./...[0m
2022-05-20T18:03:15.9339136Z shell: /usr/bin/bash -e {0}
2022-05-20T18:03:15.9339438Z env:
2022-05-20T18:03:15.9340562Z   GOROOT: /opt/hostedtoolcache/go/1.18.1/x64
2022-05-20T18:03:15.9340876Z ##[endgroup]
2022-05-20T18:03:16.1784339Z go: downloading github.com/go-test/deep v1.0.3
2022-05-20T18:03:16.1949149Z go: downloading github.com/hashicorp/consul/sdk v0.8.0
2022-05-20T18:03:16.3409882Z go: downloading github.com/apparentlymart/go-dump v0.0.0-20190214190832-042adf3cf4a0
2022-05-20T18:03:16.3425492Z go: downloading github.com/Netflix/go-expect v0.0.0-20211003183012-e1a7c020ce25
2022-05-20T18:03:16.3737839Z go: downloading github.com/golang/mock v1.6.0
2022-05-20T18:03:16.5502571Z go: downloading github.com/dylanmei/winrmtest v0.0.0-20210303004826-fbc9ae56efb6
2022-05-20T18:03:16.6073125Z go: downloading github.com/zclconf/go-cty-debug v0.0.0-20191215020915-b22d67c1ba0b
2022-05-20T18:03:16.6858733Z go: downloading github.com/kr/pty v1.1.5
2022-05-20T18:03:16.7192466Z go: downloading github.com/antchfx/xmlquery v1.3.5
2022-05-20T18:03:16.8800584Z go: downloading github.com/antchfx/xpath v1.1.10
2022-05-20T18:05:56.6738498Z ok  	github.com/hashicorp/terraform	0.084s
2022-05-20T18:05:58.8370950Z ok  	github.com/hashicorp/terraform/internal/addrs	0.049s
2022-05-20T18:05:58.8372044Z ok  	github.com/hashicorp/terraform/internal/backend	0.021s
2022-05-20T18:06:02.4278504Z ok  	github.com/hashicorp/terraform/internal/backend/init	0.055s
2022-05-20T18:06:02.4279063Z ok  	github.com/hashicorp/terraform/internal/backend/local	0.438s
2022-05-20T18:06:05.6005778Z ok  	github.com/hashicorp/terraform/internal/backend/remote	0.674s
2022-05-20T18:06:05.6010379Z ok  	github.com/hashicorp/terraform/internal/backend/remote-state/artifactory	0.029s
2022-05-20T18:06:06.5415493Z ok  	github.com/hashicorp/terraform/internal/backend/remote-state/azure	0.031s
2022-05-20T18:06:07.9613285Z ok  	github.com/hashicorp/terraform/internal/backend/remote-state/consul	0.028s
2022-05-20T18:06:08.4161529Z ok  	github.com/hashicorp/terraform/internal/backend/remote-state/cos	0.020s
2022-05-20T18:06:09.6101821Z ok  	github.com/hashicorp/terraform/internal/backend/remote-state/etcdv2	0.021s
2022-05-20T18:06:10.2634993Z ok  	github.com/hashicorp/terraform/internal/backend/remote-state/etcdv3	0.024s
2022-05-20T18:06:11.3387795Z ok  	github.com/hashicorp/terraform/internal/backend/remote-state/gcs	0.020s
2022-05-20T18:06:15.9501746Z ok  	github.com/hashicorp/terraform/internal/backend/remote-state/http	4.028s
2022-05-20T18:06:15.9504299Z ok  	github.com/hashicorp/terraform/internal/backend/remote-state/inmem	0.021s
2022-05-20T18:06:15.9506696Z ok  	github.com/hashicorp/terraform/internal/backend/remote-state/kubernetes	0.031s
2022-05-20T18:06:17.1089469Z ok  	github.com/hashicorp/terraform/internal/backend/remote-state/manta	0.022s
2022-05-20T18:06:17.8902178Z ok  	github.com/hashicorp/terraform/internal/backend/remote-state/oss	0.020s
2022-05-20T18:06:18.9158155Z ok  	github.com/hashicorp/terraform/internal/backend/remote-state/pg	0.032s
2022-05-20T18:06:20.1459038Z ok  	github.com/hashicorp/terraform/internal/backend/remote-state/s3	0.031s
2022-05-20T18:06:20.7924270Z ok  	github.com/hashicorp/terraform/internal/backend/remote-state/swift	0.029s
2022-05-20T18:06:23.7993834Z ok  	github.com/hashicorp/terraform/internal/builtin/providers/terraform	0.051s
2022-05-20T18:06:23.7994770Z ok  	github.com/hashicorp/terraform/internal/builtin/provisioners/file	0.026s
2022-05-20T18:06:23.7996249Z ok  	github.com/hashicorp/terraform/internal/builtin/provisioners/local-exec	0.076s
2022-05-20T18:06:25.1793352Z ok  	github.com/hashicorp/terraform/internal/builtin/provisioners/remote-exec	2.023s
2022-05-20T18:06:33.9159501Z ok  	github.com/hashicorp/terraform/internal/cloud	5.620s
2022-05-20T18:06:35.1817180Z ok  	github.com/hashicorp/terraform/internal/cloud/e2e	7.155s
2022-05-20T18:07:27.6853279Z ok  	github.com/hashicorp/terraform/internal/command	40.376s
2022-05-20T18:07:27.6857144Z ok  	github.com/hashicorp/terraform/internal/command/arguments	0.058s
2022-05-20T18:07:27.6860138Z ok  	github.com/hashicorp/terraform/internal/command/cliconfig	0.030s
2022-05-20T18:07:27.6863283Z ok  	github.com/hashicorp/terraform/internal/command/clistate	0.025s
2022-05-20T18:07:27.6866527Z ok  	github.com/hashicorp/terraform/internal/command/e2etest	18.830s
2022-05-20T18:07:27.6869572Z ok  	github.com/hashicorp/terraform/internal/command/format	0.072s
2022-05-20T18:07:27.6873327Z ok  	github.com/hashicorp/terraform/internal/command/jsonconfig	0.022s
2022-05-20T18:07:27.6876207Z ok  	github.com/hashicorp/terraform/internal/command/jsonplan	0.018s
2022-05-20T18:07:27.6879040Z ok  	github.com/hashicorp/terraform/internal/command/jsonprovider	0.024s
2022-05-20T18:07:27.6881966Z ok  	github.com/hashicorp/terraform/internal/command/jsonstate	0.045s
2022-05-20T18:07:27.6885097Z ok  	github.com/hashicorp/terraform/internal/command/views	3.177s
2022-05-20T18:07:27.6888198Z ok  	github.com/hashicorp/terraform/internal/command/views/json	0.057s
2022-05-20T18:07:27.6891615Z ok  	github.com/hashicorp/terraform/internal/command/webbrowser	0.008s
2022-05-20T18:07:27.6895061Z ok  	github.com/hashicorp/terraform/internal/command/workdir	0.003s
2022-05-20T18:07:27.6898279Z ok  	github.com/hashicorp/terraform/internal/communicator	1.037s
2022-05-20T18:07:27.6903176Z ok  	github.com/hashicorp/terraform/internal/communicator/remote	0.002s [no tests to run]
2022-05-20T18:07:27.6907395Z ok  	github.com/hashicorp/terraform/internal/communicator/shared	0.004s
2022-05-20T18:07:27.6912512Z ok  	github.com/hashicorp/terraform/internal/communicator/ssh	2.329s
2022-05-20T18:07:28.8207287Z ok  	github.com/hashicorp/terraform/internal/communicator/winrm	0.055s
2022-05-20T18:07:30.8123366Z ok  	github.com/hashicorp/terraform/internal/configs	0.173s
2022-05-20T18:07:30.8127005Z --- FAIL: TestLoaderLoadConfig_childProviderGrandchildCount (0.00s)
2022-05-20T18:07:30.8128144Z     --- FAIL: TestLoaderLoadConfig_childProviderGrandchildCount/okay (0.00s)
2022-05-20T18:07:30.8140913Z         loader_load_test.go:142: wrong number of diagnostics 1; want 0
2022-05-20T18:07:30.8231689Z         loader_load_test.go:142: - testdata/child-provider-grandchild-count/child/child-provider-grandchild-count-child.tf:5,1-20: Module not installed; This module's local cache directory testdata/child-provider-grandchild-count/grandchild could not be read. Run "terraform init" to install all modules required by this configuration.
2022-05-20T18:07:30.8233523Z         loader_load_test.go:159: wrong module paths
2022-05-20T18:07:30.8233970Z             got: ([]string) (len=2 cap=2) {
2022-05-20T18:07:30.8234318Z              (string) "",
2022-05-20T18:07:30.8234697Z              (string) (len=5) "child"
2022-05-20T18:07:30.8234985Z             }
2022-05-20T18:07:30.8235585Z             want ([]string) (len=3 cap=3) {
2022-05-20T18:07:30.8235908Z              (string) "",
2022-05-20T18:07:30.8236279Z              (string) (len=5) "child",
2022-05-20T18:07:30.8236734Z              (string) (len=16) "child.grandchild"
2022-05-20T18:07:30.8237023Z             }
2022-05-20T18:07:30.8237623Z     --- FAIL: TestLoaderLoadConfig_childProviderGrandchildCount/not_okay (0.00s)
2022-05-20T18:07:30.8238210Z         loader_load_test.go:176: missing expected error
2022-05-20T18:07:30.8238893Z             want substring: Module is incompatible with count, for_each, and depends_on
2022-05-20T18:07:30.8241101Z             got: testdata/child-provider-child-count/child/child-provider-child-count-child.tf:5,1-20: Module not installed; This module's local cache directory testdata/child-provider-child-count/grandchild could not be read. Run "terraform init" to install all modules required by this configuration., and 1 other diagnostic(s)
2022-05-20T18:07:30.8241778Z FAIL
2022-05-20T18:07:30.8242111Z FAIL	github.com/hashicorp/terraform/internal/configs/configload	0.036s
2022-05-20T18:07:31.9260159Z ok  	github.com/hashicorp/terraform/internal/configs/configschema	0.008s
2022-05-20T18:07:32.0770556Z ok  	github.com/hashicorp/terraform/internal/configs/hcl2shim	0.013s
2022-05-20T18:07:32.2576544Z ok  	github.com/hashicorp/terraform/internal/copy	0.003s
2022-05-20T18:07:34.2259234Z ok  	github.com/hashicorp/terraform/internal/dag	1.194s
2022-05-20T18:07:34.2260262Z ok  	github.com/hashicorp/terraform/internal/depsfile	0.024s
2022-05-20T18:07:34.2262883Z ok  	github.com/hashicorp/terraform/internal/didyoumean	0.004s
2022-05-20T18:07:34.2263777Z ?   	github.com/hashicorp/terraform/internal/e2e	[no test files]
2022-05-20T18:07:35.4731103Z ok  	github.com/hashicorp/terraform/internal/earlyconfig	0.018s
2022-05-20T18:07:35.4731797Z ?   	github.com/hashicorp/terraform/internal/experiments	[no test files]
2022-05-20T18:07:35.4732420Z ?   	github.com/hashicorp/terraform/internal/getmodules	[no test files]
2022-05-20T18:07:40.6777538Z ok  	github.com/hashicorp/terraform/internal/getproviders	4.129s
2022-05-20T18:07:40.6778229Z ?   	github.com/hashicorp/terraform/internal/grpcwrap	[no test files]
2022-05-20T18:07:40.6778903Z ok  	github.com/hashicorp/terraform/internal/helper/slowmessage	0.103s
2022-05-20T18:07:40.6779438Z ok  	github.com/hashicorp/terraform/internal/httpclient	0.010s
2022-05-20T18:07:40.6780124Z ok  	github.com/hashicorp/terraform/internal/initwd	0.041s
2022-05-20T18:07:40.6780646Z ok  	github.com/hashicorp/terraform/internal/instances	0.019s
2022-05-20T18:07:40.6781639Z ok  	github.com/hashicorp/terraform/internal/ipaddr	0.004s
2022-05-20T18:07:41.0124328Z ok  	github.com/hashicorp/terraform/internal/lang	0.086s
2022-05-20T18:07:41.4361934Z ok  	github.com/hashicorp/terraform/internal/lang/blocktoattr	0.009s
2022-05-20T18:07:43.8931995Z ok  	github.com/hashicorp/terraform/internal/lang/funcs	0.236s
2022-05-20T18:07:43.8935006Z ok  	github.com/hashicorp/terraform/internal/lang/globalref	0.040s
2022-05-20T18:07:43.8938217Z ?   	github.com/hashicorp/terraform/internal/lang/marks	[no test files]
2022-05-20T18:07:43.8940948Z ?   	github.com/hashicorp/terraform/internal/lang/types	[no test files]
2022-05-20T18:07:44.0159067Z ok  	github.com/hashicorp/terraform/internal/legacy/helper/acctest	0.013s
2022-05-20T18:07:44.1773585Z ok  	github.com/hashicorp/terraform/internal/legacy/helper/hashcode	0.003s
2022-05-20T18:07:48.6112559Z ok  	github.com/hashicorp/terraform/internal/legacy/helper/schema	0.156s
2022-05-20T18:07:48.6114040Z ok  	github.com/hashicorp/terraform/internal/legacy/terraform	0.039s
2022-05-20T18:07:48.6115069Z ok  	github.com/hashicorp/terraform/internal/logging	0.004s
2022-05-20T18:07:48.6115745Z ?   	github.com/hashicorp/terraform/internal/modsdir	[no test files]
2022-05-20T18:07:49.4793015Z ok  	github.com/hashicorp/terraform/internal/moduledeps	0.017s
2022-05-20T18:07:50.2258316Z ok  	github.com/hashicorp/terraform/internal/moduletest	0.019s
2022-05-20T18:07:51.1622201Z ok  	github.com/hashicorp/terraform/internal/plans	0.021s
2022-05-20T18:07:51.1622801Z ?   	github.com/hashicorp/terraform/internal/plans/internal/planproto	[no test files]
2022-05-20T18:07:53.8016945Z ok  	github.com/hashicorp/terraform/internal/plans/objchange	0.059s
2022-05-20T18:07:53.8020764Z ok  	github.com/hashicorp/terraform/internal/plans/planfile	0.042s
2022-05-20T18:07:55.2753161Z ok  	github.com/hashicorp/terraform/internal/plugin	0.025s
2022-05-20T18:07:55.3492327Z ok  	github.com/hashicorp/terraform/internal/plugin/convert	0.025s
2022-05-20T18:07:55.8314875Z ok  	github.com/hashicorp/terraform/internal/plugin/discovery	0.010s
2022-05-20T18:07:55.8316225Z ?   	github.com/hashicorp/terraform/internal/plugin/mock_proto	[no test files]
2022-05-20T18:07:57.0241897Z ok  	github.com/hashicorp/terraform/internal/plugin6	0.022s
2022-05-20T18:07:57.2889482Z ok  	github.com/hashicorp/terraform/internal/plugin6/convert	0.034s
2022-05-20T18:07:57.2890694Z ?   	github.com/hashicorp/terraform/internal/plugin6/mock_proto	[no test files]
2022-05-20T18:07:57.2891619Z ?   	github.com/hashicorp/terraform/internal/provider-simple	[no test files]
2022-05-20T18:07:57.2892562Z ?   	github.com/hashicorp/terraform/internal/provider-simple/main	[no test files]
2022-05-20T18:07:57.2893306Z ?   	github.com/hashicorp/terraform/internal/provider-simple-v6	[no test files]
2022-05-20T18:07:57.3125160Z ?   	github.com/hashicorp/terraform/internal/provider-simple-v6/main	[no test files]
2022-05-20T18:07:57.4212973Z ?   	github.com/hashicorp/terraform/internal/provider-terraform/main	[no test files]
2022-05-20T18:07:59.1071551Z ok  	github.com/hashicorp/terraform/internal/providercache	0.072s
2022-05-20T18:07:59.1072250Z ok  	github.com/hashicorp/terraform/internal/providers	0.029s
2022-05-20T18:07:59.1073476Z ?   	github.com/hashicorp/terraform/internal/provisioner-local-exec/main	[no test files]
2022-05-20T18:07:59.1074231Z ?   	github.com/hashicorp/terraform/internal/provisioners	[no test files]
2022-05-20T18:08:00.7130123Z ok  	github.com/hashicorp/terraform/internal/refactoring	0.032s
2022-05-20T18:08:02.6866068Z ok  	github.com/hashicorp/terraform/internal/registry	2.029s
2022-05-20T18:08:02.6866566Z ok  	github.com/hashicorp/terraform/internal/registry/regsrc	0.016s
2022-05-20T18:08:02.6867019Z ok  	github.com/hashicorp/terraform/internal/registry/response	0.002s
2022-05-20T18:08:02.6867657Z ?   	github.com/hashicorp/terraform/internal/registry/test	[no test files]
2022-05-20T18:08:03.4502818Z ok  	github.com/hashicorp/terraform/internal/repl	0.064s
2022-05-20T18:08:03.4503340Z ?   	github.com/hashicorp/terraform/internal/replacefile	[no test files]
2022-05-20T18:08:04.5304087Z ok  	github.com/hashicorp/terraform/internal/states	0.020s
2022-05-20T18:08:05.0233582Z ok  	github.com/hashicorp/terraform/internal/states/remote	0.027s
2022-05-20T18:08:06.2587507Z ok  	github.com/hashicorp/terraform/internal/states/statefile	0.044s
2022-05-20T18:08:10.6307432Z ok  	github.com/hashicorp/terraform/internal/states/statemgr	3.868s
2022-05-20T18:08:10.6308252Z ok  	github.com/hashicorp/terraform/internal/terminal	0.004s
2022-05-20T18:08:24.1895702Z ok  	github.com/hashicorp/terraform/internal/terraform	6.279s
2022-05-20T18:08:24.1896672Z ok  	github.com/hashicorp/terraform/internal/tfdiags	0.014s
2022-05-20T18:08:24.1897646Z ?   	github.com/hashicorp/terraform/internal/tfplugin5	[no test files]
2022-05-20T18:08:24.1898759Z ?   	github.com/hashicorp/terraform/internal/tfplugin6	[no test files]
2022-05-20T18:08:24.1899785Z ok  	github.com/hashicorp/terraform/internal/typeexpr	0.009s
2022-05-20T18:08:24.1900752Z ?   	github.com/hashicorp/terraform/tools/loggraphdiff	[no test files]
2022-05-20T18:08:24.1902126Z ?   	github.com/hashicorp/terraform/tools/protobuf-compile	[no test files]
2022-05-20T18:08:24.1902581Z ?   	github.com/hashicorp/terraform/version	[no test files]
2022-05-20T18:08:24.1902864Z FAIL
2022-05-20T18:08:24.4620285Z ##[error]Process completed with exit code 1.
2022-05-20T18:08:24.4700169Z Post job cleanup.
2022-05-20T18:08:24.6677958Z [command]/usr/bin/git version
2022-05-20T18:08:24.6780726Z git version 2.36.1
2022-05-20T18:08:24.6844601Z Temporarily overriding HOME='/home/runner/work/_temp/8d3b00c2-1bde-46d1-8e75-92cb62c107cb' before making global git config changes
2022-05-20T18:08:24.6845544Z Adding repository directory to the temporary git global config as a safe directory
2022-05-20T18:08:24.6853711Z [command]/usr/bin/git config --global --add safe.directory /home/runner/work/terraform/terraform
2022-05-20T18:08:24.6939696Z [command]/usr/bin/git config --local --name-only --get-regexp core\.sshCommand
2022-05-20T18:08:24.7039461Z [command]/usr/bin/git submodule foreach --recursive git config --local --name-only --get-regexp 'core\.sshCommand' && git config --local --unset-all 'core.sshCommand' || :
2022-05-20T18:08:24.7706968Z [command]/usr/bin/git config --local --name-only --get-regexp http\.https\:\/\/github\.com\/\.extraheader
2022-05-20T18:08:24.7817602Z http.https://github.com/.extraheader
2022-05-20T18:08:24.7828410Z [command]/usr/bin/git config --local --unset-all http.https://github.com/.extraheader
2022-05-20T18:08:24.7873082Z [command]/usr/bin/git submodule foreach --recursive git config --local --name-only --get-regexp 'http\.https\:\/\/github\.com\/\.extraheader' && git config --local --unset-all 'http.https://github.com/.extraheader' || :
2022-05-20T18:08:24.8571266Z Cleaning up orphan processes
