2022-04-13T17:45:21.8203115Z Requested labels: ubuntu-latest
2022-04-13T17:45:21.8203161Z Job defined at: hashicorp/terraform/.github/workflows/checks.yml@refs/pull/30858/merge
2022-04-13T17:45:21.8203184Z Waiting for a runner to pick up this job...
2022-04-13T17:45:23.6959070Z Job is waiting for a hosted runner to come online.
2022-04-13T17:45:27.0326001Z Job is about to start running on the hosted runner: GitHub Actions 11 (hosted)
2022-04-13T17:45:30.7033645Z Current runner version: '2.289.2'
2022-04-13T17:45:30.7060439Z ##[group]Operating System
2022-04-13T17:45:30.7061015Z Ubuntu
2022-04-13T17:45:30.7061300Z 20.04.4
2022-04-13T17:45:30.7061527Z LTS
2022-04-13T17:45:30.7061831Z ##[endgroup]
2022-04-13T17:45:30.7062219Z ##[group]Virtual Environment
2022-04-13T17:45:30.7062546Z Environment: ubuntu-20.04
2022-04-13T17:45:30.7062878Z Version: 20220405.4
2022-04-13T17:45:30.7063401Z Included Software: https://github.com/actions/virtual-environments/blob/ubuntu20/20220405.4/images/linux/Ubuntu2004-Readme.md
2022-04-13T17:45:30.7064092Z Image Release: https://github.com/actions/virtual-environments/releases/tag/ubuntu20%2F20220405.4
2022-04-13T17:45:30.7064502Z ##[endgroup]
2022-04-13T17:45:30.7064849Z ##[group]Virtual Environment Provisioner
2022-04-13T17:45:30.7065225Z 1.0.0.0-main-20220325-1
2022-04-13T17:45:30.7065487Z ##[endgroup]
2022-04-13T17:45:30.7066198Z ##[group]GITHUB_TOKEN Permissions
2022-04-13T17:45:30.7066741Z Contents: read
2022-04-13T17:45:30.7067176Z Metadata: read
2022-04-13T17:45:30.7067625Z ##[endgroup]
2022-04-13T17:45:30.7071645Z Secret source: Actions
2022-04-13T17:45:30.7072116Z Prepare workflow directory
2022-04-13T17:45:30.8105981Z Prepare all required actions
2022-04-13T17:45:30.8310900Z Getting action download info
2022-04-13T17:45:31.2533947Z Download action repository 'actions/checkout@v2' (SHA:ec3a7ce113134d7a93b817d10a8272cb61118579)
2022-04-13T17:45:31.8633715Z Download action repository 'actions/setup-go@v2' (SHA:bfdd3570ce990073878bf10f6b2d79082de49492)
2022-04-13T17:45:32.3248925Z Download action repository 'actions/cache@v3' (SHA:48af2dc4a9e8278b89d7fa154b955c30c6aaab09)
2022-04-13T17:45:33.1172107Z ##[group]Run actions/checkout@v2
2022-04-13T17:45:33.1172411Z with:
2022-04-13T17:45:33.1172634Z   repository: hashicorp/terraform
2022-04-13T17:45:33.1173054Z   token: ***
2022-04-13T17:45:33.1173258Z   ssh-strict: true
2022-04-13T17:45:33.1174456Z   persist-credentials: true
2022-04-13T17:45:33.1174767Z   clean: true
2022-04-13T17:45:33.1174995Z   fetch-depth: 1
2022-04-13T17:45:33.1175218Z   lfs: false
2022-04-13T17:45:33.1175438Z   submodules: false
2022-04-13T17:45:33.1175669Z ##[endgroup]
2022-04-13T17:45:33.3941062Z Syncing repository: hashicorp/terraform
2022-04-13T17:45:33.3943072Z ##[group]Getting Git version info
2022-04-13T17:45:33.3943624Z Working directory is '/home/runner/work/terraform/terraform'
2022-04-13T17:45:33.3944192Z [command]/usr/bin/git version
2022-04-13T17:45:33.4032794Z git version 2.35.1
2022-04-13T17:45:33.4061893Z ##[endgroup]
2022-04-13T17:45:33.4067696Z Deleting the contents of '/home/runner/work/terraform/terraform'
2022-04-13T17:45:33.4075568Z ##[group]Initializing the repository
2022-04-13T17:45:33.4078393Z [command]/usr/bin/git init /home/runner/work/terraform/terraform
2022-04-13T17:45:33.4151493Z hint: Using 'master' as the name for the initial branch. This default branch name
2022-04-13T17:45:33.4152351Z hint: is subject to change. To configure the initial branch name to use in all
2022-04-13T17:45:33.4153268Z hint: of your new repositories, which will suppress this warning, call:
2022-04-13T17:45:33.4153564Z hint: 
2022-04-13T17:45:33.4154001Z hint: 	git config --global init.defaultBranch <name>
2022-04-13T17:45:33.4154453Z hint: 
2022-04-13T17:45:33.4154815Z hint: Names commonly chosen instead of 'master' are 'main', 'trunk' and
2022-04-13T17:45:33.4155672Z hint: 'development'. The just-created branch can be renamed via this command:
2022-04-13T17:45:33.4156214Z hint: 
2022-04-13T17:45:33.4156473Z hint: 	git branch -m <name>
2022-04-13T17:45:33.4172449Z Initialized empty Git repository in /home/runner/work/terraform/terraform/.git/
2022-04-13T17:45:33.4183627Z [command]/usr/bin/git remote add origin https://github.com/hashicorp/terraform
2022-04-13T17:45:33.4287773Z ##[endgroup]
2022-04-13T17:45:33.4288438Z ##[group]Disabling automatic garbage collection
2022-04-13T17:45:33.4295678Z [command]/usr/bin/git config --local gc.auto 0
2022-04-13T17:45:33.4454774Z ##[endgroup]
2022-04-13T17:45:33.4473425Z ##[group]Setting up auth
2022-04-13T17:45:33.4474979Z [command]/usr/bin/git config --local --name-only --get-regexp core\.sshCommand
2022-04-13T17:45:33.4475852Z [command]/usr/bin/git submodule foreach --recursive git config --local --name-only --get-regexp 'core\.sshCommand' && git config --local --unset-all 'core.sshCommand' || :
2022-04-13T17:45:33.4832293Z [command]/usr/bin/git config --local --name-only --get-regexp http\.https\:\/\/github\.com\/\.extraheader
2022-04-13T17:45:33.4859382Z [command]/usr/bin/git submodule foreach --recursive git config --local --name-only --get-regexp 'http\.https\:\/\/github\.com\/\.extraheader' && git config --local --unset-all 'http.https://github.com/.extraheader' || :
2022-04-13T17:45:33.5100852Z [command]/usr/bin/git config --local http.https://github.com/.extraheader AUTHORIZATION: basic ***
2022-04-13T17:45:33.5137421Z ##[endgroup]
2022-04-13T17:45:33.5138288Z ##[group]Fetching the repository
2022-04-13T17:45:33.5149154Z [command]/usr/bin/git -c protocol.version=2 fetch --no-tags --prune --progress --no-recurse-submodules --depth=1 origin +42147db9e848d7bfe630a772cf857e1384ba51a6:refs/remotes/pull/30858/merge
2022-04-13T17:45:33.9535023Z remote: Enumerating objects: 3879, done.        
2022-04-13T17:45:33.9535452Z remote: Counting objects:   0% (1/3879)        
2022-04-13T17:45:33.9535796Z remote: Counting objects:   1% (39/3879)        
2022-04-13T17:45:33.9536083Z remote: Counting objects:   2% (78/3879)        
2022-04-13T17:45:33.9536509Z remote: Counting objects:   3% (117/3879)        
2022-04-13T17:45:33.9602384Z remote: Counting objects:   4% (156/3879)        
2022-04-13T17:45:33.9604066Z remote: Counting objects:   5% (194/3879)        
2022-04-13T17:45:33.9604602Z remote: Counting objects:   6% (233/3879)        
2022-04-13T17:45:33.9605553Z remote: Counting objects:   7% (272/3879)        
2022-04-13T17:45:33.9606361Z remote: Counting objects:   8% (311/3879)        
2022-04-13T17:45:33.9607192Z remote: Counting objects:   9% (350/3879)        
2022-04-13T17:45:33.9607774Z remote: Counting objects:  10% (388/3879)        
2022-04-13T17:45:33.9608361Z remote: Counting objects:  11% (427/3879)        
2022-04-13T17:45:33.9608984Z remote: Counting objects:  12% (466/3879)        
2022-04-13T17:45:33.9609781Z remote: Counting objects:  13% (505/3879)        
2022-04-13T17:45:33.9610399Z remote: Counting objects:  14% (544/3879)        
2022-04-13T17:45:33.9611175Z remote: Counting objects:  15% (582/3879)        
2022-04-13T17:45:33.9611790Z remote: Counting objects:  16% (621/3879)        
2022-04-13T17:45:33.9612487Z remote: Counting objects:  17% (660/3879)        
2022-04-13T17:45:33.9613098Z remote: Counting objects:  18% (699/3879)        
2022-04-13T17:45:33.9613781Z remote: Counting objects:  19% (738/3879)        
2022-04-13T17:45:33.9614396Z remote: Counting objects:  20% (776/3879)        
2022-04-13T17:45:33.9615302Z remote: Counting objects:  21% (815/3879)        
2022-04-13T17:45:33.9615920Z remote: Counting objects:  22% (854/3879)        
2022-04-13T17:45:33.9616544Z remote: Counting objects:  23% (893/3879)        
2022-04-13T17:45:33.9617228Z remote: Counting objects:  24% (931/3879)        
2022-04-13T17:45:33.9617737Z remote: Counting objects:  25% (970/3879)        
2022-04-13T17:45:33.9618562Z remote: Counting objects:  26% (1009/3879)        
2022-04-13T17:45:33.9619212Z remote: Counting objects:  27% (1048/3879)        
2022-04-13T17:45:33.9620119Z remote: Counting objects:  28% (1087/3879)        
2022-04-13T17:45:33.9721713Z remote: Counting objects:  29% (1125/3879)        
2022-04-13T17:45:33.9721991Z remote: Counting objects:  30% (1164/3879)        
2022-04-13T17:45:33.9722269Z remote: Counting objects:  31% (1203/3879)        
2022-04-13T17:45:33.9722539Z remote: Counting objects:  32% (1242/3879)        
2022-04-13T17:45:33.9722806Z remote: Counting objects:  33% (1281/3879)        
2022-04-13T17:45:33.9723053Z remote: Counting objects:  34% (1319/3879)        
2022-04-13T17:45:33.9723312Z remote: Counting objects:  35% (1358/3879)        
2022-04-13T17:45:33.9723784Z remote: Counting objects:  36% (1397/3879)        
2022-04-13T17:45:33.9724031Z remote: Counting objects:  37% (1436/3879)        
2022-04-13T17:45:33.9724293Z remote: Counting objects:  38% (1475/3879)        
2022-04-13T17:45:33.9724553Z remote: Counting objects:  39% (1513/3879)        
2022-04-13T17:45:33.9724797Z remote: Counting objects:  40% (1552/3879)        
2022-04-13T17:45:33.9725057Z remote: Counting objects:  41% (1591/3879)        
2022-04-13T17:45:33.9725316Z remote: Counting objects:  42% (1630/3879)        
2022-04-13T17:45:33.9725577Z remote: Counting objects:  43% (1668/3879)        
2022-04-13T17:45:33.9725823Z remote: Counting objects:  44% (1707/3879)        
2022-04-13T17:45:33.9726082Z remote: Counting objects:  45% (1746/3879)        
2022-04-13T17:45:33.9726340Z remote: Counting objects:  46% (1785/3879)        
2022-04-13T17:45:33.9726584Z remote: Counting objects:  47% (1824/3879)        
2022-04-13T17:45:33.9726841Z remote: Counting objects:  48% (1862/3879)        
2022-04-13T17:45:33.9727100Z remote: Counting objects:  49% (1901/3879)        
2022-04-13T17:45:33.9727342Z remote: Counting objects:  50% (1940/3879)        
2022-04-13T17:45:33.9727600Z remote: Counting objects:  51% (1979/3879)        
2022-04-13T17:45:33.9727858Z remote: Counting objects:  52% (2018/3879)        
2022-04-13T17:45:33.9728100Z remote: Counting objects:  53% (2056/3879)        
2022-04-13T17:45:33.9728357Z remote: Counting objects:  54% (2095/3879)        
2022-04-13T17:45:33.9728613Z remote: Counting objects:  55% (2134/3879)        
2022-04-13T17:45:33.9728873Z remote: Counting objects:  56% (2173/3879)        
2022-04-13T17:45:33.9729221Z remote: Counting objects:  57% (2212/3879)        
2022-04-13T17:45:33.9729499Z remote: Counting objects:  58% (2250/3879)        
2022-04-13T17:45:33.9729758Z remote: Counting objects:  59% (2289/3879)        
2022-04-13T17:45:33.9730000Z remote: Counting objects:  60% (2328/3879)        
2022-04-13T17:45:33.9730256Z remote: Counting objects:  61% (2367/3879)        
2022-04-13T17:45:33.9730521Z remote: Counting objects:  62% (2405/3879)        
2022-04-13T17:45:33.9730762Z remote: Counting objects:  63% (2444/3879)        
2022-04-13T17:45:33.9731021Z remote: Counting objects:  64% (2483/3879)        
2022-04-13T17:45:34.0019203Z remote: Counting objects:  65% (2522/3879)        
2022-04-13T17:45:34.0019497Z remote: Counting objects:  66% (2561/3879)        
2022-04-13T17:45:34.0019751Z remote: Counting objects:  67% (2599/3879)        
2022-04-13T17:45:34.0020017Z remote: Counting objects:  68% (2638/3879)        
2022-04-13T17:45:34.0020402Z remote: Counting objects:  69% (2677/3879)        
2022-04-13T17:45:34.0020663Z remote: Counting objects:  70% (2716/3879)        
2022-04-13T17:45:34.0020909Z remote: Counting objects:  71% (2755/3879)        
2022-04-13T17:45:34.0021296Z remote: Counting objects:  72% (2793/3879)        
2022-04-13T17:45:34.0021574Z remote: Counting objects:  73% (2832/3879)        
2022-04-13T17:45:34.0021954Z remote: Counting objects:  74% (2871/3879)        
2022-04-13T17:45:34.0022205Z remote: Counting objects:  75% (2910/3879)        
2022-04-13T17:45:34.0022465Z remote: Counting objects:  76% (2949/3879)        
2022-04-13T17:45:34.0022723Z remote: Counting objects:  77% (2987/3879)        
2022-04-13T17:45:34.0022966Z remote: Counting objects:  78% (3026/3879)        
2022-04-13T17:45:34.0023224Z remote: Counting objects:  79% (3065/3879)        
2022-04-13T17:45:34.0023485Z remote: Counting objects:  80% (3104/3879)        
2022-04-13T17:45:34.0023728Z remote: Counting objects:  81% (3142/3879)        
2022-04-13T17:45:34.0023991Z remote: Counting objects:  82% (3181/3879)        
2022-04-13T17:45:34.0024249Z remote: Counting objects:  83% (3220/3879)        
2022-04-13T17:45:34.0024506Z remote: Counting objects:  84% (3259/3879)        
2022-04-13T17:45:34.0024748Z remote: Counting objects:  85% (3298/3879)        
2022-04-13T17:45:34.0025004Z remote: Counting objects:  86% (3336/3879)        
2022-04-13T17:45:34.0025460Z remote: Counting objects:  87% (3375/3879)        
2022-04-13T17:45:34.0025702Z remote: Counting objects:  88% (3414/3879)        
2022-04-13T17:45:34.0025959Z remote: Counting objects:  89% (3453/3879)        
2022-04-13T17:45:34.0026216Z remote: Counting objects:  90% (3492/3879)        
2022-04-13T17:45:34.0026456Z remote: Counting objects:  91% (3530/3879)        
2022-04-13T17:45:34.0026714Z remote: Counting objects:  92% (3569/3879)        
2022-04-13T17:45:34.0026974Z remote: Counting objects:  93% (3608/3879)        
2022-04-13T17:45:34.0027216Z remote: Counting objects:  94% (3647/3879)        
2022-04-13T17:45:34.0027478Z remote: Counting objects:  95% (3686/3879)        
2022-04-13T17:45:34.0027735Z remote: Counting objects:  96% (3724/3879)        
2022-04-13T17:45:34.0027994Z remote: Counting objects:  97% (3763/3879)        
2022-04-13T17:45:34.0028236Z remote: Counting objects:  98% (3802/3879)        
2022-04-13T17:45:34.0028492Z remote: Counting objects:  99% (3841/3879)        
2022-04-13T17:45:34.0028751Z remote: Counting objects: 100% (3879/3879)        
2022-04-13T17:45:34.0029005Z remote: Counting objects: 100% (3879/3879), done.        
2022-04-13T17:45:34.0029287Z remote: Compressing objects:   0% (1/2928)        
2022-04-13T17:45:34.0029561Z remote: Compressing objects:   1% (30/2928)        
2022-04-13T17:45:34.0029822Z remote: Compressing objects:   2% (59/2928)        
2022-04-13T17:45:34.0030097Z remote: Compressing objects:   3% (88/2928)        
2022-04-13T17:45:34.0030376Z remote: Compressing objects:   4% (118/2928)        
2022-04-13T17:45:34.0030653Z remote: Compressing objects:   5% (147/2928)        
2022-04-13T17:45:34.0031001Z remote: Compressing objects:   6% (176/2928)        
2022-04-13T17:45:34.0031302Z remote: Compressing objects:   7% (205/2928)        
2022-04-13T17:45:34.0031576Z remote: Compressing objects:   8% (235/2928)        
2022-04-13T17:45:34.0031829Z remote: Compressing objects:   9% (264/2928)        
2022-04-13T17:45:34.0032102Z remote: Compressing objects:  10% (293/2928)        
2022-04-13T17:45:34.0032378Z remote: Compressing objects:  11% (323/2928)        
2022-04-13T17:45:34.0032632Z remote: Compressing objects:  12% (352/2928)        
2022-04-13T17:45:34.0032901Z remote: Compressing objects:  13% (381/2928)        
2022-04-13T17:45:34.0589447Z remote: Compressing objects:  14% (410/2928)        
2022-04-13T17:45:34.0590973Z remote: Compressing objects:  15% (440/2928)        
2022-04-13T17:45:34.0591460Z remote: Compressing objects:  16% (469/2928)        
2022-04-13T17:45:34.0592727Z remote: Compressing objects:  17% (498/2928)        
2022-04-13T17:45:34.0593896Z remote: Compressing objects:  18% (528/2928)        
2022-04-13T17:45:34.0595371Z remote: Compressing objects:  19% (557/2928)        
2022-04-13T17:45:34.0631754Z remote: Compressing objects:  20% (586/2928)        
2022-04-13T17:45:34.0721361Z remote: Compressing objects:  21% (615/2928)        
2022-04-13T17:45:34.0871105Z remote: Compressing objects:  22% (645/2928)        
2022-04-13T17:45:34.0979812Z remote: Compressing objects:  23% (674/2928)        
2022-04-13T17:45:34.1031279Z remote: Compressing objects:  24% (703/2928)        
2022-04-13T17:45:34.1181793Z remote: Compressing objects:  25% (732/2928)        
2022-04-13T17:45:34.1327524Z remote: Compressing objects:  26% (762/2928)        
2022-04-13T17:45:34.1486071Z remote: Compressing objects:  27% (791/2928)        
2022-04-13T17:45:34.1624999Z remote: Compressing objects:  28% (820/2928)        
2022-04-13T17:45:34.1782459Z remote: Compressing objects:  29% (850/2928)        
2022-04-13T17:45:34.1854744Z remote: Compressing objects:  30% (879/2928)        
2022-04-13T17:45:34.1943939Z remote: Compressing objects:  31% (908/2928)        
2022-04-13T17:45:34.2037432Z remote: Compressing objects:  32% (937/2928)        
2022-04-13T17:45:34.2078324Z remote: Compressing objects:  33% (967/2928)        
2022-04-13T17:45:34.2136303Z remote: Compressing objects:  34% (996/2928)        
2022-04-13T17:45:34.2213167Z remote: Compressing objects:  35% (1025/2928)        
2022-04-13T17:45:34.2344527Z remote: Compressing objects:  36% (1055/2928)        
2022-04-13T17:45:34.2416500Z remote: Compressing objects:  37% (1084/2928)        
2022-04-13T17:45:34.2477391Z remote: Compressing objects:  38% (1113/2928)        
2022-04-13T17:45:34.2637530Z remote: Compressing objects:  39% (1142/2928)        
2022-04-13T17:45:34.2685960Z remote: Compressing objects:  40% (1172/2928)        
2022-04-13T17:45:34.2771765Z remote: Compressing objects:  41% (1201/2928)        
2022-04-13T17:45:34.2804313Z remote: Compressing objects:  42% (1230/2928)        
2022-04-13T17:45:34.2832412Z remote: Compressing objects:  43% (1260/2928)        
2022-04-13T17:45:34.2908230Z remote: Compressing objects:  44% (1289/2928)        
2022-04-13T17:45:34.3087580Z remote: Compressing objects:  45% (1318/2928)        
2022-04-13T17:45:34.3155466Z remote: Compressing objects:  46% (1347/2928)        
2022-04-13T17:45:34.3301444Z remote: Compressing objects:  47% (1377/2928)        
2022-04-13T17:45:34.3441421Z remote: Compressing objects:  48% (1406/2928)        
2022-04-13T17:45:34.3536623Z remote: Compressing objects:  49% (1435/2928)        
2022-04-13T17:45:34.3617455Z remote: Compressing objects:  50% (1464/2928)        
2022-04-13T17:45:34.3617907Z remote: Compressing objects:  51% (1494/2928)        
2022-04-13T17:45:34.3785022Z remote: Compressing objects:  52% (1523/2928)        
2022-04-13T17:45:34.3785535Z remote: Compressing objects:  53% (1552/2928)        
2022-04-13T17:45:34.3807424Z remote: Compressing objects:  54% (1582/2928)        
2022-04-13T17:45:34.3808215Z remote: Compressing objects:  55% (1611/2928)        
2022-04-13T17:45:34.3814759Z remote: Compressing objects:  56% (1640/2928)        
2022-04-13T17:45:34.3815368Z remote: Compressing objects:  57% (1669/2928)        
2022-04-13T17:45:34.3832800Z remote: Compressing objects:  58% (1699/2928)        
2022-04-13T17:45:34.3833506Z remote: Compressing objects:  59% (1728/2928)        
2022-04-13T17:45:34.3834120Z remote: Compressing objects:  60% (1757/2928)        
2022-04-13T17:45:34.3835124Z remote: Compressing objects:  61% (1787/2928)        
2022-04-13T17:45:34.3835413Z remote: Compressing objects:  62% (1816/2928)        
2022-04-13T17:45:34.3835678Z remote: Compressing objects:  63% (1845/2928)        
2022-04-13T17:45:34.3835950Z remote: Compressing objects:  64% (1874/2928)        
2022-04-13T17:45:34.3839531Z remote: Compressing objects:  65% (1904/2928)        
2022-04-13T17:45:34.3840172Z remote: Compressing objects:  66% (1933/2928)        
2022-04-13T17:45:34.3841080Z remote: Compressing objects:  67% (1962/2928)        
2022-04-13T17:45:34.3841468Z remote: Compressing objects:  68% (1992/2928)        
2022-04-13T17:45:34.3841775Z remote: Compressing objects:  69% (2021/2928)        
2022-04-13T17:45:34.3845500Z remote: Compressing objects:  70% (2050/2928)        
2022-04-13T17:45:34.3846275Z remote: Compressing objects:  71% (2079/2928)        
2022-04-13T17:45:34.3847156Z remote: Compressing objects:  72% (2109/2928)        
2022-04-13T17:45:34.3848078Z remote: Compressing objects:  73% (2138/2928)        
2022-04-13T17:45:34.3848683Z remote: Compressing objects:  74% (2167/2928)        
2022-04-13T17:45:34.3849512Z remote: Compressing objects:  75% (2196/2928)        
2022-04-13T17:45:34.3850071Z remote: Compressing objects:  76% (2226/2928)        
2022-04-13T17:45:34.3850882Z remote: Compressing objects:  77% (2255/2928)        
2022-04-13T17:45:34.3851736Z remote: Compressing objects:  78% (2284/2928)        
2022-04-13T17:45:34.3928994Z remote: Compressing objects:  79% (2314/2928)        
2022-04-13T17:45:34.3929352Z remote: Compressing objects:  80% (2343/2928)        
2022-04-13T17:45:34.3929668Z remote: Compressing objects:  81% (2372/2928)        
2022-04-13T17:45:34.3930086Z remote: Compressing objects:  82% (2401/2928)        
2022-04-13T17:45:34.3930382Z remote: Compressing objects:  83% (2431/2928)        
2022-04-13T17:45:34.3930671Z remote: Compressing objects:  84% (2460/2928)        
2022-04-13T17:45:34.3934387Z remote: Compressing objects:  85% (2489/2928)        
2022-04-13T17:45:34.3934701Z remote: Compressing objects:  86% (2519/2928)        
2022-04-13T17:45:34.3935014Z remote: Compressing objects:  87% (2548/2928)        
2022-04-13T17:45:34.3941388Z remote: Compressing objects:  88% (2577/2928)        
2022-04-13T17:45:34.3945320Z remote: Compressing objects:  89% (2606/2928)        
2022-04-13T17:45:34.3945729Z remote: Compressing objects:  90% (2636/2928)        
2022-04-13T17:45:34.3946046Z remote: Compressing objects:  91% (2665/2928)        
2022-04-13T17:45:34.3946351Z remote: Compressing objects:  92% (2694/2928)        
2022-04-13T17:45:34.3946803Z remote: Compressing objects:  93% (2724/2928)        
2022-04-13T17:45:34.3947222Z remote: Compressing objects:  94% (2753/2928)        
2022-04-13T17:45:34.3947531Z remote: Compressing objects:  95% (2782/2928)        
2022-04-13T17:45:34.3947817Z remote: Compressing objects:  96% (2811/2928)        
2022-04-13T17:45:34.3948108Z remote: Compressing objects:  97% (2841/2928)        
2022-04-13T17:45:34.3948970Z remote: Compressing objects:  98% (2870/2928)        
2022-04-13T17:45:34.3949271Z remote: Compressing objects:  99% (2899/2928)        
2022-04-13T17:45:34.3949558Z remote: Compressing objects: 100% (2928/2928)        
2022-04-13T17:45:34.3949842Z remote: Compressing objects: 100% (2928/2928), done.        
2022-04-13T17:45:34.4138330Z Receiving objects:   0% (1/3879)
2022-04-13T17:45:34.4795366Z Receiving objects:   1% (39/3879)
2022-04-13T17:45:34.4840236Z Receiving objects:   2% (78/3879)
2022-04-13T17:45:34.4865967Z Receiving objects:   3% (117/3879)
2022-04-13T17:45:34.4889180Z Receiving objects:   4% (156/3879)
2022-04-13T17:45:34.4914307Z Receiving objects:   5% (194/3879)
2022-04-13T17:45:34.4958509Z Receiving objects:   6% (233/3879)
2022-04-13T17:45:34.4974636Z Receiving objects:   7% (272/3879)
2022-04-13T17:45:34.5005351Z Receiving objects:   8% (311/3879)
2022-04-13T17:45:34.5036646Z Receiving objects:   9% (350/3879)
2022-04-13T17:45:34.5062341Z Receiving objects:  10% (388/3879)
2022-04-13T17:45:34.5094127Z Receiving objects:  11% (427/3879)
2022-04-13T17:45:34.5100618Z Receiving objects:  12% (466/3879)
2022-04-13T17:45:34.5139076Z Receiving objects:  13% (505/3879)
2022-04-13T17:45:34.5187211Z Receiving objects:  14% (544/3879)
2022-04-13T17:45:34.5252674Z Receiving objects:  15% (582/3879)
2022-04-13T17:45:34.5281548Z Receiving objects:  16% (621/3879)
2022-04-13T17:45:34.5286473Z Receiving objects:  17% (660/3879)
2022-04-13T17:45:34.5293064Z Receiving objects:  18% (699/3879)
2022-04-13T17:45:34.5299403Z Receiving objects:  19% (738/3879)
2022-04-13T17:45:34.5307191Z Receiving objects:  20% (776/3879)
2022-04-13T17:45:34.5313742Z Receiving objects:  21% (815/3879)
2022-04-13T17:45:34.5319357Z Receiving objects:  22% (854/3879)
2022-04-13T17:45:34.5325618Z Receiving objects:  23% (893/3879)
2022-04-13T17:45:34.5331057Z Receiving objects:  24% (931/3879)
2022-04-13T17:45:34.5340243Z Receiving objects:  25% (970/3879)
2022-04-13T17:45:34.5346482Z Receiving objects:  26% (1009/3879)
2022-04-13T17:45:34.5352965Z Receiving objects:  27% (1048/3879)
2022-04-13T17:45:34.5360293Z Receiving objects:  28% (1087/3879)
2022-04-13T17:45:34.5387690Z Receiving objects:  29% (1125/3879)
2022-04-13T17:45:34.5417950Z Receiving objects:  30% (1164/3879)
2022-04-13T17:45:34.5450062Z Receiving objects:  31% (1203/3879)
2022-04-13T17:45:34.5460238Z Receiving objects:  32% (1242/3879)
2022-04-13T17:45:34.5480561Z Receiving objects:  33% (1281/3879)
2022-04-13T17:45:34.5523337Z Receiving objects:  34% (1319/3879)
2022-04-13T17:45:34.5533403Z Receiving objects:  35% (1358/3879)
2022-04-13T17:45:34.5538635Z Receiving objects:  36% (1397/3879)
2022-04-13T17:45:34.5545157Z Receiving objects:  37% (1436/3879)
2022-04-13T17:45:34.5549463Z Receiving objects:  38% (1475/3879)
2022-04-13T17:45:34.5556747Z Receiving objects:  39% (1513/3879)
2022-04-13T17:45:34.5562957Z Receiving objects:  40% (1552/3879)
2022-04-13T17:45:34.5572694Z Receiving objects:  41% (1591/3879)
2022-04-13T17:45:34.5596677Z Receiving objects:  42% (1630/3879)
2022-04-13T17:45:34.5632560Z Receiving objects:  43% (1668/3879)
2022-04-13T17:45:34.5646617Z Receiving objects:  44% (1707/3879)
2022-04-13T17:45:34.5670159Z Receiving objects:  45% (1746/3879)
2022-04-13T17:45:34.5687589Z Receiving objects:  46% (1785/3879)
2022-04-13T17:45:34.5728500Z Receiving objects:  47% (1824/3879)
2022-04-13T17:45:34.5746432Z Receiving objects:  48% (1862/3879)
2022-04-13T17:45:34.5780817Z Receiving objects:  49% (1901/3879)
2022-04-13T17:45:34.5850587Z Receiving objects:  50% (1940/3879)
2022-04-13T17:45:34.5879035Z Receiving objects:  51% (1979/3879)
2022-04-13T17:45:34.5920798Z Receiving objects:  52% (2018/3879)
2022-04-13T17:45:34.5943092Z Receiving objects:  53% (2056/3879)
2022-04-13T17:45:34.5959768Z Receiving objects:  54% (2095/3879)
2022-04-13T17:45:34.5984694Z Receiving objects:  55% (2134/3879)
2022-04-13T17:45:34.6008574Z Receiving objects:  56% (2173/3879)
2022-04-13T17:45:34.6030827Z Receiving objects:  57% (2212/3879)
2022-04-13T17:45:34.6044628Z Receiving objects:  58% (2250/3879)
2022-04-13T17:45:34.6210449Z Receiving objects:  59% (2289/3879)
2022-04-13T17:45:34.6286083Z Receiving objects:  60% (2328/3879)
2022-04-13T17:45:34.6398339Z Receiving objects:  61% (2367/3879)
2022-04-13T17:45:34.6428099Z Receiving objects:  62% (2405/3879)
2022-04-13T17:45:34.6431949Z Receiving objects:  63% (2444/3879)
2022-04-13T17:45:34.6432549Z Receiving objects:  64% (2483/3879)
2022-04-13T17:45:34.6435276Z Receiving objects:  65% (2522/3879)
2022-04-13T17:45:34.6436963Z Receiving objects:  66% (2561/3879)
2022-04-13T17:45:34.6440560Z Receiving objects:  67% (2599/3879)
2022-04-13T17:45:34.6442410Z Receiving objects:  68% (2638/3879)
2022-04-13T17:45:34.6445549Z Receiving objects:  69% (2677/3879)
2022-04-13T17:45:34.6446259Z Receiving objects:  70% (2716/3879)
2022-04-13T17:45:34.6448323Z Receiving objects:  71% (2755/3879)
2022-04-13T17:45:34.6449830Z Receiving objects:  72% (2793/3879)
2022-04-13T17:45:34.6454664Z Receiving objects:  73% (2832/3879)
2022-04-13T17:45:34.6455248Z Receiving objects:  74% (2871/3879)
2022-04-13T17:45:34.6457995Z Receiving objects:  75% (2910/3879)
2022-04-13T17:45:34.6458669Z Receiving objects:  76% (2949/3879)
2022-04-13T17:45:34.6461458Z Receiving objects:  77% (2987/3879)
2022-04-13T17:45:34.6462487Z Receiving objects:  78% (3026/3879)
2022-04-13T17:45:34.6466808Z Receiving objects:  79% (3065/3879)
2022-04-13T17:45:34.6468495Z Receiving objects:  80% (3104/3879)
2022-04-13T17:45:34.6471618Z Receiving objects:  81% (3142/3879)
2022-04-13T17:45:34.6472232Z Receiving objects:  82% (3181/3879)
2022-04-13T17:45:34.6475158Z Receiving objects:  83% (3220/3879)
2022-04-13T17:45:34.6475859Z Receiving objects:  84% (3259/3879)
2022-04-13T17:45:34.6479065Z Receiving objects:  85% (3298/3879)
2022-04-13T17:45:34.6479619Z Receiving objects:  86% (3336/3879)
2022-04-13T17:45:34.6507881Z Receiving objects:  87% (3375/3879)
2022-04-13T17:45:34.6573144Z Receiving objects:  88% (3414/3879)
2022-04-13T17:45:34.6621050Z Receiving objects:  89% (3453/3879)
2022-04-13T17:45:34.6650462Z Receiving objects:  90% (3492/3879)
2022-04-13T17:45:34.6696447Z Receiving objects:  91% (3530/3879)
2022-04-13T17:45:34.6720555Z Receiving objects:  92% (3569/3879)
2022-04-13T17:45:34.6757359Z Receiving objects:  93% (3608/3879)
2022-04-13T17:45:34.6768855Z Receiving objects:  94% (3647/3879)
2022-04-13T17:45:34.6784572Z Receiving objects:  95% (3686/3879)
2022-04-13T17:45:34.6793349Z Receiving objects:  96% (3724/3879)
2022-04-13T17:45:34.6827782Z Receiving objects:  97% (3763/3879)
2022-04-13T17:45:34.6853262Z Receiving objects:  98% (3802/3879)
2022-04-13T17:45:34.6866130Z Receiving objects:  99% (3841/3879)
2022-04-13T17:45:34.6866910Z remote: Total 3879 (delta 303), reused 2575 (delta 218), pack-reused 0        
2022-04-13T17:45:34.6892313Z Receiving objects: 100% (3879/3879)
2022-04-13T17:45:34.6893518Z Receiving objects: 100% (3879/3879), 3.57 MiB | 12.49 MiB/s, done.
2022-04-13T17:45:34.6946492Z Resolving deltas:   0% (0/303)
2022-04-13T17:45:34.6948096Z Resolving deltas:   1% (4/303)
2022-04-13T17:45:34.6949970Z Resolving deltas:   2% (7/303)
2022-04-13T17:45:34.6951508Z Resolving deltas:   3% (10/303)
2022-04-13T17:45:34.6953317Z Resolving deltas:   4% (13/303)
2022-04-13T17:45:34.6956773Z Resolving deltas:   5% (16/303)
2022-04-13T17:45:34.6957292Z Resolving deltas:   6% (19/303)
2022-04-13T17:45:34.6962720Z Resolving deltas:   7% (22/303)
2022-04-13T17:45:34.6968849Z Resolving deltas:   8% (25/303)
2022-04-13T17:45:34.6975103Z Resolving deltas:   9% (28/303)
2022-04-13T17:45:34.6978940Z Resolving deltas:  10% (31/303)
2022-04-13T17:45:34.6979458Z Resolving deltas:  11% (34/303)
2022-04-13T17:45:34.6980357Z Resolving deltas:  12% (37/303)
2022-04-13T17:45:34.6980819Z Resolving deltas:  13% (40/303)
2022-04-13T17:45:34.6983892Z Resolving deltas:  14% (43/303)
2022-04-13T17:45:34.6995500Z Resolving deltas:  15% (46/303)
2022-04-13T17:45:34.6996100Z Resolving deltas:  16% (49/303)
2022-04-13T17:45:34.6998186Z Resolving deltas:  17% (52/303)
2022-04-13T17:45:34.6998766Z Resolving deltas:  18% (55/303)
2022-04-13T17:45:34.7000519Z Resolving deltas:  19% (58/303)
2022-04-13T17:45:34.7003228Z Resolving deltas:  20% (61/303)
2022-04-13T17:45:34.7007259Z Resolving deltas:  21% (64/303)
2022-04-13T17:45:34.7007863Z Resolving deltas:  22% (67/303)
2022-04-13T17:45:34.7011009Z Resolving deltas:  23% (70/303)
2022-04-13T17:45:34.7019849Z Resolving deltas:  24% (73/303)
2022-04-13T17:45:34.7024859Z Resolving deltas:  25% (76/303)
2022-04-13T17:45:34.7025408Z Resolving deltas:  26% (79/303)
2022-04-13T17:45:34.7029297Z Resolving deltas:  27% (82/303)
2022-04-13T17:45:34.7029885Z Resolving deltas:  28% (85/303)
2022-04-13T17:45:34.7037899Z Resolving deltas:  29% (88/303)
2022-04-13T17:45:34.7038403Z Resolving deltas:  30% (91/303)
2022-04-13T17:45:34.7041184Z Resolving deltas:  31% (94/303)
2022-04-13T17:45:34.7041661Z Resolving deltas:  32% (97/303)
2022-04-13T17:45:34.7042516Z Resolving deltas:  33% (100/303)
2022-04-13T17:45:34.7042991Z Resolving deltas:  34% (104/303)
2022-04-13T17:45:34.7045054Z Resolving deltas:  35% (107/303)
2022-04-13T17:45:34.7045560Z Resolving deltas:  36% (110/303)
2022-04-13T17:45:34.7046550Z Resolving deltas:  37% (113/303)
2022-04-13T17:45:34.7047001Z Resolving deltas:  38% (116/303)
2022-04-13T17:45:34.7048724Z Resolving deltas:  39% (119/303)
2022-04-13T17:45:34.7049183Z Resolving deltas:  40% (122/303)
2022-04-13T17:45:34.7055252Z Resolving deltas:  41% (125/303)
2022-04-13T17:45:34.7055753Z Resolving deltas:  42% (128/303)
2022-04-13T17:45:34.7056629Z Resolving deltas:  43% (131/303)
2022-04-13T17:45:34.7057067Z Resolving deltas:  44% (134/303)
2022-04-13T17:45:34.7058835Z Resolving deltas:  45% (137/303)
2022-04-13T17:45:34.7059317Z Resolving deltas:  46% (140/303)
2022-04-13T17:45:34.7061008Z Resolving deltas:  47% (143/303)
2022-04-13T17:45:34.7061494Z Resolving deltas:  48% (146/303)
2022-04-13T17:45:34.7063273Z Resolving deltas:  49% (149/303)
2022-04-13T17:45:34.7063743Z Resolving deltas:  50% (152/303)
2022-04-13T17:45:34.7065450Z Resolving deltas:  51% (155/303)
2022-04-13T17:45:34.7065915Z Resolving deltas:  52% (158/303)
2022-04-13T17:45:34.7066758Z Resolving deltas:  53% (161/303)
2022-04-13T17:45:34.7067350Z Resolving deltas:  54% (164/303)
2022-04-13T17:45:34.7070019Z Resolving deltas:  55% (167/303)
2022-04-13T17:45:34.7070548Z Resolving deltas:  56% (170/303)
2022-04-13T17:45:34.7071670Z Resolving deltas:  57% (173/303)
2022-04-13T17:45:34.7072406Z Resolving deltas:  58% (176/303)
2022-04-13T17:45:34.7073339Z Resolving deltas:  59% (179/303)
2022-04-13T17:45:34.7073821Z Resolving deltas:  60% (182/303)
2022-04-13T17:45:34.7074954Z Resolving deltas:  61% (185/303)
2022-04-13T17:45:34.7075867Z Resolving deltas:  62% (188/303)
2022-04-13T17:45:34.7076948Z Resolving deltas:  63% (191/303)
2022-04-13T17:45:34.7077423Z Resolving deltas:  64% (194/303)
2022-04-13T17:45:34.7078479Z Resolving deltas:  65% (197/303)
2022-04-13T17:45:34.7078931Z Resolving deltas:  66% (200/303)
2022-04-13T17:45:34.7079993Z Resolving deltas:  67% (204/303)
2022-04-13T17:45:34.7080447Z Resolving deltas:  68% (207/303)
2022-04-13T17:45:34.7081315Z Resolving deltas:  69% (210/303)
2022-04-13T17:45:34.7081761Z Resolving deltas:  70% (213/303)
2022-04-13T17:45:34.7082660Z Resolving deltas:  71% (216/303)
2022-04-13T17:45:34.7083098Z Resolving deltas:  72% (219/303)
2022-04-13T17:45:34.7084139Z Resolving deltas:  73% (222/303)
2022-04-13T17:45:34.7084605Z Resolving deltas:  74% (225/303)
2022-04-13T17:45:34.7085522Z Resolving deltas:  75% (228/303)
2022-04-13T17:45:34.7086020Z Resolving deltas:  76% (231/303)
2022-04-13T17:45:34.7087029Z Resolving deltas:  77% (234/303)
2022-04-13T17:45:34.7089329Z Resolving deltas:  78% (237/303)
2022-04-13T17:45:34.7091036Z Resolving deltas:  79% (240/303)
2022-04-13T17:45:34.7093012Z Resolving deltas:  80% (243/303)
2022-04-13T17:45:34.7094397Z Resolving deltas:  81% (246/303)
2022-04-13T17:45:34.7096346Z Resolving deltas:  82% (249/303)
2022-04-13T17:45:34.7098482Z Resolving deltas:  83% (252/303)
2022-04-13T17:45:34.7100088Z Resolving deltas:  84% (255/303)
2022-04-13T17:45:34.7102243Z Resolving deltas:  85% (258/303)
2022-04-13T17:45:34.7104426Z Resolving deltas:  86% (261/303)
2022-04-13T17:45:34.7111685Z Resolving deltas:  87% (264/303)
2022-04-13T17:45:34.7119485Z Resolving deltas:  88% (267/303)
2022-04-13T17:45:34.7121335Z Resolving deltas:  89% (270/303)
2022-04-13T17:45:34.7121718Z Resolving deltas:  90% (273/303)
2022-04-13T17:45:34.7122174Z Resolving deltas:  91% (276/303)
2022-04-13T17:45:34.7122556Z Resolving deltas:  92% (279/303)
2022-04-13T17:45:34.7139103Z Resolving deltas:  93% (282/303)
2022-04-13T17:45:34.7152967Z Resolving deltas:  94% (285/303)
2022-04-13T17:45:34.7153257Z Resolving deltas:  95% (288/303)
2022-04-13T17:45:34.7153492Z Resolving deltas:  96% (291/303)
2022-04-13T17:45:34.7153707Z Resolving deltas:  97% (294/303)
2022-04-13T17:45:34.7153938Z Resolving deltas:  98% (297/303)
2022-04-13T17:45:34.7154166Z Resolving deltas:  99% (300/303)
2022-04-13T17:45:34.7154943Z Resolving deltas: 100% (303/303)
2022-04-13T17:45:34.7155185Z Resolving deltas: 100% (303/303), done.
2022-04-13T17:45:34.7386303Z From https://github.com/hashicorp/terraform
2022-04-13T17:45:34.7388309Z  * [new ref]         42147db9e848d7bfe630a772cf857e1384ba51a6 -> pull/30858/merge
2022-04-13T17:45:34.7427058Z ##[endgroup]
2022-04-13T17:45:34.7427509Z ##[group]Determining the checkout info
2022-04-13T17:45:34.7428113Z ##[endgroup]
2022-04-13T17:45:34.7428942Z ##[group]Checking out the ref
2022-04-13T17:45:34.7429721Z [command]/usr/bin/git checkout --progress --force refs/remotes/pull/30858/merge
2022-04-13T17:45:34.9427271Z Note: switching to 'refs/remotes/pull/30858/merge'.
2022-04-13T17:45:34.9427782Z 
2022-04-13T17:45:34.9429097Z You are in 'detached HEAD' state. You can look around, make experimental
2022-04-13T17:45:34.9429613Z changes and commit them, and you can discard any commits you make in this
2022-04-13T17:45:34.9518655Z state without impacting any branches by switching back to a branch.
2022-04-13T17:45:34.9518879Z 
2022-04-13T17:45:34.9519040Z If you want to create a new branch to retain commits you create, you may
2022-04-13T17:45:34.9519512Z do so (now or later) by using -c with the switch command. Example:
2022-04-13T17:45:34.9519697Z 
2022-04-13T17:45:34.9519868Z   git switch -c <new-branch-name>
2022-04-13T17:45:34.9520023Z 
2022-04-13T17:45:34.9520126Z Or undo this operation with:
2022-04-13T17:45:34.9520274Z 
2022-04-13T17:45:34.9520359Z   git switch -
2022-04-13T17:45:34.9520466Z 
2022-04-13T17:45:34.9520641Z Turn off this advice by setting config variable advice.detachedHead to false
2022-04-13T17:45:34.9520853Z 
2022-04-13T17:45:34.9521059Z HEAD is now at 42147db Merge 588a8d76c78502a2051aa558102b66730e780aa0 into 8eaf7fe85e7242bf2e88b4d649d45ffdc6afa7aa
2022-04-13T17:45:34.9521688Z ##[endgroup]
2022-04-13T17:45:34.9521988Z [command]/usr/bin/git log -1 --format='%H'
2022-04-13T17:45:34.9539882Z '42147db9e848d7bfe630a772cf857e1384ba51a6'
2022-04-13T17:45:34.9917002Z Prepare all required actions
2022-04-13T17:45:34.9952813Z ##[group]Run ./.github/actions/go-version
2022-04-13T17:45:34.9953062Z ##[endgroup]
2022-04-13T17:45:35.0259970Z ##[group]Run echo "Building with Go $(cat .go-version)"
2022-04-13T17:45:35.0260312Z [36;1mecho "Building with Go $(cat .go-version)"[0m
2022-04-13T17:45:35.0260596Z [36;1mecho "::set-output name=version::$(cat .go-version)"[0m
2022-04-13T17:45:35.0315302Z shell: /usr/bin/bash --noprofile --norc -e -o pipefail {0}
2022-04-13T17:45:35.0315580Z ##[endgroup]
2022-04-13T17:45:35.0499048Z Building with Go 1.18.0
2022-04-13T17:45:35.0726491Z ##[group]Run actions/setup-go@v2
2022-04-13T17:45:35.0726734Z with:
2022-04-13T17:45:35.0726924Z   go-version: 1.18.0
2022-04-13T17:45:35.0727135Z   check-latest: false
2022-04-13T17:45:35.0727338Z   stable: true
2022-04-13T17:45:35.0727688Z   token: ***
2022-04-13T17:45:35.0727882Z ##[endgroup]
2022-04-13T17:45:35.1268211Z Setup go stable version spec 1.18.0
2022-04-13T17:45:35.1288459Z Found in cache @ /opt/hostedtoolcache/go/1.18.0/x64
2022-04-13T17:45:35.1300361Z Added go to the path
2022-04-13T17:45:36.0482225Z Successfully setup go version 1.18.0
2022-04-13T17:45:36.0574097Z go version go1.18 linux/amd64
2022-04-13T17:45:36.0574423Z 
2022-04-13T17:45:36.0575729Z ##[group]go env
2022-04-13T17:45:36.2042057Z GO111MODULE=""
2022-04-13T17:45:36.2042643Z GOARCH="amd64"
2022-04-13T17:45:36.2043120Z GOBIN=""
2022-04-13T17:45:36.2043985Z GOCACHE="/home/runner/.cache/go-build"
2022-04-13T17:45:36.2044639Z GOENV="/home/runner/.config/go/env"
2022-04-13T17:45:36.2045588Z GOEXE=""
2022-04-13T17:45:36.2046096Z GOEXPERIMENT=""
2022-04-13T17:45:36.2046571Z GOFLAGS=""
2022-04-13T17:45:36.2046934Z GOHOSTARCH="amd64"
2022-04-13T17:45:36.2047260Z GOHOSTOS="linux"
2022-04-13T17:45:36.2047556Z GOINSECURE=""
2022-04-13T17:45:36.2047870Z GOMODCACHE="/home/runner/go/pkg/mod"
2022-04-13T17:45:36.2048201Z GONOPROXY=""
2022-04-13T17:45:36.2048552Z GONOSUMDB=""
2022-04-13T17:45:36.2048787Z GOOS="linux"
2022-04-13T17:45:36.2049102Z GOPATH="/home/runner/go"
2022-04-13T17:45:36.2049534Z GOPRIVATE=""
2022-04-13T17:45:36.2049962Z GOPROXY="https://proxy.golang.org,direct"
2022-04-13T17:45:36.2050391Z GOROOT="/opt/hostedtoolcache/go/1.18.0/x64"
2022-04-13T17:45:36.2050713Z GOSUMDB="sum.golang.org"
2022-04-13T17:45:36.2050948Z GOTMPDIR=""
2022-04-13T17:45:36.2051296Z GOTOOLDIR="/opt/hostedtoolcache/go/1.18.0/x64/pkg/tool/linux_amd64"
2022-04-13T17:45:36.2051669Z GOVCS=""
2022-04-13T17:45:36.2051933Z GOVERSION="go1.18"
2022-04-13T17:45:36.2052157Z GCCGO="gccgo"
2022-04-13T17:45:36.2052418Z GOAMD64="v1"
2022-04-13T17:45:36.2052690Z AR="ar"
2022-04-13T17:45:36.2052928Z CC="gcc"
2022-04-13T17:45:36.2053177Z CXX="g++"
2022-04-13T17:45:36.2053431Z CGO_ENABLED="1"
2022-04-13T17:45:36.2053715Z GOMOD="/home/runner/work/terraform/terraform/go.mod"
2022-04-13T17:45:36.2054032Z GOWORK=""
2022-04-13T17:45:36.2054471Z CGO_CFLAGS="-g -O2"
2022-04-13T17:45:36.2054707Z CGO_CPPFLAGS=""
2022-04-13T17:45:36.2055037Z CGO_CXXFLAGS="-g -O2"
2022-04-13T17:45:36.2055387Z CGO_FFLAGS="-g -O2"
2022-04-13T17:45:36.2055669Z CGO_LDFLAGS="-g -O2"
2022-04-13T17:45:36.2056059Z PKG_CONFIG="pkg-config"
2022-04-13T17:45:36.2056716Z GOGCCFLAGS="-fPIC -m64 -pthread -fmessage-length=0 -fdebug-prefix-map=/tmp/go-build2908549476=/tmp/go-build -gno-record-gcc-switches"
2022-04-13T17:45:36.2057044Z 
2022-04-13T17:45:36.2057491Z ##[endgroup]
2022-04-13T17:45:36.4064746Z ##[group]Run actions/cache@v3
2022-04-13T17:45:36.4065096Z with:
2022-04-13T17:45:36.4065376Z   path: ~/go/pkg
2022-04-13T17:45:36.4065827Z   key: go-mod-eca089adcb5f49ecad114bdbf49dc26b0deef67cb69080fcaeaecab46118f40b
2022-04-13T17:45:36.4066259Z   restore-keys: go-mod-

2022-04-13T17:45:36.4066564Z env:
2022-04-13T17:45:36.4066880Z   GOROOT: /opt/hostedtoolcache/go/1.18.0/x64
2022-04-13T17:45:36.4067154Z ##[endgroup]
2022-04-13T17:45:38.1919370Z Received 0 of 314264396 (0.0%), 0.0 MBs/sec
2022-04-13T17:45:39.1921783Z Received 83886080 of 314264396 (26.7%), 40.0 MBs/sec
2022-04-13T17:45:40.1928526Z Received 218103808 of 314264396 (69.4%), 69.3 MBs/sec
2022-04-13T17:45:41.1199103Z Received 314264396 of 314264396 (100.0%), 76.3 MBs/sec
2022-04-13T17:45:41.1200444Z Cache Size: ~300 MB (314264396 B)
2022-04-13T17:45:41.1231039Z [command]/usr/bin/tar --use-compress-program zstd -d -xf /home/runner/work/_temp/f2a6f420-6971-4d2f-9aba-3d2d5ee5d328/cache.tzst -P -C /home/runner/work/terraform/terraform
2022-04-13T17:45:48.2136008Z Cache restored successfully
2022-04-13T17:45:48.5050156Z 
2022-04-13T17:45:48.5052957Z Cache restored from key: go-mod-eca089adcb5f49ecad114bdbf49dc26b0deef67cb69080fcaeaecab46118f40b
2022-04-13T17:45:48.5235587Z ##[group]Run go test ./...
2022-04-13T17:45:48.5235878Z [36;1mgo test ./...[0m
2022-04-13T17:45:48.5286592Z shell: /usr/bin/bash -e {0}
2022-04-13T17:45:48.5286849Z env:
2022-04-13T17:45:48.5287203Z   GOROOT: /opt/hostedtoolcache/go/1.18.0/x64
2022-04-13T17:45:48.5287450Z ##[endgroup]
2022-04-13T17:45:51.9092326Z go: downloading github.com/go-test/deep v1.0.3
2022-04-13T17:45:52.5242173Z go: downloading github.com/hashicorp/consul/sdk v0.8.0
2022-04-13T17:45:52.6100657Z go: downloading github.com/apparentlymart/go-dump v0.0.0-20190214190832-042adf3cf4a0
2022-04-13T17:45:52.6638847Z go: downloading github.com/Netflix/go-expect v0.0.0-20211003183012-e1a7c020ce25
2022-04-13T17:45:52.6710360Z go: downloading github.com/golang/mock v1.6.0
2022-04-13T17:45:52.8447232Z go: downloading github.com/dylanmei/winrmtest v0.0.0-20210303004826-fbc9ae56efb6
2022-04-13T17:45:53.3746679Z go: downloading github.com/zclconf/go-cty-debug v0.0.0-20191215020915-b22d67c1ba0b
2022-04-13T17:45:55.7172528Z go: downloading github.com/kr/pty v1.1.5
2022-04-13T17:45:56.2248396Z go: downloading github.com/antchfx/xmlquery v1.3.5
2022-04-13T17:45:56.7829214Z go: downloading github.com/antchfx/xpath v1.1.10
2022-04-13T17:48:08.6037727Z ok  	github.com/hashicorp/terraform	0.071s
2022-04-13T17:48:10.3843836Z ok  	github.com/hashicorp/terraform/internal/addrs	0.060s
2022-04-13T17:48:10.3844289Z ok  	github.com/hashicorp/terraform/internal/backend	0.019s
2022-04-13T17:48:13.1067398Z ok  	github.com/hashicorp/terraform/internal/backend/init	0.048s
2022-04-13T17:48:13.1067875Z ok  	github.com/hashicorp/terraform/internal/backend/local	0.213s
2022-04-13T17:48:15.7760862Z ok  	github.com/hashicorp/terraform/internal/backend/remote	0.612s
2022-04-13T17:48:15.7764010Z ok  	github.com/hashicorp/terraform/internal/backend/remote-state/artifactory	0.016s
2022-04-13T17:48:16.2382278Z ok  	github.com/hashicorp/terraform/internal/backend/remote-state/azure	0.031s
2022-04-13T17:48:17.7502505Z ok  	github.com/hashicorp/terraform/internal/backend/remote-state/consul	0.019s
2022-04-13T17:48:17.8388567Z ok  	github.com/hashicorp/terraform/internal/backend/remote-state/cos	0.024s
2022-04-13T17:48:18.9707779Z ok  	github.com/hashicorp/terraform/internal/backend/remote-state/etcdv2	0.020s
2022-04-13T17:48:19.3385417Z ok  	github.com/hashicorp/terraform/internal/backend/remote-state/etcdv3	0.019s
2022-04-13T17:48:20.3001766Z ok  	github.com/hashicorp/terraform/internal/backend/remote-state/gcs	0.015s
2022-04-13T17:48:24.7717413Z ok  	github.com/hashicorp/terraform/internal/backend/remote-state/http	4.027s
2022-04-13T17:48:24.7721219Z ok  	github.com/hashicorp/terraform/internal/backend/remote-state/inmem	0.017s
2022-04-13T17:48:24.7724414Z ok  	github.com/hashicorp/terraform/internal/backend/remote-state/kubernetes	0.025s
2022-04-13T17:48:24.7727634Z ok  	github.com/hashicorp/terraform/internal/backend/remote-state/manta	0.015s
2022-04-13T17:48:25.9822604Z ok  	github.com/hashicorp/terraform/internal/backend/remote-state/oss	0.030s
2022-04-13T17:48:26.1199684Z ok  	github.com/hashicorp/terraform/internal/backend/remote-state/pg	0.016s
2022-04-13T17:48:27.8152262Z ok  	github.com/hashicorp/terraform/internal/backend/remote-state/s3	0.041s
2022-04-13T17:48:27.8155851Z ok  	github.com/hashicorp/terraform/internal/backend/remote-state/swift	0.046s
2022-04-13T17:48:30.3063412Z ok  	github.com/hashicorp/terraform/internal/builtin/providers/terraform	0.031s
2022-04-13T17:48:30.3064342Z ok  	github.com/hashicorp/terraform/internal/builtin/provisioners/file	0.012s
2022-04-13T17:48:30.3065231Z ok  	github.com/hashicorp/terraform/internal/builtin/provisioners/local-exec	0.069s
2022-04-13T17:48:31.6530851Z ok  	github.com/hashicorp/terraform/internal/builtin/provisioners/remote-exec	2.007s
2022-04-13T17:48:34.1590427Z --- FAIL: TestCloud_applyBasic (0.01s)
2022-04-13T17:48:34.1591563Z     backend_apply_test.go:89: operation failed: 
2022-04-13T17:48:34.1592360Z --- FAIL: TestCloud_applyNoApprove (0.00s)
2022-04-13T17:48:34.1593536Z     backend_apply_test.go:566: expected no unused answers, got: map[approve:no]
2022-04-13T17:48:34.1594696Z --- FAIL: TestCloud_applyApprovedExternally (0.05s)
2022-04-13T17:48:34.1595579Z     backend_apply_test.go:682: operation failed: 
2022-04-13T17:48:34.1596448Z --- FAIL: TestCloud_applyDiscardedExternally (0.05s)
2022-04-13T17:48:34.1597788Z     backend_apply_test.go:770: expected external discard output: Running apply in Terraform Cloud. Output will stream here. Pressing Ctrl-C
2022-04-13T17:48:34.1598908Z         will cancel the remote apply if it's still pending. If the apply started it
2022-04-13T17:48:34.1599835Z         will stop streaming the logs, but will not stop the apply running remotely.
2022-04-13T17:48:34.1600198Z         
2022-04-13T17:48:34.1600571Z         Preparing the remote apply...
2022-04-13T17:48:34.1600869Z         
2022-04-13T17:48:34.1601265Z         To view this run in a browser, visit:
2022-04-13T17:48:34.1601973Z         https://app.terraform.io/app/hashicorp/app-prod/runs/run-18EsVg6gZqzY82yX
2022-04-13T17:48:34.1602381Z         
2022-04-13T17:48:34.1602762Z         Waiting for the plan to start...
2022-04-13T17:48:34.1603066Z         
2022-04-13T17:48:34.1603387Z         Terraform v0.11.7
2022-04-13T17:48:34.1603665Z         
2022-04-13T17:48:34.1604052Z         Configuring remote state backend...
2022-04-13T17:48:34.1604505Z         Initializing Terraform configuration...
2022-04-13T17:48:34.1605111Z         Refreshing Terraform state in-memory prior to plan...
2022-04-13T17:48:34.1605721Z         The refreshed state will be used to calculate this plan, but will not be
2022-04-13T17:48:34.1606234Z         persisted to local or remote state storage.
2022-04-13T17:48:34.1606552Z         
2022-04-13T17:48:34.1607153Z         ------------------------------------------------------------------------
2022-04-13T17:48:34.1607522Z         
2022-04-13T17:48:34.1607985Z         An execution plan has been generated and is shown below.
2022-04-13T17:48:34.1608531Z         Resource actions are indicated with the following symbols:
2022-04-13T17:48:34.1608909Z           + create
2022-04-13T17:48:34.1609185Z         
2022-04-13T17:48:34.1609603Z         Terraform will perform the following actions:
2022-04-13T17:48:34.1609929Z         
2022-04-13T17:48:34.1610274Z           + null_resource.foo
2022-04-13T17:48:34.1610657Z               id: <computed>
2022-04-13T17:48:34.1610941Z         
2022-04-13T17:48:34.1611230Z         
2022-04-13T17:48:34.1611641Z         Plan: 1 to add, 0 to change, 0 to destroy.
2022-04-13T17:48:34.1612063Z --- FAIL: TestCloud_applyDestroy (0.00s)
2022-04-13T17:48:34.1612529Z     backend_apply_test.go:1060: operation failed: 
2022-04-13T17:48:34.1612990Z --- FAIL: TestCloud_applyDestroyNoConfig (0.00s)
2022-04-13T17:48:34.1613487Z     backend_apply_test.go:1106: operation failed: 
2022-04-13T17:48:34.1613946Z --- FAIL: TestCloud_applyPolicyPass (0.00s)
2022-04-13T17:48:34.1614407Z     backend_apply_test.go:1140: operation failed: 
2022-04-13T17:48:34.1614870Z --- FAIL: TestCloud_applyPolicySoftFail (0.01s)
2022-04-13T17:48:34.1615330Z     backend_apply_test.go:1243: operation failed: 
2022-04-13T17:48:34.1616213Z --- FAIL: TestCloud_applyVersionCheck (0.03s)
2022-04-13T17:48:34.1616932Z     --- FAIL: TestCloud_applyVersionCheck/versions_can_be_different_for_remote_apply (0.00s)
2022-04-13T17:48:34.1617548Z         backend_apply_test.go:1564: operation failed: 
2022-04-13T17:48:34.1617868Z FAIL
2022-04-13T17:48:34.1618470Z FAIL	github.com/hashicorp/terraform/internal/cloud	0.584s
2022-04-13T17:48:41.8808035Z ok  	github.com/hashicorp/terraform/internal/cloud/e2e	8.075s
2022-04-13T17:49:16.8797900Z ok  	github.com/hashicorp/terraform/internal/command	31.200s
2022-04-13T17:49:16.8798848Z ok  	github.com/hashicorp/terraform/internal/command/arguments	0.030s
2022-04-13T17:49:16.8799777Z ok  	github.com/hashicorp/terraform/internal/command/cliconfig	0.020s
2022-04-13T17:49:16.8800580Z ok  	github.com/hashicorp/terraform/internal/command/clistate	0.017s
2022-04-13T17:49:16.8802446Z ok  	github.com/hashicorp/terraform/internal/command/e2etest	15.154s
2022-04-13T17:49:16.8803340Z ok  	github.com/hashicorp/terraform/internal/command/format	0.066s
2022-04-13T17:49:16.8804086Z ok  	github.com/hashicorp/terraform/internal/command/jsonconfig	0.018s
2022-04-13T17:49:16.8804713Z ok  	github.com/hashicorp/terraform/internal/command/jsonplan	0.033s
2022-04-13T17:49:16.8805405Z ok  	github.com/hashicorp/terraform/internal/command/jsonprovider	0.027s
2022-04-13T17:49:16.8806161Z ok  	github.com/hashicorp/terraform/internal/command/jsonstate	0.016s
2022-04-13T17:49:16.8806993Z ok  	github.com/hashicorp/terraform/internal/command/views	3.168s
2022-04-13T17:49:18.1670251Z ok  	github.com/hashicorp/terraform/internal/command/views/json	0.020s
2022-04-13T17:49:18.1670730Z ok  	github.com/hashicorp/terraform/internal/command/webbrowser	0.005s
2022-04-13T17:49:18.1671348Z ok  	github.com/hashicorp/terraform/internal/command/workdir	0.010s
2022-04-13T17:49:19.1515636Z ok  	github.com/hashicorp/terraform/internal/communicator	1.039s
2022-04-13T17:49:19.1516260Z ok  	github.com/hashicorp/terraform/internal/communicator/remote	0.002s [no tests to run]
2022-04-13T17:49:19.1516764Z ok  	github.com/hashicorp/terraform/internal/communicator/shared	0.003s
2022-04-13T17:49:21.6818605Z ok  	github.com/hashicorp/terraform/internal/communicator/ssh	2.543s
2022-04-13T17:49:21.6819477Z ok  	github.com/hashicorp/terraform/internal/communicator/winrm	0.021s
2022-04-13T17:49:21.9265129Z ok  	github.com/hashicorp/terraform/internal/configs	0.083s
2022-04-13T17:49:23.2174909Z ok  	github.com/hashicorp/terraform/internal/configs/configload	0.024s
2022-04-13T17:49:23.2175807Z ok  	github.com/hashicorp/terraform/internal/configs/configschema	0.034s
2022-04-13T17:49:23.9955813Z ok  	github.com/hashicorp/terraform/internal/configs/hcl2shim	0.014s
2022-04-13T17:49:23.9956633Z ok  	github.com/hashicorp/terraform/internal/copy	0.003s
2022-04-13T17:49:25.3186567Z ok  	github.com/hashicorp/terraform/internal/dag	1.079s
2022-04-13T17:49:25.3187537Z ok  	github.com/hashicorp/terraform/internal/depsfile	0.023s
2022-04-13T17:49:25.4115307Z ok  	github.com/hashicorp/terraform/internal/didyoumean	0.017s
2022-04-13T17:49:25.4116050Z ?   	github.com/hashicorp/terraform/internal/e2e	[no test files]
2022-04-13T17:49:26.4864459Z ok  	github.com/hashicorp/terraform/internal/earlyconfig	0.032s
2022-04-13T17:49:26.4864898Z ?   	github.com/hashicorp/terraform/internal/experiments	[no test files]
2022-04-13T17:49:26.4866992Z ?   	github.com/hashicorp/terraform/internal/getmodules	[no test files]
2022-04-13T17:49:31.3778531Z ok  	github.com/hashicorp/terraform/internal/getproviders	4.093s
2022-04-13T17:49:31.3783297Z ?   	github.com/hashicorp/terraform/internal/grpcwrap	[no test files]
2022-04-13T17:49:31.3785287Z ok  	github.com/hashicorp/terraform/internal/helper/slowmessage	0.103s
2022-04-13T17:49:31.3786978Z ok  	github.com/hashicorp/terraform/internal/httpclient	0.005s
2022-04-13T17:49:31.3788694Z ok  	github.com/hashicorp/terraform/internal/initwd	0.029s
2022-04-13T17:49:31.3790323Z ok  	github.com/hashicorp/terraform/internal/instances	0.017s
2022-04-13T17:49:31.3791941Z ok  	github.com/hashicorp/terraform/internal/ipaddr	0.003s
2022-04-13T17:49:31.3793722Z ok  	github.com/hashicorp/terraform/internal/lang	0.042s
2022-04-13T17:49:31.3795921Z ok  	github.com/hashicorp/terraform/internal/lang/blocktoattr	0.006s
2022-04-13T17:49:33.4916684Z ok  	github.com/hashicorp/terraform/internal/lang/funcs	0.206s
2022-04-13T17:49:33.4917376Z ok  	github.com/hashicorp/terraform/internal/lang/globalref	0.029s
2022-04-13T17:49:33.4917959Z ?   	github.com/hashicorp/terraform/internal/lang/marks	[no test files]
2022-04-13T17:49:33.4918572Z ?   	github.com/hashicorp/terraform/internal/lang/types	[no test files]
2022-04-13T17:49:33.4922451Z ok  	github.com/hashicorp/terraform/internal/legacy/helper/acctest	0.003s
2022-04-13T17:49:33.6890768Z ok  	github.com/hashicorp/terraform/internal/legacy/helper/hashcode	0.007s
2022-04-13T17:49:37.1388902Z ok  	github.com/hashicorp/terraform/internal/legacy/helper/schema	0.119s
2022-04-13T17:49:37.1389424Z ok  	github.com/hashicorp/terraform/internal/legacy/terraform	0.038s
2022-04-13T17:49:37.1389944Z ok  	github.com/hashicorp/terraform/internal/logging	0.011s
2022-04-13T17:49:37.1390751Z ?   	github.com/hashicorp/terraform/internal/modsdir	[no test files]
2022-04-13T17:49:38.0625662Z ok  	github.com/hashicorp/terraform/internal/moduledeps	0.013s
2022-04-13T17:49:38.3964438Z ok  	github.com/hashicorp/terraform/internal/moduletest	0.017s
2022-04-13T17:49:39.4411465Z ok  	github.com/hashicorp/terraform/internal/plans	0.020s
2022-04-13T17:49:39.4411918Z ?   	github.com/hashicorp/terraform/internal/plans/internal/planproto	[no test files]
2022-04-13T17:49:41.0819813Z ok  	github.com/hashicorp/terraform/internal/plans/objchange	0.039s
2022-04-13T17:49:41.0820328Z ok  	github.com/hashicorp/terraform/internal/plans/planfile	0.032s
2022-04-13T17:49:42.6254914Z ok  	github.com/hashicorp/terraform/internal/plugin	0.025s
2022-04-13T17:49:42.6255516Z ok  	github.com/hashicorp/terraform/internal/plugin/convert	0.037s
2022-04-13T17:49:42.8226926Z ok  	github.com/hashicorp/terraform/internal/plugin/discovery	0.003s
2022-04-13T17:49:42.8227409Z ?   	github.com/hashicorp/terraform/internal/plugin/mock_proto	[no test files]
2022-04-13T17:49:43.9883757Z ok  	github.com/hashicorp/terraform/internal/plugin6	0.020s
2022-04-13T17:49:44.0312212Z ok  	github.com/hashicorp/terraform/internal/plugin6/convert	0.028s
2022-04-13T17:49:44.0315363Z ?   	github.com/hashicorp/terraform/internal/plugin6/mock_proto	[no test files]
2022-04-13T17:49:44.0318285Z ?   	github.com/hashicorp/terraform/internal/provider-simple	[no test files]
2022-04-13T17:49:44.0321448Z ?   	github.com/hashicorp/terraform/internal/provider-simple/main	[no test files]
2022-04-13T17:49:44.0326600Z ?   	github.com/hashicorp/terraform/internal/provider-simple-v6	[no test files]
2022-04-13T17:49:44.0458905Z ?   	github.com/hashicorp/terraform/internal/provider-simple-v6/main	[no test files]
2022-04-13T17:49:44.1214339Z ?   	github.com/hashicorp/terraform/internal/provider-terraform/main	[no test files]
2022-04-13T17:49:45.5959231Z ok  	github.com/hashicorp/terraform/internal/providercache	0.058s
2022-04-13T17:49:45.5960075Z ok  	github.com/hashicorp/terraform/internal/providers	0.016s
2022-04-13T17:49:45.5961409Z ?   	github.com/hashicorp/terraform/internal/provisioner-local-exec/main	[no test files]
2022-04-13T17:49:45.5962176Z ?   	github.com/hashicorp/terraform/internal/provisioners	[no test files]
2022-04-13T17:49:46.7483702Z ok  	github.com/hashicorp/terraform/internal/refactoring	0.032s
2022-04-13T17:49:48.8328751Z ok  	github.com/hashicorp/terraform/internal/registry	2.032s
2022-04-13T17:49:48.8329595Z ok  	github.com/hashicorp/terraform/internal/registry/regsrc	0.015s
2022-04-13T17:49:48.8330294Z ok  	github.com/hashicorp/terraform/internal/registry/response	0.002s
2022-04-13T17:49:48.8330832Z ?   	github.com/hashicorp/terraform/internal/registry/test	[no test files]
2022-04-13T17:49:48.8331468Z ok  	github.com/hashicorp/terraform/internal/repl	0.037s
2022-04-13T17:49:48.8331990Z ?   	github.com/hashicorp/terraform/internal/replacefile	[no test files]
2022-04-13T17:49:50.1104481Z ok  	github.com/hashicorp/terraform/internal/states	0.018s
2022-04-13T17:49:50.1407846Z ok  	github.com/hashicorp/terraform/internal/states/remote	0.030s
2022-04-13T17:49:51.4864871Z ok  	github.com/hashicorp/terraform/internal/states/statefile	0.037s
2022-04-13T17:49:54.5835092Z ok  	github.com/hashicorp/terraform/internal/states/statemgr	3.019s
2022-04-13T17:49:54.5835785Z ok  	github.com/hashicorp/terraform/internal/terminal	0.006s
2022-04-13T17:50:04.4781969Z ok  	github.com/hashicorp/terraform/internal/terraform	4.473s
2022-04-13T17:50:04.4782393Z ok  	github.com/hashicorp/terraform/internal/tfdiags	0.015s
2022-04-13T17:50:04.4782831Z ?   	github.com/hashicorp/terraform/internal/tfplugin5	[no test files]
2022-04-13T17:50:04.4783608Z ?   	github.com/hashicorp/terraform/internal/tfplugin6	[no test files]
2022-04-13T17:50:04.4784357Z ?   	github.com/hashicorp/terraform/internal/typeexpr	[no test files]
2022-04-13T17:50:04.4784917Z ?   	github.com/hashicorp/terraform/tools/loggraphdiff	[no test files]
2022-04-13T17:50:04.4785795Z ?   	github.com/hashicorp/terraform/tools/protobuf-compile	[no test files]
2022-04-13T17:50:04.4786315Z ?   	github.com/hashicorp/terraform/version	[no test files]
2022-04-13T17:50:04.4786671Z FAIL
2022-04-13T17:50:04.6931470Z ##[error]Process completed with exit code 1.
2022-04-13T17:50:04.7002924Z Post job cleanup.
2022-04-13T17:50:04.8334904Z [command]/usr/bin/git version
2022-04-13T17:50:04.8388847Z git version 2.35.1
2022-04-13T17:50:04.8437250Z [command]/usr/bin/git config --local --name-only --get-regexp core\.sshCommand
2022-04-13T17:50:04.8502022Z [command]/usr/bin/git submodule foreach --recursive git config --local --name-only --get-regexp 'core\.sshCommand' && git config --local --unset-all 'core.sshCommand' || :
2022-04-13T17:50:04.8764536Z [command]/usr/bin/git config --local --name-only --get-regexp http\.https\:\/\/github\.com\/\.extraheader
2022-04-13T17:50:04.8781785Z http.https://github.com/.extraheader
2022-04-13T17:50:04.8828579Z [command]/usr/bin/git config --local --unset-all http.https://github.com/.extraheader
2022-04-13T17:50:04.8876076Z [command]/usr/bin/git submodule foreach --recursive git config --local --name-only --get-regexp 'http\.https\:\/\/github\.com\/\.extraheader' && git config --local --unset-all 'http.https://github.com/.extraheader' || :
2022-04-13T17:50:04.9374550Z Cleaning up orphan processes
