2022-03-29T09:33:37.9555003Z Requested labels: ubuntu-latest
2022-03-29T09:33:37.9555066Z Job defined at: lmove/breakbot-paper-ext/.github/workflows/build-latex.yml@refs/heads/main
2022-03-29T09:33:37.9555093Z Waiting for a runner to pick up this job...
2022-03-29T09:33:38.5900284Z Job is waiting for a hosted runner to come online.
2022-03-29T09:33:41.6898110Z Job is about to start running on the hosted runner: Hosted Agent (hosted)
2022-03-29T09:33:45.5718491Z Current runner version: '2.288.1'
2022-03-29T09:33:45.5746837Z ##[group]Operating System
2022-03-29T09:33:45.5747387Z Ubuntu
2022-03-29T09:33:45.5747789Z 20.04.4
2022-03-29T09:33:45.5748075Z LTS
2022-03-29T09:33:45.5748331Z ##[endgroup]
2022-03-29T09:33:45.5748669Z ##[group]Virtual Environment
2022-03-29T09:33:45.5749060Z Environment: ubuntu-20.04
2022-03-29T09:33:45.5749394Z Version: 20220227.1
2022-03-29T09:33:45.5749934Z Included Software: https://github.com/actions/virtual-environments/blob/ubuntu20/20220227.1/images/linux/Ubuntu2004-Readme.md
2022-03-29T09:33:45.5750618Z Image Release: https://github.com/actions/virtual-environments/releases/tag/ubuntu20%2F20220227.1
2022-03-29T09:33:45.5751088Z ##[endgroup]
2022-03-29T09:33:45.5751414Z ##[group]Virtual Environment Provisioner
2022-03-29T09:33:45.5752234Z 1.0.0.0-main-20220307-1
2022-03-29T09:33:45.5752559Z ##[endgroup]
2022-03-29T09:33:45.5753520Z ##[group]GITHUB_TOKEN Permissions
2022-03-29T09:33:45.5754194Z Actions: write
2022-03-29T09:33:45.5754785Z Checks: write
2022-03-29T09:33:45.5755184Z Contents: write
2022-03-29T09:33:45.5755537Z Deployments: write
2022-03-29T09:33:45.5755888Z Discussions: write
2022-03-29T09:33:45.5756166Z Issues: write
2022-03-29T09:33:45.5756477Z Metadata: read
2022-03-29T09:33:45.5756810Z Packages: write
2022-03-29T09:33:45.5757085Z Pages: write
2022-03-29T09:33:45.5757441Z PullRequests: write
2022-03-29T09:33:45.5757804Z RepositoryProjects: write
2022-03-29T09:33:45.5758121Z SecurityEvents: write
2022-03-29T09:33:45.5758465Z Statuses: write
2022-03-29T09:33:45.5758785Z ##[endgroup]
2022-03-29T09:33:45.5762946Z Secret source: Actions
2022-03-29T09:33:45.5763410Z Prepare workflow directory
2022-03-29T09:33:45.6637984Z Prepare all required actions
2022-03-29T09:33:45.6831367Z Getting action download info
2022-03-29T09:33:46.4658946Z Download action repository 'actions/checkout@v2' (SHA:ec3a7ce113134d7a93b817d10a8272cb61118579)
2022-03-29T09:33:47.4758400Z Download action repository 'xu-cheng/latex-action@v2' (SHA:79c8170fb031178e9339dc67726c3ac923b75b2f)
2022-03-29T09:33:48.0354927Z Download action repository 'actions/upload-artifact@v2' (SHA:82c141cc518b40d92cc801eee768e7aafc9c2fa2)
2022-03-29T09:33:48.9323697Z ##[group]Build container for action use: '/home/runner/work/_actions/xu-cheng/latex-action/v2/Dockerfile'.
2022-03-29T09:33:48.9397247Z ##[command]/usr/bin/docker build -t 29a95e:8a5f6dbabaee4f6e8f835f0eb6baef99 -f "/home/runner/work/_actions/xu-cheng/latex-action/v2/Dockerfile" "/home/runner/work/_actions/xu-cheng/latex-action/v2"
2022-03-29T09:33:49.0728446Z Sending build context to Docker daemon  18.43kB
2022-03-29T09:33:49.0738698Z 
2022-03-29T09:33:49.1194795Z Step 1/3 : FROM ghcr.io/xu-cheng/texlive-full:latest
2022-03-29T09:33:50.1713204Z latest: Pulling from xu-cheng/texlive-full
2022-03-29T09:33:50.1714369Z 59bf1c3509f3: Already exists
2022-03-29T09:33:50.1736250Z 435f0347aa89: Pulling fs layer
2022-03-29T09:34:04.4818117Z 435f0347aa89: Verifying Checksum
2022-03-29T09:34:04.4818509Z 435f0347aa89: Download complete
2022-03-29T09:34:58.3434332Z 435f0347aa89: Pull complete
2022-03-29T09:34:58.3499519Z Digest: sha256:40ef50d06307d0918912a0094c4ec6b6f2b946c248ea452dc93d1cf0847c8791
2022-03-29T09:34:58.3538407Z Status: Downloaded newer image for ghcr.io/xu-cheng/texlive-full:latest
2022-03-29T09:34:58.3553910Z  ---> fadd75e73b40
2022-03-29T09:34:58.3554244Z Step 2/3 : COPY   LICENSE   README.md   entrypoint.sh   /root/
2022-03-29T09:35:04.6705674Z  ---> a8e561753c2a
2022-03-29T09:35:04.6706111Z Step 3/3 : ENTRYPOINT ["/root/entrypoint.sh"]
2022-03-29T09:35:04.6948022Z  ---> Running in fcfbfac02041
2022-03-29T09:35:10.6054164Z Removing intermediate container fcfbfac02041
2022-03-29T09:35:10.6054485Z  ---> e868d6215070
2022-03-29T09:35:10.6054719Z Successfully built e868d6215070
2022-03-29T09:35:10.6095785Z Successfully tagged 29a95e:8a5f6dbabaee4f6e8f835f0eb6baef99
2022-03-29T09:35:10.6107032Z ##[endgroup]
2022-03-29T09:35:10.6524062Z ##[group]Run actions/checkout@v2
2022-03-29T09:35:10.6524383Z with:
2022-03-29T09:35:10.6524821Z   fetch-depth: 0
2022-03-29T09:35:10.6525103Z   repository: lmove/breakbot-paper-ext
2022-03-29T09:35:10.6525669Z   token: ***
2022-03-29T09:35:10.6526928Z   ssh-strict: true
2022-03-29T09:35:10.6527165Z   persist-credentials: true
2022-03-29T09:35:10.6527389Z   clean: true
2022-03-29T09:35:10.6527584Z   lfs: false
2022-03-29T09:35:10.6527769Z   submodules: false
2022-03-29T09:35:10.6527979Z ##[endgroup]
2022-03-29T09:35:10.9524794Z Syncing repository: lmove/breakbot-paper-ext
2022-03-29T09:35:10.9527038Z ##[group]Getting Git version info
2022-03-29T09:35:10.9527638Z Working directory is '/home/runner/work/breakbot-paper-ext/breakbot-paper-ext'
2022-03-29T09:35:10.9528211Z [command]/usr/bin/git version
2022-03-29T09:35:10.9673880Z git version 2.35.1
2022-03-29T09:35:10.9678408Z ##[endgroup]
2022-03-29T09:35:10.9687710Z Deleting the contents of '/home/runner/work/breakbot-paper-ext/breakbot-paper-ext'
2022-03-29T09:35:10.9689858Z ##[group]Initializing the repository
2022-03-29T09:35:10.9694858Z [command]/usr/bin/git init /home/runner/work/breakbot-paper-ext/breakbot-paper-ext
2022-03-29T09:35:10.9806848Z hint: Using 'master' as the name for the initial branch. This default branch name
2022-03-29T09:35:10.9807552Z hint: is subject to change. To configure the initial branch name to use in all
2022-03-29T09:35:10.9808549Z hint: of your new repositories, which will suppress this warning, call:
2022-03-29T09:35:10.9808848Z hint: 
2022-03-29T09:35:10.9809344Z hint: 	git config --global init.defaultBranch <name>
2022-03-29T09:35:10.9809608Z hint: 
2022-03-29T09:35:10.9809957Z hint: Names commonly chosen instead of 'master' are 'main', 'trunk' and
2022-03-29T09:35:10.9810422Z hint: 'development'. The just-created branch can be renamed via this command:
2022-03-29T09:35:10.9810714Z hint: 
2022-03-29T09:35:10.9810964Z hint: 	git branch -m <name>
2022-03-29T09:35:10.9816831Z Initialized empty Git repository in /home/runner/work/breakbot-paper-ext/breakbot-paper-ext/.git/
2022-03-29T09:35:10.9829854Z [command]/usr/bin/git remote add origin https://github.com/lmove/breakbot-paper-ext
2022-03-29T09:35:10.9884895Z ##[endgroup]
2022-03-29T09:35:10.9885821Z ##[group]Disabling automatic garbage collection
2022-03-29T09:35:10.9891703Z [command]/usr/bin/git config --local gc.auto 0
2022-03-29T09:35:10.9933297Z ##[endgroup]
2022-03-29T09:35:10.9974607Z ##[group]Setting up auth
2022-03-29T09:35:11.0002833Z [command]/usr/bin/git config --local --name-only --get-regexp core\.sshCommand
2022-03-29T09:35:11.0051668Z [command]/usr/bin/git submodule foreach --recursive git config --local --name-only --get-regexp 'core\.sshCommand' && git config --local --unset-all 'core.sshCommand' || :
2022-03-29T09:35:11.0500722Z [command]/usr/bin/git config --local --name-only --get-regexp http\.https\:\/\/github\.com\/\.extraheader
2022-03-29T09:35:11.0529841Z [command]/usr/bin/git submodule foreach --recursive git config --local --name-only --get-regexp 'http\.https\:\/\/github\.com\/\.extraheader' && git config --local --unset-all 'http.https://github.com/.extraheader' || :
2022-03-29T09:35:11.0827745Z [command]/usr/bin/git config --local http.https://github.com/.extraheader AUTHORIZATION: basic ***
2022-03-29T09:35:11.0878700Z ##[endgroup]
2022-03-29T09:35:11.0879169Z ##[group]Fetching the repository
2022-03-29T09:35:11.0898794Z [command]/usr/bin/git -c protocol.version=2 fetch --prune --progress --no-recurse-submodules origin +refs/heads/*:refs/remotes/origin/* +refs/tags/*:refs/tags/*
2022-03-29T09:35:11.7251420Z remote: Enumerating objects: 74, done.        
2022-03-29T09:35:11.7252296Z remote: Counting objects:   1% (1/74)        
2022-03-29T09:35:11.7252711Z remote: Counting objects:   2% (2/74)        
2022-03-29T09:35:11.7253099Z remote: Counting objects:   4% (3/74)        
2022-03-29T09:35:11.7253465Z remote: Counting objects:   5% (4/74)        
2022-03-29T09:35:11.7253843Z remote: Counting objects:   6% (5/74)        
2022-03-29T09:35:11.7254624Z remote: Counting objects:   8% (6/74)        
2022-03-29T09:35:11.7255020Z remote: Counting objects:   9% (7/74)        
2022-03-29T09:35:11.7255597Z remote: Counting objects:  10% (8/74)        
2022-03-29T09:35:11.7256029Z remote: Counting objects:  12% (9/74)        
2022-03-29T09:35:11.7256410Z remote: Counting objects:  13% (10/74)        
2022-03-29T09:35:11.7256794Z remote: Counting objects:  14% (11/74)        
2022-03-29T09:35:11.7257149Z remote: Counting objects:  16% (12/74)        
2022-03-29T09:35:11.7257603Z remote: Counting objects:  17% (13/74)        
2022-03-29T09:35:11.7257975Z remote: Counting objects:  18% (14/74)        
2022-03-29T09:35:11.7258346Z remote: Counting objects:  20% (15/74)        
2022-03-29T09:35:11.7258700Z remote: Counting objects:  21% (16/74)        
2022-03-29T09:35:11.7259077Z remote: Counting objects:  22% (17/74)        
2022-03-29T09:35:11.7259449Z remote: Counting objects:  24% (18/74)        
2022-03-29T09:35:11.7259823Z remote: Counting objects:  25% (19/74)        
2022-03-29T09:35:11.7260172Z remote: Counting objects:  27% (20/74)        
2022-03-29T09:35:11.7260543Z remote: Counting objects:  28% (21/74)        
2022-03-29T09:35:11.7260904Z remote: Counting objects:  29% (22/74)        
2022-03-29T09:35:11.7261253Z remote: Counting objects:  31% (23/74)        
2022-03-29T09:35:11.7261613Z remote: Counting objects:  32% (24/74)        
2022-03-29T09:35:11.7261976Z remote: Counting objects:  33% (25/74)        
2022-03-29T09:35:11.7262338Z remote: Counting objects:  35% (26/74)        
2022-03-29T09:35:11.7262684Z remote: Counting objects:  36% (27/74)        
2022-03-29T09:35:11.7263054Z remote: Counting objects:  37% (28/74)        
2022-03-29T09:35:11.7263419Z remote: Counting objects:  39% (29/74)        
2022-03-29T09:35:11.7263781Z remote: Counting objects:  40% (30/74)        
2022-03-29T09:35:11.7264134Z remote: Counting objects:  41% (31/74)        
2022-03-29T09:35:11.7264525Z remote: Counting objects:  43% (32/74)        
2022-03-29T09:35:11.7264943Z remote: Counting objects:  44% (33/74)        
2022-03-29T09:35:11.7265335Z remote: Counting objects:  45% (34/74)        
2022-03-29T09:35:11.7265695Z remote: Counting objects:  47% (35/74)        
2022-03-29T09:35:11.7266687Z remote: Counting objects:  48% (36/74)        
2022-03-29T09:35:11.7267111Z remote: Counting objects:  50% (37/74)        
2022-03-29T09:35:11.7267480Z remote: Counting objects:  51% (38/74)        
2022-03-29T09:35:11.7267840Z remote: Counting objects:  52% (39/74)        
2022-03-29T09:35:11.7268387Z remote: Counting objects:  54% (40/74)        
2022-03-29T09:35:11.7268889Z remote: Counting objects:  55% (41/74)        
2022-03-29T09:35:11.7269405Z remote: Counting objects:  56% (42/74)        
2022-03-29T09:35:11.7269784Z remote: Counting objects:  58% (43/74)        
2022-03-29T09:35:11.7270156Z remote: Counting objects:  59% (44/74)        
2022-03-29T09:35:11.7270523Z remote: Counting objects:  60% (45/74)        
2022-03-29T09:35:11.7270895Z remote: Counting objects:  62% (46/74)        
2022-03-29T09:35:11.7271247Z remote: Counting objects:  63% (47/74)        
2022-03-29T09:35:11.7271845Z remote: Counting objects:  64% (48/74)        
2022-03-29T09:35:11.7272285Z remote: Counting objects:  66% (49/74)        
2022-03-29T09:35:11.7272650Z remote: Counting objects:  67% (50/74)        
2022-03-29T09:35:11.7273019Z remote: Counting objects:  68% (51/74)        
2022-03-29T09:35:11.7273383Z remote: Counting objects:  70% (52/74)        
2022-03-29T09:35:11.7273833Z remote: Counting objects:  71% (53/74)        
2022-03-29T09:35:11.7274187Z remote: Counting objects:  72% (54/74)        
2022-03-29T09:35:11.7274555Z remote: Counting objects:  74% (55/74)        
2022-03-29T09:35:11.7274917Z remote: Counting objects:  75% (56/74)        
2022-03-29T09:35:11.7275295Z remote: Counting objects:  77% (57/74)        
2022-03-29T09:35:11.7275662Z remote: Counting objects:  78% (58/74)        
2022-03-29T09:35:11.7276030Z remote: Counting objects:  79% (59/74)        
2022-03-29T09:35:11.7276554Z remote: Counting objects:  81% (60/74)        
2022-03-29T09:35:11.7276938Z remote: Counting objects:  82% (61/74)        
2022-03-29T09:35:11.7277398Z remote: Counting objects:  83% (62/74)        
2022-03-29T09:35:11.7277773Z remote: Counting objects:  85% (63/74)        
2022-03-29T09:35:11.7278121Z remote: Counting objects:  86% (64/74)        
2022-03-29T09:35:11.7278592Z remote: Counting objects:  87% (65/74)        
2022-03-29T09:35:11.7278944Z remote: Counting objects:  89% (66/74)        
2022-03-29T09:35:11.7279317Z remote: Counting objects:  90% (67/74)        
2022-03-29T09:35:11.7279682Z remote: Counting objects:  91% (68/74)        
2022-03-29T09:35:11.7280063Z remote: Counting objects:  93% (69/74)        
2022-03-29T09:35:11.7280433Z remote: Counting objects:  94% (70/74)        
2022-03-29T09:35:11.7280801Z remote: Counting objects:  95% (71/74)        
2022-03-29T09:35:11.7281165Z remote: Counting objects:  97% (72/74)        
2022-03-29T09:35:11.7281558Z remote: Counting objects:  98% (73/74)        
2022-03-29T09:35:11.7281909Z remote: Counting objects: 100% (74/74)        
2022-03-29T09:35:11.7282303Z remote: Counting objects: 100% (74/74), done.        
2022-03-29T09:35:11.7282741Z remote: Compressing objects:   2% (1/41)        
2022-03-29T09:35:11.7283132Z remote: Compressing objects:   4% (2/41)        
2022-03-29T09:35:11.7283525Z remote: Compressing objects:   7% (3/41)        
2022-03-29T09:35:11.7283911Z remote: Compressing objects:   9% (4/41)        
2022-03-29T09:35:11.7284298Z remote: Compressing objects:  12% (5/41)        
2022-03-29T09:35:11.7284697Z remote: Compressing objects:  14% (6/41)        
2022-03-29T09:35:11.7285078Z remote: Compressing objects:  17% (7/41)        
2022-03-29T09:35:11.7285465Z remote: Compressing objects:  19% (8/41)        
2022-03-29T09:35:11.7804725Z remote: Compressing objects:  21% (9/41)        
2022-03-29T09:35:11.7809753Z remote: Compressing objects:  24% (10/41)        
2022-03-29T09:35:11.7815583Z remote: Compressing objects:  26% (11/41)        
2022-03-29T09:35:11.7815900Z remote: Compressing objects:  29% (12/41)        
2022-03-29T09:35:11.7816225Z remote: Compressing objects:  31% (13/41)        
2022-03-29T09:35:11.7816537Z remote: Compressing objects:  34% (14/41)        
2022-03-29T09:35:11.7816833Z remote: Compressing objects:  36% (15/41)        
2022-03-29T09:35:11.7817141Z remote: Compressing objects:  39% (16/41)        
2022-03-29T09:35:11.7817449Z remote: Compressing objects:  41% (17/41)        
2022-03-29T09:35:11.7817737Z remote: Compressing objects:  43% (18/41)        
2022-03-29T09:35:11.7818040Z remote: Compressing objects:  46% (19/41)        
2022-03-29T09:35:11.7818341Z remote: Compressing objects:  48% (20/41)        
2022-03-29T09:35:11.7818626Z remote: Compressing objects:  51% (21/41)        
2022-03-29T09:35:11.7818934Z remote: Compressing objects:  53% (22/41)        
2022-03-29T09:35:11.7819233Z remote: Compressing objects:  56% (23/41)        
2022-03-29T09:35:11.7819784Z remote: Compressing objects:  58% (24/41)        
2022-03-29T09:35:11.7820164Z remote: Compressing objects:  60% (25/41)        
2022-03-29T09:35:11.7820575Z remote: Compressing objects:  63% (26/41)        
2022-03-29T09:35:11.7820964Z remote: Compressing objects:  65% (27/41)        
2022-03-29T09:35:11.7821357Z remote: Compressing objects:  68% (28/41)        
2022-03-29T09:35:11.7821732Z remote: Compressing objects:  70% (29/41)        
2022-03-29T09:35:11.7822121Z remote: Compressing objects:  73% (30/41)        
2022-03-29T09:35:11.7822503Z remote: Compressing objects:  75% (31/41)        
2022-03-29T09:35:11.7822891Z remote: Compressing objects:  78% (32/41)        
2022-03-29T09:35:11.7823263Z remote: Compressing objects:  80% (33/41)        
2022-03-29T09:35:11.7823650Z remote: Compressing objects:  82% (34/41)        
2022-03-29T09:35:11.7824047Z remote: Compressing objects:  85% (35/41)        
2022-03-29T09:35:11.7824439Z remote: Compressing objects:  87% (36/41)        
2022-03-29T09:35:11.7825190Z remote: Compressing objects:  90% (37/41)        
2022-03-29T09:35:11.7825613Z remote: Compressing objects:  92% (38/41)        
2022-03-29T09:35:11.7826130Z remote: Compressing objects:  95% (39/41)        
2022-03-29T09:35:11.7826521Z remote: Compressing objects:  97% (40/41)        
2022-03-29T09:35:11.7826893Z remote: Compressing objects: 100% (41/41)        
2022-03-29T09:35:11.7827305Z remote: Compressing objects: 100% (41/41), done.        
2022-03-29T09:35:11.9185509Z remote: Total 74 (delta 25), reused 63 (delta 18), pack-reused 0        
2022-03-29T09:35:11.9328883Z From https://github.com/lmove/breakbot-paper-ext
2022-03-29T09:35:11.9329285Z  * [new branch]      main       -> origin/main
2022-03-29T09:35:11.9367707Z [command]/usr/bin/git branch --list --remote origin/main
2022-03-29T09:35:11.9397784Z   origin/main
2022-03-29T09:35:11.9407089Z [command]/usr/bin/git rev-parse refs/remotes/origin/main
2022-03-29T09:35:11.9436266Z 61d9256eec250b42a596d645b01a56114b6931d6
2022-03-29T09:35:11.9441140Z ##[endgroup]
2022-03-29T09:35:11.9442180Z ##[group]Determining the checkout info
2022-03-29T09:35:11.9446711Z ##[endgroup]
2022-03-29T09:35:11.9448802Z ##[group]Checking out the ref
2022-03-29T09:35:11.9456029Z [command]/usr/bin/git checkout --progress --force -B main refs/remotes/origin/main
2022-03-29T09:35:11.9529568Z Switched to a new branch 'main'
2022-03-29T09:35:11.9531652Z branch 'main' set up to track 'origin/main'.
2022-03-29T09:35:11.9536322Z ##[endgroup]
2022-03-29T09:35:11.9585377Z [command]/usr/bin/git log -1 --format='%H'
2022-03-29T09:35:11.9618271Z '61d9256eec250b42a596d645b01a56114b6931d6'
2022-03-29T09:35:11.9914108Z ##[group]Run xu-cheng/latex-action@v2
2022-03-29T09:35:11.9914353Z with:
2022-03-29T09:35:11.9914652Z   root_file: main.tex
main-diff4de2846f729c832425b7404abcd2e401fbdf78ee.tex

2022-03-29T09:35:11.9915044Z   args: -pdf -file-line-error -interaction=nonstopmode -Werror
2022-03-29T09:35:11.9915339Z   latexmk_shell_escape: true
2022-03-29T09:35:11.9915569Z   extra_system_packages: git patch
2022-03-29T09:35:11.9916018Z   pre_compile: latexdiff-vc --git --flatten --disable-auto-mbox --exclude-safecmd="Cref,Cref\*,hspace" -r 4de2846f729c832425b7404abcd2e401fbdf78ee main.tex

2022-03-29T09:35:11.9916438Z   compiler: latexmk
2022-03-29T09:35:11.9916631Z ##[endgroup]
2022-03-29T09:35:12.0150366Z ##[command]/usr/bin/docker run --name a95e8a5f6dbabaee4f6e8f835f0eb6baef99_b5fb4e --label 29a95e --workdir /github/workspace --rm -e INPUT_ROOT_FILE -e INPUT_ARGS -e INPUT_LATEXMK_SHELL_ESCAPE -e INPUT_EXTRA_SYSTEM_PACKAGES -e INPUT_PRE_COMPILE -e INPUT_GLOB_ROOT_FILE -e INPUT_WORKING_DIRECTORY -e INPUT_WORK_IN_ROOT_FILE_DIR -e INPUT_COMPILER -e INPUT_EXTRA_PACKAGES -e INPUT_EXTRA_FONTS -e INPUT_POST_COMPILE -e INPUT_LATEXMK_USE_LUALATEX -e INPUT_LATEXMK_USE_XELATEX -e HOME -e GITHUB_JOB -e GITHUB_REF -e GITHUB_SHA -e GITHUB_REPOSITORY -e GITHUB_REPOSITORY_OWNER -e GITHUB_RUN_ID -e GITHUB_RUN_NUMBER -e GITHUB_RETENTION_DAYS -e GITHUB_RUN_ATTEMPT -e GITHUB_ACTOR -e GITHUB_WORKFLOW -e GITHUB_HEAD_REF -e GITHUB_BASE_REF -e GITHUB_EVENT_NAME -e GITHUB_SERVER_URL -e GITHUB_API_URL -e GITHUB_GRAPHQL_URL -e GITHUB_REF_NAME -e GITHUB_REF_PROTECTED -e GITHUB_REF_TYPE -e GITHUB_WORKSPACE -e GITHUB_ACTION -e GITHUB_EVENT_PATH -e GITHUB_ACTION_REPOSITORY -e GITHUB_ACTION_REF -e GITHUB_PATH -e GITHUB_ENV -e GITHUB_STEP_SUMMARY -e RUNNER_OS -e RUNNER_ARCH -e RUNNER_NAME -e RUNNER_TOOL_CACHE -e RUNNER_TEMP -e RUNNER_WORKSPACE -e ACTIONS_RUNTIME_URL -e ACTIONS_RUNTIME_TOKEN -e ACTIONS_CACHE_URL -e GITHUB_ACTIONS=true -e CI=true -v "/var/run/docker.sock":"/var/run/docker.sock" -v "/home/runner/work/_temp/_github_home":"/github/home" -v "/home/runner/work/_temp/_github_workflow":"/github/workflow" -v "/home/runner/work/_temp/_runner_file_commands":"/github/file_commands" -v "/home/runner/work/breakbot-paper-ext/breakbot-paper-ext":"/github/workspace" 29a95e:8a5f6dbabaee4f6e8f835f0eb6baef99  "main.tex
main-diff4de2846f729c832425b7404abcd2e401fbdf78ee.tex
" "" "" "" "latexmk" "-pdf -file-line-error -interaction=nonstopmode -Werror" "" "git patch" "" "latexdiff-vc --git --flatten --disable-auto-mbox --exclude-safecmd=\"Cref,Cref\*,hspace\" -r 4de2846f729c832425b7404abcd2e401fbdf78ee main.tex
" "" "true" "" ""
2022-03-29T09:35:12.4681971Z [1;34mInstall git by apk[0m
2022-03-29T09:35:12.6370441Z fetch https://dl-cdn.alpinelinux.org/alpine/v3.15/main/x86_64/APKINDEX.tar.gz
2022-03-29T09:35:12.7863566Z fetch https://dl-cdn.alpinelinux.org/alpine/v3.15/community/x86_64/APKINDEX.tar.gz
2022-03-29T09:35:13.0490659Z (1/7) Installing nghttp2-libs (1.46.0-r0)
2022-03-29T09:35:13.0617837Z (2/7) Installing libcurl (7.80.0-r0)
2022-03-29T09:35:13.0841570Z (3/7) Installing pcre2 (10.39-r0)
2022-03-29T09:35:13.1071908Z (4/7) Installing git (2.34.1-r0)
2022-03-29T09:35:13.3092889Z (5/7) Installing perl-error (0.17029-r1)
2022-03-29T09:35:13.3289250Z (6/7) Installing perl-git (2.34.1-r0)
2022-03-29T09:35:13.3406135Z (7/7) Installing git-perl (2.34.1-r0)
2022-03-29T09:35:13.3513948Z Executing busybox-1.34.1-r3.trigger
2022-03-29T09:35:13.3669020Z OK: 430 MiB in 163 packages
2022-03-29T09:35:13.4134407Z [1;34mInstall patch by apk[0m
2022-03-29T09:35:13.4226554Z fetch https://dl-cdn.alpinelinux.org/alpine/v3.15/main/x86_64/APKINDEX.tar.gz
2022-03-29T09:35:13.5862287Z fetch https://dl-cdn.alpinelinux.org/alpine/v3.15/community/x86_64/APKINDEX.tar.gz
2022-03-29T09:35:13.8164581Z (1/1) Installing patch (2.7.6-r7)
2022-03-29T09:35:13.8308783Z Executing busybox-1.34.1-r3.trigger
2022-03-29T09:35:13.8390388Z OK: 430 MiB in 164 packages
2022-03-29T09:35:13.8913481Z [1;34mRun pre compile commands[0m
2022-03-29T09:35:13.9825683Z Working on  main.tex 
2022-03-29T09:35:13.9827373Z Checking out old dir into: /tmp/gcpCpIoGSW/latexdiff-vc-4de2846f729c832425b7404abcd2e401fbdf78ee (rev: 4de2846f729c832425b7404abcd2e401fbdf78ee)
2022-03-29T09:35:13.9931342Z Running: latexdiff  '--disable-auto-mbox' '--exclude-safecmd=Cref,Cref\*,hspace' '--flatten' "/tmp/gcpCpIoGSW/latexdiff-vc-4de2846f729c832425b7404abcd2e401fbdf78ee/main.tex" "main.tex" > "main-diff4de2846f729c832425b7404abcd2e401fbdf78ee.tex"
2022-03-29T09:35:14.1751886Z Bibliography file /tmp/gcpCpIoGSW/latexdiff-vc-4de2846f729c832425b7404abcd2e401fbdf78ee/main.bbl cannot be found. No flattening of \bibliography done. Run bibtex on old and new files first at /opt/texlive/texdir/bin/x86_64-linuxmusl/latexdiff line 2017.
2022-03-29T09:35:14.1818108Z Bibliography file /github/workspace/main.bbl cannot be found. No flattening of \bibliography done. Run bibtex on old and new files first at /opt/texlive/texdir/bin/x86_64-linuxmusl/latexdiff line 2017.
2022-03-29T09:35:14.3744907Z Generated difference file main-diff4de2846f729c832425b7404abcd2e401fbdf78ee.tex
2022-03-29T09:35:14.3769669Z [1;34mCompile main.tex[0m
2022-03-29T09:35:14.4953716Z Rc files read:
2022-03-29T09:35:14.4954681Z   NONE
2022-03-29T09:35:14.4955482Z Latexmk: This is Latexmk, John Collins, 20 November 2021, version: 4.76.
2022-03-29T09:35:14.4996535Z Rule 'pdflatex': File changes, etc:
2022-03-29T09:35:14.4996920Z Latexmk: applying rule 'pdflatex'...
2022-03-29T09:35:14.5005674Z    Changed files, or newly in use since previous run(s):
2022-03-29T09:35:14.5006592Z       'main.tex'
2022-03-29T09:35:14.5007000Z ------------
2022-03-29T09:35:14.5007316Z Run number 1 of rule 'pdflatex'
2022-03-29T09:35:14.5007786Z ------------
2022-03-29T09:35:14.5008098Z ------------
2022-03-29T09:35:14.5008571Z Running 'pdflatex  -file-line-error -interaction=nonstopmode -shell-escape -recorder  "main.tex"'
2022-03-29T09:35:14.5009040Z ------------
2022-03-29T09:35:14.6166155Z This is pdfTeX, Version 3.141592653-2.6-1.40.23 (TeX Live 2021) (preloaded format=pdflatex)
2022-03-29T09:35:14.6166943Z  \write18 enabled.
2022-03-29T09:35:14.6828007Z entering extended mode
2022-03-29T09:35:14.6829389Z (./main.tex
2022-03-29T09:35:14.6830107Z LaTeX2e <2021-11-15> patch level 1
2022-03-29T09:35:14.6868779Z L3 programming layer <2022-02-24> (./IEEEtran.cls
2022-03-29T09:35:14.6869296Z Document Class: IEEEtran 2015/08/26 V1.8b by Michael Shell
2022-03-29T09:35:14.6869769Z -- See the "IEEEtran_HOWTO" manual for usage information.
2022-03-29T09:35:14.6870191Z -- http://www.michaelshell.org/tex/ieeetran/
2022-03-29T09:35:14.7070288Z (/opt/texlive/texdir/texmf-dist/tex/latex/psnfss/ot1ppl.fd)
2022-03-29T09:35:14.7071097Z -- Using IEEE Computer Society mode.
2022-03-29T09:35:14.7071858Z -- Using 8.5in x 11in (letter) paper.
2022-03-29T09:35:14.7072221Z -- Using PDF output.
2022-03-29T09:35:14.7072655Z -- This is a 10 point document.
2022-03-29T09:35:14.7136554Z ) (/opt/texlive/texdir/texmf-dist/tex/latex/cite/cite.sty)
2022-03-29T09:35:14.7163476Z (/opt/texlive/texdir/texmf-dist/tex/latex/url/url.sty)
2022-03-29T09:35:14.7222315Z (/opt/texlive/texdir/texmf-dist/tex/latex/preprint/balance.sty)
2022-03-29T09:35:14.7236289Z (/opt/texlive/texdir/texmf-dist/tex/latex/l3backend/l3backend-pdftex.def)
2022-03-29T09:35:14.7266912Z (./main.aux)
2022-03-29T09:35:14.7267520Z -- Lines per column: 61 (exact).
2022-03-29T09:35:14.7312364Z (/opt/texlive/texdir/texmf-dist/tex/latex/psnfss/ot1phv.fd)
2022-03-29T09:35:14.7354369Z (/opt/texlive/texdir/texmf-dist/tex/latex/psnfss/upzd.fd)
2022-03-29T09:35:14.7384074Z (./content/introduction.tex) (./content/motivation.tex) (./content/method.tex)
2022-03-29T09:35:14.7406383Z (./content/maracas.tex) (./content/breakbot.tex) (./content/evaluation.tex)
2022-03-29T09:35:14.7425975Z (./content/discussion.tex) (./content/rw.tex) (./content/conclusion.tex)
2022-03-29T09:35:14.7481007Z (./content/brainstorm.tex
2022-03-29T09:35:14.7481739Z Underfull \hbox (badness 3260) in paragraph at lines 29--30
2022-03-29T09:35:14.7483937Z []\OT1/ppl/m/n/9.53561 Outcome: Ap-plied research/solution-seeking re-
2022-03-29T09:35:14.7484602Z 
2022-03-29T09:35:14.7484994Z LaTeX Warning: Citation `kiger2020thematic' on page 1 undefined on input line 5
2022-03-29T09:35:14.7485379Z 3.
2022-03-29T09:35:14.7485476Z 
2022-03-29T09:35:14.7516166Z ) (./content/interviews.tex [1{/opt/texlive/texdir/texmf-var/fonts/map/pdftex/u
2022-03-29T09:35:14.8680420Z pdmap/pdftex.map}]) [2]
2022-03-29T09:35:14.8680847Z No file main.bbl.
2022-03-29T09:35:14.8681286Z [3] (./main.aux)
2022-03-29T09:35:14.8685012Z 
2022-03-29T09:35:14.8685165Z LaTeX Warning: There were undefined references.
2022-03-29T09:35:14.8685412Z 
2022-03-29T09:35:14.8685418Z 
2022-03-29T09:35:14.8685968Z LaTeX Warning: Label(s) may have changed. Rerun to get cross-references right.
2022-03-29T09:35:14.8686225Z 
2022-03-29T09:35:14.8686333Z  )
2022-03-29T09:35:14.8686718Z (see the transcript file for additional information){/opt/texlive/texdir/texmf-
2022-03-29T09:35:14.8687371Z dist/fonts/enc/dvips/base/8r.enc}</opt/texlive/texdir/texmf-dist/fonts/type1/pu
2022-03-29T09:35:14.8695839Z blic/amsfonts/cm/cmsy10.pfb></opt/texlive/texdir/texmf-dist/fonts/type1/public/
2022-03-29T09:35:14.8706201Z amsfonts/cm/cmsy7.pfb></opt/texlive/texdir/texmf-dist/fonts/type1/public/amsfon
2022-03-29T09:35:14.8716981Z ts/cm/cmsy8.pfb></opt/texlive/texdir/texmf-dist/fonts/type1/urw/helvetic/uhvb8a
2022-03-29T09:35:14.8746358Z .pfb></opt/texlive/texdir/texmf-dist/fonts/type1/urw/helvetic/uhvr8a.pfb></opt/
2022-03-29T09:35:14.8760650Z texlive/texdir/texmf-dist/fonts/type1/urw/helvetic/uhvro8a.pfb></opt/texlive/te
2022-03-29T09:35:14.8780985Z xdir/texmf-dist/fonts/type1/urw/palatino/uplb8a.pfb></opt/texlive/texdir/texmf-
2022-03-29T09:35:14.8804799Z dist/fonts/type1/urw/palatino/uplr8a.pfb></opt/texlive/texdir/texmf-dist/fonts/
2022-03-29T09:35:14.8823586Z type1/urw/palatino/uplri8a.pfb></opt/texlive/texdir/texmf-dist/fonts/type1/urw/
2022-03-29T09:35:14.8982064Z zapfding/uzdr.pfb>
2022-03-29T09:35:14.8982542Z Output written on main.pdf (3 pages, 118387 bytes).
2022-03-29T09:35:14.8982964Z Transcript written on main.log.
2022-03-29T09:35:14.9325927Z Latexmk: Missing bbl file 'main.bbl' in following:
2022-03-29T09:35:14.9326532Z  No file main.bbl.
2022-03-29T09:35:14.9336454Z Latexmk: References changed.
2022-03-29T09:35:14.9369722Z Latexmk: Log file says output to 'main.pdf'
2022-03-29T09:35:14.9383518Z Latexmk: List of undefined refs and citations:
2022-03-29T09:35:14.9384123Z   Citation `kiger2020thematic' on page 1 undefined on input line 53
2022-03-29T09:35:14.9391365Z Latexmk: Examining 'main.log'
2022-03-29T09:35:14.9392243Z === TeX engine is 'pdfTeX'
2022-03-29T09:35:15.0479066Z Latexmk: Found bibliography file(s) [main.bib]
2022-03-29T09:35:15.0724094Z Rule 'bibtex main': File changes, etc:
2022-03-29T09:35:15.0724607Z    Changed files, or newly in use since previous run(s):
2022-03-29T09:35:15.0728814Z       'main.aux'
2022-03-29T09:35:15.0729525Z Latexmk: applying rule 'bibtex main'...
2022-03-29T09:35:15.0731551Z ------------
2022-03-29T09:35:15.0732220Z Run number 1 of rule 'bibtex main'
2022-03-29T09:35:15.0732973Z ------------
2022-03-29T09:35:15.0733501Z ------------
2022-03-29T09:35:15.0734135Z Running 'bibtex  "main.aux"'
2022-03-29T09:35:15.0734705Z ------------
2022-03-29T09:35:15.1808537Z This is BibTeX, Version 0.99d (TeX Live 2021)
2022-03-29T09:35:15.1828344Z The top-level auxiliary file: main.aux
2022-03-29T09:35:15.1829089Z The style file: IEEEtran.bst
2022-03-29T09:35:15.1829635Z Database file #1: main.bib
2022-03-29T09:35:15.1830272Z -- IEEEtran.bst version 1.14 (2015/08/26) by Michael Shell.
2022-03-29T09:35:15.1831091Z -- http://www.michaelshell.org/tex/ieeetran/bibtex/
2022-03-29T09:35:15.1831910Z -- See the "IEEEtran_bst_HOWTO.pdf" manual for usage information.
2022-03-29T09:35:15.1832284Z 
2022-03-29T09:35:15.1832485Z Done.
2022-03-29T09:35:15.1863379Z Rule 'pdflatex': File changes, etc:
2022-03-29T09:35:15.1863942Z    Changed files, or newly in use since previous run(s):
2022-03-29T09:35:15.1864317Z       'main.aux'
2022-03-29T09:35:15.1864894Z       'main.bbl'
2022-03-29T09:35:15.1870171Z ------------
2022-03-29T09:35:15.1870539Z Run number 2 of rule 'pdflatex'
2022-03-29T09:35:15.1871004Z ------------
2022-03-29T09:35:15.1871362Z ------------
2022-03-29T09:35:15.1872414Z Running 'pdflatex  -file-line-error -interaction=nonstopmode -shell-escape -recorder  "main.tex"'
2022-03-29T09:35:15.1872869Z ------------
2022-03-29T09:35:15.1873272Z Latexmk: applying rule 'pdflatex'...
2022-03-29T09:35:15.2872406Z This is pdfTeX, Version 3.141592653-2.6-1.40.23 (TeX Live 2021) (preloaded format=pdflatex)
2022-03-29T09:35:15.2872881Z  \write18 enabled.
2022-03-29T09:35:15.3436734Z entering extended mode
2022-03-29T09:35:15.3437152Z (./main.tex
2022-03-29T09:35:15.3437974Z LaTeX2e <2021-11-15> patch level 1
2022-03-29T09:35:15.3471904Z L3 programming layer <2022-02-24> (./IEEEtran.cls
2022-03-29T09:35:15.3472425Z Document Class: IEEEtran 2015/08/26 V1.8b by Michael Shell
2022-03-29T09:35:15.3472970Z -- See the "IEEEtran_HOWTO" manual for usage information.
2022-03-29T09:35:15.3473473Z -- http://www.michaelshell.org/tex/ieeetran/
2022-03-29T09:35:15.3651711Z (/opt/texlive/texdir/texmf-dist/tex/latex/psnfss/ot1ppl.fd)
2022-03-29T09:35:15.3652152Z -- Using IEEE Computer Society mode.
2022-03-29T09:35:15.3652748Z -- Using 8.5in x 11in (letter) paper.
2022-03-29T09:35:15.3653132Z -- Using PDF output.
2022-03-29T09:35:15.3653437Z -- This is a 10 point document.
2022-03-29T09:35:15.3704455Z ) (/opt/texlive/texdir/texmf-dist/tex/latex/cite/cite.sty)
2022-03-29T09:35:15.3729824Z (/opt/texlive/texdir/texmf-dist/tex/latex/url/url.sty)
2022-03-29T09:35:15.3794816Z (/opt/texlive/texdir/texmf-dist/tex/latex/preprint/balance.sty)
2022-03-29T09:35:15.3795478Z (/opt/texlive/texdir/texmf-dist/tex/latex/l3backend/l3backend-pdftex.def)
2022-03-29T09:35:15.3815636Z (./main.aux)
2022-03-29T09:35:15.3816120Z -- Lines per column: 61 (exact).
2022-03-29T09:35:15.3852741Z (/opt/texlive/texdir/texmf-dist/tex/latex/psnfss/ot1phv.fd)
2022-03-29T09:35:15.3888892Z (/opt/texlive/texdir/texmf-dist/tex/latex/psnfss/upzd.fd)
2022-03-29T09:35:15.3913269Z (./content/introduction.tex) (./content/motivation.tex) (./content/method.tex)
2022-03-29T09:35:15.3932334Z (./content/maracas.tex) (./content/breakbot.tex) (./content/evaluation.tex)
2022-03-29T09:35:15.3955081Z (./content/discussion.tex) (./content/rw.tex) (./content/conclusion.tex)
2022-03-29T09:35:15.3998631Z (./content/brainstorm.tex
2022-03-29T09:35:15.3999350Z Underfull \hbox (badness 3260) in paragraph at lines 29--30
2022-03-29T09:35:15.4001192Z []\OT1/ppl/m/n/9.53561 Outcome: Ap-plied research/solution-seeking re-
2022-03-29T09:35:15.4001808Z 
2022-03-29T09:35:15.4002106Z LaTeX Warning: Citation `kiger2020thematic' on page 1 undefined on input line 5
2022-03-29T09:35:15.4002638Z 3.
2022-03-29T09:35:15.4002772Z 
2022-03-29T09:35:15.4029323Z ) (./content/interviews.tex [1{/opt/texlive/texdir/texmf-var/fonts/map/pdftex/u
2022-03-29T09:35:15.5064661Z pdmap/pdftex.map}]) [2] (./main.bbl) [3] (./main.aux)
2022-03-29T09:35:15.5065052Z 
2022-03-29T09:35:15.5065324Z LaTeX Warning: There were undefined references.
2022-03-29T09:35:15.5065568Z 
2022-03-29T09:35:15.5065574Z 
2022-03-29T09:35:15.5066368Z LaTeX Warning: Label(s) may have changed. Rerun to get cross-references right.
2022-03-29T09:35:15.5066667Z 
2022-03-29T09:35:15.5066788Z  )
2022-03-29T09:35:15.5067144Z (see the transcript file for additional information){/opt/texlive/texdir/texmf-
2022-03-29T09:35:15.5068370Z dist/fonts/enc/dvips/base/8r.enc}</opt/texlive/texdir/texmf-dist/fonts/type1/pu
2022-03-29T09:35:15.5075685Z blic/amsfonts/cm/cmsy10.pfb></opt/texlive/texdir/texmf-dist/fonts/type1/public/
2022-03-29T09:35:15.5087338Z amsfonts/cm/cmsy7.pfb></opt/texlive/texdir/texmf-dist/fonts/type1/public/amsfon
2022-03-29T09:35:15.5093110Z ts/cm/cmsy8.pfb></opt/texlive/texdir/texmf-dist/fonts/type1/urw/helvetic/uhvb8a
2022-03-29T09:35:15.5137173Z .pfb></opt/texlive/texdir/texmf-dist/fonts/type1/urw/helvetic/uhvr8a.pfb></opt/
2022-03-29T09:35:15.5137926Z texlive/texdir/texmf-dist/fonts/type1/urw/helvetic/uhvro8a.pfb></opt/texlive/te
2022-03-29T09:35:15.5148106Z xdir/texmf-dist/fonts/type1/urw/palatino/uplb8a.pfb></opt/texlive/texdir/texmf-
2022-03-29T09:35:15.5169885Z dist/fonts/type1/urw/palatino/uplr8a.pfb></opt/texlive/texdir/texmf-dist/fonts/
2022-03-29T09:35:15.5185716Z type1/urw/palatino/uplri8a.pfb></opt/texlive/texdir/texmf-dist/fonts/type1/urw/
2022-03-29T09:35:15.5330834Z zapfding/uzdr.pfb>
2022-03-29T09:35:15.5331211Z Output written on main.pdf (3 pages, 119651 bytes).
2022-03-29T09:35:15.5332008Z Transcript written on main.log.
2022-03-29T09:35:15.5632388Z Latexmk: Found input bbl file 'main.bbl'
2022-03-29T09:35:15.5638919Z Latexmk: References changed.
2022-03-29T09:35:15.5669567Z Latexmk: Log file says output to 'main.pdf'
2022-03-29T09:35:15.5679971Z Latexmk: List of undefined refs and citations:
2022-03-29T09:35:15.5680658Z   Citation `kiger2020thematic' on page 1 undefined on input line 53
2022-03-29T09:35:15.5688167Z Latexmk: Examining 'main.log'
2022-03-29T09:35:15.5688612Z === TeX engine is 'pdfTeX'
2022-03-29T09:35:15.6688351Z Latexmk: Found bibliography file(s) [main.bib]
2022-03-29T09:35:15.6734547Z Rule 'bibtex main': File changes, etc:
2022-03-29T09:35:15.6735183Z    Changed files, or newly in use since previous run(s):
2022-03-29T09:35:15.6735738Z       'main.aux'
2022-03-29T09:35:15.6736329Z ------------
2022-03-29T09:35:15.6741037Z Run number 2 of rule 'bibtex main'
2022-03-29T09:35:15.6741420Z Latexmk: applying rule 'bibtex main'...
2022-03-29T09:35:15.6741772Z ------------
2022-03-29T09:35:15.6748303Z ------------
2022-03-29T09:35:15.6748748Z Running 'bibtex  "main.aux"'
2022-03-29T09:35:15.6749258Z ------------
2022-03-29T09:35:15.7880973Z This is BibTeX, Version 0.99d (TeX Live 2021)
2022-03-29T09:35:15.7906606Z The top-level auxiliary file: main.aux
2022-03-29T09:35:15.7906943Z The style file: IEEEtran.bst
2022-03-29T09:35:15.7907464Z Database file #1: main.bib
2022-03-29T09:35:15.7907962Z -- IEEEtran.bst version 1.14 (2015/08/26) by Michael Shell.
2022-03-29T09:35:15.7908429Z -- http://www.michaelshell.org/tex/ieeetran/bibtex/
2022-03-29T09:35:15.7908933Z -- See the "IEEEtran_bst_HOWTO.pdf" manual for usage information.
2022-03-29T09:35:15.7909177Z 
2022-03-29T09:35:15.7909288Z Done.
2022-03-29T09:35:15.7941727Z Rule 'pdflatex': File changes, etc:
2022-03-29T09:35:15.7942274Z    Changed files, or newly in use since previous run(s):
2022-03-29T09:35:15.7942655Z       'main.aux'
2022-03-29T09:35:15.7942912Z ------------
2022-03-29T09:35:15.7943268Z Run number 3 of rule 'pdflatex'
2022-03-29T09:35:15.7943773Z ------------
2022-03-29T09:35:15.7952038Z ------------
2022-03-29T09:35:15.7952443Z Latexmk: applying rule 'pdflatex'...
2022-03-29T09:35:15.7953301Z Running 'pdflatex  -file-line-error -interaction=nonstopmode -shell-escape -recorder  "main.tex"'
2022-03-29T09:35:15.7953937Z ------------
2022-03-29T09:35:15.9053464Z This is pdfTeX, Version 3.141592653-2.6-1.40.23 (TeX Live 2021) (preloaded format=pdflatex)
2022-03-29T09:35:15.9053848Z  \write18 enabled.
2022-03-29T09:35:15.9691673Z entering extended mode
2022-03-29T09:35:15.9692312Z (./main.tex
2022-03-29T09:35:15.9692919Z LaTeX2e <2021-11-15> patch level 1
2022-03-29T09:35:15.9731257Z L3 programming layer <2022-02-24> (./IEEEtran.cls
2022-03-29T09:35:15.9868769Z Document Class: IEEEtran 2015/08/26 V1.8b by Michael Shell
2022-03-29T09:35:15.9869458Z -- See the "IEEEtran_HOWTO" manual for usage information.
2022-03-29T09:35:15.9869861Z -- http://www.michaelshell.org/tex/ieeetran/
2022-03-29T09:35:15.9928914Z (/opt/texlive/texdir/texmf-dist/tex/latex/psnfss/ot1ppl.fd)
2022-03-29T09:35:15.9929353Z -- Using IEEE Computer Society mode.
2022-03-29T09:35:15.9929684Z -- Using 8.5in x 11in (letter) paper.
2022-03-29T09:35:15.9929947Z -- Using PDF output.
2022-03-29T09:35:15.9930233Z -- This is a 10 point document.
2022-03-29T09:35:15.9994924Z ) (/opt/texlive/texdir/texmf-dist/tex/latex/cite/cite.sty)
2022-03-29T09:35:16.0021588Z (/opt/texlive/texdir/texmf-dist/tex/latex/url/url.sty)
2022-03-29T09:35:16.0078276Z (/opt/texlive/texdir/texmf-dist/tex/latex/preprint/balance.sty)
2022-03-29T09:35:16.0093072Z (/opt/texlive/texdir/texmf-dist/tex/latex/l3backend/l3backend-pdftex.def)
2022-03-29T09:35:16.0124175Z (./main.aux)
2022-03-29T09:35:16.0124614Z -- Lines per column: 61 (exact).
2022-03-29T09:35:16.0166036Z (/opt/texlive/texdir/texmf-dist/tex/latex/psnfss/ot1phv.fd)
2022-03-29T09:35:16.0207116Z (/opt/texlive/texdir/texmf-dist/tex/latex/psnfss/upzd.fd)
2022-03-29T09:35:16.0237988Z (./content/introduction.tex) (./content/motivation.tex) (./content/method.tex)
2022-03-29T09:35:16.0258769Z (./content/maracas.tex) (./content/breakbot.tex) (./content/evaluation.tex)
2022-03-29T09:35:16.0278732Z (./content/discussion.tex) (./content/rw.tex) (./content/conclusion.tex)
2022-03-29T09:35:16.0332882Z (./content/brainstorm.tex
2022-03-29T09:35:16.0335293Z Underfull \hbox (badness 3260) in paragraph at lines 29--30
2022-03-29T09:35:16.0335754Z []\OT1/ppl/m/n/9.53561 Outcome: Ap-plied research/solution-seeking re-
2022-03-29T09:35:16.0366716Z ) (./content/interviews.tex [1{/opt/texlive/texdir/texmf-var/fonts/map/pdftex/u
2022-03-29T09:35:16.1554124Z pdmap/pdftex.map}]) [2] (./main.bbl) [3] (./main.aux) )
2022-03-29T09:35:16.1554874Z (see the transcript file for additional information){/opt/texlive/texdir/texmf-
2022-03-29T09:35:16.1564393Z dist/fonts/enc/dvips/base/8r.enc}</opt/texlive/texdir/texmf-dist/fonts/type1/pu
2022-03-29T09:35:16.1576275Z blic/amsfonts/cm/cmsy10.pfb></opt/texlive/texdir/texmf-dist/fonts/type1/public/
2022-03-29T09:35:16.1587062Z amsfonts/cm/cmsy7.pfb></opt/texlive/texdir/texmf-dist/fonts/type1/public/amsfon
2022-03-29T09:35:16.1598360Z ts/cm/cmsy8.pfb></opt/texlive/texdir/texmf-dist/fonts/type1/urw/helvetic/uhvb8a
2022-03-29T09:35:16.1628751Z .pfb></opt/texlive/texdir/texmf-dist/fonts/type1/urw/helvetic/uhvr8a.pfb></opt/
2022-03-29T09:35:16.1642818Z texlive/texdir/texmf-dist/fonts/type1/urw/helvetic/uhvro8a.pfb></opt/texlive/te
2022-03-29T09:35:16.1661875Z xdir/texmf-dist/fonts/type1/urw/palatino/uplb8a.pfb></opt/texlive/texdir/texmf-
2022-03-29T09:35:16.1685635Z dist/fonts/type1/urw/palatino/uplr8a.pfb></opt/texlive/texdir/texmf-dist/fonts/
2022-03-29T09:35:16.1703900Z type1/urw/palatino/uplri8a.pfb></opt/texlive/texdir/texmf-dist/fonts/type1/urw/
2022-03-29T09:35:16.1862442Z zapfding/uzdr.pfb>
2022-03-29T09:35:16.1862747Z Output written on main.pdf (3 pages, 119082 bytes).
2022-03-29T09:35:16.1863312Z Transcript written on main.log.
2022-03-29T09:35:16.2175240Z Latexmk: Found input bbl file 'main.bbl'
2022-03-29T09:35:16.2205394Z Latexmk: Log file says output to 'main.pdf'
2022-03-29T09:35:16.2224266Z Latexmk: Examining 'main.log'
2022-03-29T09:35:16.2224551Z === TeX engine is 'pdfTeX'
2022-03-29T09:35:16.3236905Z Latexmk: Found bibliography file(s) [main.bib]
2022-03-29T09:35:16.3322321Z Latexmk: All targets (main.pdf) are up-to-date
2022-03-29T09:35:16.3348931Z [1;34mCompile main-diff4de2846f729c832425b7404abcd2e401fbdf78ee.tex[0m
2022-03-29T09:35:16.4405170Z Rc files read:
2022-03-29T09:35:16.4405434Z   NONE
2022-03-29T09:35:16.4405708Z Latexmk: This is Latexmk, John Collins, 20 November 2021, version: 4.76.
2022-03-29T09:35:16.4438662Z Rule 'pdflatex': File changes, etc:
2022-03-29T09:35:16.4439025Z Latexmk: applying rule 'pdflatex'...
2022-03-29T09:35:16.4439683Z    Changed files, or newly in use since previous run(s):
2022-03-29T09:35:16.4442035Z       'main-diff4de2846f729c832425b7404abcd2e401fbdf78ee.tex'
2022-03-29T09:35:16.4442494Z ------------
2022-03-29T09:35:16.4443012Z Run number 1 of rule 'pdflatex'
2022-03-29T09:35:16.4443798Z ------------
2022-03-29T09:35:16.4444091Z ------------
2022-03-29T09:35:16.4444623Z Running 'pdflatex  -file-line-error -interaction=nonstopmode -shell-escape -recorder  "main-diff4de2846f729c832425b7404abcd2e401fbdf78ee.tex"'
2022-03-29T09:35:16.4445023Z ------------
2022-03-29T09:35:16.5447253Z This is pdfTeX, Version 3.141592653-2.6-1.40.23 (TeX Live 2021) (preloaded format=pdflatex)
2022-03-29T09:35:16.5447637Z  \write18 enabled.
2022-03-29T09:35:16.6015145Z entering extended mode
2022-03-29T09:35:16.6016242Z (./main-diff4de2846f729c832425b7404abcd2e401fbdf78ee.tex
2022-03-29T09:35:16.6016872Z LaTeX2e <2021-11-15> patch level 1
2022-03-29T09:35:16.6051758Z L3 programming layer <2022-02-24> (./IEEEtran.cls
2022-03-29T09:35:16.6052213Z Document Class: IEEEtran 2015/08/26 V1.8b by Michael Shell
2022-03-29T09:35:16.6052649Z -- See the "IEEEtran_HOWTO" manual for usage information.
2022-03-29T09:35:16.6053199Z -- http://www.michaelshell.org/tex/ieeetran/
2022-03-29T09:35:16.6233123Z (/opt/texlive/texdir/texmf-dist/tex/latex/psnfss/ot1ppl.fd)
2022-03-29T09:35:16.6233696Z -- Using IEEE Computer Society mode.
2022-03-29T09:35:16.6234064Z -- Using 8.5in x 11in (letter) paper.
2022-03-29T09:35:16.6234379Z -- Using PDF output.
2022-03-29T09:35:16.6234705Z -- This is a 10 point document.
2022-03-29T09:35:16.6293210Z ) (/opt/texlive/texdir/texmf-dist/tex/latex/cite/cite.sty)
2022-03-29T09:35:16.6319210Z (/opt/texlive/texdir/texmf-dist/tex/latex/url/url.sty)
2022-03-29T09:35:16.6341328Z (/opt/texlive/texdir/texmf-dist/tex/latex/preprint/balance.sty)
2022-03-29T09:35:16.6372398Z (/opt/texlive/texdir/texmf-dist/tex/generic/ulem/ulem.sty)
2022-03-29T09:35:16.6381610Z (/opt/texlive/texdir/texmf-dist/tex/latex/graphics/color.sty
2022-03-29T09:35:16.6392274Z (/opt/texlive/texdir/texmf-dist/tex/latex/graphics-cfg/color.cfg)
2022-03-29T09:35:16.6432756Z (/opt/texlive/texdir/texmf-dist/tex/latex/graphics-def/pdftex.def))
2022-03-29T09:35:16.6456144Z (/opt/texlive/texdir/texmf-dist/tex/latex/listings/listings.sty
2022-03-29T09:35:16.6511904Z (/opt/texlive/texdir/texmf-dist/tex/latex/graphics/keyval.sty)
2022-03-29T09:35:16.6550731Z (/opt/texlive/texdir/texmf-dist/tex/latex/listings/lstmisc.sty)
2022-03-29T09:35:16.6621280Z (/opt/texlive/texdir/texmf-dist/tex/latex/listings/listings.cfg))
2022-03-29T09:35:16.6631808Z (/opt/texlive/texdir/texmf-dist/tex/latex/l3backend/l3backend-pdftex.def)
2022-03-29T09:35:16.6660394Z (./main-diff4de2846f729c832425b7404abcd2e401fbdf78ee.aux)
2022-03-29T09:35:16.6660800Z -- Lines per column: 61 (exact).
2022-03-29T09:35:16.6670191Z (/opt/texlive/texdir/texmf-dist/tex/context/base/mkii/supp-pdf.mkii
2022-03-29T09:35:16.6670501Z [Loading MPS to PDF converter (version 2006.09.02).]
2022-03-29T09:35:16.6779763Z ) (/opt/texlive/texdir/texmf-dist/tex/latex/psnfss/ot1phv.fd)
2022-03-29T09:35:16.6908054Z (/opt/texlive/texdir/texmf-dist/tex/latex/psnfss/upzd.fd)
2022-03-29T09:35:16.6908535Z Underfull \hbox (badness 3260) in paragraph at lines 596--597
2022-03-29T09:35:16.6908935Z []\OT1/ppl/m/n/9.53561 Outcome: Ap-plied research/solution-seeking re-
2022-03-29T09:35:16.6909433Z 
2022-03-29T09:35:16.6909684Z LaTeX Warning: Citation `kiger2020thematic' on page 1 undefined on input line 6
2022-03-29T09:35:16.6909921Z 20.
2022-03-29T09:35:16.6910021Z 
2022-03-29T09:35:16.7935241Z [1{/opt/texlive/texdir/texmf-var/fonts/map/pdftex/updmap/pdftex.map}] [2]
2022-03-29T09:35:16.7938346Z No file main-diff4de2846f729c832425b7404abcd2e401fbdf78ee.bbl.
2022-03-29T09:35:16.7939297Z [3] (./main-diff4de2846f729c832425b7404abcd2e401fbdf78ee.aux)
2022-03-29T09:35:16.7939496Z 
2022-03-29T09:35:16.7939625Z LaTeX Warning: There were undefined references.
2022-03-29T09:35:16.7939791Z 
2022-03-29T09:35:16.7939796Z 
2022-03-29T09:35:16.7940063Z LaTeX Warning: Label(s) may have changed. Rerun to get cross-references right.
2022-03-29T09:35:16.7940270Z 
2022-03-29T09:35:16.7940339Z  )
2022-03-29T09:35:16.7940593Z (see the transcript file for additional information){/opt/texlive/texdir/texmf-
2022-03-29T09:35:16.7943741Z dist/fonts/enc/dvips/base/8r.enc}</opt/texlive/texdir/texmf-dist/fonts/type1/pu
2022-03-29T09:35:16.7953403Z blic/amsfonts/cm/cmsy10.pfb></opt/texlive/texdir/texmf-dist/fonts/type1/public/
2022-03-29T09:35:16.7963000Z amsfonts/cm/cmsy7.pfb></opt/texlive/texdir/texmf-dist/fonts/type1/public/amsfon
2022-03-29T09:35:16.7971873Z ts/cm/cmsy8.pfb></opt/texlive/texdir/texmf-dist/fonts/type1/urw/helvetic/uhvb8a
2022-03-29T09:35:16.7998021Z .pfb></opt/texlive/texdir/texmf-dist/fonts/type1/urw/helvetic/uhvr8a.pfb></opt/
2022-03-29T09:35:16.8009961Z texlive/texdir/texmf-dist/fonts/type1/urw/helvetic/uhvro8a.pfb></opt/texlive/te
2022-03-29T09:35:16.8026918Z xdir/texmf-dist/fonts/type1/urw/palatino/uplb8a.pfb></opt/texlive/texdir/texmf-
2022-03-29T09:35:16.8048731Z dist/fonts/type1/urw/palatino/uplr8a.pfb></opt/texlive/texdir/texmf-dist/fonts/
2022-03-29T09:35:16.8064584Z type1/urw/palatino/uplri8a.pfb></opt/texlive/texdir/texmf-dist/fonts/type1/urw/
2022-03-29T09:35:16.8210043Z zapfding/uzdr.pfb>
2022-03-29T09:35:16.8210813Z Output written on main-diff4de2846f729c832425b7404abcd2e401fbdf78ee.pdf (3 page
2022-03-29T09:35:16.8211179Z s, 118500 bytes).
2022-03-29T09:35:16.8211652Z Transcript written on main-diff4de2846f729c832425b7404abcd2e401fbdf78ee.log.
2022-03-29T09:35:16.8578430Z Latexmk: Missing bbl file 'main-diff4de2846f729c832425b7404abcd2e401fbdf78ee.bbl' in following:
2022-03-29T09:35:16.8579053Z  No file main-diff4de2846f729c832425b7404abcd2e401fbdf78ee.bbl.
2022-03-29T09:35:16.8586263Z Latexmk: References changed.
2022-03-29T09:35:16.8615630Z Latexmk: Log file says output to 'main-diff4de2846f729c832425b7404abcd2e401fbdf78ee.pdf'
2022-03-29T09:35:16.8616253Z Latexmk: Log file says output to 'main-diff4de2846f729c832425b7404abcd2e401fbdf78ee.pdf'
2022-03-29T09:35:16.8628114Z Latexmk: List of undefined refs and citations:
2022-03-29T09:35:16.8628951Z   Citation `kiger2020thematic' on page 1 undefined on input line 620
2022-03-29T09:35:16.8637187Z Latexmk: Examining 'main-diff4de2846f729c832425b7404abcd2e401fbdf78ee.log'
2022-03-29T09:35:16.8637656Z === TeX engine is 'pdfTeX'
2022-03-29T09:35:16.9633868Z Latexmk: Found bibliography file(s) [main.bib]
2022-03-29T09:35:16.9894327Z Rule 'bibtex main-diff4de2846f729c832425b7404abcd2e401fbdf78ee': File changes, etc:
2022-03-29T09:35:16.9894706Z    Changed files, or newly in use since previous run(s):
2022-03-29T09:35:16.9895101Z       'main-diff4de2846f729c832425b7404abcd2e401fbdf78ee.aux'
2022-03-29T09:35:16.9895383Z ------------
2022-03-29T09:35:16.9895761Z Run number 1 of rule 'bibtex main-diff4de2846f729c832425b7404abcd2e401fbdf78ee'
2022-03-29T09:35:16.9896058Z ------------
2022-03-29T09:35:16.9900880Z ------------
2022-03-29T09:35:16.9901308Z Latexmk: applying rule 'bibtex main-diff4de2846f729c832425b7404abcd2e401fbdf78ee'...
2022-03-29T09:35:16.9901760Z Running 'bibtex  "main-diff4de2846f729c832425b7404abcd2e401fbdf78ee.aux"'
2022-03-29T09:35:16.9902056Z ------------
2022-03-29T09:35:17.0937701Z This is BibTeX, Version 0.99d (TeX Live 2021)
2022-03-29T09:35:17.0959332Z The top-level auxiliary file: main-diff4de2846f729c832425b7404abcd2e401fbdf78ee.aux
2022-03-29T09:35:17.0960022Z The style file: IEEEtran.bst
2022-03-29T09:35:17.0960300Z Database file #1: main.bib
2022-03-29T09:35:17.0960726Z -- IEEEtran.bst version 1.14 (2015/08/26) by Michael Shell.
2022-03-29T09:35:17.0961173Z -- http://www.michaelshell.org/tex/ieeetran/bibtex/
2022-03-29T09:35:17.0961665Z -- See the "IEEEtran_bst_HOWTO.pdf" manual for usage information.
2022-03-29T09:35:17.0961888Z 
2022-03-29T09:35:17.0961971Z Done.
2022-03-29T09:35:17.0991251Z Rule 'pdflatex': File changes, etc:
2022-03-29T09:35:17.0991816Z    Changed files, or newly in use since previous run(s):
2022-03-29T09:35:17.0992338Z       'main-diff4de2846f729c832425b7404abcd2e401fbdf78ee.aux'
2022-03-29T09:35:17.0992841Z       'main-diff4de2846f729c832425b7404abcd2e401fbdf78ee.bbl'
2022-03-29T09:35:17.0993201Z ------------
2022-03-29T09:35:17.0993514Z Run number 2 of rule 'pdflatex'
2022-03-29T09:35:17.0993794Z ------------
2022-03-29T09:35:17.1002367Z ------------
2022-03-29T09:35:17.1002828Z Latexmk: applying rule 'pdflatex'...
2022-03-29T09:35:17.1003869Z Running 'pdflatex  -file-line-error -interaction=nonstopmode -shell-escape -recorder  "main-diff4de2846f729c832425b7404abcd2e401fbdf78ee.tex"'
2022-03-29T09:35:17.1004547Z ------------
2022-03-29T09:35:17.2007186Z This is pdfTeX, Version 3.141592653-2.6-1.40.23 (TeX Live 2021) (preloaded format=pdflatex)
2022-03-29T09:35:17.2007605Z  \write18 enabled.
2022-03-29T09:35:17.2579449Z entering extended mode
2022-03-29T09:35:17.2580506Z (./main-diff4de2846f729c832425b7404abcd2e401fbdf78ee.tex
2022-03-29T09:35:17.2580951Z LaTeX2e <2021-11-15> patch level 1
2022-03-29T09:35:17.2616497Z L3 programming layer <2022-02-24> (./IEEEtran.cls
2022-03-29T09:35:17.2616930Z Document Class: IEEEtran 2015/08/26 V1.8b by Michael Shell
2022-03-29T09:35:17.2617690Z -- See the "IEEEtran_HOWTO" manual for usage information.
2022-03-29T09:35:17.2618322Z -- http://www.michaelshell.org/tex/ieeetran/
2022-03-29T09:35:17.2798022Z (/opt/texlive/texdir/texmf-dist/tex/latex/psnfss/ot1ppl.fd)
2022-03-29T09:35:17.2798514Z -- Using IEEE Computer Society mode.
2022-03-29T09:35:17.2799186Z -- Using 8.5in x 11in (letter) paper.
2022-03-29T09:35:17.2799758Z -- Using PDF output.
2022-03-29T09:35:17.2800358Z -- This is a 10 point document.
2022-03-29T09:35:17.2859522Z ) (/opt/texlive/texdir/texmf-dist/tex/latex/cite/cite.sty)
2022-03-29T09:35:17.2882168Z (/opt/texlive/texdir/texmf-dist/tex/latex/url/url.sty)
2022-03-29T09:35:17.2906584Z (/opt/texlive/texdir/texmf-dist/tex/latex/preprint/balance.sty)
2022-03-29T09:35:17.2936311Z (/opt/texlive/texdir/texmf-dist/tex/generic/ulem/ulem.sty)
2022-03-29T09:35:17.2945742Z (/opt/texlive/texdir/texmf-dist/tex/latex/graphics/color.sty
2022-03-29T09:35:17.2957001Z (/opt/texlive/texdir/texmf-dist/tex/latex/graphics-cfg/color.cfg)
2022-03-29T09:35:17.2996006Z (/opt/texlive/texdir/texmf-dist/tex/latex/graphics-def/pdftex.def))
2022-03-29T09:35:17.3019818Z (/opt/texlive/texdir/texmf-dist/tex/latex/listings/listings.sty
2022-03-29T09:35:17.3076953Z (/opt/texlive/texdir/texmf-dist/tex/latex/graphics/keyval.sty)
2022-03-29T09:35:17.3114210Z (/opt/texlive/texdir/texmf-dist/tex/latex/listings/lstmisc.sty)
2022-03-29T09:35:17.3185961Z (/opt/texlive/texdir/texmf-dist/tex/latex/listings/listings.cfg))
2022-03-29T09:35:17.3200017Z (/opt/texlive/texdir/texmf-dist/tex/latex/l3backend/l3backend-pdftex.def)
2022-03-29T09:35:17.3226620Z (./main-diff4de2846f729c832425b7404abcd2e401fbdf78ee.aux)
2022-03-29T09:35:17.3227095Z -- Lines per column: 61 (exact).
2022-03-29T09:35:17.3239600Z (/opt/texlive/texdir/texmf-dist/tex/context/base/mkii/supp-pdf.mkii
2022-03-29T09:35:17.3239984Z [Loading MPS to PDF converter (version 2006.09.02).]
2022-03-29T09:35:17.3353074Z ) (/opt/texlive/texdir/texmf-dist/tex/latex/psnfss/ot1phv.fd)
2022-03-29T09:35:17.3479476Z (/opt/texlive/texdir/texmf-dist/tex/latex/psnfss/upzd.fd)
2022-03-29T09:35:17.3480026Z Underfull \hbox (badness 3260) in paragraph at lines 596--597
2022-03-29T09:35:17.3480535Z []\OT1/ppl/m/n/9.53561 Outcome: Ap-plied research/solution-seeking re-
2022-03-29T09:35:17.3481102Z 
2022-03-29T09:35:17.3481426Z LaTeX Warning: Citation `kiger2020thematic' on page 1 undefined on input line 6
2022-03-29T09:35:17.3481750Z 20.
2022-03-29T09:35:17.3481875Z 
2022-03-29T09:35:17.4483548Z [1{/opt/texlive/texdir/texmf-var/fonts/map/pdftex/updmap/pdftex.map}] [2]
2022-03-29T09:35:17.4511103Z (./main-diff4de2846f729c832425b7404abcd2e401fbdf78ee.bbl) [3]
2022-03-29T09:35:17.4514642Z (./main-diff4de2846f729c832425b7404abcd2e401fbdf78ee.aux)
2022-03-29T09:35:17.4514832Z 
2022-03-29T09:35:17.4514956Z LaTeX Warning: There were undefined references.
2022-03-29T09:35:17.4515113Z 
2022-03-29T09:35:17.4515118Z 
2022-03-29T09:35:17.4515375Z LaTeX Warning: Label(s) may have changed. Rerun to get cross-references right.
2022-03-29T09:35:17.4515554Z 
2022-03-29T09:35:17.4515619Z  )
2022-03-29T09:35:17.4515876Z (see the transcript file for additional information){/opt/texlive/texdir/texmf-
2022-03-29T09:35:17.4519982Z dist/fonts/enc/dvips/base/8r.enc}</opt/texlive/texdir/texmf-dist/fonts/type1/pu
2022-03-29T09:35:17.4529405Z blic/amsfonts/cm/cmsy10.pfb></opt/texlive/texdir/texmf-dist/fonts/type1/public/
2022-03-29T09:35:17.4538506Z amsfonts/cm/cmsy7.pfb></opt/texlive/texdir/texmf-dist/fonts/type1/public/amsfon
2022-03-29T09:35:17.4547461Z ts/cm/cmsy8.pfb></opt/texlive/texdir/texmf-dist/fonts/type1/urw/helvetic/uhvb8a
2022-03-29T09:35:17.4573561Z .pfb></opt/texlive/texdir/texmf-dist/fonts/type1/urw/helvetic/uhvr8a.pfb></opt/
2022-03-29T09:35:17.4585676Z texlive/texdir/texmf-dist/fonts/type1/urw/helvetic/uhvro8a.pfb></opt/texlive/te
2022-03-29T09:35:17.4603922Z xdir/texmf-dist/fonts/type1/urw/palatino/uplb8a.pfb></opt/texlive/texdir/texmf-
2022-03-29T09:35:17.4625225Z dist/fonts/type1/urw/palatino/uplr8a.pfb></opt/texlive/texdir/texmf-dist/fonts/
2022-03-29T09:35:17.4641252Z type1/urw/palatino/uplri8a.pfb></opt/texlive/texdir/texmf-dist/fonts/type1/urw/
2022-03-29T09:35:17.4787116Z zapfding/uzdr.pfb>
2022-03-29T09:35:17.4787874Z Output written on main-diff4de2846f729c832425b7404abcd2e401fbdf78ee.pdf (3 page
2022-03-29T09:35:17.4788191Z s, 119783 bytes).
2022-03-29T09:35:17.4788563Z Transcript written on main-diff4de2846f729c832425b7404abcd2e401fbdf78ee.log.
2022-03-29T09:35:17.5145849Z Latexmk: Found input bbl file 'main-diff4de2846f729c832425b7404abcd2e401fbdf78ee.bbl'
2022-03-29T09:35:17.5150670Z Latexmk: References changed.
2022-03-29T09:35:17.5179350Z Latexmk: Log file says output to 'main-diff4de2846f729c832425b7404abcd2e401fbdf78ee.pdf'
2022-03-29T09:35:17.5180014Z Latexmk: Log file says output to 'main-diff4de2846f729c832425b7404abcd2e401fbdf78ee.pdf'
2022-03-29T09:35:17.5189436Z Latexmk: List of undefined refs and citations:
2022-03-29T09:35:17.5189962Z   Citation `kiger2020thematic' on page 1 undefined on input line 620
2022-03-29T09:35:17.5196994Z Latexmk: Examining 'main-diff4de2846f729c832425b7404abcd2e401fbdf78ee.log'
2022-03-29T09:35:17.5197404Z === TeX engine is 'pdfTeX'
2022-03-29T09:35:17.6193236Z Latexmk: Found bibliography file(s) [main.bib]
2022-03-29T09:35:17.6241807Z Rule 'bibtex main-diff4de2846f729c832425b7404abcd2e401fbdf78ee': File changes, etc:
2022-03-29T09:35:17.6242144Z    Changed files, or newly in use since previous run(s):
2022-03-29T09:35:17.6242540Z       'main-diff4de2846f729c832425b7404abcd2e401fbdf78ee.aux'
2022-03-29T09:35:17.6242822Z ------------
2022-03-29T09:35:17.6245742Z Run number 2 of rule 'bibtex main-diff4de2846f729c832425b7404abcd2e401fbdf78ee'
2022-03-29T09:35:17.6246095Z ------------
2022-03-29T09:35:17.6246312Z ------------
2022-03-29T09:35:17.6246672Z Running 'bibtex  "main-diff4de2846f729c832425b7404abcd2e401fbdf78ee.aux"'
2022-03-29T09:35:17.6246971Z ------------
2022-03-29T09:35:17.6247348Z Latexmk: applying rule 'bibtex main-diff4de2846f729c832425b7404abcd2e401fbdf78ee'...
2022-03-29T09:35:17.7281366Z This is BibTeX, Version 0.99d (TeX Live 2021)
2022-03-29T09:35:17.7304109Z The top-level auxiliary file: main-diff4de2846f729c832425b7404abcd2e401fbdf78ee.aux
2022-03-29T09:35:17.7304531Z The style file: IEEEtran.bst
2022-03-29T09:35:17.7305060Z Database file #1: main.bib
2022-03-29T09:35:17.7305481Z -- IEEEtran.bst version 1.14 (2015/08/26) by Michael Shell.
2022-03-29T09:35:17.7305944Z -- http://www.michaelshell.org/tex/ieeetran/bibtex/
2022-03-29T09:35:17.7306665Z -- See the "IEEEtran_bst_HOWTO.pdf" manual for usage information.
2022-03-29T09:35:17.7306894Z 
2022-03-29T09:35:17.7306977Z Done.
2022-03-29T09:35:17.7335834Z Rule 'pdflatex': File changes, etc:
2022-03-29T09:35:17.7336446Z    Changed files, or newly in use since previous run(s):
2022-03-29T09:35:17.7337334Z       'main-diff4de2846f729c832425b7404abcd2e401fbdf78ee.aux'
2022-03-29T09:35:17.7337887Z ------------
2022-03-29T09:35:17.7338485Z Run number 3 of rule 'pdflatex'
2022-03-29T09:35:17.7339059Z ------------
2022-03-29T09:35:17.7347104Z ------------
2022-03-29T09:35:17.7347784Z Running 'pdflatex  -file-line-error -interaction=nonstopmode -shell-escape -recorder  "main-diff4de2846f729c832425b7404abcd2e401fbdf78ee.tex"'
2022-03-29T09:35:17.7348293Z ------------
2022-03-29T09:35:17.7348619Z Latexmk: applying rule 'pdflatex'...
2022-03-29T09:35:17.8359314Z This is pdfTeX, Version 3.141592653-2.6-1.40.23 (TeX Live 2021) (preloaded format=pdflatex)
2022-03-29T09:35:17.8359703Z  \write18 enabled.
2022-03-29T09:35:17.8932138Z entering extended mode
2022-03-29T09:35:17.8932779Z (./main-diff4de2846f729c832425b7404abcd2e401fbdf78ee.tex
2022-03-29T09:35:17.8933118Z LaTeX2e <2021-11-15> patch level 1
2022-03-29T09:35:17.8966572Z L3 programming layer <2022-02-24> (./IEEEtran.cls
2022-03-29T09:35:17.8966887Z Document Class: IEEEtran 2015/08/26 V1.8b by Michael Shell
2022-03-29T09:35:17.8967248Z -- See the "IEEEtran_HOWTO" manual for usage information.
2022-03-29T09:35:17.8967607Z -- http://www.michaelshell.org/tex/ieeetran/
2022-03-29T09:35:17.9146297Z (/opt/texlive/texdir/texmf-dist/tex/latex/psnfss/ot1ppl.fd)
2022-03-29T09:35:17.9146710Z -- Using IEEE Computer Society mode.
2022-03-29T09:35:17.9147005Z -- Using 8.5in x 11in (letter) paper.
2022-03-29T09:35:17.9147247Z -- Using PDF output.
2022-03-29T09:35:17.9147521Z -- This is a 10 point document.
2022-03-29T09:35:17.9201908Z ) (/opt/texlive/texdir/texmf-dist/tex/latex/cite/cite.sty)
2022-03-29T09:35:17.9226395Z (/opt/texlive/texdir/texmf-dist/tex/latex/url/url.sty)
2022-03-29T09:35:17.9244851Z (/opt/texlive/texdir/texmf-dist/tex/latex/preprint/balance.sty)
2022-03-29T09:35:17.9275215Z (/opt/texlive/texdir/texmf-dist/tex/generic/ulem/ulem.sty)
2022-03-29T09:35:17.9283947Z (/opt/texlive/texdir/texmf-dist/tex/latex/graphics/color.sty
2022-03-29T09:35:17.9293157Z (/opt/texlive/texdir/texmf-dist/tex/latex/graphics-cfg/color.cfg)
2022-03-29T09:35:17.9331711Z (/opt/texlive/texdir/texmf-dist/tex/latex/graphics-def/pdftex.def))
2022-03-29T09:35:17.9354377Z (/opt/texlive/texdir/texmf-dist/tex/latex/listings/listings.sty
2022-03-29T09:35:17.9407902Z (/opt/texlive/texdir/texmf-dist/tex/latex/graphics/keyval.sty)
2022-03-29T09:35:17.9444593Z (/opt/texlive/texdir/texmf-dist/tex/latex/listings/lstmisc.sty)
2022-03-29T09:35:17.9513953Z (/opt/texlive/texdir/texmf-dist/tex/latex/listings/listings.cfg))
2022-03-29T09:35:17.9525480Z (/opt/texlive/texdir/texmf-dist/tex/latex/l3backend/l3backend-pdftex.def)
2022-03-29T09:35:17.9550958Z (./main-diff4de2846f729c832425b7404abcd2e401fbdf78ee.aux)
2022-03-29T09:35:17.9551309Z -- Lines per column: 61 (exact).
2022-03-29T09:35:17.9562055Z (/opt/texlive/texdir/texmf-dist/tex/context/base/mkii/supp-pdf.mkii
2022-03-29T09:35:17.9562360Z [Loading MPS to PDF converter (version 2006.09.02).]
2022-03-29T09:35:17.9673653Z ) (/opt/texlive/texdir/texmf-dist/tex/latex/psnfss/ot1phv.fd)
2022-03-29T09:35:17.9803733Z (/opt/texlive/texdir/texmf-dist/tex/latex/psnfss/upzd.fd)
2022-03-29T09:35:17.9804171Z Underfull \hbox (badness 3260) in paragraph at lines 596--597
2022-03-29T09:35:17.9804582Z []\OT1/ppl/m/n/9.53561 Outcome: Ap-plied research/solution-seeking re-
2022-03-29T09:35:18.0812090Z [1{/opt/texlive/texdir/texmf-var/fonts/map/pdftex/updmap/pdftex.map}] [2]
2022-03-29T09:35:18.0840529Z (./main-diff4de2846f729c832425b7404abcd2e401fbdf78ee.bbl) [3]
2022-03-29T09:35:18.0843999Z (./main-diff4de2846f729c832425b7404abcd2e401fbdf78ee.aux) )
2022-03-29T09:35:18.0844352Z (see the transcript file for additional information){/opt/texlive/texdir/texmf-
2022-03-29T09:35:18.0848896Z dist/fonts/enc/dvips/base/8r.enc}</opt/texlive/texdir/texmf-dist/fonts/type1/pu
2022-03-29T09:35:18.0858655Z blic/amsfonts/cm/cmsy10.pfb></opt/texlive/texdir/texmf-dist/fonts/type1/public/
2022-03-29T09:35:18.0867923Z amsfonts/cm/cmsy7.pfb></opt/texlive/texdir/texmf-dist/fonts/type1/public/amsfon
2022-03-29T09:35:18.0877096Z ts/cm/cmsy8.pfb></opt/texlive/texdir/texmf-dist/fonts/type1/urw/helvetic/uhvb8a
2022-03-29T09:35:18.0902723Z .pfb></opt/texlive/texdir/texmf-dist/fonts/type1/urw/helvetic/uhvr8a.pfb></opt/
2022-03-29T09:35:18.0915205Z texlive/texdir/texmf-dist/fonts/type1/urw/helvetic/uhvro8a.pfb></opt/texlive/te
2022-03-29T09:35:18.0932042Z xdir/texmf-dist/fonts/type1/urw/palatino/uplb8a.pfb></opt/texlive/texdir/texmf-
2022-03-29T09:35:18.0954698Z dist/fonts/type1/urw/palatino/uplr8a.pfb></opt/texlive/texdir/texmf-dist/fonts/
2022-03-29T09:35:18.0970062Z type1/urw/palatino/uplri8a.pfb></opt/texlive/texdir/texmf-dist/fonts/type1/urw/
2022-03-29T09:35:18.1116709Z zapfding/uzdr.pfb>
2022-03-29T09:35:18.1117421Z Output written on main-diff4de2846f729c832425b7404abcd2e401fbdf78ee.pdf (3 page
2022-03-29T09:35:18.1117704Z s, 119209 bytes).
2022-03-29T09:35:18.1118308Z Transcript written on main-diff4de2846f729c832425b7404abcd2e401fbdf78ee.log.
2022-03-29T09:35:18.1473648Z Latexmk: Found input bbl file 'main-diff4de2846f729c832425b7404abcd2e401fbdf78ee.bbl'
2022-03-29T09:35:18.1507735Z Latexmk: Log file says output to 'main-diff4de2846f729c832425b7404abcd2e401fbdf78ee.pdf'
2022-03-29T09:35:18.1508428Z Latexmk: Log file says output to 'main-diff4de2846f729c832425b7404abcd2e401fbdf78ee.pdf'
2022-03-29T09:35:18.1526206Z Latexmk: Examining 'main-diff4de2846f729c832425b7404abcd2e401fbdf78ee.log'
2022-03-29T09:35:18.1526683Z === TeX engine is 'pdfTeX'
2022-03-29T09:35:18.2535321Z Latexmk: Found bibliography file(s) [main.bib]
2022-03-29T09:35:18.2614554Z Latexmk: All targets (main-diff4de2846f729c832425b7404abcd2e401fbdf78ee.pdf) are up-to-date
2022-03-29T09:35:18.4134534Z ##[group]Run actions/upload-artifact@v2
2022-03-29T09:35:18.4134772Z with:
2022-03-29T09:35:18.4134926Z   name: article
2022-03-29T09:35:18.4135112Z   path: main*.pdf

2022-03-29T09:35:18.4135312Z   if-no-files-found: warn
2022-03-29T09:35:18.4135500Z ##[endgroup]
2022-03-29T09:35:18.4734082Z With the provided path, there will be 2 files uploaded
2022-03-29T09:35:18.4736191Z Starting artifact upload
2022-03-29T09:35:18.4737022Z For more detailed logs during the artifact upload process, enable step-debugging: https://docs.github.com/actions/monitoring-and-troubleshooting-workflows/enabling-debug-logging#enabling-step-debug-logging
2022-03-29T09:35:18.4737600Z Artifact name is valid!
2022-03-29T09:35:18.7292421Z Container for artifact "article" successfully created. Starting upload of file(s)
2022-03-29T09:35:18.8878865Z Total size of all the files uploaded is 233679 bytes
2022-03-29T09:35:18.8879238Z File upload process has finished. Finalizing the artifact upload
2022-03-29T09:35:19.0901500Z Artifact has been finalized. All files have been successfully uploaded!
2022-03-29T09:35:19.0906665Z 
2022-03-29T09:35:19.0907092Z The raw size of all the files that were specified for upload is 238291 bytes
2022-03-29T09:35:19.0907726Z The size of all the files that were uploaded is 233679 bytes. This takes into account any gzip compression used to reduce the upload size, time and storage
2022-03-29T09:35:19.0908151Z 
2022-03-29T09:35:19.0909069Z Note: The size of downloaded zips can differ significantly from the reported size. For more information see: https://github.com/actions/upload-artifact#zipped-artifact-downloads 
2022-03-29T09:35:19.0909667Z 
2022-03-29T09:35:19.0909965Z Artifact article has been successfully uploaded!
2022-03-29T09:35:19.1043141Z Post job cleanup.
2022-03-29T09:35:19.2341433Z [command]/usr/bin/git version
2022-03-29T09:35:19.2395151Z git version 2.35.1
2022-03-29T09:35:19.2437505Z [command]/usr/bin/git config --local --name-only --get-regexp core\.sshCommand
2022-03-29T09:35:19.2481521Z [command]/usr/bin/git submodule foreach --recursive git config --local --name-only --get-regexp 'core\.sshCommand' && git config --local --unset-all 'core.sshCommand' || :
2022-03-29T09:35:19.2724518Z [command]/usr/bin/git config --local --name-only --get-regexp http\.https\:\/\/github\.com\/\.extraheader
2022-03-29T09:35:19.2758863Z http.https://github.com/.extraheader
2022-03-29T09:35:19.2768910Z [command]/usr/bin/git config --local --unset-all http.https://github.com/.extraheader
2022-03-29T09:35:19.2851279Z [command]/usr/bin/git submodule foreach --recursive git config --local --name-only --get-regexp 'http\.https\:\/\/github\.com\/\.extraheader' && git config --local --unset-all 'http.https://github.com/.extraheader' || :
2022-03-29T09:35:19.3311371Z Cleaning up orphan processes
