build-test-deploy	Set up job	2021-11-30T11:04:06.7303997Z Current runner version: '2.284.0'
build-test-deploy	Set up job	2021-11-30T11:04:06.7335331Z ##[group]Operating System
build-test-deploy	Set up job	2021-11-30T11:04:06.7336275Z Ubuntu
build-test-deploy	Set up job	2021-11-30T11:04:06.7336643Z 20.04.3
build-test-deploy	Set up job	2021-11-30T11:04:06.7337021Z LTS
build-test-deploy	Set up job	2021-11-30T11:04:06.7337385Z ##[endgroup]
build-test-deploy	Set up job	2021-11-30T11:04:06.7337870Z ##[group]Virtual Environment
build-test-deploy	Set up job	2021-11-30T11:04:06.7349482Z Environment: ubuntu-20.04
build-test-deploy	Set up job	2021-11-30T11:04:06.7350168Z Version: 20211122.1
build-test-deploy	Set up job	2021-11-30T11:04:06.7351324Z Included Software: https://github.com/actions/virtual-environments/blob/ubuntu20/20211122.1/images/linux/Ubuntu2004-README.md
build-test-deploy	Set up job	2021-11-30T11:04:06.7353456Z Image Release: https://github.com/actions/virtual-environments/releases/tag/ubuntu20%2F20211122.1
build-test-deploy	Set up job	2021-11-30T11:04:06.7354642Z ##[endgroup]
build-test-deploy	Set up job	2021-11-30T11:04:06.7355260Z ##[group]Virtual Environment Provisioner
build-test-deploy	Set up job	2021-11-30T11:04:06.7355993Z 1.0.0.0-master-20211123-1
build-test-deploy	Set up job	2021-11-30T11:04:06.7356497Z ##[endgroup]
build-test-deploy	Set up job	2021-11-30T11:04:06.7358616Z ##[group]GITHUB_TOKEN Permissions
build-test-deploy	Set up job	2021-11-30T11:04:06.7360034Z Actions: write
build-test-deploy	Set up job	2021-11-30T11:04:06.7360981Z Checks: write
build-test-deploy	Set up job	2021-11-30T11:04:06.7361414Z Contents: write
build-test-deploy	Set up job	2021-11-30T11:04:06.7362010Z Deployments: write
build-test-deploy	Set up job	2021-11-30T11:04:06.7362475Z Discussions: write
build-test-deploy	Set up job	2021-11-30T11:04:06.7363156Z Issues: write
build-test-deploy	Set up job	2021-11-30T11:04:06.7363607Z Metadata: read
build-test-deploy	Set up job	2021-11-30T11:04:06.7364029Z Packages: write
build-test-deploy	Set up job	2021-11-30T11:04:06.7364659Z Pages: write
build-test-deploy	Set up job	2021-11-30T11:04:06.7365265Z PullRequests: write
build-test-deploy	Set up job	2021-11-30T11:04:06.7365853Z RepositoryProjects: write
build-test-deploy	Set up job	2021-11-30T11:04:06.7366449Z SecurityEvents: write
build-test-deploy	Set up job	2021-11-30T11:04:06.7366958Z Statuses: write
build-test-deploy	Set up job	2021-11-30T11:04:06.7367753Z ##[endgroup]
build-test-deploy	Set up job	2021-11-30T11:04:06.7371469Z Prepare workflow directory
build-test-deploy	Set up job	2021-11-30T11:04:06.8015340Z Prepare all required actions
build-test-deploy	Set up job	2021-11-30T11:04:06.8026256Z Getting action download info
build-test-deploy	Set up job	2021-11-30T11:04:07.0776514Z Download action repository 'actions/checkout@v2' (SHA:ec3a7ce113134d7a93b817d10a8272cb61118579)
build-test-deploy	Set up job	2021-11-30T11:04:09.1225561Z Download action repository 'actions/setup-java@v2' (SHA:5f00602cd1b2819185d88dc7a1b1985f598c6705)
build-test-deploy	checkout cidiff	2021-11-30T11:04:09.7410398Z ##[group]Run actions/checkout@v2
build-test-deploy	checkout cidiff	2021-11-30T11:04:09.7411095Z with:
build-test-deploy	checkout cidiff	2021-11-30T11:04:09.7411564Z   repository: labri-progress/cidiff
build-test-deploy	checkout cidiff	2021-11-30T11:04:09.7412367Z   token: ***
build-test-deploy	checkout cidiff	2021-11-30T11:04:09.7412846Z   ssh-strict: true
build-test-deploy	checkout cidiff	2021-11-30T11:04:09.7413279Z   persist-credentials: true
build-test-deploy	checkout cidiff	2021-11-30T11:04:09.7413729Z   clean: true
build-test-deploy	checkout cidiff	2021-11-30T11:04:09.7415627Z   fetch-depth: 1
build-test-deploy	checkout cidiff	2021-11-30T11:04:09.7416054Z   lfs: false
build-test-deploy	checkout cidiff	2021-11-30T11:04:09.7416718Z   submodules: false
build-test-deploy	checkout cidiff	2021-11-30T11:04:09.7417116Z ##[endgroup]
build-test-deploy	checkout cidiff	2021-11-30T11:04:10.0405389Z Syncing repository: labri-progress/cidiff
build-test-deploy	checkout cidiff	2021-11-30T11:04:10.0407736Z ##[group]Getting Git version info
build-test-deploy	checkout cidiff	2021-11-30T11:04:10.0408921Z Working directory is '/home/runner/work/cidiff/cidiff'
build-test-deploy	checkout cidiff	2021-11-30T11:04:10.0410333Z [command]/usr/bin/git version
build-test-deploy	checkout cidiff	2021-11-30T11:04:10.0528717Z git version 2.34.0
build-test-deploy	checkout cidiff	2021-11-30T11:04:10.6243264Z ##[endgroup]
build-test-deploy	checkout cidiff	2021-11-30T11:04:10.6244182Z Deleting the contents of '/home/runner/work/cidiff/cidiff'
build-test-deploy	checkout cidiff	2021-11-30T11:04:10.6249503Z ##[group]Initializing the repository
build-test-deploy	checkout cidiff	2021-11-30T11:04:10.6250890Z [command]/usr/bin/git init /home/runner/work/cidiff/cidiff
build-test-deploy	checkout cidiff	2021-11-30T11:04:10.6252407Z hint: Using 'master' as the name for the initial branch. This default branch name
build-test-deploy	checkout cidiff	2021-11-30T11:04:10.6253285Z hint: is subject to change. To configure the initial branch name to use in all
build-test-deploy	checkout cidiff	2021-11-30T11:04:10.6254408Z hint: of your new repositories, which will suppress this warning, call:
build-test-deploy	checkout cidiff	2021-11-30T11:04:10.6255547Z hint: 
build-test-deploy	checkout cidiff	2021-11-30T11:04:10.6256429Z hint: 	git config --global init.defaultBranch <name>
build-test-deploy	checkout cidiff	2021-11-30T11:04:10.6256979Z hint: 
build-test-deploy	checkout cidiff	2021-11-30T11:04:10.6258097Z hint: Names commonly chosen instead of 'master' are 'main', 'trunk' and
build-test-deploy	checkout cidiff	2021-11-30T11:04:10.6259489Z hint: 'development'. The just-created branch can be renamed via this command:
build-test-deploy	checkout cidiff	2021-11-30T11:04:10.6260442Z hint: 
build-test-deploy	checkout cidiff	2021-11-30T11:04:10.6261033Z hint: 	git branch -m <name>
build-test-deploy	checkout cidiff	2021-11-30T11:04:10.6261973Z Initialized empty Git repository in /home/runner/work/cidiff/cidiff/.git/
build-test-deploy	checkout cidiff	2021-11-30T11:04:10.6263381Z [command]/usr/bin/git remote add origin https://github.com/labri-progress/cidiff
build-test-deploy	checkout cidiff	2021-11-30T11:04:10.6265368Z ##[endgroup]
build-test-deploy	checkout cidiff	2021-11-30T11:04:10.6266705Z ##[group]Disabling automatic garbage collection
build-test-deploy	checkout cidiff	2021-11-30T11:04:10.6267566Z [command]/usr/bin/git config --local gc.auto 0
build-test-deploy	checkout cidiff	2021-11-30T11:04:10.6268988Z ##[endgroup]
build-test-deploy	checkout cidiff	2021-11-30T11:04:10.6274247Z ##[group]Setting up auth
build-test-deploy	checkout cidiff	2021-11-30T11:04:10.6275566Z [command]/usr/bin/git config --local --name-only --get-regexp core\.sshCommand
build-test-deploy	checkout cidiff	2021-11-30T11:04:10.6277301Z [command]/usr/bin/git submodule foreach --recursive git config --local --name-only --get-regexp 'core\.sshCommand' && git config --local --unset-all 'core.sshCommand' || :
build-test-deploy	checkout cidiff	2021-11-30T11:04:10.6278706Z [command]/usr/bin/git config --local --name-only --get-regexp http\.https\:\/\/github\.com\/\.extraheader
build-test-deploy	checkout cidiff	2021-11-30T11:04:10.6280425Z [command]/usr/bin/git submodule foreach --recursive git config --local --name-only --get-regexp 'http\.https\:\/\/github\.com\/\.extraheader' && git config --local --unset-all 'http.https://github.com/.extraheader' || :
build-test-deploy	checkout cidiff	2021-11-30T11:04:10.6282153Z [command]/usr/bin/git config --local http.https://github.com/.extraheader AUTHORIZATION: basic ***
build-test-deploy	checkout cidiff	2021-11-30T11:04:10.6283389Z ##[endgroup]
build-test-deploy	checkout cidiff	2021-11-30T11:04:10.6284349Z ##[group]Fetching the repository
build-test-deploy	checkout cidiff	2021-11-30T11:04:10.6285848Z [command]/usr/bin/git -c protocol.version=2 fetch --no-tags --prune --progress --no-recurse-submodules --depth=1 origin +8b1acfa02b0b7593eb7f057cf61b8c13d615d3d2:refs/remotes/origin/main
build-test-deploy	checkout cidiff	2021-11-30T11:04:10.6287074Z remote: Enumerating objects: 45, done.        
build-test-deploy	checkout cidiff	2021-11-30T11:04:10.6480026Z remote: Counting objects:   2% (1/45)        
build-test-deploy	checkout cidiff	2021-11-30T11:04:10.6480535Z remote: Counting objects:   4% (2/45)        
build-test-deploy	checkout cidiff	2021-11-30T11:04:10.6480967Z remote: Counting objects:   6% (3/45)        
build-test-deploy	checkout cidiff	2021-11-30T11:04:10.6481388Z remote: Counting objects:   8% (4/45)        
build-test-deploy	checkout cidiff	2021-11-30T11:04:10.6481814Z remote: Counting objects:  11% (5/45)        
build-test-deploy	checkout cidiff	2021-11-30T11:04:10.6482233Z remote: Counting objects:  13% (6/45)        
build-test-deploy	checkout cidiff	2021-11-30T11:04:10.6482671Z remote: Counting objects:  15% (7/45)        
build-test-deploy	checkout cidiff	2021-11-30T11:04:10.6483379Z remote: Counting objects:  17% (8/45)        
build-test-deploy	checkout cidiff	2021-11-30T11:04:10.6483805Z remote: Counting objects:  20% (9/45)        
build-test-deploy	checkout cidiff	2021-11-30T11:04:10.6484246Z remote: Counting objects:  22% (10/45)        
build-test-deploy	checkout cidiff	2021-11-30T11:04:10.6484676Z remote: Counting objects:  24% (11/45)        
build-test-deploy	checkout cidiff	2021-11-30T11:04:10.6485110Z remote: Counting objects:  26% (12/45)        
build-test-deploy	checkout cidiff	2021-11-30T11:04:10.6485536Z remote: Counting objects:  28% (13/45)        
build-test-deploy	checkout cidiff	2021-11-30T11:04:10.6485975Z remote: Counting objects:  31% (14/45)        
build-test-deploy	checkout cidiff	2021-11-30T11:04:10.6486411Z remote: Counting objects:  33% (15/45)        
build-test-deploy	checkout cidiff	2021-11-30T11:04:10.6486838Z remote: Counting objects:  35% (16/45)        
build-test-deploy	checkout cidiff	2021-11-30T11:04:10.6487276Z remote: Counting objects:  37% (17/45)        
build-test-deploy	checkout cidiff	2021-11-30T11:04:10.6487698Z remote: Counting objects:  40% (18/45)        
build-test-deploy	checkout cidiff	2021-11-30T11:04:10.6488131Z remote: Counting objects:  42% (19/45)        
build-test-deploy	checkout cidiff	2021-11-30T11:04:10.6488917Z remote: Counting objects:  44% (20/45)        
build-test-deploy	checkout cidiff	2021-11-30T11:04:10.6489592Z remote: Counting objects:  46% (21/45)        
build-test-deploy	checkout cidiff	2021-11-30T11:04:10.6490245Z remote: Counting objects:  48% (22/45)        
build-test-deploy	checkout cidiff	2021-11-30T11:04:10.6490719Z remote: Counting objects:  51% (23/45)        
build-test-deploy	checkout cidiff	2021-11-30T11:04:10.6491193Z remote: Counting objects:  53% (24/45)        
build-test-deploy	checkout cidiff	2021-11-30T11:04:10.6491669Z remote: Counting objects:  55% (25/45)        
build-test-deploy	checkout cidiff	2021-11-30T11:04:10.6492161Z remote: Counting objects:  57% (26/45)        
build-test-deploy	checkout cidiff	2021-11-30T11:04:10.6492799Z remote: Counting objects:  60% (27/45)        
build-test-deploy	checkout cidiff	2021-11-30T11:04:10.6493564Z remote: Counting objects:  62% (28/45)        
build-test-deploy	checkout cidiff	2021-11-30T11:04:10.6494138Z remote: Counting objects:  64% (29/45)        
build-test-deploy	checkout cidiff	2021-11-30T11:04:10.6495489Z remote: Counting objects:  66% (30/45)        
build-test-deploy	checkout cidiff	2021-11-30T11:04:10.6496312Z remote: Counting objects:  68% (31/45)        
build-test-deploy	checkout cidiff	2021-11-30T11:04:10.6496878Z remote: Counting objects:  71% (32/45)        
build-test-deploy	checkout cidiff	2021-11-30T11:04:10.6497424Z remote: Counting objects:  73% (33/45)        
build-test-deploy	checkout cidiff	2021-11-30T11:04:10.6497974Z remote: Counting objects:  75% (34/45)        
build-test-deploy	checkout cidiff	2021-11-30T11:04:10.6499075Z remote: Counting objects:  77% (35/45)        
build-test-deploy	checkout cidiff	2021-11-30T11:04:10.6499778Z remote: Counting objects:  80% (36/45)        
build-test-deploy	checkout cidiff	2021-11-30T11:04:10.6500699Z remote: Counting objects:  82% (37/45)        
build-test-deploy	checkout cidiff	2021-11-30T11:04:10.6501172Z remote: Counting objects:  84% (38/45)        
build-test-deploy	checkout cidiff	2021-11-30T11:04:10.6501646Z remote: Counting objects:  86% (39/45)        
build-test-deploy	checkout cidiff	2021-11-30T11:04:10.6502275Z remote: Counting objects:  88% (40/45)        
build-test-deploy	checkout cidiff	2021-11-30T11:04:10.6502750Z remote: Counting objects:  91% (41/45)        
build-test-deploy	checkout cidiff	2021-11-30T11:04:10.6503533Z remote: Counting objects:  93% (42/45)        
build-test-deploy	checkout cidiff	2021-11-30T11:04:10.6503969Z remote: Counting objects:  95% (43/45)        
build-test-deploy	checkout cidiff	2021-11-30T11:04:10.6504417Z remote: Counting objects:  97% (44/45)        
build-test-deploy	checkout cidiff	2021-11-30T11:04:10.6505014Z remote: Counting objects: 100% (45/45)        
build-test-deploy	checkout cidiff	2021-11-30T11:04:10.6505473Z remote: Counting objects: 100% (45/45), done.        
build-test-deploy	checkout cidiff	2021-11-30T11:04:10.6505951Z remote: Compressing objects:   4% (1/24)        
build-test-deploy	checkout cidiff	2021-11-30T11:04:10.6506428Z remote: Compressing objects:   8% (2/24)        
build-test-deploy	checkout cidiff	2021-11-30T11:04:10.6506891Z remote: Compressing objects:  12% (3/24)        
build-test-deploy	checkout cidiff	2021-11-30T11:04:10.6507533Z remote: Compressing objects:  16% (4/24)        
build-test-deploy	checkout cidiff	2021-11-30T11:04:10.6508018Z remote: Compressing objects:  20% (5/24)        
build-test-deploy	checkout cidiff	2021-11-30T11:04:10.6508507Z remote: Compressing objects:  25% (6/24)        
build-test-deploy	checkout cidiff	2021-11-30T11:04:10.6509140Z remote: Compressing objects:  29% (7/24)        
build-test-deploy	checkout cidiff	2021-11-30T11:04:10.6509784Z remote: Compressing objects:  33% (8/24)        
build-test-deploy	checkout cidiff	2021-11-30T11:04:10.6510255Z remote: Compressing objects:  37% (9/24)        
build-test-deploy	checkout cidiff	2021-11-30T11:04:10.6510751Z remote: Compressing objects:  41% (10/24)        
build-test-deploy	checkout cidiff	2021-11-30T11:04:10.6511225Z remote: Compressing objects:  45% (11/24)        
build-test-deploy	checkout cidiff	2021-11-30T11:04:10.6511710Z remote: Compressing objects:  50% (12/24)        
build-test-deploy	checkout cidiff	2021-11-30T11:04:10.6512347Z remote: Compressing objects:  54% (13/24)        
build-test-deploy	checkout cidiff	2021-11-30T11:04:10.6512812Z remote: Compressing objects:  58% (14/24)        
build-test-deploy	checkout cidiff	2021-11-30T11:04:10.6513564Z remote: Compressing objects:  62% (15/24)        
build-test-deploy	checkout cidiff	2021-11-30T11:04:10.6514018Z remote: Compressing objects:  66% (16/24)        
build-test-deploy	checkout cidiff	2021-11-30T11:04:10.6514470Z remote: Compressing objects:  70% (17/24)        
build-test-deploy	checkout cidiff	2021-11-30T11:04:10.6514917Z remote: Compressing objects:  75% (18/24)        
build-test-deploy	checkout cidiff	2021-11-30T11:04:10.6515370Z remote: Compressing objects:  79% (19/24)        
build-test-deploy	checkout cidiff	2021-11-30T11:04:10.6515818Z remote: Compressing objects:  83% (20/24)        
build-test-deploy	checkout cidiff	2021-11-30T11:04:10.6516618Z remote: Compressing objects:  87% (21/24)        
build-test-deploy	checkout cidiff	2021-11-30T11:04:10.6517101Z remote: Compressing objects:  91% (22/24)        
build-test-deploy	checkout cidiff	2021-11-30T11:04:10.6517759Z remote: Compressing objects:  95% (23/24)        
build-test-deploy	checkout cidiff	2021-11-30T11:04:10.6518259Z remote: Compressing objects: 100% (24/24)        
build-test-deploy	checkout cidiff	2021-11-30T11:04:10.6518967Z remote: Compressing objects: 100% (24/24), done.        
build-test-deploy	checkout cidiff	2021-11-30T11:04:10.6647003Z remote: Total 45 (delta 6), reused 40 (delta 6), pack-reused 0        
build-test-deploy	checkout cidiff	2021-11-30T11:04:10.6787403Z From https://github.com/labri-progress/cidiff
build-test-deploy	checkout cidiff	2021-11-30T11:04:10.6789803Z  * [new ref]         8b1acfa02b0b7593eb7f057cf61b8c13d615d3d2 -> origin/main
build-test-deploy	checkout cidiff	2021-11-30T11:04:10.6825989Z ##[endgroup]
build-test-deploy	checkout cidiff	2021-11-30T11:04:10.6826938Z ##[group]Determining the checkout info
build-test-deploy	checkout cidiff	2021-11-30T11:04:10.6828802Z ##[endgroup]
build-test-deploy	checkout cidiff	2021-11-30T11:04:10.6829854Z ##[group]Checking out the ref
build-test-deploy	checkout cidiff	2021-11-30T11:04:10.6834648Z [command]/usr/bin/git checkout --progress --force -B main refs/remotes/origin/main
build-test-deploy	checkout cidiff	2021-11-30T11:04:10.6983383Z Switched to a new branch 'main'
build-test-deploy	checkout cidiff	2021-11-30T11:04:10.6985222Z Branch 'main' set up to track remote branch 'main' from 'origin'.
build-test-deploy	checkout cidiff	2021-11-30T11:04:10.6993043Z ##[endgroup]
build-test-deploy	checkout cidiff	2021-11-30T11:04:10.7047978Z [command]/usr/bin/git log -1 --format='%H'
build-test-deploy	checkout cidiff	2021-11-30T11:04:10.7080636Z '8b1acfa02b0b7593eb7f057cf61b8c13d615d3d2'
build-test-deploy	Run actions/setup-java@v2	2021-11-30T11:04:10.7329261Z ##[group]Run actions/setup-java@v2
build-test-deploy	Run actions/setup-java@v2	2021-11-30T11:04:10.7329787Z with:
build-test-deploy	Run actions/setup-java@v2	2021-11-30T11:04:10.7330134Z   java-version: 17
build-test-deploy	Run actions/setup-java@v2	2021-11-30T11:04:10.7330547Z   distribution: zulu
build-test-deploy	Run actions/setup-java@v2	2021-11-30T11:04:10.7331141Z   java-package: jdk
build-test-deploy	Run actions/setup-java@v2	2021-11-30T11:04:10.7331547Z   architecture: x64
build-test-deploy	Run actions/setup-java@v2	2021-11-30T11:04:10.7331971Z   check-latest: false
build-test-deploy	Run actions/setup-java@v2	2021-11-30T11:04:10.7332377Z   server-id: github
build-test-deploy	Run actions/setup-java@v2	2021-11-30T11:04:10.7332844Z   server-username: GITHUB_ACTOR
build-test-deploy	Run actions/setup-java@v2	2021-11-30T11:04:10.7333369Z   server-password: GITHUB_TOKEN
build-test-deploy	Run actions/setup-java@v2	2021-11-30T11:04:10.7333897Z   overwrite-settings: true
build-test-deploy	Run actions/setup-java@v2	2021-11-30T11:04:10.7334370Z   job-status: success
build-test-deploy	Run actions/setup-java@v2	2021-11-30T11:04:10.7334743Z ##[endgroup]
build-test-deploy	Run actions/setup-java@v2	2021-11-30T11:04:10.9372042Z Trying to resolve the latest version from remote
build-test-deploy	Run actions/setup-java@v2	2021-11-30T11:04:11.0109050Z Resolved latest version as 17.0.1+12
build-test-deploy	Run actions/setup-java@v2	2021-11-30T11:04:11.0110307Z Trying to download...
build-test-deploy	Run actions/setup-java@v2	2021-11-30T11:04:11.0111985Z Downloading Java 17.0.1+12 (Zulu) from https://cdn.azul.com/zulu/bin/zulu17.30.15-ca-jdk17.0.1-linux_x64.tar.gz ...
build-test-deploy	Run actions/setup-java@v2	2021-11-30T11:04:12.7290484Z Extracting Java archive...
build-test-deploy	Run actions/setup-java@v2	2021-11-30T11:04:12.7446983Z [command]/usr/bin/tar xz --warning=no-unknown-keyword -C /home/runner/work/_temp/6fcdccbc-ba7c-4a28-8c9a-955a8d967932 -f /home/runner/work/_temp/cc1d05b3-d827-4b07-a58e-da56dd6271b7
build-test-deploy	Run actions/setup-java@v2	2021-11-30T11:04:16.0884022Z Java 17.0.1+12 was downloaded
build-test-deploy	Run actions/setup-java@v2	2021-11-30T11:04:16.0887874Z Setting Java 17.0.1+12 as the default
build-test-deploy	Run actions/setup-java@v2	2021-11-30T11:04:16.0919555Z 
build-test-deploy	Run actions/setup-java@v2	2021-11-30T11:04:16.0922388Z Java configuration:
build-test-deploy	Run actions/setup-java@v2	2021-11-30T11:04:16.0924729Z   Distribution: zulu
build-test-deploy	Run actions/setup-java@v2	2021-11-30T11:04:16.0927060Z   Version: 17.0.1+12
build-test-deploy	Run actions/setup-java@v2	2021-11-30T11:04:16.0932069Z   Path: /opt/hostedtoolcache/Java_Zulu_jdk/17.0.1-12/x64
build-test-deploy	Run actions/setup-java@v2	2021-11-30T11:04:16.0932586Z 
build-test-deploy	Run actions/setup-java@v2	2021-11-30T11:04:16.0972725Z Creating settings.xml with server-id: github
build-test-deploy	Run actions/setup-java@v2	2021-11-30T11:04:16.1072319Z Writing to /home/runner/.m2/settings.xml
build-test-deploy	build cidiff	2021-11-30T11:04:16.1679325Z ##[group]Run ./gradlew build
build-test-deploy	build cidiff	2021-11-30T11:04:16.1679949Z [36;1m./gradlew build[0m
build-test-deploy	build cidiff	2021-11-30T11:04:16.1738604Z shell: /usr/bin/bash -e {0}
build-test-deploy	build cidiff	2021-11-30T11:04:16.1739054Z env:
build-test-deploy	build cidiff	2021-11-30T11:04:16.1739668Z   JAVA_HOME: /opt/hostedtoolcache/Java_Zulu_jdk/17.0.1-12/x64
build-test-deploy	build cidiff	2021-11-30T11:04:16.1740218Z ##[endgroup]
build-test-deploy	build cidiff	2021-11-30T11:04:16.3003184Z Error: Could not find or load main class org.gradle.wrapper.GradleWrapperMain
build-test-deploy	build cidiff	2021-11-30T11:04:16.3006490Z Caused by: java.lang.ClassNotFoundException: org.gradle.wrapper.GradleWrapperMain
build-test-deploy	build cidiff	2021-11-30T11:04:16.7343090Z ##[error]Process completed with exit code 1.
build-test-deploy	Post Run actions/setup-java@v2	2021-11-30T11:04:16.9512564Z Post job cleanup.
build-test-deploy	Post checkout cidiff	2021-11-30T11:04:17.1215513Z Post job cleanup.
build-test-deploy	Post checkout cidiff	2021-11-30T11:04:17.2506292Z [command]/usr/bin/git version
build-test-deploy	Post checkout cidiff	2021-11-30T11:04:17.2557943Z git version 2.34.0
build-test-deploy	Post checkout cidiff	2021-11-30T11:04:17.2605857Z [command]/usr/bin/git config --local --name-only --get-regexp core\.sshCommand
build-test-deploy	Post checkout cidiff	2021-11-30T11:04:17.2642026Z [command]/usr/bin/git submodule foreach --recursive git config --local --name-only --get-regexp 'core\.sshCommand' && git config --local --unset-all 'core.sshCommand' || :
build-test-deploy	Post checkout cidiff	2021-11-30T11:04:17.2905755Z [command]/usr/bin/git config --local --name-only --get-regexp http\.https\:\/\/github\.com\/\.extraheader
build-test-deploy	Post checkout cidiff	2021-11-30T11:04:17.2937762Z http.https://github.com/.extraheader
build-test-deploy	Post checkout cidiff	2021-11-30T11:04:17.2946350Z [command]/usr/bin/git config --local --unset-all http.https://github.com/.extraheader
build-test-deploy	Post checkout cidiff	2021-11-30T11:04:17.2987857Z [command]/usr/bin/git submodule foreach --recursive git config --local --name-only --get-regexp 'http\.https\:\/\/github\.com\/\.extraheader' && git config --local --unset-all 'http.https://github.com/.extraheader' || :
build-test-deploy	Complete job	2021-11-30T11:04:17.3294481Z Cleaning up orphan processes
